(;FF[4]GM[1]SZ[19]
C[Cho Chikun's Encyclopedia of Life & Death : Part 1 --- Elementary

This is a collection of almost three thousand problems from Encyclopedia of Life and Death by Cho Chikun. The problems come without solutions for two reasons: first, one can learn more by reading out all the paths and solving the problems oneself; second, the solutions are copyrighted. All the problems are black to move.
In this first part, you'll find about nine hundred problems for beginners. A dan player should find the solution in a few seconds and will need about an hour solve the whole book.
I wish you enjoyment and improvement in the wonderful game of go, weiqi, baduk, or whatever you like to call it.
 - Vit Brunner
]
(;C[problem 1]PL[B]AB[be][dc][cc][eb][fb][bc]AW[bb][ab][db][da][cb])
(;C[problem 2]PL[B]AB[bb][ab][db][cb][eb]AW[ea][ac][dc][cc][fc][ca][fb][ec][bc])
(;C[problem 3]PL[B]AB[ea][bb][ab][db][cb]AW[ac][dc][da][cc][fb][fa][ec][bc])
(;C[problem 4]PL[B]AB[ab][bb][cb][db]AW[dc][aa][cc][eb][ca][ec][bc])
(;C[problem 5]PL[B]AB[ba][ac][dc][da][cc][fc][fb][fa][ec][bc]AW[ea][bb][ab][db][cb][eb])
(;C[problem 6]PL[B]AB[be][dc][cc][eb][fb][bc]AW[ea][bb][ba][ab][db][cb])
(;C[problem 7]PL[B]AB[be][dc][cc][fc][fb][ec][bc]AW[bb][ba][ab][db][cb])
(;C[problem 8]PL[B]AB[bb][cb][db][eb]AW[hc][be][dc][gc][cc][fc][ec][bc])
(;C[problem 9]PL[B]AB[hb][be][dc][cc][fc][fb][ec][bc]AW[bb][ab][db][cb][eb])
(;C[problem 10]PL[B]AB[bb][ab][db][cb][fa][eb]AW[ea][ac][dc][gb][cc][ca][fb][ec][bc])
(;C[problem 11]PL[B]AB[be][dc][gb][cc][fb][ec][bc]AW[bb][ba][ab][db][cb][fa])
(;C[problem 12]PL[B]AB[ea][be][dc][gb][cc][fb][ec][bc]AW[bb][ba][ab][db][cb][fa][eb])
(;C[problem 13]PL[B]AB[ea][be][dc][gc][gb][cc][fc][ec][bc]AW[bb][ba][ab][db][cb][eb])
(;C[problem 14]PL[B]AB[hc][be][dc][gb][cc][fc][ec][bc]AW[bb][ab][db][cb][eb])
(;C[problem 15]PL[B]AB[be][dc][gc][gb][cc][fc][fa][ec][bc]AW[bb][ab][db][cb][fb][eb])
(;C[problem 16]PL[B]AB[hb][be][dc][gb][cc][fc][fa][ec][bc]AW[bb][ab][db][ga][cb][fb][eb])
(;C[problem 17]PL[B]AB[ea][bd][db][cc][cb][cd][eb]AW[be][dc][ce][gc][ad][de][dd][fb][fa][ec][bc])
(;C[problem 18]PL[B]AB[be][dc][bd][gc][de][fb][fa][ec][cd][bc]AW[ea][bb][ac][db][cc][cb][eb])
(;C[problem 19]PL[B]AB[hb][dc][bd][cc][fc][fb][ce][ec]AW[bb][db][eb][cb][bc])
(;C[problem 20]PL[B]AB[ea][bb][ac][db][cb][eb]AW[fd][dc][bd][cc][ad][ca][fb][fa][ec])
(;C[problem 21]PL[B]AB[ba][dc][bd][ce][cc][ad][ca][fb][fa][ec]AW[ea][bb][ac][db][cb][bc])
(;C[problem 22]PL[B]AB[ea][bb][ac][db][cb][eb]AW[dc][bd][cc][ad][fc][ca][fb][fa][ec])
(;C[problem 23]PL[B]AB[bb][bd][db][cb][bc]AW[be][dc][cc][de][fc][ce][eb])
(;C[problem 24]PL[B]AB[be][dc][db][ae][cc][fb][ce][cd]AW[bb][bd][ad][cb][ca][bc])
(;C[problem 25]PL[B]AB[bb][ac][db][da][cb][bc]AW[ba][bf][dc][bd][gb][cc][ec][cd][eb])
(;C[problem 26]PL[B]AB[hb][ba][bf][dc][bd][cc][fc][ca][fb][ec][cd]AW[ea][bb][ac][db][bc][cb][eb])
(;C[problem 27]PL[B]AB[bg][ba][be][dc][aa][gb][cc][ce][ec][cd][eb]AW[bb][bd][db][da][ad][cb][bc])
(;C[problem 28]PL[B]AB[ba][be][dc][cc][ce][ec][cd][eb]AW[bb][bd][db][da][ad][cb][bc])
(;C[problem 29]PL[B]AB[ba][be][ab][dc][aa][cc][ca][ce][ec][cd][eb]AW[bb][bd][db][da][ad][cb][bc])
(;C[problem 30]PL[B]AB[bb][bd][db][da][ad][cb][bc]AW[ba][be][ab][dc][aa][cc][ca][ce][ec][cd][eb])
(;C[problem 31]PL[B]AB[ba][be][dc][ae][cc][ca][ce][ec][cd][eb]AW[bb][bd][db][da][ad][cb][bc])
(;C[problem 32]PL[B]AB[be][ab][dc][ce][ec][cd][eb]AW[bd][db][da][cc][ad][cb][bc])
(;C[problem 33]PL[B]AB[ba][ac][be][ab][dc][ae][cc][fc][ca][fb][ce][ec][cd]AW[bb][bd][db][eb][ad][cb][bc])
(;C[problem 34]PL[B]AB[hb][ba][be][dc][ae][fc][ca][fb][ce][ec][cd]AW[bb][bd][db][da][cc][eb][ad][bc])
(;C[problem 35]PL[B]AB[ea][ba][db][cb][eb]AW[dc][bd][da][cc][ad][fc][fb][ec])
(;C[problem 36]PL[B]AB[ea][ac][db][cb][eb]AW[dc][aa][bd][da][ad][fc][ca][fb][ec][cd])
(;C[problem 37]PL[B]AB[ea][ab][aa][db][cb][eb]AW[ba][dc][bd][da][cc][ad][fc][fb][ec])
(;C[problem 38]PL[B]AB[ea][aa][db][bc][cb][ca][eb]AW[bb][dc][bd][gc][ad][fb][ec][cd])
(;C[problem 39]PL[B]AB[ea][ab][bd][db][bc][cb][ca][eb]AW[bb][ba][be][dc][ae][cc][ad][fc][fb][ce][ec][cd])
(;C[problem 40]PL[B]AB[ac][ab][bd][db][bc][cb][ca][eb]AW[bb][hb][ba][be][ae][cc][ad][fc][fb][ce][ec][cd])
(;C[problem 41]PL[B]AB[ac][ab][bd][db][cc][cb]AW[be][dc][ae][ad][ce][ec][cd][eb])
(;C[problem 42]PL[B]AB[bd][gc][ad][ca][dd][fb][ec][cd]AW[ea][ac][ab][dc][cc][cb][eb])
(;C[problem 43]PL[B]AB[bb][ab][dc][db][eb]AW[ac][ed][bd][gc][dd][fb][ec][cd][bc])
(;C[problem 44]PL[B]AB[be][dc][ce][ae][fc][ca][fb][fa][ec][cd]AW[ea][ac][ab][bd][db][cc][cb][eb])
(;C[problem 45]PL[B]AB[bb][ab][db][cc][cd][eb]AW[be][dc][ce][ad][cb][fc][dd][fb][fa][ec])
(;C[problem 46]PL[B]AB[bb][ba][cc][cb][dd][fb][ec][eb]AW[hc][fd][ed][ab][bd][gb][de][fc][cf][cd][bc])
(;C[problem 47]PL[B]AB[ac][db][da][cb][bc]AW[ea][dc][bd][cc][ad][ec][eb])
(;C[problem 48]PL[B]AB[ac][dc][db][da][bc]AW[ea][ed][bd][ad][dd][ec][cd][eb])
(;C[problem 49]PL[B]AB[bb][dc][db][da][bc]AW[ea][ed][bd][ad][dd][ec][cd][eb])
(;C[problem 50]PL[B]AB[ea][fd][be][bd][cc][de][dd][ec][eb]AW[bb][ac][dc][db][da][cd][bc])
(;C[problem 51]PL[B]AB[bb][ba][dc][fb][ec][bc]AW[ed][bd][gc][gb][ad][fc][dd][fa][cd])
(;C[problem 52]PL[B]AB[ac][bd][ad][fc][dd][fb][fa][ec][cd]AW[bb][ba][ab][db][bc][eb])
(;C[problem 53]PL[B]AB[ea][bb][ab][aa][cb][ec][eb]AW[fd][ba][ed][bd][cc][fc][dd][fb][fa])
(;C[problem 54]PL[B]AB[bb][bd][db][da][ad][bc]AW[ea][ba][ac][be][dc][ae][de][ce][ec][eb])
(;C[problem 55]PL[B]AB[ea][cc][eb][ad][cb][cd][bc]AW[bb][bf][be][dc][bd][ce][de][fc][fb][fa][ec])
(;C[problem 56]PL[B]AB[ed][cc][fc][dd][fb][fa][cd][bc]AW[bb][ba][ab][dc][cb][eb])
(;C[problem 57]PL[B]AB[hb][ha][dc][hd][db][gc][cc][ca][ec][bc]AW[ea][bb][ab][da][gb][ga][cb][fb][eb])
(;C[problem 58]PL[B]AB[ea][fd][ed][bd][ce][de][fc][fb][fa][bc]AW[bb][ab][da][cc][cb][ca][dd][ec][eb])
(;C[problem 59]PL[B]AB[fd][bb][ba][ee][ac][be][bd][ce][de][fc][fb][fa][fe]AW[ed][ab][da][cc][cb][dd][ec][cd][bc])
(;C[problem 60]PL[B]AB[bb][ed][da][cc][cb][fc][dd][ec]AW[fd][ee][be][ab][gc][gb][ga][gd][de][cd][bc])
(;C[problem 61]PL[B]AB[fd][ee][ab][bd][gc][gb][ga][gd][de][ce][bc]AW[bb][ed][da][cc][cb][fc][dd][fb][cd])
(;C[problem 62]PL[B]AB[ea][fd][ef][ee][ab][dc][bd][gc][gb][df][gd][cg][ce][cd][bc]AW[bb][ba][ed][da][cc][de][cb][fc][dd][fa][ec])
(;C[problem 63]PL[B]AB[ef][id][ed][he][dc][jc][bd][db][fc][dd][gf][ic][ia]AW[hc][fd][bb][ba][ab][da][gb][gd][cb][ec][eb])
(;C[problem 64]PL[B]AB[fd][ee][be][ce][ad][fc][dd][fb][fa]AW[bb][ab][dc][bd][db][ec][bc])
(;C[problem 65]PL[B]AB[hc][ee][bf][ed][ab][bd][df][cf][ec][eb]AW[bb][ba][ac][db][de][cb][dd][bc])
(;C[problem 66]PL[B]AB[bb][ac][db][cc][fb][cd][eb]AW[be][dc][bd][gc][gb][de][fc][dd][ce][bc])
(;C[problem 67]PL[B]AB[ab][db][da][cc][fb][fa][eb]AW[dc][bd][gc][gb][ga][cb][fc][ec][cd])
(;C[problem 68]PL[B]AB[bb][ab][db][da][fb][fa][eb]AW[ac][dc][bd][gc][gb][ga][cb][fc][ec][cd][bc])
(;C[problem 69]PL[B]AB[bb][ba][dc][db][da][cb][fb]AW[ab][bd][gc][gb][fc][dd][ce][fe][bc])
(;C[problem 70]PL[B]AB[bb][hb][db][gb][cb][fb]AW[hc][fd][ab][dc][bd][fc][dd][ic][ib][bc])
(;C[problem 71]PL[B]AB[fd][ba][ed][be][bd][gc][ae][gb][dd][fa][ib][cd]AW[ea][bb][db][ad][cb][ca][fb][eb])
(;C[problem 72]PL[B]AB[ea][ed][ab][bd][gc][gb][ad][fc][dd][cd]AW[bb][ba][ac][dc][cc][fb][ec][bc])
(;C[problem 73]PL[B]AB[bb][ba][ac][dc][cc][fc][ec][bc]AW[fd][ed][bd][db][gc][gb][ad][gd][ca][dd][fa][cd])
(;C[problem 74]PL[B]AB[bb][ba][ac][ed][bd][dd][cd][bc]AW[fd][ee][be][ae][cc][ad][de][cb][fc][ce][eb])
(;C[problem 75]PL[B]AB[bb][bd][db][da][cb]AW[ba][be][dc][ae][fc][ca][dd][ce][eb])
(;C[problem 76]PL[B]AB[bb][bd][db][da][ad][cb]AW[ba][be][ab][dc][ae][fc][ca][dd][ce][eb])
(;C[problem 77]PL[B]AB[fd][hb][ee][bd][db][gb][de][fc][fb][fe][eb]AW[hc][ed][ec][gc][ge][cc][df][cb][gf][dd][cf][ic][ce][fg][ib])
(;C[problem 78]PL[B]AB[fd][bg][ee][be][dc][gc][gb][cc][de][cb][ca][ce][fe][eb]AW[bb][ba][ed][bd][dd][fb][ec][cd][bc])
(;C[problem 79]PL[B]AB[bb][ac][ed][cb][dd][ec][eb]AW[fd][ee][bd][ce][de][fc][fb][fa][cd][bc])
(;C[problem 80]PL[B]AB[bb][gc][gb][cc][ga][cb][fc][eb]AW[hc][fd][hb][ha][ed][ab][bd][hd][gd][dd][ec][cd][bc])
(;C[problem 81]PL[B]AB[db][gb][ga][cb][ca][fb][ec]AW[hc][bb][hb][ed][dc][gc][cc][fc][bc])
(;C[problem 82]PL[B]AB[bb][ba][cb][fb][fa][eb]AW[ab][gc][gb][cc][ga][fc][ce][ec][bc])
(;C[problem 83]PL[B]AB[bb][ba][cc][cb][dd][fb][fa][ec][eb]AW[ee][ed][ab][dc][bd][gc][gb][fc][ce][cd][bc])
(;C[problem 84]PL[B]AB[bb][ba][cc][cb][fb][fa][ec][eb]AW[hc][fd][ee][ab][bd][gb][de][fc][ce][cd][bc])
(;C[problem 85]PL[B]AB[bb][dc][cb][fc][fb][eb]AW[fd][ab][gc][gb][cc][gd][dd][ib][cd][bc])
(;C[problem 86]PL[B]AB[ed][cc][fc][dd][fb][fa][cd][bc]AW[bb][ba][ab][dc][cb][eb])
(;C[problem 87]PL[B]AB[ea][bb][ba][ab][db][da][cc][eb]AW[dc][bd][cb][fc][fb][fa][ec][cd])
(;C[problem 88]PL[B]AB[bd][fc][dd][fb][fa][ec][cd][bc]AW[bb][ba][ab][dc][db][eb])
(;C[problem 89]PL[B]AB[fd][ed][bd][gc][gb][fc][dd][fa][ib][cd][bc]AW[ea][bb][ab][db][cc][fb][ec][eb])
(;C[problem 90]PL[B]AB[dc][bd][fc][dd][fb][ce][ec][bc]AW[ea][bb][ab][db][cc][eb])
(;C[problem 91]PL[B]AB[bb][ac][db][cc][fb][cd][eb]AW[be][dc][bd][gc][gb][fc][dd][ce][ib][bc])
(;C[problem 92]PL[B]AB[hb][be][dc][bd][gc][fc][dd][ic][ce][bc]AW[bb][db][gb][cc][cb][fb][cd][eb])
(;C[problem 93]PL[B]AB[ac][cb][ca][bc]AW[ba][ab][dc][bd][db][ad][cd])
(;C[problem 94]PL[B]AB[ab][db][bc]AW[bb][bd][dd][ec][cd][eb])
(;C[problem 95]PL[B]AB[bc][ab][db][da]AW[ea][bd][ad][dd][ec][cd][eb])
(;C[problem 96]PL[B]AB[hc][fd][id][ed][be][dc][hd][db][ae][gb][ad][gd][cb][de][jd][ce][eb]AW[bb][hb][kc][ac][aa][jc][bd][gc][cc][fc][dd][fb][ic][fa][ec][cd][bc])
(;C[problem 97]PL[B]AB[bb][ee][gc][da][gb][cc][gd][de][fb][ce][cd][fe]AW[ea][fd][ed][dc][eb][cb][fc][dd][bc])
(;C[problem 98]PL[B]AB[ba][ed][be][db][ae][de][fb][ce][ec][eb]AW[dc][bd][da][ad][cb][dd][cd][bc])
(;C[problem 99]PL[B]AB[ea][bb][fd][ee][gc][da][cc][gb][gd][de][ce][cd]AW[ed][dc][cb][fc][dd][fb][fa][eb])
(;C[problem 100]PL[B]AB[ba][ee][ed][be][cb][fc][ca][fb][ce][cd]AW[bb][ac][dc][aa][bd][cc])
(;C[problem 101]PL[B]AB[hc][fd][if][ee][hd][db][cc][eb][gd][cb][de][dd][gf][ff][cd][bc]AW[eg][be][jb][fh][ec][dg][jg][je][fb][hh][ac][ed][dc][jc][bd][kf][gc][ga][cg][ce][bb][hb][fc][fa])
(;C[problem 102]PL[B]AB[hc][fd][if][ba][ee][hd][db][da][cc][gd][cb][de][dd][gf][ff][cd][bc]AW[eg][be][ab][jb][fh][ec][dg][jg][je][hh][ac][ed][dc][aa][jc][bd][gc][kf][cg][ce][eb][bb][hb][ad][fc])
(;C[problem 103]PL[B]AB[hc][hb][ha][ab][db][gc][cb][fc][fb][eb]AW[bb][id][ac][ed][ec][da][ge][gb][cc][ga][ca][cf][ic][fa][ib][cd])
(;C[problem 104]PL[B]AB[ea][ed][bd][db][cc][cb][dd][ec][eb]AW[fd][bb][ee][ce][da][cf][fc][ca][fb][fa][cd][fe][bc])
(;C[problem 105]PL[B]AB[dc][da][cc][ad][cb][cd][bc]AW[bb][be][aa][bd][ce][de][fc][dd][fb][fa][ec])
(;C[problem 106]PL[B]AB[ea][fd][ee][be][bd][da][ae][cc][de][fc][fb][ce][fe]AW[ba][ed][db][eb][ad][cb][dd][ec][cd][bc])
(;C[problem 107]PL[B]AB[ea][dc][cc][eb][ad][cb][cd][bc]AW[fd][bb][bf][be][ab][bd][ce][de][dd][fb][fa][ec])
(;C[problem 108]PL[B]AB[hc][bb][ac][bf][ab][gb][df][dd][ec][eb]AW[ea][ba][bd][db][ad][cb][fa][bc])
(;C[problem 109]PL[B]AB[fd][hb][ba][ec][dc][bd][hd][db][gd][ca][ib][cd]AW[ea][bb][gc][da][bc][gb][ga][cb][fc][fa][eb])
(;C[problem 110]PL[B]AB[be][dc][da][ae][cc][ce][ec][cd][eb]AW[ab][bd][db][ad][cb][bc])
(;C[problem 111]PL[B]AB[dc][bd][cc][ad][ce][ec][eb]AW[ba][ac][db][cb][bc])
(;C[problem 112]PL[B]AB[bb][ac][da][cb][bc]AW[ea][ba][dc][bd][ad][cd][eb])
(;C[problem 113]PL[B]AB[ea][ac][dc][db][eb][cd][bc]AW[fd][ba][be][bd][cc][de][dd][fb][fa][ec])
(;C[problem 114]PL[B]AB[ac][bd][db][cb][ca][cd][bc]AW[ea][be][ab][da][ae][ad][de][dd][ce][ec][eb])
(;C[problem 115]PL[B]AB[ea][ac][cc][eb][cb][bc]AW[ba][ab][bd][ad][fc][dd][fb][fa][ec][cd])
(;C[problem 116]PL[B]AB[cb][ba][bc]AW[bd][db][cc][ec][cd])
(;C[problem 117]PL[B]AB[ab][cb][ba]AW[bd][db][cc][ec][cd])
(;C[problem 118]PL[B]AB[cb][ba][bc]AW[bd][db][cc][ec][cd])
(;C[problem 119]PL[B]AB[bb][ba][ed][bd][cc][fc][dd][fb][cd]AW[ea][ac][dc][aa][bc][cb][ca][eb])
(;C[problem 120]PL[B]AB[ee][ed][ab][be][db][ad][de][ce][ec][eb]AW[ac][dc][aa][cb][ca][dd][cd][bc])
(;C[problem 121]PL[B]AB[fd][bb][ba][dc][db][fc][fb][fa]AW[ee][ab][bd][gc][da][gb][ga][gd][dd][cd][fe][bc])
(;C[problem 122]PL[B]AB[fd][bb][dc][db][cb][fc][fb]AW[ee][ab][gc][gb][cc][gd][dd][ce][ib][fe][bc])
(;C[problem 123]PL[B]AB[bb][ed][ab][cc][cb][dd][ec][cd][eb]AW[ea][fd][ba][ee][bf][dc][bd][fc][ca][fb][ce][fe][bc])
(;C[problem 124]PL[B]AB[ba][ac][dc][db][dd][bc]AW[ea][ed][ab][bd][ad][de][ce][ec][eb])
(;C[problem 125]PL[B]AB[ea][bb][ab][eb][ec][bc]AW[fd][ac][be][bd][de][fc][ca][dd][fb][fa])
(;C[problem 126]PL[B]AB[bb][ac][db][cd][bc]AW[ea][be][ab][bd][de][dd][ce][ec][eb])
(;C[problem 127]PL[B]AB[ac][dc][bd][db][da][dd][bc]AW[ea][ba][ee][ed][be][ae][ad][de][ce][ec][eb])
(;C[problem 128]PL[B]AB[ea][fd][ee][bd][gc][ge][gb][ad][de][cd]AW[ac][cc][cb][fc][ca][dd][fb][ec][bc])
(;C[problem 129]PL[B]AB[fd][ee][bd][db][gc][ge][gb][ad][ga][de][fa][cd]AW[ea][ac][cc][cb][fc][ca][dd][fb][ec][bc])
(;C[problem 130]PL[B]AB[fd][ee][bd][gc][ge][gb][ad][de][fa][cd]AW[ac][bc][cc][cb][fc][ca][dd][fb][eb])
(;C[problem 131]PL[B]AB[ee][ed][be][db][da][ae][ad][de][ce][ec][eb]AW[ac][dc][bd][cb][dd][cd][bc])
(;C[problem 132]PL[B]AB[bd][db][da][cb][bc]AW[ea][ac][be][dc][ae][cc][ce][ec][eb])
(;C[problem 133]PL[B]AB[ea][dc][bd][eb][cb][ec][bc]AW[fd][bb][ed][be][cc][fc][dd][fb][ce][cd])
(;C[problem 134]PL[B]AB[ac][db][da][cb][bc]AW[ea][dc][bd][cc][ad][ce][ec][eb])
(;C[problem 135]PL[B]AB[be][dc][cc][ce][ec][cd][eb]AW[ba][bd][db][cb][bc])
(;C[problem 136]PL[B]AB[bd][cb][db][bc]AW[be][dc][cc][ce][ec][eb])
(;C[problem 137]PL[B]AB[bf][dc][ce][af][cc][cf][fc][fb][fa][ec][cd]AW[ea][be][bd][db][ae][eb][cb][bc])
(;C[problem 138]PL[B]AB[bd][db][eb][cb][fb][bc]AW[bb][be][dc][gc][gb][cc][fc][ce][ec][cd])
(;C[problem 139]PL[B]AB[fd][bb][ba][ed][dc][ce][gc][gb][cc][ga][de][fa][cd]AW[hc][hb][ef][ha][be][ab][bd][ge][cf][df][gd][cb][fc][ca][fb][bc])
(;C[problem 140]PL[B]AB[ea][fd][ef][ba][bf][be][gb][cc][df][cb][fc][cf][ff][fe][eb]AW[bb][ee][ed][dc][bd][db][de][ce][ec][cd][bc])
(;C[problem 141]PL[B]AB[bf][ed][bd][gc][cc][dd][fb][ce][ec][cd]AW[ba][dc][db][eb][cb][bc])
(;C[problem 142]PL[B]AB[ab][dc][bd][db][cb][fc][fb][fa][ec][bc]AW[ea][bb][fd][ba][ed][be][gc][ae][cc][gb][gd][ce][cd])
(;C[problem 143]PL[B]AB[ea][ac][dc][aa][bd][ad][ec][cd][eb]AW[bb][ab][db][da][cc][bc])
(;C[problem 144]PL[B]AB[ac][dc][bd][ad][cb][fc][fb][ec][cd]AW[bb][ab][db][cc][eb][bc])
(;C[problem 145]PL[B]AB[bb][db][da][bc][cc][fb][eb]AW[ba][ec][dc][bd][gc][gb][ad][cb][fc][ib][cd])
(;C[problem 146]PL[B]AB[dc][bd][gb][ec][cd][eb]AW[ab][db][cc][ca][bc])
(;C[problem 147]PL[B]AB[dc][bd][gb][dd][ec][cd][eb]AW[ea][ab][db][cc][ca][bc])
(;C[problem 148]PL[B]AB[db][cc][ad][ca][bc]AW[ac][bf][dc][bd][fc][dd][cd][eb])
(;C[problem 149]PL[B]AB[cc][db][ca][bc]AW[bb][dc][bd][fc][ce][ec][cd])
(;C[problem 150]PL[B]AB[ea][bb][be][ab][dc][ae][fc][dd][cd][eb]AW[ba][ac][bd][db][da][cc][cb][ce])
(;C[problem 151]PL[B]AB[cc][db][ca][bc]AW[bb][dc][gc][cg][ce][ec][cd][eb])
(;C[problem 152]PL[B]AB[ba][db][da][cc][bc]AW[ea][ac][bd][ad][ca][dd][ec][cd][eb])
(;C[problem 153]PL[B]AB[ba][db][da][cc][bc]AW[ea][bb][ed][dc][bd][ad][cd][eb])
(;C[problem 154]PL[B]AB[db][da][cc][cb][bc]AW[bb][bf][dc][bd][dd][fb][cd][eb])
(;C[problem 155]PL[B]AB[bd][da][cc][ad][cb][bc]AW[bb][be][dc][db][ae][ca][dd][fb][ce])
(;C[problem 156]PL[B]AB[hc][ba][db][cc][eb][bc]AW[ab][bd][ad][fc][dd][fb][ec][cd])
(;C[problem 157]PL[B]AB[ea][bb][db][cc][eb][bc]AW[ab][dc][bd][ad][fc][fb][fa][ec][cd])
(;C[problem 158]PL[B]AB[ea][ba][db][cc][eb][bc]AW[ab][dc][bd][ad][fc][fb][fa][ec][cd])
(;C[problem 159]PL[B]AB[ea][ba][db][cc][eb][bc]AW[ac][dc][bd][fc][fb][fa][ec][cd])
(;C[problem 160]PL[B]AB[ab][dc][bd][fc][fb][ec][cd]AW[ac][db][cc][eb][ca][bc])
(;C[problem 161]PL[B]AB[hc][ab][dc][bd][da][ad][de][fc][fb][ec][cd]AW[ba][ac][db][bc][cc][ca][dd][eb])
(;C[problem 162]PL[B]AB[ac][ed][db][cc][eb][dd][ec][cd][bc]AW[ea][fd][ee][be][bd][ce][da][ad][de][fc][fb][fa])
(;C[problem 163]PL[B]AB[ea][ac][db][cc][bc]AW[dc][bd][dd][fb][cd][eb])
(;C[problem 164]PL[B]AB[fd][dc][bd][gc][ad][ec][cd]AW[ac][aa][db][cc][bc])
(;C[problem 165]PL[B]AB[ac][ed][dc][db][da][cc][dd][ce][ec][cd][bc]AW[ea][bb][be][gc][ge][cf][df][cb][ca][fb][ff][eb])
(;C[problem 166]PL[B]AB[ea][ed][db][cc][dd][ec][cd][bc]AW[fd][ee][be][bd][de][cb][fc][ca][fb][ce][fe][eb])
(;C[problem 167]PL[B]AB[ac][db][da][cc][bc]AW[ea][dc][bd][ad][ec][cd][eb])
(;C[problem 168]PL[B]AB[ea][dc][bd][ad][de][ec][cd][eb]AW[ac][db][da][cc][bc])
(;C[problem 169]PL[B]AB[ea][dc][bd][dd][cd][eb]AW[bb][ac][db][da][cc][bc])
(;C[problem 170]PL[B]AB[ba][dc][bd][ad][fc][dd][cd][eb]AW[bb][ac][db][da][cc][bc])
(;C[problem 171]PL[B]AB[db][da][cc][cb][bc]AW[bb][dc][bd][fc][dd][cd][eb])
(;C[problem 172]PL[B]AB[ab][db][cc][ca][eb]AW[dc][bd][fc][fb][fa][ec][cd])
(;C[problem 173]PL[B]AB[ea][aa][db][bc][cc][cb][eb]AW[ed][bd][ad][fc][ca][fb][fa][cd])
(;C[problem 174]PL[B]AB[dc][bd][ad][fc][fb][ec][cd]AW[ac][db][cc][eb][bc])
(;C[problem 175]PL[B]AB[ac][db][cc][eb][ca][bc]AW[ea][dc][bd][fc][fb][fa][ec][cd])
(;C[problem 176]PL[B]AB[bb][dc][bd][ad][fc][fb][fa][ec][cd]AW[ea][ac][db][bc][cc][cb][eb])
(;C[problem 177]PL[B]AB[dc][bd][ad][fc][ca][fb][fa][ec][cd]AW[ea][ac][aa][db][bc][cc][cb][eb])
(;C[problem 178]PL[B]AB[bb][bf][ab][bd][fc][dd][fb][fa][ec][cd]AW[ea][ac][dc][aa][db][bc][cc][eb])
(;C[problem 179]PL[B]AB[ac][db][bc][cc][fb][fa][eb]AW[ba][dc][bd][gc][da][gb][ad][ga][fc][ec][cd])
(;C[problem 180]PL[B]AB[ac][db][bc][cc][cb][fb][fa][eb]AW[ba][dc][bd][gc][da][gb][ad][ga][fc][ca][ec][cd])
(;C[problem 181]PL[B]AB[hc][hb][dc][bd][gc][fc][ec][cd]AW[db][gb][eb][cc][fb][bc])
(;C[problem 182]PL[B]AB[bb][aa][bd][db][cc][ca][bc]AW[ea][be][ab][dc][da][ce][ec][cd][eb])
(;C[problem 183]PL[B]AB[bd][cc][ad][ca][bc]AW[be][dc][da][ae][dd][cd][eb])
(;C[problem 184]PL[B]AB[bd][db][cc][ad][ca][bc]AW[be][dc][ce][da][ae][fa][ec][cd][eb])
(;C[problem 185]PL[B]AB[bd][db][cc][ad][cb]AW[be][dc][ae][fc][dd][cd][eb])
(;C[problem 186]PL[B]AB[bd][db][cc][ca][bc]AW[ea][be][dc][ae][ce][ec][cd][eb])
(;C[problem 187]PL[B]AB[ba][be][dc][gc][fb][ce][ec][cd]AW[ab][bd][db][cc][ad][bc])
(;C[problem 188]PL[B]AB[ea][ed][be][da][ae][ce][ec][cd][eb]AW[bd][db][cc][ad][ca][bc])
(;C[problem 189]PL[B]AB[ab][db][cc][eb][bc]AW[ac][dc][bd][ad][fc][dd][fb][fa][cd])
(;C[problem 190]PL[B]AB[db][cc][ad][ca][bc]AW[ea][be][dc][aa][ae][de][ec][cd][eb])
(;C[problem 191]PL[B]AB[db][cc][ad][ca][bc]AW[bb][be][dc][ae][fc][dd][cd][eb])
(;C[problem 192]PL[B]AB[bd][db][da][cc][ad][bc]AW[ba][be][dc][gc][ae][ca][fb][ce][ec][cd])
(;C[problem 193]PL[B]AB[bd][db][da][cc][ad][bc]AW[ea][ba][ee][be][ae][cb][dd][ec][cd][eb])
(;C[problem 194]PL[B]AB[ea][ac][db][cc][eb][bc]AW[bb][aa][bd][ad][fc][dd][fb][fa][ec][cd])
(;C[problem 195]PL[B]AB[ea][bd][db][cc][ad][cb]AW[be][dc][da][ae][gb][ce][ec][cd][eb])
(;C[problem 196]PL[B]AB[ea][ab][bd][db][cc][ad][cb]AW[ba][be][dc][da][ae][gb][de][ec][cd][eb])
(;C[problem 197]PL[B]AB[ab][bd][db][cc][ad][cb]AW[bb][be][dc][da][ae][fc][dd][cd][eb])
(;C[problem 198]PL[B]AB[bd][db][da][cc][ad][bc]AW[be][ab][dc][fc][dd][cf][cd][eb])
(;C[problem 199]PL[B]AB[bd][db][da][cc][ad][bc]AW[ea][ac][ed][ab][dc][be][ce][cd][eb])
(;C[problem 200]PL[B]AB[ed][be][dc][da][ae][ca][fb][ce][cd][eb]AW[ea][ba][bd][db][cc][ad][bc])
(;C[problem 201]PL[B]AB[hc][be][dc][ae][fc][dd][cf][cd][eb]AW[bb][bd][db][cc][ad][cb])
(;C[problem 202]PL[B]AB[ea][ab][bd][db][da][bc][cc][eb]AW[be][dc][ce][ae][cb][fc][fb][fa][ec][cd])
(;C[problem 203]PL[B]AB[ea][be][dc][fc][ca][dd][cd][eb]AW[bd][db][da][cc][ad][cb])
(;C[problem 204]PL[B]AB[ea][ed][be][da][ae][dd][ec][cd][eb]AW[dc][bd][db][cc][ad][ca][bc])
(;C[problem 205]PL[B]AB[be][dc][ce][fc][ca][fb][fa][ec][cd]AW[ea][aa][bd][db][cc][ad][cb][eb])
(;C[problem 206]PL[B]AB[dc][bd][gc][gb][ga][fc][ec][cd]AW[db][cc][eb][fb][fa][bc])
(;C[problem 207]PL[B]AB[bd][db][cc][eb][ca][bc]AW[ea][be][dc][ad][fc][fb][ce][ec][cd])
(;C[problem 208]PL[B]AB[bd][db][cc][eb][ad][ca][bc]AW[ea][be][dc][ae][de][fc][fb][fa][ec][cd])
(;C[problem 209]PL[B]AB[ea][bb][aa][bd][db][bc][cc][eb]AW[hb][ba][be][dc][ce][ae][ad][fc][ca][dd][fb][fa][cd])
(;C[problem 210]PL[B]AB[ea][bb][bd][db][bc][cc][cb][eb]AW[hb][ba][be][ab][dc][ae][fc][ca][dd][fb][ce][cd])
(;C[problem 211]PL[B]AB[ea][bd][db][cc][eb][ad][bc]AW[hb][be][ab][dc][ae][fc][ca][dd][fb][ce][cd])
(;C[problem 212]PL[B]AB[bd][db][cc][cb][bc]AW[bb][hb][be][dc][aa][fc][ca][dd][fb][ce][ec][cd])
(;C[problem 213]PL[B]AB[ea][ac][bd][db][cc][cb][eb]AW[be][dc][ce][ae][fc][ca][fb][fa][ec][cd][bc])
(;C[problem 214]PL[B]AB[ea][aa][cc][eb][ca][bc]AW[ac][ed][bd][ad][fc][dd][fb][cd])
(;C[problem 215]PL[B]AB[ba][da][cc][fb][fa][ec][bc]AW[ed][ab][bd][gc][gb][fc][dd][cd][eb])
(;C[problem 216]PL[B]AB[ea][ba][ac][cc][eb][bc]AW[fd][ab][bd][ad][ca][dd][fb][fa][ec][cd])
(;C[problem 217]PL[B]AB[ea][bb][dc][bd][cc][ad][cb][eb]AW[ba][ed][be][gc][ae][dd][fb][fa][ec][cd][bc])
(;C[problem 218]PL[B]AB[ab][dc][cc][eb][cb][fa][cd][bc]AW[hb][ba][ac][bf][ed][bd][da][fc][dd][fb][ce][ec])
(;C[problem 219]PL[B]AB[hc][ee][bf][bd][ge][gb][de][cf][cd][fe][eb]AW[fd][ed][cc][fc][dd][fb][bc])
(;C[problem 220]PL[B]AB[dc][bd][cb][fc][fb][ec][cd]AW[bb][db][cc][eb][bc])
(;C[problem 221]PL[B]AB[dc][bd][ad][fc][fb][fa][ec][cd]AW[bb][db][cc][eb][bc])
(;C[problem 222]PL[B]AB[dc][bd][cc][cb][eb]AW[ed][be][gc][dd][fb][ec][cd][bc])
(;C[problem 223]PL[B]AB[bb][ac][dc][bd][cc]AW[be][ae][ad][fc][dd][cf][ic][ec][cd])
(;C[problem 224]PL[B]AB[bb][dc][db][cc][ec]AW[ed][bd][cf][fc][dd][fb][cd][eb])
(;C[problem 225]PL[B]AB[bb][db][cc][ec][eb]AW[fd][hb][ac][ed][be][dc][fc][dd][fb][ce])
(;C[problem 226]PL[B]AB[bb][dc][db][cc][dd][ec]AW[fd][ed][ad][de][fc][fb][ce][cd][eb])
(;C[problem 227]PL[B]AB[bb][ac][dc][db][da][cc]AW[ea][ed][bd][ad][de][ca][ec][cd][eb])
(;C[problem 228]PL[B]AB[bb][ac][dc][cc][ca]AW[ed][bd][db][gc][fc][dd][ic][cd][bc])
(;C[problem 229]PL[B]AB[bb][ac][dc][cc][ca][cd]AW[ed][be][bd][db][gc][fc][dd][ce][bc])
(;C[problem 230]PL[B]AB[bb][ba][dc][cc][fb][eb]AW[ed][ab][bd][gc][ge][gb][cf][ec][cd][bc])
(;C[problem 231]PL[B]AB[bb][ab][dc][cc][ec][eb]AW[fd][ba][ed][bd][fc][dd][fb][fa][cd][bc])
(;C[problem 232]PL[B]AB[ea][bb][dc][cc][ec][eb]AW[fd][ed][bd][da][de][cb][fc][fb][ce][bc])
(;C[problem 233]PL[B]AB[ea][bb][ac][dc][cc][ec][eb]AW[fd][ed][aa][bd][ad][fc][dd][fb][fa][cd][bc])
(;C[problem 234]PL[B]AB[ea][ac][ab][dc][bd][cc][cd][eb]AW[ee][be][ce][ae][ad][fc][ca][dd][fb][fa][ec])
(;C[problem 235]PL[B]AB[bb][dc][cc][fb][eb]AW[bd][gc][gb][fc][dd][ec][cd][bc])
(;C[problem 236]PL[B]AB[ea][bb][dc][cc][eb]AW[ed][bd][fc][dd][fb][fa][cd][bc])
(;C[problem 237]PL[B]AB[ee][bd][gc][ge][gb][cf][gd][de][fb][fa][cd][fe][bc]AW[fd][bb][ed][dc][cc][fc][dd][eb])
(;C[problem 238]PL[B]AB[ba][be][aa][gb][fc][ca][dd][cf][ec][cd]AW[ea][ab][dc][bd][cc][ad][eb])
(;C[problem 239]PL[B]AB[ea][bb][dc][cc][ec][eb]AW[fd][ed][bd][fc][dd][fb][fa][cd][bc])
(;C[problem 240]PL[B]AB[ea][bb][dc][cc][ec][eb]AW[fd][ed][bd][db][gb][cb][dd][fb][cd][bc])
(;C[problem 241]PL[B]AB[ea][bb][dc][cc][ec][eb]AW[ed][bd][fc][dd][fb][fa][cd][bc])
(;C[problem 242]PL[B]AB[ea][bb][dc][cc][ec][eb]AW[ed][bd][db][ce][de][cb][fc][fb][fa][fe][bc])
(;C[problem 243]PL[B]AB[bb][ab][dc][cc][ec][eb]AW[fd][bf][ed][bd][cb][fc][dd][fb][fa][bc])
(;C[problem 244]PL[B]AB[fd][ba][ed][bd][fc][dd][fb][fa][cd]AW[ea][bb][ab][dc][cc][ec][eb])
(;C[problem 245]PL[B]AB[fd][ed][bd][da][fc][dd][fb][cd][bc]AW[ea][bb][ab][dc][cc][ec][eb])
(;C[problem 246]PL[B]AB[fd][ba][ac][ed][bd][fc][dd][fb][fa][cd][bc]AW[ea][bb][ab][dc][da][cc][ca][ec][eb])
(;C[problem 247]PL[B]AB[ed][bd][da][fc][dd][fb][cd][bc]AW[ea][bb][ab][dc][cc][ec][eb])
(;C[problem 248]PL[B]AB[ea][ba][ed][bd][dd][ec][cd][eb]AW[bb][ab][dc][db][cc][ca])
(;C[problem 249]PL[B]AB[hb][ac][ed][be][fc][ca][dd][fb][cd][bc]AW[bb][ab][dc][da][cc][eb])
(;C[problem 250]PL[B]AB[hb][ac][ed][be][fc][dd][fb][fa][cd][bc]AW[bb][ab][dc][cc][ca][eb])
(;C[problem 251]PL[B]AB[bd][fc][dd][fb][fa][ec][cd][bc]AW[bb][ab][dc][da][cc][eb])
(;C[problem 252]PL[B]AB[bb][ba][ab][dc][cc][eb]AW[bd][fc][dd][fb][fa][ec][cd][bc])
(;C[problem 253]PL[B]AB[ed][bd][dd][fb][fa][ec][cd][bc]AW[bb][ba][ab][dc][db][cc][eb])
(;C[problem 254]PL[B]AB[bb][ab][dc][db][cc][fa][eb]AW[ea][ac][ed][be][gb][ca][dd][fb][ec][cd][bc])
(;C[problem 255]PL[B]AB[ee][bd][ce][fc][dd][fb][fa][ec][bc]AW[bb][ab][dc][da][cc][cd][eb])
(;C[problem 256]PL[B]AB[fd][ee][bd][db][ce][de][cb][fc][fb][fa][fe][bc]AW[ea][bb][ed][ab][cc][ca][dd][ec][cd][eb])
(;C[problem 257]PL[B]AB[ed][ab][bd][gc][gb][cc][ga][fc][dd][cd]AW[bb][ba][ac][dc][cb][fb][ec][bc])
(;C[problem 258]PL[B]AB[bb][ab][dc][cc][eb]AW[hb][ba][ed][bd][gc][fc][dd][ic][cd][bc])
(;C[problem 259]PL[B]AB[fd][ba][ed][bd][fc][ca][dd][fb][cd]AW[ea][bb][ab][dc][cc][ec][eb])
(;C[problem 260]PL[B]AB[fd][ba][ac][ed][bd][fc][dd][fb][fa][cd]AW[ea][bb][ab][dc][da][ca][ec][eb])
(;C[problem 261]PL[B]AB[ea][bb][ed][ab][cc][dd][cd][eb]AW[fd][ee][ac][bf][bd][ce][de][cb][fc][fb][fa][bc])
(;C[problem 262]PL[B]AB[fd][ac][ed][be][fc][dd][fb][cd][bc]AW[bb][ab][dc][da][cc][ec])
(;C[problem 263]PL[B]AB[bb][ab][dc][cc][fb][eb]AW[ed][bd][gc][gb][fc][dd][fa][ec][cd][bc])
(;C[problem 264]PL[B]AB[bb][ab][dc][cc][fb][eb]AW[ba][ed][bd][gc][gb][fc][dd][ec][cd][bc])
(;C[problem 265]PL[B]AB[bb][ab][dc][cc][fb][eb]AW[ed][bd][gc][da][gb][fc][dd][ec][cd][bc])
(;C[problem 266]PL[B]AB[bb][ab][dc][cc][fa][eb]AW[fd][bd][da][gb][dd][fb][ec][cd][bc])
(;C[problem 267]PL[B]AB[bd][gc][gb][ga][fc][dd][ec][cd][bc]AW[bb][ab][dc][cc][ca][fb][eb])
(;C[problem 268]PL[B]AB[bb][ab][dc][cc][ca][ec]AW[fd][ba][ac][ed][be][fc][dd][fb][fa][cd][bc])
(;C[problem 269]PL[B]AB[bb][ba][ab][dc][cc][ec]AW[fd][ac][ed][bd][cf][cb][fc][fb][fa][cd][bc])
(;C[problem 270]PL[B]AB[fd][ac][ed][be][fc][ca][dd][fb][fa][cd][bc]AW[ea][bb][ba][ab][dc][db][cc][ec])
(;C[problem 271]PL[B]AB[ea][ed][bd][fc][dd][fb][cd][bc]AW[bb][ab][dc][cc][ca][ec][eb])
(;C[problem 272]PL[B]AB[bb][dc][cb][fc][fb][ec]AW[fd][ac][gc][da][gb][cc][gd][dd][ce][ib][bc])
(;C[problem 273]PL[B]AB[fd][ed][be][ce][ae][fc][dd][fb][fa][bc]AW[ea][bb][dc][bd][cb][ec][eb])
(;C[problem 274]PL[B]AB[ed][bd][db][cc][ad][fc][dd][fb][fa][cd]AW[ea][bb][ac][dc][aa][bc][cb][ec][eb])
(;C[problem 275]PL[B]AB[ba][ed][bd][cc][ad][fc][dd][fb][fa][cd]AW[ea][bb][ac][dc][bc][cb][eb])
(;C[problem 276]PL[B]AB[hc][ed][bd][db][da][gb][cc][ad][fc][dd][cd]AW[bb][ac][dc][aa][bc][cb][fb][ec][eb])
(;C[problem 277]PL[B]AB[bb][ab][dc][cb][ec][eb]AW[fd][ac][ed][ce][cc][fc][dd][fb][fa][bc])
(;C[problem 278]PL[B]AB[ac][ed][ce][da][cc][fc][dd][fb][fa][bc]AW[ea][bb][ab][dc][cb][eb])
(;C[problem 279]PL[B]AB[ac][ed][gb][cc][ga][gd][fc][dd][bc]AW[bb][ab][da][cb][fb][fa][ec])
(;C[problem 280]PL[B]AB[ac][ed][cc][fc][dd][fb][fa][cd][bc]AW[bb][ab][dc][da][cb][ec][eb])
(;C[problem 281]PL[B]AB[ea][bb][ab][dc][cb][ec][eb]AW[fd][ac][ed][ce][cc][fc][ca][dd][fb][fa][bc])
(;C[problem 282]PL[B]AB[fd][ba][ed][be][fc][ca][dd][fb][fa][bc]AW[ea][bb][ab][dc][cb][ec][eb])
(;C[problem 283]PL[B]AB[ba][ac][ed][aa][cc][fc][dd][fb][fa][cd][bc]AW[ea][bb][ab][dc][cb][ec][eb])
(;C[problem 284]PL[B]AB[ac][ed][db][cc][fc][ca][dd][fb][ce][bc]AW[ea][bb][ab][dc][cb][ec][eb])
(;C[problem 285]PL[B]AB[bb][ab][dc][cb][fc][ec]AW[fd][ba][ed][gc][gb][cc][gd][dd][ce][bc])
(;C[problem 286]PL[B]AB[bb][ab][dc][db][cb][fc][fa][ec][eb]AW[fd][ba][ed][gc][da][gb][cc][gd][dd][fb][ce][bc])
(;C[problem 287]PL[B]AB[bb][ac][ab][dc][da][cc][ca][ec]AW[ea][ba][ed][bd][ad][fc][dd][fb][fa][cd][bc])
(;C[problem 288]PL[B]AB[ed][bd][gc][da][gb][fc][dd][cd][bc]AW[ea][bb][ab][dc][cc][fb][ec])
(;C[problem 289]PL[B]AB[ba][ed][bd][gc][da][gb][fc][ca][dd][cd][bc]AW[ea][bb][ab][dc][db][cc][cb][fb][ec])
(;C[problem 290]PL[B]AB[fd][ba][ac][be][gc][gb][ga][de][ca][fa][cd][fe][bc]AW[ea][bb][ab][dc][da][cc][cb][fb][ec])
(;C[problem 291]PL[B]AB[hc][hb][ha][ed][bd][gc][da][cb][fc][dd][cd][bc]AW[bb][ba][ab][dc][gb][cc][fb][ec][eb])
(;C[problem 292]PL[B]AB[hc][hb][ha][ed][bd][gc][da][fc][dd][cd][bc]AW[ea][bb][ab][dc][gb][cc][fb][ec])
(;C[problem 293]PL[B]AB[fd][ac][ed][bd][gc][gb][eb][dd][ic][fa][cd][bc]AW[bb][ab][dc][db][cc][fc][fb][ec])
(;C[problem 294]PL[B]AB[bb][ab][dc][cc][fc][fb]AW[fd][hb][ed][bd][gb][gd][dd][cd][bc])
(;C[problem 295]PL[B]AB[ba][ed][bd][gc][gb][ga][gd][dd][fa][cd][bc]AW[bb][ab][dc][da][cc][fc][ca][fb])
(;C[problem 296]PL[B]AB[fd][ac][ed][be][gc][gb][gd][cb][dd][fa][ib][cd][bc]AW[ea][bb][ab][dc][cc][fc][ca][fb][ec])
(;C[problem 297]PL[B]AB[fd][ed][bd][gc][gb][gd][dd][cd][bc]AW[bb][ab][dc][cc][fc][ec])
(;C[problem 298]PL[B]AB[ef][ba][bd][db][gc][da][ce][gb][ge][gd][cf][df][fb][fa][cd][fe]AW[ea][bb][fd][ee][ed][dc][cc][eb][de][fc][dd][ec][bc])
(;C[problem 299]PL[B]AB[hc][hb][ha][ab][bd][gc][fc][dd][ec][cd][bc]AW[bb][dc][gb][cc][ga][ca][fb][eb])
(;C[problem 300]PL[B]AB[dc][da][cc][cb][eb]AW[ed][ab][bd][gc][dd][fb][ec][cd])
(;C[problem 301]PL[B]AB[dc][da][cc][cb][eb]AW[bb][ed][bd][gc][dd][fb][ec][cd])
(;C[problem 302]PL[B]AB[bd][gc][gb][ga][fc][ca][dd][ec][cd]AW[ab][dc][da][cc][fb][fa][eb])
(;C[problem 303]PL[B]AB[hc][hb][ha][ac][be][gc][fc][dd][ec][cd][bc]AW[bb][ba][ab][dc][gb][cc][ga][fb][eb])
(;C[problem 304]PL[B]AB[bb][dc][gb][cc][ga][fb][eb]AW[hc][hb][ha][ab][bd][gc][fc][dd][ec][cd][bc])
(;C[problem 305]PL[B]AB[hc][ab][db][gc][de][cb][fc][dd][ce][ec][bc]AW[bb][ba][dc][bd][gb][cc][fb][cd][eb])
(;C[problem 306]PL[B]AB[ba][dc][bd][da][fc][fb][fa][ec][cd]AW[ea][db][cc][eb][cb][bc])
(;C[problem 307]PL[B]AB[ea][db][cc][eb][cb][bc]AW[ba][dc][bd][da][fc][ca][fb][fa][ec][cd])
(;C[problem 308]PL[B]AB[dc][bd][ad][fc][fb][ec][cd]AW[bc][cb][db][eb])
(;C[problem 309]PL[B]AB[bd][db][eb][cb][bc]AW[be][dc][cc][ad][fc][fb][ce][ec])
(;C[problem 310]PL[B]AB[ba][ed][bd][gc][cc][fc][dd][ic][cd]AW[bb][ab][eb][cb][ec][bc])
(;C[problem 311]PL[B]AB[bb][ba][ed][dc][bd][gc][gb][ad][fc][dd][ib][cd]AW[ab][db][bc][cb][ca][fb][fa][ec][eb])
(;C[problem 312]PL[B]AB[fd][bd][cc][fc][dd][fb][fa][cd]AW[bb][dc][eb][cb][bc])
(;C[problem 313]PL[B]AB[fd][ac][bd][da][de][fc][fb][cd]AW[ea][bb][ab][dc][eb][ec][bc])
(;C[problem 314]PL[B]AB[fd][ba][ac][ed][bd][gb][ad][ga][fc][dd][cd]AW[ea][bb][ab][dc][bc][fb][ec][eb])
(;C[problem 315]PL[B]AB[ee][bf][ed][be][db][da][cc][de][fb][ec][bc]AW[ac][ab][dc][bd][cb][dd][cd])
(;C[problem 316]PL[B]AB[bb][db][dd][ec][cd][bc]AW[fd][ee][bf][bd][cc][ad][cb][fc][fb][ce])
(;C[problem 317]PL[B]AB[bb][dc][cb][ec][bc]AW[fd][ed][bd][cc][dd][fb][cd])
(;C[problem 318]PL[B]AB[ee][be][ab][cc][df][fc][fb][ce][ec][bc]AW[ea][bb][dc][bd][ad][dd][cd][eb])
(;C[problem 319]PL[B]AB[ba][ed][bd][gc][gb][cb][fc][dd][cd][bc]AW[bb][ab][dc][db][cc][fb][fa][ec])
(;C[problem 320]PL[B]AB[ba][kc][ac][gc][cc][gd][dd][ic][ce][fe][bc]AW[bb][ab][db][cb][fc][ec])
(;C[problem 321]PL[B]AB[bb][dc][cb][fb][ec]AW[ed][gc][cc][fc][dd][ic][ce][bc])
(;C[problem 322]PL[B]AB[bb][dc][gb][cb][fc][fb][ec]AW[hc][fd][hb][ed][ab][jc][gc][cc][dd][ce][bc])
(;C[problem 323]PL[B]AB[ac][dc][db][da][bc]AW[ea][ed][bd][ad][dd][ec][cd][eb])
(;C[problem 324]PL[B]AB[be][dc][fc][dd][fb][ce][fe]AW[bc][db][eb])
(;C[problem 325]PL[B]AB[ab][bd][cb][cd]AW[be][db][de][dd][ce][eb])
(;C[problem 326]PL[B]AB[ea][ba][ac][dc][db][bc]AW[ed][be][bd][da][gb][dd][ec][eb])
(;C[problem 327]PL[B]AB[ed][be][bd][da][gb][dd][ec][eb]AW[ea][ba][ac][dc][db][bc])
(;C[problem 328]PL[B]AB[ea][ee][be][dc][ae][dd][ce][ec][eb]AW[ba][ac][bd][db][cb][cd])
(;C[problem 329]PL[B]AB[ea][ab][dc][bd][db][bc]AW[ed][be][gb][ad][ce][ec][cd][eb])
(;C[problem 330]PL[B]AB[ea][dc][bd][db][eb][bc]AW[ac][ed][be][ae][dd][fb][fa][ec][cd])
(;C[problem 331]PL[B]AB[bd][db][da][cb][cd]AW[ea][bf][be][de][dd][ce][ec][fe][eb])
(;C[problem 332]PL[B]AB[be][bd][cc][ec][cd][eb]AW[ea][fd][hb][bf][de][fc][dd][cg][fb][ce])
(;C[problem 333]PL[B]AB[hb][ac][be][bd][cf][de][fc][dd][fb][ec]AW[bb][ab][dc][db][eb][cd][bc])
(;C[problem 334]PL[B]AB[hb][be][bd][cf][de][fc][ca][dd][fb][ec]AW[ea][bb][dc][db][eb][cd][bc])
(;C[problem 335]PL[B]AB[ee][ed][be][db][ae][de][ce][ec][eb]AW[ac][dc][bd][da][ad][cb][dd][cd])
(;C[problem 336]PL[B]AB[be][ae][cc][de][fc][dd][fb][ce][ec]AW[dc][bd][db][eb][cd][bc])
(;C[problem 337]PL[B]AB[ed][be][fc][dd][ce]AW[dc][bb][bd][cd])
(;C[problem 338]PL[B]AB[fd][be][de][fc][dd][fb][ce][eb]AW[dc][bd][cb][ec][cd])
(;C[problem 339]PL[B]AB[dc][bd][ec][cd]AW[hc][fd][bg][be][de][fc][dd][ce])
(;C[problem 340]PL[B]AB[ea][dc][bd][cc][ec][cd][eb]AW[ba][ed][be][db][ce][da][ae][ad][fc][dd][fb][fa][fe])
(;C[problem 341]PL[B]AB[fd][ab][bd][dd][fb][ec][cd]AW[ea][ba][ac][dc][db][bc])
(;C[problem 342]PL[B]AB[ea][fd][ed][be][ad][cb][fc][dd][fb][ce]AW[bb][ac][cc][ca][ec][cd][eb])
(;C[problem 343]PL[B]AB[ea][ac][ed][db][dd][ec][cd][bc]AW[fd][ee][bf][bd][ad][de][cb][fc][fb][ce][eb])
(;C[problem 344]PL[B]AB[bb][ee][ed][be][bd][de][fb][ce][eb]AW[ac][dc][db][dd][cd][bc])
(;C[problem 345]PL[B]AB[fd][ee][bf][ed][be][bd][de][cb][fc][fb][ce]AW[bb][dc][eb][ad][dd][ec][cd][bc])
(;C[problem 346]PL[B]AB[dc][ad][eb][dd][ec][cd][bc]AW[fd][ef][bf][ed][be][bd][gc][cc][cb][fb][ce])
(;C[problem 347]PL[B]AB[hc][hb][ed][ab][be][bd][he][cc][gd][cb][de][ce][fe]AW[bb][dc][db][gc][fc][dd][ec][cd][bc])
(;C[problem 348]PL[B]AB[ea][be][dc][ce][ec][cd][eb]AW[bb][ac][bd][db][da][cc])
(;C[problem 349]PL[B]AB[ea][ba][be][dc][ae][ad][de][dd][ce][eb]AW[bb][ac][bd][db][da][cc][cd])
(;C[problem 350]PL[B]AB[ea][be][dc][ae][ce][ec][cd][eb]AW[bb][ac][bd][db][da][cc][ad])
(;C[problem 351]PL[B]AB[ea][be][dc][ae][fc][dd][cd][eb]AW[bb][ac][ab][bd][db][da][cc])
(;C[problem 352]PL[B]AB[ea][be][dc][ae][ce][ec][cd][eb]AW[bb][bd][db][da][cc][ad])
(;C[problem 353]PL[B]AB[be][ab][dc][ae][fc][dd][ce][eb]AW[bb][ba][bd][db][cc][ad][cb])
(;C[problem 354]PL[B]AB[dc][bd][db][da][cc][bc]AW[ea][ed][be][aa][ae][ca][dd][ec][cd][eb])
(;C[problem 355]PL[B]AB[dc][bd][db][da][cc][ad][bc]AW[ea][ba][ed][ab][be][ae][ca][dd][ce][ec][cd][eb])
(;C[problem 356]PL[B]AB[ed][bd][dd][ec][cd][eb]AW[bb][dc][db][cc][bc])
(;C[problem 357]PL[B]AB[bb][dc][db][cc][ad][bc]AW[ac][ed][be][bd][dd][ec][cd][eb])
(;C[problem 358]PL[B]AB[bf][ed][bd][gb][dd][ec][cd][eb]AW[ea][bb][dc][db][cc][ad][bc])
(;C[problem 359]PL[B]AB[ea][bb][dc][db][cc][bc]AW[ba][ed][bd][gb][cb][ca][dd][ec][cd][eb])
(;C[problem 360]PL[B]AB[ea][ed][be][bd][cb][dd][ec][eb]AW[bb][ab][dc][db][cc][bc])
(;C[problem 361]PL[B]AB[bb][dc][bd][da][cc][cb][cd]AW[ba][be][db][ae][de][dd][fb][ce][ec][eb])
(;C[problem 362]PL[B]AB[dc][bd][ec][cd][eb]AW[ac][ab][db][da][cc][cb][bc])
(;C[problem 363]PL[B]AB[be][dc][db][de][dd][fb][ce]AW[ac][bd][cc][cb][cd])
(;C[problem 364]PL[B]AB[ed][bd][dd][ec][cd][eb]AW[ba][dc][db][cc][bc])
(;C[problem 365]PL[B]AB[ed][bd][dd][ec][cd][eb]AW[ab][dc][db][cc][bc])
(;C[problem 366]PL[B]AB[ea][ed][bd][dd][ec][cd][eb]AW[ab][dc][db][cc][bc])
(;C[problem 367]PL[B]AB[bf][ed][bd][gb][dd][ec][cd][eb]AW[ea][ba][dc][db][cc][ad][bc])
(;C[problem 368]PL[B]AB[bd][da][cc][ad][cb][cd]AW[bb][be][db][ae][de][dd][ce][eb])
(;C[problem 369]PL[B]AB[be][dc][db][ae][de][dd][fb][ce][bc]AW[ab][bd][da][cc][ad][cb][cd])
(;C[problem 370]PL[B]AB[ea][ba][dc][db][cc][bc]AW[ed][bd][ad][dd][fb][fa][ec][cd][eb])
(;C[problem 371]PL[B]AB[ed][bd][dd][fb][ec][cd][eb]AW[ea][ba][dc][db][cc][bc])
(;C[problem 372]PL[B]AB[ed][bd][ae][gb][ad][fc][dd][cd][eb]AW[ea][bg][ac][be][dc][db][cc][ce][bc])
(;C[problem 373]PL[B]AB[ed][bd][ae][gb][ad][fc][dd][cd][eb]AW[ea][bb][bg][be][dc][db][cc][ce][bc])
(;C[problem 374]PL[B]AB[ac][ed][bd][gb][ad][dd][ec][cd][eb]AW[ab][dc][db][cc][bc])
(;C[problem 375]PL[B]AB[ab][dc][db][cc][bc]AW[ac][ed][bd][gb][ad][dd][ec][cd][eb])
(;C[problem 376]PL[B]AB[ab][dc][db][cc][bc]AW[ea][ed][bd][ca][dd][ec][cd][eb])
(;C[problem 377]PL[B]AB[ab][dc][db][cc][bc]AW[ea][ac][ed][bd][ad][cb][dd][ec][cd][eb])
(;C[problem 378]PL[B]AB[ac][ed][bd][ad][cb][dd][ec][cd][eb]AW[ab][dc][db][da][cc][bc])
(;C[problem 379]PL[B]AB[ab][dc][db][cc][fb][ec][bc]AW[ea][fd][hb][ac][ed][bd][hd][da][ad][fc][dd][ic][cd][eb])
(;C[problem 380]PL[B]AB[ab][dc][db][cc][fb][fa][ec][bc]AW[ea][ba][ac][ed][bd][gc][gb][ad][ga][fc][dd][cd])
(;C[problem 381]PL[B]AB[ab][dc][db][cc][fb][fa][ec][bc]AW[ba][ac][ed][bd][gc][gb][ad][ga][fc][dd][cd][eb])
(;C[problem 382]PL[B]AB[ac][bd][cc][cb][cd]AW[be][dc][db][ae][ad][de][dd][fb][ce])
(;C[problem 383]PL[B]AB[dc][bd][cc][cb][ca][cd][eb]AW[hb][be][ae][ad][de][fc][dd][fb][ce][ec])
(;C[problem 384]PL[B]AB[dc][bd][db][cc][ad][bc]AW[ac][ed][be][da][ae][cb][dd][ce][ec][eb])
(;C[problem 385]PL[B]AB[ea][be][da][ae][de][dd][ce][ec][eb]AW[ba][ac][dc][bd][db][cc][ad][cd])
(;C[problem 386]PL[B]AB[ea][ed][be][ae][eb][dd][ce][ec][bc]AW[ab][dc][bd][db][da][cc][cd])
(;C[problem 387]PL[B]AB[fd][ed][be][ce][ae][ad][de][fc][fb][fa]AW[ea][bd][cc][cb][dd][ec][cd][eb])
(;C[problem 388]PL[B]AB[fd][ba][ac][ed][bd][gc][gb][ad][ga][cb][gd][ca][dd][cd]AW[ab][dc][db][da][cc][fc][fb][fa][ec][bc])
(;C[problem 389]PL[B]AB[bb][be][dc][ce][ae][ad][fc][dd][fb][fa][ec]AW[ea][ba][ac][bd][db][cc][cb][cd][eb])
(;C[problem 390]PL[B]AB[ac][dc][db][cc][bc]AW[ea][ed][aa][bd][ad][dd][ec][cd][eb])
(;C[problem 391]PL[B]AB[ac][dc][db][cc][bc]AW[ea][ed][bd][ad][dd][ec][cd][eb])
(;C[problem 392]PL[B]AB[bb][ed][bd][da][ad][dd][fb][fa][ec][cd]AW[ea][ba][ac][dc][db][cc][bc])
(;C[problem 393]PL[B]AB[ba][ac][dc][db][cc][bc]AW[ed][ab][bd][da][ad][cb][dd][fb][cd][eb])
(;C[problem 394]PL[B]AB[bb][ac][dc][db][cc][bc]AW[ed][bd][ad][fc][ca][dd][fb][cd])
(;C[problem 395]PL[B]AB[bb][ed][bd][cb][dd][ec][cd][eb]AW[ac][ab][dc][db][cc][bc])
(;C[problem 396]PL[B]AB[ac][ab][dc][db][cc][bc]AW[ea][bb][ed][bd][ad][cb][dd][ec][cd][eb])
(;C[problem 397]PL[B]AB[be][dc][db][ae][de][dd][fb][ce]AW[bd][cc][ad][cb][cd])
(;C[problem 398]PL[B]AB[ea][ed][bd][ad][dd][ec][cd][eb]AW[ba][dc][db][da][cc][bc])
(;C[problem 399]PL[B]AB[dc][db][da][cc][bc]AW[ed][bd][gb][ad][cb][ca][dd][ec][cd][eb])
(;C[problem 400]PL[B]AB[ea][ed][ab][bd][ad][dd][ec][cd][eb]AW[ac][dc][aa][db][da][cc][bc])
(;C[problem 401]PL[B]AB[ea][bb][ed][bd][ad][dd][ec][cd][eb]AW[ba][ac][dc][db][da][cc][bc])
(;C[problem 402]PL[B]AB[ea][ed][bd][ad][ca][dd][ec][cd][eb]AW[ac][dc][aa][db][da][cc][bc])
(;C[problem 403]PL[B]AB[ba][ed][bd][gb][ad][cb][dd][ec][cd][eb]AW[ac][dc][db][da][cc][bc])
(;C[problem 404]PL[B]AB[dc][bd][db][da][cc][bc]AW[bb][ed][be][gb][dd][cf][ec][cd][eb])
(;C[problem 405]PL[B]AB[ed][be][gb][ad][dd][cf][ec][cd][eb]AW[bb][dc][bd][db][cc][bc])
(;C[problem 406]PL[B]AB[ab][dc][bd][db][cc][ad][bc]AW[ed][be][da][ae][cb][ca][dd][ec][cd][eb])
(;C[problem 407]PL[B]AB[ba][dc][db][cc][eb][bc]AW[ed][ab][bd][gc][ad][dd][fb][ec][cd])
(;C[problem 408]PL[B]AB[ba][ac][dc][db][cc][eb][bc]AW[bb][hb][ab][bd][ad][fc][dd][fb][ec][cd])
(;C[problem 409]PL[B]AB[ea][ac][dc][db][cc][eb][bc]AW[bb][bd][da][ad][cb][fc][dd][fb][ec][cd])
(;C[problem 410]PL[B]AB[ac][dc][db][cc][eb][bc]AW[bb][hb][aa][bd][ad][cb][fc][dd][fb][ec][cd])
(;C[problem 411]PL[B]AB[bb][ed][be][gc][ae][cf][ca][dd][fb][ec][cd]AW[ab][dc][bd][db][cc][eb][cb][bc])
(;C[problem 412]PL[B]AB[ea][ab][aa][cc][eb][ec][bc]AW[fd][ac][bd][df][ad][fc][dd][fb][fa][cd])
(;C[problem 413]PL[B]AB[ea][ab][cc][eb][ec][bc]AW[ac][ed][bd][ad][gd][fc][dd][fb][fa][cd])
(;C[problem 414]PL[B]AB[ea][ab][dc][aa][bc][cc][cb][ec][eb]AW[fd][bb][ac][bd][df][ad][fc][ca][dd][fb][fa][cd])
(;C[problem 415]PL[B]AB[ea][aa][cc][eb][cb][ec][bc]AW[fd][ed][be][bd][da][fc][ca][dd][fb][fa][cd])
(;C[problem 416]PL[B]AB[ea][ac][ab][cc][eb][ec][bc]AW[fd][ba][ed][bd][ad][fc][dd][fb][fa][cd])
(;C[problem 417]PL[B]AB[ab][da][cc][eb][dd][ec][cd][bc]AW[ea][fd][ed][be][bd][ce][de][fc][ca][fb][fa])
(;C[problem 418]PL[B]AB[ed][db][cc][eb][dd][ec][bc]AW[ea][fd][ee][bf][bd][de][cb][fc][fb][fa][cd][fe])
(;C[problem 419]PL[B]AB[ab][cc][eb][cb][dd][ec][cd][bc]AW[ea][fd][ee][ac][bf][bd][db][ce][ad][de][fc][fb][fa])
(;C[problem 420]PL[B]AB[fd][bb][hb][ee][bd][cf][de][cb][fc][fb][cd]AW[ba][ab][cc][eb][dd][ec][bc])
(;C[problem 421]PL[B]AB[bb][ac][ed][cc][eb][dd][ec][cd][bc]AW[ea][fd][ba][ee][bf][dc][bd][db][ad][de][fc][fb][ce])
(;C[problem 422]PL[B]AB[ed][db][cc][eb][dd][ec][bc]AW[fd][ba][ee][bd][da][cf][ad][de][fc][fb][fa][cd])
(;C[problem 423]PL[B]AB[fd][ee][ac][be][bd][ce][de][fc][fb][fa][fe]AW[ea][ba][ed][cc][eb][dd][ec][cd][bc])
(;C[problem 424]PL[B]AB[ac][ed][da][cc][eb][dd][ec][bc]AW[ea][fd][ba][ee][bd][cf][ad][de][fc][fb][fa][cd][fe])
(;C[problem 425]PL[B]AB[ea][fd][hb][ac][bf][ed][ab][bd][hd][gc][de][fb][ce]AW[ba][dc][da][cc][eb][cb][fc][ec][cd][bc])
(;C[problem 426]PL[B]AB[ea][fd][ac][ed][bd][cb][fc][dd][fb][fa][cd]AW[bb][ab][dc][da][cc][eb][ec][bc])
(;C[problem 427]PL[B]AB[bb][bd][db][da][bc][cc][ad][fa][ec][eb]AW[fd][hb][ba][ed][ab][dc][be][cf][fc][ca][dd][fb][cd])
(;C[problem 428]PL[B]AB[ed][be][dc][ce][gc][gb][ga][fc][dd][fa]AW[bb][db][cc][eb][fb][ec][bc])
(;C[problem 429]PL[B]AB[ea][fd][bf][ed][be][fc][dd][fb][fa]AW[dc][bd][da][cc][eb][ec][bc])
(;C[problem 430]PL[B]AB[cc][dc][ba][bc]AW[ed][bd][dd][ec][cd][eb])
(;C[problem 431]PL[B]AB[ac][ed][bd][ad][dd][ec][cd][eb]AW[ba][ab][dc][cc][bc])
(;C[problem 432]PL[B]AB[fd][be][db][de][fc][fb][ce]AW[dc][cc][cb][ec][cd][eb])
(;C[problem 433]PL[B]AB[eg][ef][ee][ed][be][dc][dg][cc][cb][bc]AW[bd][db][df][ch][de][fc][dd][cg][ic][ec][cd][eb])
(;C[problem 434]PL[B]AB[bb][ed][bd][dd][fb][ec][cd]AW[ab][cc][dc][bc])
(;C[problem 435]PL[B]AB[ab][cc][dc][bc]AW[bb][ed][bd][gc][dd][fb][fa][ec][cd])
(;C[problem 436]PL[B]AB[bd][db][fc][dd][ec][cd]AW[ab][dc][cc][cb][bc])
(;C[problem 437]PL[B]AB[bb][ab][dc][cc][eb][bc]AW[hb][ba][ac][ed][bd][cb][fc][dd][fb][cd])
(;C[problem 438]PL[B]AB[bb][ab][dc][cc][eb][bc]AW[hb][ac][ed][bd][da][cb][fc][dd][fb][cd])
(;C[problem 439]PL[B]AB[ba][ee][ac][be][bd][gb][gd][fc][dd][ec]AW[ab][dc][cc][eb][ca][bc])
(;C[problem 440]PL[B]AB[ab][dc][cc][eb][ca][bc]AW[ac][bd][da][ad][fc][dd][fb][fa][ec][cd])
(;C[problem 441]PL[B]AB[ac][dc][da][cc][eb][ca][bc]AW[ba][aa][bd][ad][fc][dd][fb][fa][ec][cd])
(;C[problem 442]PL[B]AB[aa][bd][ad][fc][dd][fb][fa][ec][cd]AW[bb][ac][dc][da][cc][eb][bc])
(;C[problem 443]PL[B]AB[ac][bd][ad][fc][dd][fb][fa][ec][cd]AW[ea][ab][dc][db][cc][eb][bc])
(;C[problem 444]PL[B]AB[ac][ed][bd][ad][dd][ec][cd][eb]AW[ba][ab][dc][cc][bc])
(;C[problem 445]PL[B]AB[ac][bd][ad][fc][dd][fb][fa][ec][cd]AW[ab][dc][da][cc][eb][ca][bc])
(;C[problem 446]PL[B]AB[dc][da][cc][eb][ca][bc]AW[ba][bf][bd][fc][dd][fb][fa][ec][cd])
(;C[problem 447]PL[B]AB[ba][ac][bf][ed][bd][gc][dd][fb][ec][cd]AW[ab][dc][da][cc][eb][ca][bc])
(;C[problem 448]PL[B]AB[bf][bd][ad][fc][dd][fb][fa][ec][cd]AW[ba][dc][da][cc][eb][bc])
(;C[problem 449]PL[B]AB[bf][bd][fc][dd][fb][fa][ec][cd]AW[dc][da][cc][eb][cb][bc])
(;C[problem 450]PL[B]AB[ea][bb][ed][bd][ad][dd][ec][cd][eb]AW[ba][ac][dc][da][cc][cb][bc])
(;C[problem 451]PL[B]AB[fd][ed][bd][fc][dd][fb][cd][bc]AW[bb][dc][aa][da][cc][ec][eb])
(;C[problem 452]PL[B]AB[ba][ed][bd][ad][fc][dd][fb][fa][cd]AW[ac][ab][dc][da][bc][cc][cb][eb])
(;C[problem 453]PL[B]AB[bb][ba][bd][fc][dd][fb][fa][ec][cd]AW[ea][ab][dc][cc][eb][cb][bc])
(;C[problem 454]PL[B]AB[ea][dc][cc][eb][cb][bc]AW[bb][ed][bd][db][da][ad][fc][dd][fb][fa][cd])
(;C[problem 455]PL[B]AB[ea][bb][ba][dc][cc][eb][bc]AW[ab][bd][db][fc][dd][fb][ec][cd])
(;C[problem 456]PL[B]AB[ea][dc][cc][eb][ca][bc]AW[ba][ed][ab][bd][gc][dd][fb][ec][cd])
(;C[problem 457]PL[B]AB[ac][bd][ad][fc][dd][fb][fa][ec][cd]AW[ea][ab][dc][db][cc][eb][bc])
(;C[problem 458]PL[B]AB[ea][dc][db][cc][eb][ad][bc]AW[fd][bb][bf][bd][dd][fb][fa][ec][cd])
(;C[problem 459]PL[B]AB[bd][db][gb][ad][fc][dd][ec][cd]AW[ea][ba][dc][cc][eb][bc])
(;C[problem 460]PL[B]AB[ea][dc][cc][eb][bc]AW[ed][bd][ad][dd][fb][fa][ec][cd])
(;C[problem 461]PL[B]AB[ea][dc][cc][eb][ca][bc]AW[ba][bd][ad][fc][dd][fb][fa][ec][cd])
(;C[problem 462]PL[B]AB[ac][dc][da][cc][eb][bc]AW[bb][bf][ed][ab][bd][cb][fc][ca][dd][fb][cd])
(;C[problem 463]PL[B]AB[bd][ad][fc][dd][fb][fa][ec][cd]AW[ac][dc][aa][cc][eb][ca][bc])
(;C[problem 464]PL[B]AB[ea][ac][dc][aa][cc][eb][bc]AW[bb][bd][fc][dd][fb][fa][ec][cd])
(;C[problem 465]PL[B]AB[bd][ad][fc][dd][fb][fa][ec][cd]AW[ea][ac][dc][aa][da][bc][cc][eb])
(;C[problem 466]PL[B]AB[ea][ac][dc][cc][eb][bc]AW[bb][ba][ed][bd][gc][dd][fb][ec][cd])
(;C[problem 467]PL[B]AB[ea][ac][dc][cc][eb][cb][bc]AW[bb][ed][aa][bd][gc][da][ad][dd][fb][fa][ec][cd])
(;C[problem 468]PL[B]AB[ea][ac][dc][da][cc][eb][bc]AW[bb][ed][aa][bd][gc][ad][dd][fb][fa][ec][cd])
(;C[problem 469]PL[B]AB[ea][ac][dc][cc][eb][bc]AW[ed][ab][aa][bd][gc][ad][ca][dd][fb][ec][cd])
(;C[problem 470]PL[B]AB[ea][ac][dc][aa][cc][eb][bc]AW[ed][ab][bd][db][gc][ad][dd][fb][ec][cd])
(;C[problem 471]PL[B]AB[ea][ba][ac][dc][cc][eb][bc]AW[bb][ed][bd][da][ad][dd][fb][fa][ec][cd])
(;C[problem 472]PL[B]AB[ea][ac][dc][aa][cc][eb][bc]AW[bb][ed][ab][bd][gc][da][ad][dd][fb][ec][cd])
(;C[problem 473]PL[B]AB[ea][ac][dc][cc][eb][bc]AW[ed][ab][bd][ad][fc][ca][dd][fb][fa][cd])
(;C[problem 474]PL[B]AB[ed][be][da][cf][cb][fc][dd][fb][fa][cd]AW[ea][ac][dc][bd][cc][eb][bc])
(;C[problem 475]PL[B]AB[be][ab][cf][fc][dd][fb][fa][ec][cd]AW[ea][dc][bd][da][cc][eb][ad][bc])
(;C[problem 476]PL[B]AB[ac][ed][be][gc][ae][dd][fb][fa][ec][cd]AW[ea][dc][bd][cc][eb][ad][bc])
(;C[problem 477]PL[B]AB[ea][bb][ac][dc][bc][cc][cb][eb]AW[fd][ba][aa][bd][ca][dd][fb][fa][ec][cd])
(;C[problem 478]PL[B]AB[ea][ac][dc][da][cc][eb][bc]AW[bd][ad][cb][fc][dd][fb][fa][ec][cd])
(;C[problem 479]PL[B]AB[ac][ed][bd][db][gc][gb][ad][dd][ec][cd]AW[ba][ab][dc][cc][eb][fb][bc])
(;C[problem 480]PL[B]AB[ea][dc][cc][eb][cb][fb][bc]AW[ac][ab][bd][db][gc][da][fc][dd][cf][ic][ec][cd])
(;C[problem 481]PL[B]AB[ea][dc][bc][cc][cb][ca][fb][eb]AW[bb][ac][bd][gc][gb][fc][dd][cf][ic][ec][cd])
(;C[problem 482]PL[B]AB[ea][ab][dc][cc][eb][fb][bc]AW[bb][ba][bd][gc][da][gb][fc][ca][dd][ec][cd])
(;C[problem 483]PL[B]AB[ea][ac][dc][cc][eb][fb][bc]AW[bb][ab][bd][gc][gb][ad][fc][dd][ec][cd])
(;C[problem 484]PL[B]AB[bb][ac][dc][bd][cc][eb][fb][bc]AW[ed][be][db][gc][gb][ga][cb][fc][dd][cf][ec][cd])
(;C[problem 485]PL[B]AB[ac][bd][db][gc][gb][ad][ga][cb][fc][dd][ec][cd]AW[bb][ba][ab][dc][bc][cc][ca][fb][eb])
(;C[problem 486]PL[B]AB[ac][bd][db][gc][gb][ad][ga][fc][dd][ec][cd]AW[ab][dc][cc][eb][cb][fb][bc])
(;C[problem 487]PL[B]AB[ac][dc][db][cc][eb][fa][bc]AW[ed][ab][bd][gc][ad][ga][ca][dd][fb][ec][cd])
(;C[problem 488]PL[B]AB[bd][db][gb][ad][ga][cb][fc][dd][gd][ec][cd]AW[bb][ba][dc][da][bc][cc][fb][eb])
(;C[problem 489]PL[B]AB[ac][bd][gb][ad][ga][cb][fc][dd][gd][ec][cd]AW[bb][ba][dc][da][bc][cc][fb][eb])
(;C[problem 490]PL[B]AB[bb][ab][bd][gb][ad][ga][gd][fc][dd][ec][cd]AW[ba][ac][dc][db][bc][cc][fb][eb])
(;C[problem 491]PL[B]AB[bb][ab][bd][gc][gb][ad][ga][fc][dd][ec][cd]AW[ba][ac][dc][bc][cc][cb][fb][eb])
(;C[problem 492]PL[B]AB[fd][ed][ab][bd][db][gc][gb][ga][cb][dd][cd]AW[ba][ac][ec][dc][hd][bc][cc][gd][fc][fb][ic][ib][eb])
(;C[problem 493]PL[B]AB[hb][ha][bd][hd][db][gc][fc][dd][ec][cd]AW[dc][gb][cc][eb][fb][bc])
(;C[problem 494]PL[B]AB[hb][ac][ab][bd][gc][fc][dd][ic][ec][cd]AW[dc][bc][gb][cc][ga][cb][fb][eb])
(;C[problem 495]PL[B]AB[ba][ee][ed][bd][ge][ad][de][fc][fb][fa][cd][bc]AW[ea][bb][ac][bf][ab][dc][da][cc][cg][ca][dd][ce][ec][eb])
(;C[problem 496]PL[B]AB[ac][dc][db][bc][cc][ca][fb][fa][eb]AW[bb][ed][ab][bd][gc][da][gb][ad][ga][cb][fc][dd][cd])
(;C[problem 497]PL[B]AB[ea][bb][dc][cc][ec][eb]AW[fd][ac][ed][bd][fc][ca][dd][fb][fa][cd])
(;C[problem 498]PL[B]AB[ea][ab][dc][cc][ec][eb]AW[fd][ba][ed][bd][ad][fc][dd][fb][fa][cd])
(;C[problem 499]PL[B]AB[ac][dc][da][cc][eb][ec][bc]AW[fd][ed][bd][ad][cb][fc][ca][dd][fb][fa][cd])
(;C[problem 500]PL[B]AB[ac][dc][cc][eb][ca][ec][bc]AW[ea][fd][ed][bd][da][ad][fc][dd][fb][cd])
(;C[problem 501]PL[B]AB[ea][ba][ac][dc][cc][eb][ec][bc]AW[fd][bb][ed][bd][ad][cb][fc][dd][fb][fa][cd])
(;C[problem 502]PL[B]AB[ea][bb][ba][ac][dc][bc][cc][fb][eb]AW[bd][db][gc][gb][ad][ga][cb][fc][dd][fa][ec][cd])
(;C[problem 503]PL[B]AB[ba][ac][dc][cc][eb][bc]AW[ed][bd][gc][ad][cb][ca][dd][fb][ec][cd])
(;C[problem 504]PL[B]AB[dc][db][cc][eb][bc]AW[bd][ad][fc][dd][fb][fa][ec][cd])
(;C[problem 505]PL[B]AB[ac][dc][db][cc][eb][bc]AW[bb][hb][bd][cb][fc][dd][fb][ec][cd])
(;C[problem 506]PL[B]AB[ac][dc][db][cc][eb][fa][bc]AW[ea][bb][bd][gb][ad][ga][cb][fc][dd][gd][ec][cd])
(;C[problem 507]PL[B]AB[ba][ac][dc][db][cc][eb][bc]AW[bb][ed][ab][bd][gc][ad][dd][fb][ec][cd])
(;C[problem 508]PL[B]AB[ea][ab][dc][cc][eb][ec][bc]AW[fd][hb][ba][ac][ed][bd][da][ad][fc][dd][fb][cd])
(;C[problem 509]PL[B]AB[ea][dc][da][cc][eb][ca][ec][bc]AW[fd][ba][ed][bd][ad][cb][fc][dd][fb][fa][cd])
(;C[problem 510]PL[B]AB[ea][ab][dc][cc][eb][ec][bc]AW[fd][bb][ac][ed][bd][ad][fc][dd][fb][cd])
(;C[problem 511]PL[B]AB[ea][ab][dc][cc][eb][ec][bc]AW[fd][ba][ac][ed][bd][da][ad][fc][dd][fb][cd])
(;C[problem 512]PL[B]AB[ea][ab][dc][cc][eb][ec][bc]AW[fd][ba][ac][ed][bd][db][ad][fc][dd][fb][fa][cd])
(;C[problem 513]PL[B]AB[fd][bb][ed][ab][bd][cb][fc][dd][fb][cd]AW[ba][ac][dc][da][cc][eb][ec][bc])
(;C[problem 514]PL[B]AB[ea][ab][dc][cc][fc][fb][fa][ec][bc]AW[fd][bb][ac][ed][bd][gc][da][gb][ad][ga][gd][dd][cd][eb])
(;C[problem 515]PL[B]AB[fd][ed][bd][db][da][ad][fc][dd][fb][fa][cd]AW[ea][ba][dc][cc][eb][ec][bc])
(;C[problem 516]PL[B]AB[fd][bb][ed][ab][bd][ad][fc][dd][fb][fa][cd]AW[ea][ac][dc][cc][eb][ca][ec][bc])
(;C[problem 517]PL[B]AB[ac][dc][da][cc][eb][ec][bc]AW[ea][fd][ed][bd][ad][fc][ca][dd][fb][fa][cd])
(;C[problem 518]PL[B]AB[fd][ed][ab][bd][db][ad][fc][dd][fb][fa][cd]AW[ea][ac][dc][cc][eb][ec][bc])
(;C[problem 519]PL[B]AB[fd][ba][ed][bd][ad][cb][fc][dd][fb][fa][cd]AW[ea][ac][dc][cc][eb][ec][bc])
(;C[problem 520]PL[B]AB[ea][ac][dc][aa][cc][eb][ec][bc]AW[fd][bb][ed][bd][gb][ad][cb][dd][fb][cd])
(;C[problem 521]PL[B]AB[fd][ba][ed][bd][db][fc][ca][dd][fb][fa][cd]AW[ea][dc][cc][eb][ec][bc])
(;C[problem 522]PL[B]AB[ed][ab][bd][gc][gb][ad][ga][fc][ca][dd][cd]AW[ac][dc][aa][cc][eb][fb][ec][bc])
(;C[problem 523]PL[B]AB[ac][dc][da][cc][eb][ec][bc]AW[ea][fd][ba][ed][aa][bd][ad][fc][dd][fb][fa][cd])
(;C[problem 524]PL[B]AB[ba][ac][dc][cc][eb][ec][bc]AW[ea][fd][ed][ab][bd][db][fc][dd][fb][cd])
(;C[problem 525]PL[B]AB[ea][dc][da][cc][eb][ca][ec][bc]AW[fd][ba][ed][bd][ad][cb][fc][dd][fb][fa][cd])
(;C[problem 526]PL[B]AB[ba][ac][dc][da][cc][eb][ec][bc]AW[ea][fd][ed][ab][bd][db][cb][fc][dd][fb][fa][cd])
(;C[problem 527]PL[B]AB[fd][hb][ba][ac][ed][bd][ad][fc][dd][fb][cd]AW[ab][dc][cc][eb][cb][ec][bc])
(;C[problem 528]PL[B]AB[bb][dc][cc][eb][ca][ec][bc]AW[ea][fd][hb][ba][ed][bd][db][ad][fc][dd][fb][cd])
(;C[problem 529]PL[B]AB[ab][dc][cc][eb][ec][bc]AW[fd][bb][ba][ac][bf][ed][bd][db][gb][dd][fb][cd])
(;C[problem 530]PL[B]AB[ea][bb][ab][dc][cc][eb][ec][bc]AW[fd][hb][ba][ac][ed][bd][da][ad][fc][ca][dd][fb][cd])
(;C[problem 531]PL[B]AB[dc][cc][eb][ca][ec][bc]AW[ea][fd][ed][bd][cf][ad][fc][fb][fa][cd])
(;C[problem 532]PL[B]AB[ea][fd][ba][ed][bd][ad][fc][dd][fb][fa][cd]AW[ac][dc][da][cc][eb][ca][ec][bc])
(;C[problem 533]PL[B]AB[dc][cc][eb][cb][ec][bc]AW[ea][fd][ba][ed][bd][db][ad][fc][dd][fb][fa][cd])
(;C[problem 534]PL[B]AB[ea][ab][dc][cc][eb][ec][bc]AW[fd][ba][ac][ed][bd][db][ad][fc][dd][fb][fa][cd])
(;C[problem 535]PL[B]AB[fd][ba][ac][ed][bd][db][ad][cb][fc][dd][fb][fa][cd]AW[ea][bb][ab][dc][cc][eb][ec][bc])
(;C[problem 536]PL[B]AB[ea][dc][aa][da][cc][eb][ec][bc]AW[fd][ac][ed][bd][db][fc][dd][fb][fa][cd])
(;C[problem 537]PL[B]AB[ea][ab][dc][aa][cc][eb][ec][bc]AW[fd][bb][ba][bf][ed][bd][fc][dd][fb][fa][cd])
(;C[problem 538]PL[B]AB[bb][ac][dc][cc][eb][ec][bc]AW[ea][fd][ed][ab][bd][db][ad][fc][dd][fb][cd])
(;C[problem 539]PL[B]AB[ac][dc][cc][eb][ca][ec][bc]AW[fd][ed][ab][bd][da][ad][fc][dd][fb][fa][cd])
(;C[problem 540]PL[B]AB[ac][dc][cc][eb][ec][bc]AW[fd][ba][ed][aa][bd][db][ad][fc][dd][fb][fa][cd])
(;C[problem 541]PL[B]AB[ac][dc][bc][cc][ca][fb][fa][ec][eb]AW[bb][ed][bd][db][gb][ad][ga][cb][fc][dd][gd][cd])
(;C[problem 542]PL[B]AB[ea][ac][ab][dc][cc][eb][ec][bc]AW[fd][bb][ed][bd][ad][cb][fc][dd][fb][fa][cd])
(;C[problem 543]PL[B]AB[ea][ac][ab][dc][cc][eb][ec][bc]AW[fd][bb][hb][ba][ed][aa][bd][gc][ad][cb][dd][fb][cd])
(;C[problem 544]PL[B]AB[ea][ac][ab][dc][cc][eb][ec][bc]AW[fd][ba][ed][bd][ad][cb][fc][dd][fb][fa][cd])
(;C[problem 545]PL[B]AB[ea][ac][dc][aa][cc][eb][ec][bc]AW[fd][bb][bd][db][da][ad][de][cb][fc][fb][fa][ff][cd])
(;C[problem 546]PL[B]AB[ea][ac][dc][aa][cc][eb][ec][bc]AW[fd][bb][ed][bd][db][ad][fc][ca][dd][fb][fa][cd])
(;C[problem 547]PL[B]AB[ea][ac][dc][cc][eb][ec][bc]AW[fd][bb][ed][bd][ad][fc][dd][fb][fa][cd])
(;C[problem 548]PL[B]AB[ea][ac][dc][aa][cc][eb][ec][bc]AW[fd][bb][ba][ed][be][bd][db][cb][fc][dd][fb][fa])
(;C[problem 549]PL[B]AB[fd][bb][ed][bd][ad][cb][fc][dd][fb][fa][cd]AW[ea][ac][ab][dc][da][bc][cc][ec][eb])
(;C[problem 550]PL[B]AB[ea][ac][ab][dc][da][bc][cc][ec][eb]AW[fd][bb][ed][bd][ad][cb][fc][dd][fb][fa][cd])
(;C[problem 551]PL[B]AB[ea][ba][ac][dc][cc][eb][ec][bc]AW[fd][bb][ed][bd][ad][cb][fc][dd][fb][fa][cd])
(;C[problem 552]PL[B]AB[hc][fd][ed][ab][bd][gb][cb][fc][dd][cd]AW[bb][dc][cc][eb][fb][ec][bc])
(;C[problem 553]PL[B]AB[ed][bd][gc][gb][fc][dd][ib][cd][bc]AW[ea][bb][dc][cc][fb][ec])
(;C[problem 554]PL[B]AB[ed][bd][gc][gb][ga][fc][dd][ib][cd][bc]AW[ea][bb][ac][dc][aa][cc][cb][fb][ec])
(;C[problem 555]PL[B]AB[bb][ba][dc][cc][cb][fb][fa][ec]AW[ed][ab][bd][gc][gb][ga][fc][dd][cd][bc])
(;C[problem 556]PL[B]AB[bb][ba][dc][cc][fb][fa][ec]AW[ed][ab][bd][db][gc][gb][fc][dd][cd][bc])
(;C[problem 557]PL[B]AB[bb][ba][dc][cc][fb][ec]AW[ed][ab][bd][gc][gb][fc][dd][cd][bc])
(;C[problem 558]PL[B]AB[ed][ab][bd][gc][gb][fc][dd][ic][cd][bc]AW[ea][bb][ba][dc][cc][ga][fb][ec])
(;C[problem 559]PL[B]AB[ed][ab][bd][db][gc][fc][dd][ic][cd][bc]AW[bb][ba][dc][cc][fb][ec][eb])
(;C[problem 560]PL[B]AB[ed][ab][bd][db][gc][fc][dd][ic][cd][bc]AW[bb][ba][dc][cc][cb][fb][ec])
(;C[problem 561]PL[B]AB[bb][ba][dc][cc][fb][ec]AW[fd][ed][ab][bd][gc][gb][ga][dd][cd][bc])
(;C[problem 562]PL[B]AB[bb][dc][db][cc][fb][fa][ec]AW[ba][ed][bd][gc][da][gb][fc][dd][cd][bc])
(;C[problem 563]PL[B]AB[ba][ed][bd][gc][da][gb][fc][dd][cd][fe][bc]AW[bb][ac][dc][cc][cb][ca][fb][fa][ec])
(;C[problem 564]PL[B]AB[bf][ed][bd][gc][gb][df][cb][fc][dd][ce][bc]AW[bb][be][dc][db][cc][fb][fa][ec][cd])
(;C[problem 565]PL[B]AB[ba][bf][ed][bd][gc][gb][df][cb][fc][dd][ce][bc]AW[bb][be][ab][dc][db][cc][fb][fa][ec][cd])
(;C[problem 566]PL[B]AB[ed][bd][gb][ga][cb][fc][dd][gd][cd][bc]AW[bb][ba][ac][dc][cc][ca][fb][ec][eb])
(;C[problem 567]PL[B]AB[bb][ac][dc][aa][cc][ga][fb][ec]AW[fd][hb][ed][be][bd][gb][cb][fc][dd][cd][bc])
(;C[problem 568]PL[B]AB[bb][ba][dc][cc][cb][fb][fa][ec]AW[fd][ed][ab][be][gb][ga][fc][dd][cd][bc])
(;C[problem 569]PL[B]AB[fd][ed][be][gc][ad][de][fb][ce][cd][eb]AW[bb][dc][bd][db][cc][dd][ec][bc])
(;C[problem 570]PL[B]AB[bb][be][dc][ad][de][fc][dd][ce][eb]AW[ba][bd][db][da][cc][cb][cd])
(;C[problem 571]PL[B]AB[ea][be][dc][de][fc][dd][ce][eb]AW[ba][db][da][cc][cb][cd])
(;C[problem 572]PL[B]AB[be][dc][ce][de][fc][fb][fa][ec]AW[ea][db][cc][cb][cd][eb])
(;C[problem 573]PL[B]AB[ab][dc][bd][cc][ad][ec][bc]AW[fd][bb][ba][ed][be][ae][cf][cb][fc][dd][fb][cd])
(;C[problem 574]PL[B]AB[bb][ba][ed][be][gc][ae][fb][ce][ec][cd]AW[ab][dc][bd][cc][eb][ad][bc])
(;C[problem 575]PL[B]AB[ea][bb][fd][ed][be][ae][cf][fc][dd][fb][fa][cd]AW[dc][aa][bd][da][cc][eb][ad][ec][bc])
(;C[problem 576]PL[B]AB[bb][ab][dc][cc][ec][bc]AW[fd][ac][ed][bd][ad][fc][dd][fb][fa][cd])
(;C[problem 577]PL[B]AB[ac][ab][dc][cc][ec][bc]AW[fd][bb][ed][bd][gc][ad][cb][dd][fb][fa][cd])
(;C[problem 578]PL[B]AB[fd][ac][bd][df][ad][fc][dd][fb][fa][cd]AW[ea][ab][dc][cc][ec][bc])
(;C[problem 579]PL[B]AB[ac][dc][cc][ca][ec][bc]AW[fd][ba][ed][be][aa][fc][dd][fb][fa][cd])
(;C[problem 580]PL[B]AB[bb][ba][ac][dc][cc][ec][bc]AW[ea][fd][ed][bd][gb][ad][ga][cb][fc][ca][dd][cd])
(;C[problem 581]PL[B]AB[fd][ed][ab][be][da][ae][cf][fc][dd][fb][cd]AW[dc][bd][cc][ad][ca][ec][bc])
(;C[problem 582]PL[B]AB[fd][ac][ed][bd][gc][gb][ad][ca][dd][cd]AW[ba][ab][dc][cc][fc][ec][bc])
(;C[problem 583]PL[B]AB[hc][fd][hb][bf][ed][bd][da][gb][gd][cb][dd][cd]AW[ba][dc][gc][cc][fc][ca][ec][bc])
(;C[problem 584]PL[B]AB[ea][fd][bf][ed][bd][gc][gb][gd][cb][dd][fa][cd]AW[ba][dc][da][cc][eb][fc][ec][bc])
(;C[problem 585]PL[B]AB[bb][ba][dc][cc][cb][fc][fa][ec]AW[hc][fd][ha][ed][ab][bd][db][gc][da][ca][dd][cd][bc])
(;C[problem 586]PL[B]AB[ab][dc][cc][fc][fb][ec][bc]AW[fd][ac][ed][bd][gc][gb][ad][gd][dd][fa][cd][eb])
(;C[problem 587]PL[B]AB[ed][ab][bd][gc][gb][ad][ga][fc][ca][dd][cd]AW[ac][dc][da][cc][fb][fa][ec][bc])
(;C[problem 588]PL[B]AB[fd][bf][ed][bd][gc][gb][gd][dd][cd]AW[ab][dc][aa][cc][cb][fc][ca][ec][bc])
(;C[problem 589]PL[B]AB[bf][ed][da][cf][fc][dd][fb][cd]AW[be][dc][bd][cc][cb][ec][bc])
(;C[problem 590]PL[B]AB[bb][ab][dc][bd][db][cd]AW[ed][be][da][gb][ad][dd][ce][ec][eb])
(;C[problem 591]PL[B]AB[ea][be][ae][ad][de][ca][dd][ce][ec][eb]AW[ba][ac][ab][dc][bd][db][cc][cd])
(;C[problem 592]PL[B]AB[ac][bd][db][da][ad][cb][cd]AW[ea][bb][ed][be][ae][de][ca][ce][ec][eb])
(;C[problem 593]PL[B]AB[ba][dc][bd][db][da][cd][bc]AW[ea][be][ab][ae][ad][de][dd][ce][ec][eb])
(;C[problem 594]PL[B]AB[ea][be][ab][da][ae][de][dd][ce][ec][eb]AW[bb][ba][dc][aa][bd][db][ad][cd])
(;C[problem 595]PL[B]AB[ba][dc][bd][db][da][ad][cd]AW[ea][bb][be][ae][de][dd][ce][ec][eb])
(;C[problem 596]PL[B]AB[ba][dc][bd][db][da][ad][cd]AW[ed][be][ae][cc][df][cb][dd][fb][ce][eb])
(;C[problem 597]PL[B]AB[ab][dc][bd][db][da][ad][cd]AW[ba][be][ae][cc][de][ca][dd][ce][ec][eb])
(;C[problem 598]PL[B]AB[bb][dc][bd][db][ad][cd][bc]AW[ea][be][ab][ae][de][cb][dd][ce][ec][eb])
(;C[problem 599]PL[B]AB[bb][dc][bd][db][ad][cb][cd]AW[ba][ed][ab][be][ae][eb][de][dd][ce][ec][bc])
(;C[problem 600]PL[B]AB[bb][ba][dc][bd][db][ad][cd]AW[ea][ed][ab][be][da][ae][dd][ce][ec][eb])
(;C[problem 601]PL[B]AB[dc][bd][db][ad][cd][bc]AW[ba][ed][ab][be][ae][gb][de][ce][ec][eb])
(;C[problem 602]PL[B]AB[dc][bd][db][cc][ca][cd]AW[ac][be][da][ae][gb][de][dd][ce][ec][eb])
(;C[problem 603]PL[B]AB[ac][dc][bd][db][da][cd][bc]AW[ea][be][ae][ad][de][cb][dd][ce][ec][eb])
(;C[problem 604]PL[B]AB[ac][dc][bd][db][ad][cb][cd]AW[ea][bb][be][cc][de][dd][ce][ec][eb])
(;C[problem 605]PL[B]AB[ed][be][da][ae][gb][dd][ce][ec][eb]AW[ea][ac][dc][bd][db][ad][cb][cd])
(;C[problem 606]PL[B]AB[ea][be][ae][cc][de][dd][ce][ec][eb]AW[ba][ab][dc][bd][db][da][ad][cd])
(;C[problem 607]PL[B]AB[bb][ba][dc][bd][gb][dd][fb][ec][cd][bc]AW[hc][fd][hb][ee][ac][be][ab][gc][cc][ad][ga][cb][fc][ca][de][ce])
(;C[problem 608]PL[B]AB[dc][bd][db][cd]AW[be][de][dd][ce][ec][eb])
(;C[problem 609]PL[B]AB[ea][bb][be][ae][de][dd][ce][ec][eb]AW[dc][bd][db][da][cb][cd][bc])
(;C[problem 610]PL[B]AB[ea][ac][dc][bd][db][eb][cd][bc]AW[ba][be][ce][da][ae][ad][de][fc][dd][fb][fa][ec])
(;C[problem 611]PL[B]AB[ea][bb][dc][bd][db][cd][eb]AW[fd][be][ce][ae][ad][de][ca][dd][fb][fa][ec])
(;C[problem 612]PL[B]AB[ea][dc][bd][db][ad][cd][eb]AW[ba][ac][be][ce][ae][de][fc][dd][fb][fa][ec])
(;C[problem 613]PL[B]AB[bb][ab][dc][bd][db][da][dd][cd]AW[ea][ac][ed][be][eb][ad][de][ce][ec][bc])
(;C[problem 614]PL[B]AB[ea][ac][ed][be][eb][ad][de][ce][ec][bc]AW[bb][ab][dc][bd][db][da][dd][cd])
(;C[problem 615]PL[B]AB[ea][ee][ed][be][da][ae][de][cb][ce][ec][eb]AW[bb][ba][dc][bd][db][ad][dd][cd])
(;C[problem 616]PL[B]AB[ea][ee][ed][be][da][de][ce][ec][eb]AW[bb][dc][bd][db][ad][dd][cd])
(;C[problem 617]PL[B]AB[ea][bb][ed][bd][ca][dd][ec][cd][eb]AW[fd][ee][be][ce][cc][ad][de][fc][fb][fa][fe][bc])
(;C[problem 618]PL[B]AB[ab][dc][bd][db][cc][ad][cd]AW[ac][ed][be][da][ae][de][cb][ce][ec][eb])
(;C[problem 619]PL[B]AB[bb][ac][ed][bd][eb][dd][ec][cd][bc]AW[ea][fd][ee][be][ab][dc][db][ae][cc][ad][de][fc][fb][ce][fe])
(;C[problem 620]PL[B]AB[ee][ed][be][ce][da][ae][cc][de][cb][fb][fa][ec]AW[ea][bb][dc][bd][db][dd][cd][eb])
(;C[problem 621]PL[B]AB[ba][dc][bd][db][ad][dd][cd]AW[ea][ee][ed][be][aa][da][ae][eb][de][ce][ec][bc])
(;C[problem 622]PL[B]AB[dc][bd][db][da][cc][ad][bc]AW[ea][ba][ed][ab][be][ae][ca][dd][ec][cd][eb])
(;C[problem 623]PL[B]AB[ac][dc][bd][db][da][dd][cd][bc]AW[ea][ee][ed][ab][be][ae][ad][de][cb][ce][ec][eb])
(;C[problem 624]PL[B]AB[ee][ac][ed][be][ae][eb][de][ce][ec][bc]AW[dc][bd][db][da][ad][dd][cd])
(;C[problem 625]PL[B]AB[ba][dc][bd][db][da][ad][dd][cd]AW[ea][ee][ac][be][aa][ae][bc][de][cb][ce][ec][eb])
(;C[problem 626]PL[B]AB[dc][bd][db][da][cc][ad][cd]AW[ea][ba][be][aa][bc][de][cb][dd][ce][ec][eb])
(;C[problem 627]PL[B]AB[ea][bb][ac][ed][da][cc][dd][ec][cd][eb]AW[fd][ee][be][bd][ce][ad][de][cb][fc][fb][fa][fe][bc])
(;C[problem 628]PL[B]AB[bb][ed][bd][cb][dd][ec][cd][eb]AW[fd][ba][ee][be][ab][ad][de][fc][fb][ce][fe])
(;C[problem 629]PL[B]AB[ab][dc][bd][db][cc][ad][cd]AW[ea][ee][be][da][ae][eb][dd][ce][ec][bc])
(;C[problem 630]PL[B]AB[ea][bb][ed][cb][dd][ec][cd][eb]AW[fd][ee][bd][ce][de][fc][ca][fb][fa][fe][bc])
(;C[problem 631]PL[B]AB[ee][ac][ed][be][db][ae][de][ca][ce][ec][eb]AW[bb][ba][dc][bd][ad][cb][dd][cd])
(;C[problem 632]PL[B]AB[ea][ee][ac][ed][be][da][ae][eb][de][ce][ec][bc]AW[ab][dc][bd][db][ad][cb][dd][cd])
(;C[problem 633]PL[B]AB[bb][ee][ed][ab][be][gc][ae][ad][de][cb][fb][ce][ec]AW[ea][ac][dc][aa][bd][db][bc][ca][dd][cd][eb])
(;C[problem 634]PL[B]AB[ea][ee][ed][be][ae][ad][de][cb][ce][ec][eb]AW[bb][ac][dc][aa][bd][db][dd][cd])
(;C[problem 635]PL[B]AB[bb][ac][dc][bd][db][da][dd][cd][bc]AW[ea][ba][ee][ed][be][ae][ad][de][cb][ca][ce][ec][eb])
(;C[problem 636]PL[B]AB[ea][ba][ee][ed][be][ae][ad][de][cb][ce][ec][eb]AW[ac][dc][bd][db][da][ca][dd][cd][bc])
(;C[problem 637]PL[B]AB[dc][bd][db][da][ad][dd][cd]AW[ea][ba][ee][ed][be][ae][cc][eb][de][ce][ec][bc])
(;C[problem 638]PL[B]AB[dc][aa][bd][db][da][ad][dd][cd]AW[ee][ac][ed][be][cc][eb][de][cb][fb][ce][bc])
(;C[problem 639]PL[B]AB[ba][dc][aa][bd][db][ad][dd][cd]AW[bb][ee][ed][be][cc][de][cb][fb][ce][eb])
(;C[problem 640]PL[B]AB[ba][dc][aa][bd][db][ad][dd][cd]AW[ee][ed][be][cc][eb][de][cb][fb][ce][bc])
(;C[problem 641]PL[B]AB[ac][dc][bd][db][ad][dd][cd]AW[bb][ee][ed][ab][be][ae][cc][eb][de][fb][ce][bc])
(;C[problem 642]PL[B]AB[ab][dc][aa][bd][db][da][ad][dd][cd]AW[ea][bb][ba][ed][be][ae][de][cb][ca][ce][ec][eb])
(;C[problem 643]PL[B]AB[ea][ed][be][ae][de][dd][ce][ec][eb]AW[dc][bd][db][da][cc][ad][cd])
(;C[problem 644]PL[B]AB[bb][ab][dc][bd][db][da][dd][cd]AW[ba][ee][ac][ed][be][eb][ad][de][ce][ec][bc])
(;C[problem 645]PL[B]AB[ab][dc][bd][db][dd][cd][bc]AW[bb][bg][ee][ed][be][gb][ad][de][cb][ce][ec][eb])
(;C[problem 646]PL[B]AB[dc][bd][db][dd][cd]AW[bg][ee][ed][be][gb][de][ce][ec][eb])
(;C[problem 647]PL[B]AB[bb][bg][ee][ed][be][gb][ad][de][cb][ce][ec][eb]AW[ab][dc][bd][db][da][dd][cd][bc])
(;C[problem 648]PL[B]AB[ea][dc][bd][db][eb][dd][cd][bc]AW[ee][ac][ed][ab][be][ce][ad][de][fb][fa][ec])
(;C[problem 649]PL[B]AB[ba][dc][db][da][cc]AW[ea][ed][bd][ad][dd][ec][cd][eb])
(;C[problem 650]PL[B]AB[ea][ba][ac][ed][be][db][ae][de][ce][ec][eb]AW[bb][dc][bd][da][ad][cb][ca][dd][cd])
(;C[problem 651]PL[B]AB[ea][ee][ed][be][bd][ad][de][ce][ec][eb]AW[ac][dc][db][da][ca][dd][cd][bc])
(;C[problem 652]PL[B]AB[ba][ee][ed][be][bd][da][gb][de][cb][ce][ec][eb]AW[ea][bb][dc][db][cc][dd][cd][bc])
(;C[problem 653]PL[B]AB[hb][bg][ee][ed][ab][be][de][cb][fc][fb][ce]AW[ba][dc][bd][db][ae][dd][ec][cd])
(;C[problem 654]PL[B]AB[ed][ab][dc][be][ae][ad][de][cb][fc][fb][ce][fe]AW[bb][ac][bd][db][eb][dd][ec][cd][bc])
(;C[problem 655]PL[B]AB[ea][ee][ed][be][dc][ce][ae][ad][de][fc][fb][fa]AW[ac][ab][bd][db][da][cb][dd][cd][eb])
(;C[problem 656]PL[B]AB[bb][ac][bd][eb][dd][ec][cd][bc]AW[fd][ed][be][dc][db][ae][ad][de][fc][ce])
(;C[problem 657]PL[B]AB[bb][be][dc][db][de][dd][cd]AW[ef][ee][ed][bd][gb][eb][df][cf][ce][ec][bc])
(;C[problem 658]PL[B]AB[bb][ac][be][dc][db][cc][de][dd][cd]AW[ef][ee][bf][ed][bd][da][gb][eb][df][cf][ce][ec][bc])
(;C[problem 659]PL[B]AB[bb][ac][dc][db][cc][de][dd][cd]AW[ef][ee][bf][ed][bd][ae][gb][eb][df][cf][ce][ec][bc])
(;C[problem 660]PL[B]AB[hc][bb][ec][dc][gc][cc][fc][ic][ib][bc]AW[hb][db][gb][cb][ca][fb][eb])
(;C[problem 661]PL[B]AB[hb][db][gb][cb][ca][fb][eb]AW[hc][bb][kc][ec][dc][gc][cc][fc][ic][ib][bc])
(;C[problem 662]PL[B]AB[hc][bb][kc][dc][jb][gc][cc][fc][ic][ec][bc]AW[hb][db][gb][cb][ca][fb][eb])
(;C[problem 663]PL[B]AB[hb][db][gb][cb][fb][ib][eb]AW[hc][bb][dc][jc][jb][gc][cc][fc][ic][ec][lc][bc])
(;C[problem 664]PL[B]AB[hc][bb][dc][jc][jb][gc][cc][fc][ic][ec][lc][bc]AW[hb][db][gb][cb][fb][ib][eb])
(;C[problem 665]PL[B]AB[hc][bb][kb][dc][jb][gc][cc][fc][ic][ec][ia][bc]AW[hb][db][ja][gb][cb][ca][fb][ib][eb])
(;C[problem 666]PL[B]AB[hb][db][jb][gb][cb][fb][ib][eb]AW[hc][bb][kc][kb][dc][jc][gc][mc][cc][fc][ca][ic][ec][bc])
(;C[problem 667]PL[B]AB[hc][bb][kb][dc][jc][hd][cc][fc][ca][jd][fa][ec][lc][bc]AW[hb][db][jb][da][gb][cb][fb][ic][ib][eb])
(;C[problem 668]PL[B]AB[id][dc][jc][hd][jb][gc][ja][cc][cb][fc][fa][ec]AW[hc][db][da][gb][ga][fb][ib][ia][eb])
(;C[problem 669]PL[B]AB[dc][jc][hd][jb][ja][cc][ga][cb][fc][gd][ic][ec]AW[hb][db][gc][da][gb][fb][ib][ia][eb])
(;C[problem 670]PL[B]AB[hb][db][gb][fc][ec][eb]AW[hc][fd][ed][dc][gc][cc][cb][ic][ib])
(;C[problem 671]PL[B]AB[hc][hb][db][gc][fb][eb]AW[fd][kb][ec][dc][hd][cc][gd][cb][ic][ib])
(;C[problem 672]PL[B]AB[hc][hb][db][gc][fb][ib][eb]AW[dc][jc][hd][jb][cc][gd][cb][fc][ic][ec])
(;C[problem 673]PL[B]AB[hc][fd][ed][cc][gd][cb][dd][ic][ib][cd]AW[hb][ha][dc][db][gc][gb][fc][ec])
(;C[problem 674]PL[B]AB[hc][fd][ed][cc][gd][cb][dd][ic][ib][cd]AW[hb][dc][db][gc][da][gb][fc][ec])
(;C[problem 675]PL[B]AB[hc][fd][ed][cc][gd][cb][dd][ic][ib][cd]AW[hb][dc][db][gc][gb][fc][fa][ec])
(;C[problem 676]PL[B]AB[hc][fd][bb][ed][cc][gd][dd][ic][ib][bc]AW[hb][dc][db][gc][gb][cb][fc][ec])
(;C[problem 677]PL[B]AB[hc][hb][ha][db][gc][fc][eb]AW[fd][id][ec][dc][hd][cc][gd][cb][ic][ib][ia])
(;C[problem 678]PL[B]AB[dc][jc][hd][jb][cc][gd][cb][fc][ic][ec]AW[hc][hb][db][gc][fb][ib][eb])
(;C[problem 679]PL[B]AB[hb][db][gc][da][fc][ib][eb]AW[hc][fd][kb][dc][jb][cc][gd][cb][ic][ec])
(;C[problem 680]PL[B]AB[hb][db][gc][fc][ib][ia][eb]AW[fd][kb][dc][hd][jb][cc][gd][cb][jd][ic][ec])
(;C[problem 681]PL[B]AB[hb][db][gc][da][fc][ib][ia][eb]AW[hc][fd][dc][jc][jb][cc][gd][cb][ic][fa][ec])
(;C[problem 682]PL[B]AB[fd][dc][jc][hd][jb][cc][gd][cb][ec]AW[hb][db][gc][fc][ib][eb])
(;C[problem 683]PL[B]AB[dc][gb][ga][cb][ca][fb][ec]AW[hc][bb][hb][ba][ed][gc][cc][fc][dd][fa][cd])
(;C[problem 684]PL[B]AB[ba][dc][gb][ga][cb][fb][ec]AW[hc][fd][bb][hb][ed][jb][cc][fc][dd][fa][bc])
(;C[problem 685]PL[B]AB[hc][fd][bb][hb][ba][ed][gc][cc][fc][dd][cd][bc]AW[ea][dc][da][gb][ga][cb][fb][ec])
(;C[problem 686]PL[B]AB[hb][ha][dc][gc][da][cb][fc][fb][ec]AW[hc][fd][bb][ba][ed][db][cc][gd][dd][ic][ib][cd][ia])
(;C[problem 687]PL[B]AB[hc][bb][ed][bd][gc][fc][ca][dd][ic][fa][ib][cd][ia][bc]AW[ea][hb][ha][dc][da][gb][cc][cb][fb][ec])
(;C[problem 688]PL[B]AB[bb][hb][ed][dc][da][gb][cb][fc][ec][eb]AW[hc][fd][ba][ee][ac][ab][ce][cc][gd][dd][ic][fa][ib][bc])
(;C[problem 689]PL[B]AB[hc][hb][ba][ha][db][gc][ga][cb][fc][ec]AW[fd][bb][id][ed][dc][hd][cc][eb][gd][ic][ib][ia][bc])
(;C[problem 690]PL[B]AB[fd][bb][ba][id][dc][jc][hd][jb][cc][gd][fa][ec][ia][bc]AW[hc][hb][db][gc][ga][cb][fc][ca][eb])
(;C[problem 691]PL[B]AB[fd][bb][ba][id][ec][dc][hd][cc][gd][ic][fa][ib][bc]AW[hc][db][gc][ga][cb][fc][ca][fb][eb])
(;C[problem 692]PL[B]AB[fd][bb][ba][id][ec][dc][hd][cc][gd][ic][fa][ib][bc]AW[hc][hb][db][gc][ga][cb][fc][ca][eb])
(;C[problem 693]PL[B]AB[bb][kc][ee][ed][hd][jb][da][ge][de][fc][ic][cd][fe][bc]AW[fd][dc][gc][gd][cb][ca][ec][eb])
(;C[problem 694]PL[B]AB[bb][kc][ee][ed][hd][jb][ge][de][ca][ic][ec][cd][fe][bc]AW[fd][hb][dc][gc][da][cb][fb][eb])
(;C[problem 695]PL[B]AB[bb][kc][ee][ed][hd][jb][ge][de][ic][cd][fe][bc]AW[fd][dc][gc][da][cb][eb])
(;C[problem 696]PL[B]AB[fd][id][ed][jc][hd][jb][da][cc][gd][cb][fc][dd]AW[hc][hb][ec][db][gc][ga][fb][ib])
(;C[problem 697]PL[B]AB[ee][he][dc][jc][jb][cc][gd][cb][dd][jd][fb][lb][fe]AW[hc][ea][fd][ed][ec][db][gb][fc][ca][ic][ib])
(;C[problem 698]PL[B]AB[hb][db][gc][ga][fc][ec]AW[hc][fd][ed][dc][cc][gd][cb][dd][ic][ib])
(;C[problem 699]PL[B]AB[hc][fd][kc][ha][ed][dc][jb][cc][gd][ic][fa]AW[hb][ec][db][gc][gb][ga][fc][ib])
(;C[problem 700]PL[B]AB[hb][ha][db][gc][da][fc][ec]AW[hc][fd][kc][ed][dc][cc][gd][cb][ic][fa][ib])
(;C[problem 701]PL[B]AB[hb][db][gc][da][fc][ec][eb]AW[hc][fd][ed][dc][cc][gd][cb][ca][fb][ic][ib][ia])
(;C[problem 702]PL[B]AB[hb][ha][db][gc][da][fc][ec]AW[hc][fd][kc][ed][dc][cc][gd][cb][fb][ic][ib])
(;C[problem 703]PL[B]AB[hb][ha][db][gc][da][fc][ec]AW[hc][fd][ed][dc][cc][gd][cb][ic][ib][ia])
(;C[problem 704]PL[B]AB[id][ee][he][dc][ge][cb][ca][dd][ic][ib][fe][ia][eb]AW[hc][ea][fd][hb][ha][da][gb][gd][fb][ec])
(;C[problem 705]PL[B]AB[hc][hb][ef][ha][he][dc][hd][gc][de][cb][gf][dd][ff]AW[ea][ee][ed][db][ge][gb][gd][fc][fa][ec][fe])
(;C[problem 706]PL[B]AB[bb][hb][ee][gc][gb][cc][gd][de][fb][ce][fe][bc]AW[fd][ba][ed][dc][cb][fc][dd][fa][eb])
(;C[problem 707]PL[B]AB[hb][ha][gc][ga][fc][fb][ec]AW[hc][fd][ed][dc][gd][cb][dd][ic][ib][ia])
(;C[problem 708]PL[B]AB[hc][ed][he][dc][cc][gd][cb][de][ca][ic][ib][ia]AW[hb][ha][db][gc][da][fc][fb][ec])
(;C[problem 709]PL[B]AB[bb][dc][db][gc][cc][fc][fb][ec]AW[hc][fd][hb][ed][bd][bc][gb][gd][ca][dd][fa][cd][eb])
(;C[problem 710]PL[B]AB[bb][ba][dc][cc][gb][fc][fa][ec]AW[hc][fd][hb][ha][ed][ab][bd][gc][cb][dd][cd][bc])
(;C[problem 711]PL[B]AB[bb][dc][db][cc][fc][fb][fa][ec]AW[fd][ed][ab][bd][gc][da][gb][ga][cb][gd][dd][cd][bc])
(;C[problem 712]PL[B]AB[ed][bd][gc][gb][ga][fc][ca][dd][cd][bc]AW[bb][ba][dc][da][cc][fb][fa][ec])
(;C[problem 713]PL[B]AB[fd][ed][bd][gc][da][gb][ga][gd][dd][cd][bc]AW[bb][ba][dc][cc][fc][fb][fa][ec])
(;C[problem 714]PL[B]AB[bb][dc][cc][fc][fb][fa][ec]AW[fd][ed][bd][gc][da][gb][ga][gd][dd][cd][bc])
(;C[problem 715]PL[B]AB[fd][bd][gc][gb][ga][gd][dd][cd][bc]AW[ea][bb][ba][dc][cc][fc][fb][fa])
(;C[problem 716]PL[B]AB[bb][ac][dc][aa][cc][fc][fb][fa][ec]AW[fd][ed][bd][db][gc][da][gb][ga][gd][cf][cd][bc])
(;C[problem 717]PL[B]AB[bb][dc][cc][fc][fb][fa][ec]AW[fd][ed][ab][be][gc][gb][gd][dd][cd][bc])
(;C[problem 718]PL[B]AB[bb][ba][dc][cc][fc][fb][fa][ec]AW[fd][be][ab][db][gc][gb][ga][gd][dd][cd][bc])
(;C[problem 719]PL[B]AB[fd][ed][dc][hd][cc][gd][cb][ic][ib][ia]AW[hc][hb][ha][db][gc][da][fc][ec])
(;C[problem 720]PL[B]AB[bb][dc][gb][cc][ga][fc][fb][ec][bc]AW[hc][fd][hb][ac][ed][ab][bd][db][gc][ca][dd][cd])
(;C[problem 721]PL[B]AB[bb][dc][cc][fc][fb][fa][ec][bc]AW[fd][ac][ed][ab][bd][gc][gb][ga][cb][gd][ca][dd][cd])
(;C[problem 722]PL[B]AB[hb][dc][db][gc][da][fc][fa][ec][ia]AW[hc][ea][fd][id][ed][jb][ja][cc][gd][cb][ca][dd][ib][cd])
(;C[problem 723]PL[B]AB[hb][ha][dc][gc][gb][cb][fc][ca][ec]AW[hc][fd][bb][ba][id][ed][cc][ga][gd][dd][fa][ib][cd][ia])
(;C[problem 724]PL[B]AB[fd][ba][ed][dc][gc][gb][cc][cb][fb][ec]AW[hc][bb][hb][ha][ee][bd][da][ge][ga][gd][dd][cd][fe][bc])
(;C[problem 725]PL[B]AB[bb][ba][dc][dd][fb][ec][cd][bc]AW[ac][ed][ab][be][bd][gc][gb][ga][de][fc][ce][fe])
(;C[problem 726]PL[B]AB[hc][fd][ed][dc][hd][db][gb][ga][gd]AW[ie][hb][id][ee][he][ge][cc][de][cb][dd][fb][ic][ib][fe])
(;C[problem 727]PL[B]AB[hb][ha][dc][db][gc][da][fc][ec]AW[hc][fd][ed][cc][gd][cb][ca][dd][ic][ib][ia][eb])
(;C[problem 728]PL[B]AB[hb][ha][dc][db][gc][da][fc][ec]AW[hc][fd][ed][cc][gd][cb][ca][dd][ic][fa][ib])
(;C[problem 729]PL[B]AB[fd][bb][id][kb][ed][hd][cc][gd][cb][dd][ic][ib][cd]AW[hc][hb][dc][db][gc][fc][ca][ec][ia])
(;C[problem 730]PL[B]AB[fd][id][kb][ed][hd][cc][gd][cb][ca][dd][ic][fa][ib][cd]AW[hc][hb][ha][dc][db][gc][da][fc][ec])
(;C[problem 731]PL[B]AB[fd][id][kb][ed][hd][cc][gd][cb][ca][dd][fb][ic][ib][cd]AW[hc][hb][ha][dc][db][gc][da][fc][ec])
(;C[problem 732]PL[B]AB[hc][hb][ha][dc][gc][da][fc][ec]AW[fd][id][ed][hd][cc][gd][cb][ca][dd][ic][ib][cd][ia])
(;C[problem 733]PL[B]AB[hc][hb][ha][dc][db][gc][da][fc][ec]AW[fd][id][ed][hd][cc][gd][cb][ca][dd][fb][ic][ib][cd][ia])
(;C[problem 734]PL[B]AB[bb][ba][dc][cc][fc][fb][fa][ec][bc]AW[ea][fd][ac][ed][ab][bd][gc][da][gb][ga][gd][dd][cd])
(;C[problem 735]PL[B]AB[hc][fd][bb][kc][ed][eb][gd][dd][ic][fa][ib][cd][bc]AW[ea][hb][dc][gc][da][gb][cb][fc][ca][ec])
(;C[problem 736]PL[B]AB[hb][ha][dc][gc][gb][cc][cb][fc][ca][ec]AW[hc][ea][bb][fd][ba][ed][bc][gd][dd][ic][ib][cd][ia][eb])
(;C[problem 737]PL[B]AB[hb][dc][gb][cc][cb][fc][ca][fb][ec]AW[hc][fd][bb][ha][kb][ed][bc][gd][dd][ic][ib][cd][eb])
(;C[problem 738]PL[B]AB[hb][dc][gb][cc][cb][fc][ca][fb][ec]AW[hc][ea][bb][fd][kb][ed][bc][gd][dd][ic][ib][cd][eb])
(;C[problem 739]PL[B]AB[dc][gb][cc][ga][ca][fb][ec][eb]AW[hc][fd][bb][hb][ba][ha][ed][gc][dd][cd][bc])
(;C[problem 740]PL[B]AB[hb][ec][dc][db][gc][da][gb][fc][ib]AW[hc][ea][fd][ha][ed][jc][jb][ja][cc][gd][cb][ca][dd][fb][ic])
(;C[problem 741]PL[B]AB[hc][ea][ha][db][gc][fc][ib][ec]AW[fd][ed][dc][jc][hd][jb][ja][gd][cb][ca][dd][ic])
(;C[problem 742]PL[B]AB[hc][fd][bb][ba][ed][jc][bd][jb][gb][cc][ga][gd][dd][ic]AW[hb][ec][dc][gc][da][cb][fc][ca][fb][ib][eb])
(;C[problem 743]PL[B]AB[fd][ed][bd][gc][gb][ad][ga][gd][dd][cd][eb]AW[ac][ab][dc][cc][fc][fb][fa][ec])
(;C[problem 744]PL[B]AB[fd][ba][ac][ed][ab][bd][gc][gb][dd][cd]AW[bb][dc][da][cc][fb][fa][ec][bc])
(;C[problem 745]PL[B]AB[hc][fd][hb][ed][dc][gc][fc][dd][eb]AW[fe][id][ee][hd][db][cc][ga][cb][gd][de][ic][ib][cd][ia])
(;C[problem 746]PL[B]AB[hc][fd][hb][ha][ed][bd][gc][cb][ca][dd][cd][bc]AW[bb][dc][da][gb][cc][ga][fc][ec][eb])
(;C[problem 747]PL[B]AB[fd][ee][be][ab][gc][da][gb][ga][gd][de][cd][bc]AW[bb][ed][db][cc][cb][fc][dd][fb][fa])
(;C[problem 748]PL[B]AB[hc][fd][hb][ha][ee][be][ab][hd][ga][gd][de][cd][bc]AW[bb][ed][gc][cc][gb][cb][fc][fa][ec])
(;C[problem 749]PL[B]AB[hc][fd][ef][bf][ab][bd][db][gb][df][fc][ce][fe][bc]AW[bb][ba][ee][ed][cc][de][fb][ec][cd][eb])
(;C[problem 750]PL[B]AB[dc][gb][ga][fc][fa][ec][eb]AW[fd][bb][hb][ha][ed][gc][cc][gd][dd][cd])
(;C[problem 751]PL[B]AB[dc][db][gb][cb][fc][ca][ec]AW[hc][fd][bb][hb][ba][ha][ed][gc][cc][dd][cd][eb])
(;C[problem 752]PL[B]AB[hc][ea][bb][hb][ba][ha][fd][ed][cc][gd][dd][bc]AW[dc][db][gb][cb][fc][ca][fa][ec][eb])
(;C[problem 753]PL[B]AB[db][gc][gb][ga][cb][fc][ec]AW[hc][fd][bb][hb][ha][ed][dc][hd][cc][gd][bc])
(;C[problem 754]PL[B]AB[hc][fd][bb][hb][ba][ha][ed][dc][hd][cc][gd][bc]AW[ea][db][gc][gb][ga][cb][fc][ec])
(;C[problem 755]PL[B]AB[bb][dc][db][gc][gb][ga][cb][fc][ec]AW[hc][fd][hb][ha][ed][ab][hd][da][bc][cc][gd][ca][dd][ce][eb])
(;C[problem 756]PL[B]AB[fd][id][ec][dc][hd][gb][gd][cb][ca][ic][ib][cd][ia]AW[hc][hb][db][gc][da][fc][fb][eb])
(;C[problem 757]PL[B]AB[hc][fd][bb][hb][ha][ed][hd][cc][gd][dd][bc]AW[dc][db][gc][gb][cb][fc][ca][ec])
(;C[problem 758]PL[B]AB[bb][ed][dc][cb][fc][dd][fb][fa]AW[fd][ba][ee][bf][ab][gc][gb][cc][ga][gd][de][ce][bc])
(;C[problem 759]PL[B]AB[fd][bb][ee][dc][de][cb][fc][dd][fb][fe]AW[ef][ba][bf][ab][gc][ge][gb][cc][ga][gd][df][ce][ff][cd][bc])
(;C[problem 760]PL[B]AB[ea][hb][ha][db][gc][gb][fc]AW[hc][fd][ed][cc][gd][cb][ca][dd][ic][ib][ia])
(;C[problem 761]PL[B]AB[fd][ed][hd][cc][gd][cb][ca][dd][ic][ib][ia]AW[hb][ha][db][gc][da][fb][fa][ec])
(;C[problem 762]PL[B]AB[hb][ec][dc][db][gc][da][gb][fc][ib][ia]AW[hc][fd][ed][jc][jb][ja][cc][ga][cb][gd][ca][dd][fb][ic][fa])
(;C[problem 763]PL[B]AB[bb][ed][da][cc][fc][ca][dd][fb][fa][cd][bc]AW[fd][ee][ac][be][ab][aa][bd][db][gc][ge][gb][ga][cb][de][ce][eb])
(;C[problem 764]PL[B]AB[hc][bb][hb][ef][be][he][bd][hd][ge][gb][cc][df][cf][fe][bc]AW[fd][ee][ed][dc][gc][gd][cb][de][fb][ce][cd])
(;C[problem 765]PL[B]AB[hb][ha][dc][gc][gb][cc][cb][fc][ec]AW[hc][fd][bb][ed][he][bc][ca][dd][fb][ic][ib][cd][eb])
(;C[problem 766]PL[B]AB[bb][ba][dc][fc][fb][fa][ec]AW[fd][ed][ab][bd][gc][gb][ga][gd][dd][cd][bc])
(;C[problem 767]PL[B]AB[dc][gb][cc][ga][cb][fc][ca][ec]AW[fd][bb][hb][ba][ha][ed][bd][db][gc][gd][dd][cd][bc])
(;C[problem 768]PL[B]AB[hc][hb][ha][dc][db][da][ga][gd][fc][ec]AW[fd][id][ed][he][gc][ge][cc][cb][ca][dd][ic][ib][cd][ia])
(;C[problem 769]PL[B]AB[gb][cc][cb][fc][ca][fa][ec][cd]AW[hc][fd][bb][hb][ba][ha][ed][bd][gc][de][ce][bc])
(;C[problem 770]PL[B]AB[ee][ed][be][bd][ae][de][cb][fc][ca][fb][ce]AW[ea][bb][ba][dc][eb][ad][dd][cd][bc])
(;C[problem 771]PL[B]AB[fd][ed][be][bd][cc][de][cb][fc][fb][ce]AW[ba][dc][db][da][ad][dd][ec][cd][bc])
(;C[problem 772]PL[B]AB[ea][bb][dc][ad][dd][ec][cd][bc]AW[fd][ef][be][bd][gb][cc][cb][cg][ca][fb][ce][fe])
(;C[problem 773]PL[B]AB[bb][ba][ed][db][dd][cd][bc]AW[hc][fd][ee][ac][be][ab][bd][gd][de][ce][ec])
(;C[problem 774]PL[B]AB[bb][ed][ad][dd][ec][cd][bc]AW[fd][ee][bf][be][bd][cc][de][fc][fb][ce])
(;C[problem 775]PL[B]AB[ea][bb][dc][fb][ec][cd][bc]AW[hc][fd][ed][be][gb][cc][cb][fc][dd][ce])
(;C[problem 776]PL[B]AB[ba][ed][cc][cb][dd][fb][fa][ec]AW[fd][bb][ee][be][gb][ga][de][fc][ca][cd][fe][bc])
(;C[problem 777]PL[B]AB[ed][gb][cc][ga][cb][fc][dd][eb]AW[hc][fd][bb][hb][ha][ee][gc][ge][de][ca][ce][cd][bc])
(;C[problem 778]PL[B]AB[ed][db][gb][cc][ga][cb][fc][dd][ec]AW[hc][fd][bb][hb][ba][ee][gc][ge][de][ca][fb][ce][cd][bc])
(;C[problem 779]PL[B]AB[fd][bb][ed][cc][cb][fc][dd][fb][eb]AW[hb][ba][ee][be][ab][ge][gb][gd][de][fa][cd][fe][bc])
(;C[problem 780]PL[B]AB[ea][bb][eb][cb][dd][ec][cd][bc]AW[fd][ba][ee][ac][be][ab][bd][ce][de][fc][ca][fb][fa])
(;C[problem 781]PL[B]AB[ea][bb][eb][cb][dd][ec][cd][bc]AW[fd][ba][ac][bf][ed][ab][bd][ce][da][de][fc][fb][fa])
(;C[problem 782]PL[B]AB[ea][bb][bd][eb][ca][dd][ec][cd][bc]AW[ba][ee][ac][ed][be][db][ce][ae][ad][de][fc][fb][fa])
(;C[problem 783]PL[B]AB[fd][ee][be][bd][db][ce][de][fc][fb][fa][fe]AW[ea][bb][ed][eb][dd][ec][cd][bc])
(;C[problem 784]PL[B]AB[ea][bb][ba][ed][eb][dd][ec][cd][bc]AW[fd][ee][ac][be][ab][bd][ce][da][de][cb][fc][fb][fa][fe])
(;C[problem 785]PL[B]AB[ea][bb][fd][ee][gc][gb][ga][gd][de][ce][cd][bc]AW[ed][cc][cb][fc][ca][dd][fb][fa][eb])
(;C[problem 786]PL[B]AB[fd][hb][ee][be][bd][db][de][fc][fb][ce]AW[bb][ba][ed][eb][dd][fa][ec][cd][bc])
(;C[problem 787]PL[B]AB[hc][hb][ha][ee][hd][ge][cc][cb][ca][dd][cd][fe]AW[fd][ed][dc][db][gc][da][gb][ga])
(;C[problem 788]PL[B]AB[fd][ed][dc][db][gc][gb][ga][gd][dd][fb]AW[hc][hb][ee][he][hd][jb][da][ge][cc][de][cb][cd][fe][eb])
(;C[problem 789]PL[B]AB[bb][ba][ee][bd][gc][gb][gd][de][ce][ec][fe][bc]AW[fd][ed][cc][cb][fc][ca][dd][fb][cd])
(;C[problem 790]PL[B]AB[hc][hb][ee][hd][jb][ge][cc][de][cb][ca][fb][ce][cd][fe]AW[fd][ed][dc][db][gc][da][gb][ga][gd][dd])
(;C[problem 791]PL[B]AB[hc][hb][ha][ee][hd][ge][cc][de][cb][ca][fb][fa][cd][fe]AW[fd][ed][dc][db][gc][da][gb][ga][gd][eb])
(;C[problem 792]PL[B]AB[fd][ed][cc][cb][fc][ca][dd][fb][fa]AW[bb][ee][db][gc][ge][gb][ga][gd][de][ce][ec][cd][fe][bc])
(;C[problem 793]PL[B]AB[bb][ba][ee][dc][bd][gc][gb][ga][gd][de][ca][ce][fe][bc]AW[fd][ed][da][cc][cb][fc][dd][fb][fa][cd])
(;C[problem 794]PL[B]AB[fd][ed][db][gc][cc][cb][fc][dd][fb][cd]AW[hc][bb][hb][ee][bd][ge][gb][gd][cf][ce][ec][fe][bc])
(;C[problem 795]PL[B]AB[hc][hb][ee][hd][jb][ge][cc][ga][cb][de][cd][fe]AW[fd][ed][dc][db][gc][gb][gd][dd][fb][fa])
(;C[problem 796]PL[B]AB[hc][hb][ee][hd][jb][ge][cc][ga][cb][de][cd][fe]AW[fd][ed][dc][db][gc][gb][gd][dd][fb][ec])
(;C[problem 797]PL[B]AB[hc][hb][ee][hd][jb][ge][cc][ga][cb][de][cd][fe]AW[fd][ed][dc][db][gc][da][gb][gd][dd][fb])
(;C[problem 798]PL[B]AB[hc][hb][ee][hd][jb][ge][cc][ga][cb][de][cd][fe]AW[ea][fd][ed][dc][db][gc][gb][gd][dd][fb])
(;C[problem 799]PL[B]AB[fd][ed][dc][db][gc][da][gb][gd][dd]AW[hc][hb][ee][hd][jb][ge][cc][de][cb][ca][fb][cd][fe])
(;C[problem 800]PL[B]AB[ed][cc][cb][fc][ca][dd][fb][fa][cd]AW[ea][bb][ee][bd][gc][ge][gb][eb][gd][de][ce][fe][bc])
(;C[problem 801]PL[B]AB[fd][ed][cc][cb][fc][dd][fb][fa][cd]AW[bb][ee][dc][bd][gc][da][gb][ga][gd][de][ce][fe][bc])
(;C[problem 802]PL[B]AB[hc][hb][ee][hd][jb][ge][cc][de][cb][ca][fb][cd][fe]AW[fd][ha][ed][dc][db][gc][da][gb][gd][dd][fa])
(;C[problem 803]PL[B]AB[hc][hb][ee][hd][jb][ge][cc][de][cb][ca][cd][fe]AW[fd][ha][ed][dc][db][gc][da][gb][gd][dd][fa])
(;C[problem 804]PL[B]AB[fd][ba][ed][dc][db][gc][gb][gd][dd][cd][bc]AW[bb][hb][id][ee][bd][hd][ge][cc][cb][ca][cf][ce][ib][fe])
(;C[problem 805]PL[B]AB[fd][ed][dc][db][da][gb][gd][eb]AW[hc][hb][ee][he][hd][ge][cc][de][cb][fa][cd])
(;C[problem 806]PL[B]AB[fd][ed][db][gb][cc][cb][fc][dd][fb][cd]AW[bb][hb][ee][bd][gc][ge][gd][de][ca][ic][ce][ec][fe][bc])
(;C[problem 807]PL[B]AB[fd][ba][ed][gb][cc][ga][cb][fc][dd][fb]AW[bb][hb][ha][ee][gc][da][ge][gd][de][ca][ce][cd][fe][bc])
(;C[problem 808]PL[B]AB[fd][bb][ed][cc][cb][fc][dd][fb]AW[ee][be][ab][dc][gc][ge][gb][gd][de][ec][cd][fe][bc])
(;C[problem 809]PL[B]AB[hc][bb][hb][ee][bd][ge][eb][gd][de][ce][ec][fe][bc]AW[ea][fd][ba][ed][db][gb][cc][cb][dd][fb][cd])
(;C[problem 810]PL[B]AB[fd][ed][gb][cb][fc][dd][fb][cd][eb]AW[bb][hb][ee][bd][gc][gd][de][ca][ic][ce][fe][bc])
(;C[problem 811]PL[B]AB[hc][ha][ee][jc][hd][ge][cc][de][cb][ib][cd][fe]AW[fd][hb][ed][dc][db][gc][gb][ga][gd][dd])
(;C[problem 812]PL[B]AB[ea][bb][ba][ed][da][bc][ec][cd][eb]AW[fd][ee][ac][be][ab][bd][ce][cc][de][fc][fb][fa])
(;C[problem 813]PL[B]AB[fd][ed][cc][fc][ca][dd][fb][fa][cd]AW[bb][ba][ee][bd][gc][bc][gb][ga][gd][de][ce][fe][eb])
(;C[problem 814]PL[B]AB[fd][ed][db][cc][fc][ca][dd][fb][fa][cd]AW[bb][ba][ee][bd][gc][bc][gb][ga][cb][gd][de][ce][fe][eb])
(;C[problem 815]PL[B]AB[fd][ed][dc][db][gc][da][ga][gd]AW[hc][hb][ha][ee][hd][ge][cc][de][cb][fc][ca][dd][fe])
(;C[problem 816]PL[B]AB[ea][bb][ba][ac][dc][bd][dd][fb][cd][bc]AW[fd][ed][be][db][ce][ae][gb][cc][ga][cb][fc][ad][de][fa])
(;C[problem 817]PL[B]AB[hc][ea][ec][dc][db][da][gb][fc][ib][ia]AW[fd][ed][jc][hd][jb][ja][cc][df][gd][cb][ca][dd][fb][ic][fa])
(;C[problem 818]PL[B]AB[bb][hb][id][ee][ec][he][ge][eb][dd][ic][ib][cd][fe][bc]AW[hc][ea][fd][ba][ed][dc][hd][db][gb][ga][cb][gd])
(;C[problem 819]PL[B]AB[fd][ed][dc][gc][gb][ga][cb][ca][dd][fb]AW[hc][ea][bb][hb][ba][ha][ee][hd][cc][gd][de][ce][cd][fe])
(;C[problem 820]PL[B]AB[fd][ed][dc][gc][gb][gd][cb][fa][ec]AW[hc][bb][hb][ee][bd][hd][ge][cc][de][fc][dd][fb][fe][eb])
(;C[problem 821]PL[B]AB[fd][ed][dc][gc][da][gb][gd][fa][ec]AW[hc][hb][ba][ee][he][hd][ge][cc][eb][de][fc][dd][fb][fe][bc])
(;C[problem 822]PL[B]AB[hc][fd][hb][ed][hd][db][gb][ga][cb][gd][ec]AW[ee][he][jb][ba][ha][id][ge][de][ib][dc][gc][fe][bb][cc][fc][ca][dd][ic][ia])
(;C[problem 823]PL[B]AB[hc][ea][fd][hb][ed][hd][db][gb][cc][gd][cb][ec]AW[bb][ba][ha][id][ee][fe][he][dc][gc][ge][fc][ca][dd][ic][ib][cd][ia][bc])
(;C[problem 824]PL[B]AB[fd][bb][ba][dc][gc][gb][cc][cb][fb]AW[hc][hb][ha][ee][be][ab][hd][ga][gd][dd][cd][fe][bc])
(;C[problem 825]PL[B]AB[fd][ed][dc][db][gc][gd][cb][ca][dd]AW[hc][ea][bb][hb][ba][ee][he][hd][da][ge][cc][de][ce][ec][cd][fe])
(;C[problem 826]PL[B]AB[fd][ed][dc][cc][gd][cb][ca][dd][fb][fa]AW[hc][bb][hb][ba][ee][hd][db][bc][gb][ge][de][ce][cd][fe][eb])
(;C[problem 827]PL[B]AB[ed][gb][ga][cb][fc][ca][dd][fb][ec][bc]AW[hc][fd][bb][hb][ha][ac][ee][be][gc][cc][de][ce][fe])
(;C[problem 828]PL[B]AB[ea][ff][ha][ee][hf][he][hd][cc][de][cb][gf][cf][ic][ib][cd]AW[hc][ed][dc][db][gc][ge][gd][fc][dd][fb][fe])
(;C[problem 829]PL[B]AB[hc][hb][ha][ee][he][hd][cc][de][cb][fc][ca][dd][gf][ff][eb]AW[ed][dc][db][gc][da][ge][gb][ga][gd][ec][fe])
(;C[problem 830]PL[B]AB[hg][ee][db][gb][ec][id][cb][ib][hf][ed][gc][da][ga][fe][ie][gd][fc][ic][ia]AW[hc][bb][hb][ba][ha][ef][he][dc][hd][ge][cc][df][de][gf][ca][fb][ff][eb])
(;C[problem 831]PL[B]AB[ee][ed][db][gc][ge][gb][cc][gd][cb][dd][fa][fe]AW[hc][fd][bb][hb][ba][ef][he][hd][dg][bc][de][fc][ca][gf][ce][ff][cd][eb])
(;C[problem 832]PL[B]AB[ee][ed][gc][ge][gb][cc][gd][cb][dd][fa][fe]AW[hc][fd][bb][hb][ef][he][hd][de][eh][fc][ca][gf][ce][ff][cd][bc])
(;C[problem 833]PL[B]AB[hc][ea][ed][db][gc][ge][ga][cb][gd][dd][de][fa][fe][eb]AW[he][ff][cd][bc][fd][ba][ib][ef][hf][dc][hd][da][ce][bb][df][fc][ca][gf][ic][ia])
(;C[problem 834]PL[B]AB[fd][ed][dc][gb][cc][ga][cb][fc][ca][dd][fb]AW[hc][ea][bb][hb][ba][ha][ee][bd][bc][ge][gd][de][ce][ec][fe][eb])
(;C[problem 835]PL[B]AB[fd][ed][gc][gb][cc][ga][cb][fc][ca][dd][cd]AW[hc][bb][hb][ee][bf][dc][bd][hd][db][ge][fb][ce][ec][fe][bc])
(;C[problem 836]PL[B]AB[hc][hb][ef][he][hd][jb][da][ge][cc][df][cb][ce][ff][cd]AW[fd][ee][dc][db][gc][gb][gd][de][dd][ec])
(;C[problem 837]PL[B]AB[ee][dc][gc][da][gb][ga][cb][gd][ca][dd][de][ec][fe]AW[hc][fd][bb][hb][ba][ha][ef][hd][ge][cc][df][gf][ce][ff][cd][eb])
(;C[problem 838]PL[B]AB[hc][fd][hb][ed][dc][db][gd][fc][fa]AW[ha][id][ee][hd][da][ge][cc][cb][dd][ic][ib][cd][fe])
(;C[problem 839]PL[B]AB[hc][fd][hb][ed][dc][db][gd][fc][fb]AW[ha][id][ee][hd][da][ge][cc][de][cb][dd][ic][ib][fe])
(;C[problem 840]PL[B]AB[ed][dc][gc][gb][cc][ga][cb][ca][dd]AW[hc][fd][bb][hb][ba][ha][ee][bd][gd][de][cd][bc])
(;C[problem 841]PL[B]AB[hc][fd][hb][ha][ed][ab][bd][gc][dd][cd][bc]AW[ea][bb][ba][dc][gb][cc][ga][fc][ec])
(;C[problem 842]PL[B]AB[bb][ef][ba][gc][ge][gb][df][ga][gd][cf][ce][ff][cd][bc]AW[ea][fd][ee][dc][cc][de][cb][fc][dd][ec])
(;C[problem 843]PL[B]AB[hb][ha][ee][be][ab][gc][da][ge][gd][de][cd][fe][bc]AW[fd][bb][ba][ed][dc][cc][gb][fc][dd][fa])
(;C[problem 844]PL[B]AB[fd][ee][ac][be][ab][bd][gc][gb][gd][de][ce][ec]AW[ea][bb][ed][db][fc][dd][fb][cd][bc])
(;C[problem 845]PL[B]AB[fd][ed][gc][da][gb][cc][gd][cb][dd][fa][cd]AW[hc][bb][hb][ha][ee][bd][hd][ge][ga][de][fb][ce][fe][bc])
(;C[problem 846]PL[B]AB[hc][fd][hb][ha][ed][dc][db][gc][da][gd][dd]AW[fe][id][ee][hd][ge][gb][cc][de][cb][fc][ca][ic][ib][cd][ia][eb])
(;C[problem 847]PL[B]AB[hc][hb][ha][ed][dc][hd][db][da][gd][fc][dd]AW[fd][fe][id][ee][he][ge][cc][de][cb][ca][fb][ic][ib][cd][ia])
(;C[problem 848]PL[B]AB[fd][ed][gc][gb][cc][gd][dd][fb][fa][cd]AW[hc][ea][bb][hb][ha][ee][bd][hd][bc][ge][ga][de][fc][ce][fe][eb])
(;C[problem 849]PL[B]AB[fd][ed][db][gc][gb][cc][cb][fc][dd][fa][cd]AW[hc][bb][hb][ee][bd][hd][jb][bc][ga][gd][de][ca][ce][fe][eb])
(;C[problem 850]PL[B]AB[hc][bb][hb][ee][bd][hd][jb][bc][ga][gd][de][ce][fe][eb]AW[fd][ed][gc][gb][cc][cb][fc][ca][dd][fa][cd])
(;C[problem 851]PL[B]AB[hc][fd][bb][hb][ee][bd][hd][db][jb][gd][de][ce][bc]AW[ed][gc][da][gb][cc][cb][fc][dd][ec][cd])
(;C[problem 852]PL[B]AB[ba][ed][gc][gb][cc][cb][fc][dd][ec][cd]AW[hc][fd][bb][hb][ee][bf][bd][hd][db][jb][gd][de][ce][bc])
(;C[problem 853]PL[B]AB[fd][bb][hb][ee][hd][gd][de][ca][fb][ce][ib][cd][bc]AW[ed][gc][gb][cc][cb][fc][dd][ec][eb])
(;C[problem 854]PL[B]AB[hc][bb][ba][ee][gc][da][gd][de][fc][ic][ce][ib][cd][fe][bc]AW[fd][hb][ed][gb][cc][cb][ca][dd][fb][ec][eb])
(;C[problem 855]PL[B]AB[hc][bb][ba][ee][db][gd][de][fc][ic][ce][ib][cd][fe][bc]AW[fd][hb][ed][gc][gb][cc][cb][dd][ec][eb])
(;C[problem 856]PL[B]AB[hc][bb][bd][gc][da][ge][df][fc][cf][ib][fe][bc]AW[ea][ed][dc][cc][de][cb][ca][ec][cd])
(;C[problem 857]PL[B]AB[hb][ee][dc][gc][cc][gd][cb][fc][fa][ec][fe]AW[hc][bb][ef][he][db][da][gb][df][gf][ca][ic][ce][ib][cd][bc])
(;C[problem 858]PL[B]AB[hb][ee][dc][gc][cc][gd][cb][fc][fa][ec][fe]AW[hc][ea][bb][ef][he][db][gb][df][gf][ca][dd][ic][ce][ib][cd][bc])
(;C[problem 859]PL[B]AB[eg][be][bd][gc][da][dg][gb][cc][fc][cg][cf][fg][ff][fe][bc]AW[ef][ee][ed][dc][db][ce][df][ca][dd][fb][fa][cd])
(;C[problem 860]PL[B]AB[hb][ha][db][cb][ca][ec][eb]AW[fd][bb][ba][ed][dc][hd][cc][gd][de][ic][ib][ia])
(;C[problem 861]PL[B]AB[ea][dc][gb][ga][fb]AW[hc][fd][hb][ha][ed][cc][gd][dd][cd])
(;C[problem 862]PL[B]AB[hc][hb][ha][dc][db][da][fa][fe]AW[id][ed][hd][gc][cc][gd][cb][dd][ic][ib][cd])
(;C[problem 863]PL[B]AB[hc][hb][ha][dc][db][da][fa][fe]AW[id][ed][hd][gb][cc][gd][cb][dd][ic][ib][cd])
(;C[problem 864]PL[B]AB[hc][hb][ha][dc][db][da][fa][fe]AW[id][ed][hd][cc][gd][cb][fc][dd][ic][ib][cd])
(;C[problem 865]PL[B]AB[hc][ie][hb][hg][hf][he][hd][jf][ga][je][fc][fa][ec][ig]AW[kg][db][ke][ih][ea][fd][ha][id][jg][ge][gg][ib][hh][ed][dc][kf][kd][kb][gf][dd][jd][ic])
(;C[problem 866]PL[B]AB[hb][ha][dc][da][cb][ca][ec][eb]AW[hc][fd][bb][ba][ed][cc][ga][gd][dd][ic][ib][ia][bc])
(;C[problem 867]PL[B]AB[hb][ha][dc][db][gb][cc][ca][fb][fa]AW[hc][bb][ed][gc][da][fc][dd][ic][ib][cd][ia][bc])
(;C[problem 868]PL[B]AB[gc][gb][cc][ga][cb][fc][dd][ec][cd][eb]AW[hc][ea][bb][hb][fd][ha][ed][bd][hd][db][gd][de][ce][bc])
(;C[problem 869]PL[B]AB[ha][ed][db][gc][da][gb][cc][cb][ca][dd][fb][ec]AW[hc][fd][bb][hb][ee][hd][ce][gd][de][fc][fa][ib][cd][ia][bc])
(;C[problem 870]PL[B]AB[ha][ed][gc][da][gb][cc][cb][ca][dd][ec]AW[hc][fd][bb][hb][ee][dc][hd][ce][gd][de][fa][ib][cd][bc])
(;C[problem 871]PL[B]AB[fd][bb][ba][id][ed][jc][hd][db][jb][jd][ga][gd][ca][dd][ib][cd][bc]AW[hc][ea][hb][ha][dc][da][cc][cb][fc][ic][ec][ia])
(;C[problem 872]PL[B]AB[fd][bb][ba][ed][hd][db][bc][gd][dd][fb][ic][ib][cd][ia][eb]AW[hc][hb][ha][dc][gc][da][cc][ga][cb][fc][ca][ec])
(;C[problem 873]PL[B]AB[hc][hb][ha][dc][gc][da][cc][ga][cb][fc][ca][ec]AW[fd][bb][ba][ed][hd][db][bc][gd][dd][fb][ic][ib][cd][ia][eb])
(;C[problem 874]PL[B]AB[bb][ba][dc][bd][gc][bc][gb][ga][fc][dd][cd][eb]AW[hc][fd][hb][ha][ac][ed][ab][be][db][ce][ad][gd][de][fa][ec])
(;C[problem 875]PL[B]AB[bb][ba][bd][ce][bc][de][fc][fb][fa][cd][eb]AW[fd][ee][ac][bf][be][ab][gc][gb][cc][ga][ad][gd][dd][df][cf][ec])
(;C[problem 876]PL[B]AB[ea][ee][ed][ce][da][gb][cc][ga][cb][de][fa][cd][eb]AW[be][db][cf][bc][hc][fd][ba][ha][ef][bf][dc][bd][hd][fe][bb][hb][df][gd][ca])
(;C[problem 877]PL[B]AB[ea][ee][dc][gc][da][ge][gb][cc][gd][cb][ca][dd][fb][fa][fe]AW[hc][ff][bb][hb][ba][ha][ef][ed][he][hd][bc][ga][de][gf][ce][ec][cd][eb])
(;C[problem 878]PL[B]AB[hc][bb][hb][ef][ha][he][hd][ge][df][dd][cf][ff][cd][bc]AW[ee][ed][dc][gc][gb][cc][ga][gd][fb][ec][fe])
(;C[problem 879]PL[B]AB[ea][fd][ee][cc][de][cb][fc][ca][ce][cd][fe][eb]AW[bb][ef][ba][be][dc][bd][db][gc][ge][gb][cf][gd][df][fb][ff][bc])
(;C[problem 880]PL[B]AB[ea][ee][ed][cc][de][cb][ca][ce][ec][cd]AW[fd][bb][ef][ba][be][dc][bd][db][gc][gb][df][ga][dd][cf][ff][fe][bc])
(;C[problem 881]PL[B]AB[fd][ee][dc][de][fc][dd][fb][fa][fe]AW[ff][bb][ef][ed][gc][ge][gb][eb][ga][gd][df][ce][ec][cd][bc])
(;C[problem 882]PL[B]AB[fd][ef][be][ab][bd][da][gb][df][ga][fc][dd][cf][ff][fe][bc]AW[bb][ba][ee][ed][db][cc][de][fb][ce][ec][cd])
(;C[problem 883]PL[B]AB[fd][ef][be][ab][bd][da][gb][df][ga][fc][dd][cf][ff][fe][bc]AW[ea][bb][ba][ee][ed][cc][de][fb][ce][ec][cd])
(;C[problem 884]PL[B]AB[fd][ef][be][ab][bd][da][gb][df][ga][cb][fc][dd][cf][ff][fe][bc]AW[ea][bb][ba][ee][ed][cc][de][fb][ce][ec][cd][eb])
(;C[problem 885]PL[B]AB[hc][bb][hb][ba][ha][ef][ed][hd][da][ge][cc][df][ga][cf][ce][cd][fe]AW[dc][db][gc][gb][gd][cb][de][ca][dd][fa][ec][eb])
(;C[problem 886]PL[B]AB[eg][ee][be][db][jb][ff][hc][dg][ge][fb][bf][bd][hd][da][cg][fg][bb][hb][cc][gf]AW[fd][ef][dc][gc][gb][df][gd][fc][dd][cf][ce][cd][fe][eb])
(;C[problem 887]PL[B]AB[hc][ef][hf][he][dc][hd][df][de][gf][dd][ff][fe]AW[eg][hg][db][gb][cf][cd][if][fd][id][dg][gg][fb][fg][ce][eb][ie][hb][cc][ic])
(;C[problem 888]PL[B]AB[hc][ef][hf][he][dc][hd][df][de][fc][dd][gf][ff]AW[if][eg][ie][hb][hg][id][db][dg][gb][cc][cf][gg][fb][ic][ce][fg][cd][eb])
(;C[problem 889]PL[B]AB[ef][dc][ge][df][gd][fc][gf][cf][ce][ff][cd]AW[eg][bf][hf][be][he][bd][hd][db][gc][dg][gb][cc][gg][cb][cg][fb][fg][eb])
(;C[problem 890]PL[B]AB[bb][ee][db][ge][cb][fc][dd][cd][fe][bc]AW[hc][ea][ef][ba][ac][be][ab][he][hd][da][gb][ad][de][gf][ca][fb][ce][ff])
(;C[problem 891]PL[B]AB[ee][be][dc][bd][gb][cc][gd][de][fb][ce][ec][fe][bc]AW[db][cf][ff][hc][ea][ae][ge][cb][ef][ac][bf][ed][hd][ga][bb][hb][df][ad][dd][fa])
(;C[problem 892]PL[B]AB[ef][ee][be][bd][db][ge][cc][df][gd][fc][cf][ce][ff][eb]AW[eg][bg][he][bc][ea][dg][ae][de][cb][fb][bf][hd][gc][da][cg][fg][bb][hb][ad][gf][dd])
(;C[problem 893]PL[B]AB[ef][ed][be][dc][bd][db][ge][cc][df][gd][gf][ce][ff][eb]AW[eg][he][cf][ec][bc][ea][fd][dg][ae][gg][cb][fb][bf][hf][hd][gc][da][cg][fg][bb][hb][ad])
(;C[problem 894]PL[B]AB[bb][ef][db][gc][ge][df][gd][cb][fc][ce][ec][cd][fe][bc]AW[eg][be][ab][he][gb][cf][ff][hc][ba][dg][de][fb][ac][bd][hd][da][cg][eb][gf][ca])
(;C[problem 895]PL[B]AB[ee][dc][db][gc][eb][gd][cb][de][fb][cd][fe][bc]AW[be][he][gb][ff][hc][ea][ba][ef][ac][ed][hd][da][ce][bb][df][ad][gf][ca][fa])
(;C[problem 896]PL[B]AB[fd][bb][ee][be][bd][db][bc][cf][df][cb][fc][fb][fe][eb]AW[bg][ab][gb][ff][ea][ba][dg][ae][ge][de][ef][ac][bf][dc][gc][da][cg][ad][gd][ca][fa])
(;C[problem 897]PL[B]AB[hc][ff][ie][ef][id][hf][dc][db][de][gf][dd][ic][ib][ec][ia]AW[hb][ee][ed][he][hd][gc][ge][ga][fc][fa][fe][eb])
(;C[problem 898]PL[B]AB[eg][hb][ba][id][ee][ef][ed][hd][db][gd][cb][gf][fg][ec][fe][bc]AW[gb][gi][cd][hc][fd][if][kc][je][hh][hf][dc][cg][ce][eb][ei][dh][cc][df][fc][jd][ic])
(;C[problem 899]PL[B]AB[eg][ee][fh][ec][cd][if][ha][id][cb][ib][hh][ef][ed][dc][ig][ie][kb][gh][ca][ic]AW[hc][hb][hf][he][db][gc][ge][gg][fc][fa][ff][fe][eb])
(;C[problem 900]PL[B]AB[bb][ha][id][ee][ed][be][dc][bd][he][db][ge][cf][ic][ib][fe][ia][bc]AW[hc][fd][hb][hd][gc][cc][ga][cb][fc][dd][gd][fb][cd][eb])
)