(;FF[4]GM[1]SZ[19]
C[Cho Chikun's Encyclopedia of Life & Death : Part 3 --- Advanced

This is a collection of almost three thousand problems from Encyclopedia of Life and Death by Cho Chikun. The problems come without solutions for two reasons: first, one can learn more by reading out all the paths and solving the problems oneself; second, the solutions are copyrighted. All the problems are black to move.
In the third part, you can find about eight hundred problems aimed at advanced players. A dan player should find the solution in a few minutes and will need about 100 hours to solve the whole book.
I wish you enjoyment and improvement in the wonderful game of go, weiqi, baduk, or whatever you like to call it.
 - Vit Brunner
]
(;C[problem 1]PL[B]AB[fb][bb][cb][db]AW[ea][dc][cc][eb][bc])
(;C[problem 2]PL[B]AB[dc][gc][gb][fc][ce][ec][cd][bc]AW[bb][db][cc][cb][fb][eb])
(;C[problem 3]PL[B]AB[hc][hb][bf][dc][hd][af][gb][cc][ad][de][df][dd][cf]AW[bh][bb][be][bd][gc][ae][ge][ch][fc][eh][fb][ce][ff][cd][bc])
(;C[problem 4]PL[B]AB[bb][ha][bf][db][gb][cc][cb][fb][ce][cd][eb]AW[ea][hb][be][ab][dc][ec][bd][hd][gc][da][dh][de][fc][cg][cf][ib][bc])
(;C[problem 5]PL[B]AB[bb][ha][bf][db][ae][gb][cc][cb][fb][ce][cd][eb]AW[ea][hb][bg][be][ab][dc][ec][bd][hd][gc][da][dh][de][fc][cg][cf][ib][bc])
(;C[problem 6]PL[B]AB[fd][ee][bf][gc][da][cc][gd][cb][de][cg][fb][ce][eb]AW[be][dc][bd][db][fc][dd][ec][cd][bc])
(;C[problem 7]PL[B]AB[hb][ef][bf][ab][gc][da][ge][cc][gd][cb][de][cg][fb][ce][ff][eb]AW[fd][ba][ee][be][dc][bd][db][fc][dd][ec][cd][bc])
(;C[problem 8]PL[B]AB[bd][gc][ad][dd][fb][ec][cd]AW[ea][ac][ab][cc][cb][eb])
(;C[problem 9]PL[B]AB[ac][ab][dc][db][da]AW[ed][bd][ad][dd][ec][cd][eb])
(;C[problem 10]PL[B]AB[dc][bd][gc][de][ec][cd]AW[bb][ba][db][bc])
(;C[problem 11]PL[B]AB[bf][bd][dd][fb][fa][ec]AW[ea][bb][ba][db][bc])
(;C[problem 12]PL[B]AB[fd][ef][ee][bd][gc][gb][df][gd][cg][ce][cd][bc]AW[bb][da][cc][de][cb][fc][dd][ec])
(;C[problem 13]PL[B]AB[ef][id][ed][he][dc][jc][bd][db][fc][dd][gf][ic]AW[hc][fd][bb][ab][da][gd][cb][ec][eb])
(;C[problem 14]PL[B]AB[fd][ed][gc][gb][ga][gd][dd][cd][bc]AW[bb][ba][db][cb][fc][fb][fa])
(;C[problem 15]PL[B]AB[hc][ee][bf][ed][df][cf][ec][eb]AW[bb][ba][db][de][cb][dd])
(;C[problem 16]PL[B]AB[hc][ef][be][ge][cf][de][fc][dd][fb][fa]AW[bb][ed][ab][dc][bd][ec][bc])
(;C[problem 17]PL[B]AB[ab][he][cf][bc][fd][ge][de][je][bf][ed][dc][jc][kb][af][cc][ad][df][dd][ic][lc]AW[hc][ea][bb][hb][ba][ee][eg][bh][be][bd][dh][db][gc][gg][gd][cb][fe])
(;C[problem 18]PL[B]AB[bb][db][da][fb][fa][eb]AW[dc][bd][gc][gb][cb][fc][dd][ec])
(;C[problem 19]PL[B]AB[hc][fd][bb][hb][ed][ab][bd][db][cb][fc][dd][cd]AW[ac][dc][gb][eb][cc][fb][ec][bc])
(;C[problem 20]PL[B]AB[hc][bb][hb][ee][ac][ed][ab][db][gd][cb][ec]AW[be][dc][gb][cc][eb][ad][de][df][fb][bc])
(;C[problem 21]PL[B]AB[fd][bb][bg][db][cb][cg][dd][cf][ec][cd]AW[bf][be][dc][bd][gc][cc][eb][fb][bc])
(;C[problem 22]PL[B]AB[hc][bb][ee][db][cb][fc][fb][ec]AW[ea][ab][dc][bc][gb][cc][fa][eb])
(;C[problem 23]PL[B]AB[hc][fd][ed][be][dc][bd][cc][gd][cf][bc]AW[bb][ef][ac][db][de][cb][fc][dd][ec])
(;C[problem 24]PL[B]AB[bb][be][dc][ae][cc][dd][fb][ce][ec][cd][bc]AW[hc][ba][ee][bf][ed][db][gc][af][de][cb][fc][cf][eb])
(;C[problem 25]PL[B]AB[ed][be][bd][dd][fb][ec][cd][bc]AW[ee][bf][dc][db][gc][cc][de][fc][cg][ic][ce][fe][eb])
(;C[problem 26]PL[B]AB[fd][ff][ec][dc][bd][gc][ae][gb][cc][de][df][ic][ib][cd][fe][eb]AW[db][cf][bc][ea][kc][ge][cb][fb][lb][ac][cg][ce][bb][ie][ad][gd][fc][gf][jd][fa])
(;C[problem 27]PL[B]AB[fd][bb][ed][dc][db][gd][cb][dd][fb][cd]AW[id][ee][be][ab][bd][hd][gc][ge][cc][de][fc][ce][ib][fe][bc])
(;C[problem 28]PL[B]AB[fd][bb][ed][bd][gc][dd][cd][bc]AW[hb][id][ee][bf][be][hd][db][cc][df][gd][fc][ec][fe])
(;C[problem 29]PL[B]AB[hc][fd][bb][hd][db][gd][cb][ic][ec][eb]AW[kc][id][ed][ab][dc][jc][he][ge][gb][cc][de][je][fc][fe][bc])
(;C[problem 30]PL[B]AB[fd][bb][id][ed][jc][hd][db][jb][gd][cb][dd][jd][ec][eb]AW[ab][ke][ff][cd][bc][hc][kc][de][je][fb][ib][hf][dc][ja][kd][kb][cc][df][ic])
(;C[problem 31]PL[B]AB[bb][ee][bf][ed][ab][db][da][de][cb][cf][ec][eb]AW[eg][ea][fd][hb][ba][bg][ac][be][dc][dg][cc][fc][cg][fb][ce][ff][fe][bc])
(;C[problem 32]PL[B]AB[fd][hb][ee][db][gb][de][fc][fb][fe][eb]AW[hc][ed][ce][gc][ge][cc][df][gf][dd][cf][ic][ib][fg][ec])
(;C[problem 33]PL[B]AB[hc][ea][hb][hd][db][gd][fc][fb]AW[fd][id][he][dc][ge][de][dd][ic][ib][ec][fe][eb])
(;C[problem 34]PL[B]AB[ef][kc][id][bg][kb][dg][ge][gd][cg][dd][jd][ec][eb]AW[hc][ea][fd][db][jb][fc][fb][ic])
(;C[problem 35]PL[B]AB[fd][bb][ba][ed][ab][dc][bd][db][cb][dd][bc]AW[hb][ee][be][da][ge][gb][ad][gd][de][ca][ce][ec][cd][fe][eb])
(;C[problem 36]PL[B]AB[hc][bb][ie][ba][ed][bd][db][cc][ad][cb][dd][ic][cd]AW[ef][ac][bf][ab][dc][gc][da][ge][gd][gf][ca][cf][ec][eb])
(;C[problem 37]PL[B]AB[hb][ba][id][ee][be][hd][cc][ad][fc][dd][fb][ce][ec][cd][bc]AW[fd][bb][bg][ac][ed][ab][dc][he][db][dg][ge][df][de][cb][fg][eb])
(;C[problem 38]PL[B]AB[hc][bb][ba][ge][cc][fc][ca][dd][fb][bc]AW[eg][ed][be][dc][db][da][cb][cg][cf][ce][ff])
(;C[problem 39]PL[B]AB[hg][ee][kg][ke][jb][ec][fd][ba][kc][jg][gg][cb][dc][kf][kd][ig][bb][cc][gd][gf][jd][ic][fa]AW[hc][if][ha][id][hf][he][hd][db][gc][jf][je][fc][ca][eb])
(;C[problem 40]PL[B]AB[fd][bb][ef][ee][ab][dc][cc][gb][gd][cb][gf][dd]AW[hc][hb][ed][bd][db][jb][de][cg][fb][ce][ec][bc])
(;C[problem 41]PL[B]AB[hc][fd][bb][ba][he][db][ge][gb][cc][de][fc][cd][bc]AW[eg][ee][bf][bd][da][ae][cf][ca][dd][fb][ce][ec][fe][eb])
(;C[problem 42]PL[B]AB[fd][bb][hb][ba][bf][gc][ae][cc][ad][gd][de][df][ff][bc]AW[ab][dc][bd][db][gb][cb][fc][ca][dd][ec][cd])
(;C[problem 43]PL[B]AB[hc][fd][bb][ba][ed][dc][cc][ad][fc][bc]AW[ee][bf][ab][bd][db][ca][dd][ec][cd][eb])
(;C[problem 44]PL[B]AB[bb][hb][ba][ha][ee][be][gc][ae][ad][gd][de][ce][fe][bc]AW[fd][ed][ab][bd][db][cb][ca][dd][fb][fa][cd][eb])
(;C[problem 45]PL[B]AB[eg][be][ch][ff][bc][fd][kc][id][ka][fb][bh][bf][hd][da][kd][cg][ce][bb][kb][cc][ad][gd][fc][jd]AW[hc][ea][bg][ab][dc][jc][bd][jb][ja][gb][df][de][cb][dd][cf][ec][cd][eb])
(;C[problem 46]PL[B]AB[ea][fd][dc][bd][db][de][fc][ca][dd][cd][eb]AW[ef][ba][be][gc][ae][ge][gb][cc][ad][gd][df][cg][fb][ce][fe][bc])
(;C[problem 47]PL[B]AB[hc][ee][bf][be][bd][db][da][ge][gb][gd][cb][ic][ce][fe]AW[fd][bb][ba][ed][gc][cc][ad][fc][ca][cd][bc])
(;C[problem 48]PL[B]AB[ea][bb][fd][kc][id][ee][ff][jc][bd][hd][mc][eb][gd][de][ce][ec][lc][bc]AW[hc][ed][db][gc][cb][fc][dd][fb][fa][cd])
(;C[problem 49]PL[B]AB[bb][ed][ab][cc][cb][fc][dd][fb]AW[fd][hb][ee][bd][gb][eb][gd][de][ce][ec][bc])
(;C[problem 50]PL[B]AB[hc][fd][ed][gd][dd][ic][cd][bc]AW[bb][ef][be][he][bd][hd][gc][ge][cb][ce][ec][eb])
(;C[problem 51]PL[B]AB[hc][hb][ef][ed][be][bd][hd][ge][gb][dd][fa][cd]AW[bb][dc][db][gc][cc][ad][fc][fb][bc])
(;C[problem 52]PL[B]AB[dc][eb][cb][fb][ec][bc]AW[ed][bd][gb][cc][ga][gd][fc][dd][cd])
(;C[problem 53]PL[B]AB[ea][bb][db][cc][eb]AW[dc][bd][ad][fc][fb][fa][ec][cd])
(;C[problem 54]PL[B]AB[bb][ab][db][cc][fc][fb][cd]AW[fd][be][dc][bd][gc][gb][ga][gd][de][dd][ce][ec])
(;C[problem 55]PL[B]AB[fd][ed][bd][gc][gb][dd][ib][cd][bc]AW[bb][ab][db][cc][fb][ec])
(;C[problem 56]PL[B]AB[dc][gc][gb][fc][dd][ce][ib][bc]AW[bb][db][cc][fb][eb])
(;C[problem 57]PL[B]AB[hc][bd][fc][dd][ce][ec][bc]AW[bb][ac][db][cc][eb])
(;C[problem 58]PL[B]AB[fd][id][ed][ec][he][gc][ge][cc][de][cb][ce][ib][cd][fe][eb]AW[bg][ee][be][db][jb][cf][hc][ea][kc][fb][ef][dc][hd][da][hb][df][gd][fc][dd])
(;C[problem 59]PL[B]AB[hc][fd][bb][ef][ac][bf][be][bd][df][fc][dd][cf][ec][fe]AW[ee][dc][cc][eb][de][cb][ce][cd][bc])
(;C[problem 60]PL[B]AB[hb][ef][bf][ab][bd][gc][df][ad][fb][ce][ff][fe][eb]AW[ea][bb][ee][ed][dc][aa][db][cc][de][ec][cd])
(;C[problem 61]PL[B]AB[dc][cc][cb][fb][ec]AW[bb][ee][ed][bd][db][gc][fc][ic][ce])
(;C[problem 62]PL[B]AB[ee][ed][be][ae][cc][ad][cb][dd][cf][ce][fe][eb]AW[hc][fd][bb][ac][dc][aa][bd][gc][gd][fb][ec][cd][bc])
(;C[problem 63]PL[B]AB[hc][fd][id][ed][be][dc][hd][db][ae][ad][gd][cb][de][jd][ce][eb]AW[bb][hb][kc][ac][aa][jc][bd][gc][cc][fc][dd][fb][ic][ec][cd][bc])
(;C[problem 64]PL[B]AB[ee][dc][bd][db][gc][da][gb][gd][de][cf][cd][fe][eb]AW[bb][ed][cc][cb][fc][ca][dd][fb][fa])
(;C[problem 65]PL[B]AB[ea][fd][ee][ac][bf][be][cf][de][fc][fb][fa][fe]AW[ed][ab][db][cc][dd][ce][ec][cd][eb])
(;C[problem 66]PL[B]AB[fd][ee][bd][ce][gc][da][gb][ga][gd][de][ca][fa][cd]AW[ea][ed][dc][db][eb][fc][dd][fb][bc])
(;C[problem 67]PL[B]AB[dc][gc][gb][cc][ga][cb][fc][ec][bc]AW[hc][bb][hb][ha][ac][ee][bd][hd][ce][ge][fa][eb])
(;C[problem 68]PL[B]AB[ee][be][bc][ea][fd][ba][de][ib][hd][da][ga][ce][cc][ad][gd][fc][ic][fa][ia]AW[hb][ha][ed][bd][db][gc][cb][dd][fb][cd][eb])
(;C[problem 69]PL[B]AB[hc][fd][ef][ed][hd][db][cc][df][gd][cb][dd][ce][cd][bc]AW[eg][bg][be][cf][ec][if][dg][fb][ac][dc][jc][bd][gc][ga][fg][bb][hb][ie][fc][gf][ic])
(;C[problem 70]PL[B]AB[hc][fd][if][ee][hd][cc][gd][cb][de][dd][gf][ff][cd]AW[eg][be][jb][fh][ec][dg][jg][je][hh][ed][dc][jc][bd][kf][gc][cg][ce][bb][hb][fc])
(;C[problem 71]PL[B]AB[hc][fd][if][ee][hd][db][cc][gd][cb][de][dd][gf][ff][cd][bc]AW[eg][be][jb][fh][ec][dg][jg][je][hh][ac][ed][dc][jc][bd][kf][gc][cg][ce][eb][bb][hb][fc])
(;C[problem 72]PL[B]AB[ee][ed][be][bd][db][gc][ge][gb][gd][cb][cf][ib][cd][bc]AW[bb][ac][dc][cc][ad][ga][fc][ca][fb][ec])
(;C[problem 73]PL[B]AB[hc][hb][ha][db][gc][cb][fc][fb][eb]AW[bb][id][ed][ec][da][ge][gb][cc][ga][ca][cf][ic][fa][ib][cd])
(;C[problem 74]PL[B]AB[fd][ee][dc][db][cb][fc][dd][fe][eb]AW[bb][ef][hd][gc][da][gb][cc][cf][gf][fb][ce][ff][cd])
(;C[problem 75]PL[B]AB[hc][bb][ac][bf][da][gb][df][ca][dd][ec][eb]AW[ea][bd][db][ad][cb][fa][bc])
(;C[problem 76]PL[B]AB[hb][ee][dc][hd][db][da][cc][gd][dd][ic][ec][cd][fe][bc]AW[fd][bb][ac][ed][be][bd][gb][de][cb][fc][ce][eb])
(;C[problem 77]PL[B]AB[ea][fd][ef][bf][bd][hd][db][af][da][ae][cf][df][fc][fb][fa][ff][cd]AW[bb][ee][ac][be][dc][ad][de][cb][ce][ec][eb])
(;C[problem 78]PL[B]AB[fd][ie][kc][kb][ed][be][he][db][gc][ae][kd][cc][ad][ge][ke][dd][cf][cd]AW[hc][bb][ac][ec][dc][jc][bd][hd][gd][cb][fc][ib][bc])
(;C[problem 79]PL[B]AB[ed][dc][db][gb][df][fc][dd][fb][bc]AW[hc][ea][fd][hb][da][gd][cb][ec][eb])
(;C[problem 80]PL[B]AB[bb][bf][be][bd][de][dd][ce][ec][eb]AW[fd][ed][dc][hd][gb][cc][ad][cb][cd][bc])
(;C[problem 81]PL[B]AB[gc][gb][cc][cb][fc][dd][ec][cd][bc]AW[ee][ac][bf][ed][dc][bd][db][ae][de][fb][ce][eb])
(;C[problem 82]PL[B]AB[ed][cc][eb][fc][dd][ec][cd][bc]AW[ea][fd][hb][ee][bf][be][dc][db][gc][df][fb][fe])
(;C[problem 83]PL[B]AB[bb][ba][ed][da][fc][ca][dd][fb][eb]AW[bf][ab][dc][db][gc][gb][df][gd][cb][de][fa][ec][cd][fe][bc])
(;C[problem 84]PL[B]AB[fd][ee][bd][gc][ge][gb][ad][de][cd]AW[ac][cc][cb][fc][ca][dd][fb][bc])
(;C[problem 85]PL[B]AB[fd][kc][id][kb][ed][ka][jc][hd][cc][gd][cb][dd][fb][ce]AW[hc][dc][jb][gc][ga][fc][ic][ec][ia])
(;C[problem 86]PL[B]AB[ha][ee][ed][gb][de][cb][fc][fb][ce][ib][bc]AW[fd][hb][ef][id][he][db][gc][cc][df][gd][cg][dd][ic][ec][fe][eb])
(;C[problem 87]PL[B]AB[fd][ee][ac][dc][gb][cb][fc][dd][cd][fe][bc]AW[ef][bf][ed][ab][bd][ad][de][ce][ec][eb])
(;C[problem 88]PL[B]AB[ba][ed][ab][bd][gc][gb][ad][ga][fc][dd][cd]AW[ea][ac][dc][cb][fb][ec][bc])
(;C[problem 89]PL[B]AB[fd][ef][ee][ed][dc][bd][dg][ge][cc][cb][cg][ff][bc]AW[eg][be][db][cf][ec][cd][kc][gg][eh][ci][hd][fg][eb][ie][df][gd][fc][dd][gf][ic])
(;C[problem 90]PL[B]AB[ea][fd][ee][be][ce][ae][de][fc][fb][fa]AW[ed][da][eb][cb][ec][bc])
(;C[problem 91]PL[B]AB[fd][ee][bf][bd][ad][de][fc][fb][ce][eb]AW[ed][db][cb][dd][ec][cd][bc])
(;C[problem 92]PL[B]AB[be][dc][gc][cc][ce][ec]AW[bd][cb][db][bc])
(;C[problem 93]PL[B]AB[hb][bd][db][bc][gb][cb][fb][eb]AW[hc][bb][ha][id][kb][be][ec][dc][jb][gc][ae][cc][fc][ib][cd])
(;C[problem 94]PL[B]AB[hc][ba][ha][kb][be][ec][dc][aa][jb][gc][ae][cc][df][fc][ca][ce][ib]AW[hb][ac][bd][db][bc][gb][ad][cb][fb][eb])
(;C[problem 95]PL[B]AB[fd][ed][be][gc][gb][cc][ga][dd][cf][cd]AW[dc][bd][eb][cb][fb][bc])
(;C[problem 96]PL[B]AB[hc][bg][ed][be][dc][ce][gb][de][fc][ib][ec]AW[bd][db][cb][dd][fb][cd][eb])
(;C[problem 97]PL[B]AB[ef][ee][bf][ed][dc][af][gb][cc][df][cf][eb]AW[be][db][ae][de][cb][ce][bc])
(;C[problem 98]PL[B]AB[bd][da][dd][ec][cd][eb]AW[fd][bf][ed][dc][db][gb][df][cb][cf][ff][bc])
(;C[problem 99]PL[B]AB[bb][hb][ba][kc][id][ee][hf][bd][hd][cc][de][dd][ic][lc][fe]AW[hc][fd][ed][dc][gc][cb][ca][eb])
(;C[problem 100]PL[B]AB[bb][ba][id][ee][bf][hf][bd][hd][ge][de][dd][ic][ib][ec][fe][bc]AW[hc][fd][ed][dc][gc][cc][gd][cb][eb])
(;C[problem 101]PL[B]AB[fd][ed][dc][bd][gd][cb][dd][bc]AW[hc][be][he][df][de][fc][cf][ic][ff][cd][eb])
(;C[problem 102]PL[B]AB[ff][hb][ef][bf][gc][gd][de][cg][fb][ce][ec][cd][fe][eb]AW[fd][id][ee][ed][be][dc][bd][he][ge][cb][fc][dd][ic][ib][bc])
(;C[problem 103]PL[B]AB[eg][fd][bf][be][db][gc][da][gb][cc][cg][fa][ff][cd][fe][eb]AW[ee][ed][dc][bd][de][cb][fc][fb][ce][ec][bc])
(;C[problem 104]PL[B]AB[fd][bb][ef][ee][ed][cc][df][fc][cf][ce][cd]AW[hc][bf][be][he][dc][jc][bd][dh][gg][de][cb][cg][dd][fh][fb][ec][bc])
(;C[problem 105]PL[B]AB[ee][dc][ge][gd][cb][fc][ec][fe][bc]AW[bb][kc][hf][he][bd][hd][gc][gb][cc][df][cf][ic][fg][ff][cd])
(;C[problem 106]PL[B]AB[fd][hb][ee][bf][hd][cc][gd][cg][jd][ic][ce][cd]AW[dc][gc][cb][fc][ec][bc])
(;C[problem 107]PL[B]AB[dc][bd][gc][cb][fc][ec][bc]AW[fd][bb][hb][ed][be][hd][cc][gd][dd][ic][cd])
(;C[problem 108]PL[B]AB[fd][bb][ef][ba][ed][be][gc][cc][gd][ce][ff][cd]AW[eg][ie][kc][bf][hf][ab][dc][bd][gg][cb][fc][ca][cg][fg][ic][ec][bc])
(;C[problem 109]PL[B]AB[ea][dc][ae][cc][fc][ce][ec][cd][eb]AW[fd][ac][bf][ed][db][gc][dg][gb][ga][cb][de][dd][cf][bc])
(;C[problem 110]PL[B]AB[ee][bf][ed][be][dc][db][cc][gd][de][cf]AW[bd][cb][fc][ca][dd][ce][cd][bc])
(;C[problem 111]PL[B]AB[bg][be][dc][db][gc][ae][cf][cd]AW[bh][fd][kc][ed][ab][he][bd][jb][dg][df][ad][ch][cb][ic][bc])
(;C[problem 112]PL[B]AB[bb][ef][bg][gc][cc][df][de][fc][dd][cg][fb][ec][cd][fe]AW[hc][ba][bf][dh][hd][db][dg][bc][gb][ch][cb][gf][fh][cf][fa][ib][eb])
(;C[problem 113]PL[B]AB[fd][bb][ba][ed][dc][gc][gb][cc][de][ce][cd]AW[hc][ef][be][ab][bd][ge][cf][df][gd][cb][fc][ca][fb][bc])
(;C[problem 114]PL[B]AB[hc][fd][ba][ee][db][gb][de][cb][fc][cf][ff][bc]AW[bb][bf][be][ab][cc][cg][dd][fb][ce][ec][eb])
(;C[problem 115]PL[B]AB[eg][be][dc][db][ae][ad][cg][dd][ce]AW[ee][ac][ed][bd][gc][de][cb][ec][cd][bc])
(;C[problem 116]PL[B]AB[hc][ee][ed][dc][jc][db][gc][fc]AW[dg][gb][cf][dd][fb][ec][cd][eb])
(;C[problem 117]PL[B]AB[bd][ec][db][bc]AW[bg][ee][be][hd][gc][ge][fb][ce][cd])
(;C[problem 118]PL[B]AB[fd][ed][be][cc][dd][ce]AW[hc][bd][df][de][cg][cd][bc])
(;C[problem 119]PL[B]AB[ed][dc][db][cb][ec]AW[ge][cc][df][de][fc][dd][cg][fb][ff])
(;C[problem 120]PL[B]AB[ed][dc][db][cb][fc]AW[ee][hd][gb][cc][de][dd][fb][fe])
(;C[problem 121]PL[B]AB[ha][dc][gb][df][de][ch][dd][fb][eb]AW[hc][eg][hb][ef][ee][db][jb][cb][fc][ec])
(;C[problem 122]PL[B]AB[bb][ha][dc][gb][df][de][ch][dd][fb][eb]AW[hc][eg][hb][ef][ee][ec][he][db][cc][cb][fc][ib])
(;C[problem 123]PL[B]AB[eg][bg][hg][he][ff][fd][dg][gg][cb][ac][hf][ed][bd][hd][cg][fg][bb][cc][gd][ic]AW[hc][ef][ee][bf][be][dc][gc][ge][cf][df][gf][dd][fb][ib][cd][fe])
(;C[problem 124]PL[B]AB[dc][bd][ad][fc][ec][cd]AW[bf][ed][ab][cc][df][dd][bc])
(;C[problem 125]PL[B]AB[dc][bd][fc][ec][cd]AW[hc][ab][db][cc][bc])
(;C[problem 126]PL[B]AB[hc][ea][hb][ef][ac][bf][be][bd][hd][cf][ad][df][cb][fb][fe][eb]AW[ee][ed][ab][db][da][cc][de][fc][ce][ec][cd][bc])
(;C[problem 127]PL[B]AB[hc][dc][bd][ad][de][fc][ec][cd]AW[ba][db][cc][dd][bc])
(;C[problem 128]PL[B]AB[cc][db][bc]AW[dc][gc][ca][ce][ec][cd])
(;C[problem 129]PL[B]AB[ea][ac][dc][bd][cf][ad][fc][fb][ec][cd]AW[hc][fd][ed][ab][db][cc][eb][gd][ca][dd][bc])
(;C[problem 130]PL[B]AB[dc][bd][fc][fb][ec][cd]AW[db][cc][eb][ca][bc])
(;C[problem 131]PL[B]AB[bf][dc][gc][cf][ce][ec][cd]AW[be][cc][bd][cb])
(;C[problem 132]PL[B]AB[ac][bf][dc][gc][cf][ce][ec][cd]AW[be][bd][cc][cb][bc])
(;C[problem 133]PL[B]AB[bf][dc][bd][gb][cf][de][dd][fb][ic][ec][cd]AW[bh][ef][ci][dh][db][gc][cc][eb][df][fc][fe][bc])
(;C[problem 134]PL[B]AB[ac][bf][dc][bd][gb][cf][de][dd][fb][ic][ec][cd]AW[bh][bb][ef][dh][db][gc][cc][eb][df][fc][fe][bc])
(;C[problem 135]PL[B]AB[db][cc][ad][eb][bc]AW[bb][be][bd][df][fc][dd][fb][ec])
(;C[problem 136]PL[B]AB[ed][cc][ad][dd][bc]AW[hc][ee][bf][dc][bd][gd][de][cd][fe])
(;C[problem 137]PL[B]AB[fd][dc][bd][ad][ca][fb][fa][ec][cd]AW[ea][ba][ac][db][cc][bc])
(;C[problem 138]PL[B]AB[dc][bd][dd][fb][cd][eb]AW[ee][bf][db][gc][da][gb][cc][fc][cf][bc])
(;C[problem 139]PL[B]AB[ed][dc][bd][ad][cb][dd][cd][eb]AW[fd][ee][bf][be][db][da][cc][de][fc][fb][fa][ec][bc])
(;C[problem 140]PL[B]AB[bb][cf][fc][dd][cg][fb][ec][cd][bc]AW[be][jc][bd][db][gc][gb][cc][gd][cb][fa][eb])
(;C[problem 141]PL[B]AB[bb][dc][gc][cb][fc][dd]AW[db][cc][eb][de][ce][bc])
(;C[problem 142]PL[B]AB[hc][fd][bb][ee][dc][hd][da][gd][cb][ec]AW[db][gc][cc][eb][fc][fb][ce][bc])
(;C[problem 143]PL[B]AB[bb][gb][fc][dd][cd][bc]AW[be][bd][cc][cb][cf][eb])
(;C[problem 144]PL[B]AB[be][dc][ce][ec][cd][eb]AW[bd][db][cc][ca][bc])
(;C[problem 145]PL[B]AB[cc][bd][db][bc]AW[hc][ea][be][dc][fc][ce][ec][cd])
(;C[problem 146]PL[B]AB[bb][be][dc][gc][fc][dd][cf][cd]AW[bd][db][cc][cb][bc])
(;C[problem 147]PL[B]AB[ea][bd][db][cc][bc]AW[bb][be][gb][dd][cf][ec][cd][eb])
(;C[problem 148]PL[B]AB[be][dc][fc][fb][ce][ec][cd]AW[bd][db][cc][eb][bc])
(;C[problem 149]PL[B]AB[hb][bf][dc][dg][gb][ch][de][fc][dd][cf][ec][cd][eb]AW[fd][ef][be][bd][hd][db][cc][df][cb][gf][ic][ce][ib])
(;C[problem 150]PL[B]AB[ea][bd][db][cc][eb][bc]AW[hb][be][dc][ae][fc][ca][dd][fb][ce][cd])
(;C[problem 151]PL[B]AB[fd][be][dc][ae][gb][fb][ce][ec][cd]AW[bd][db][cc][ad][eb][bc])
(;C[problem 152]PL[B]AB[ea][fd][hb][bg][ed][be][dc][hd][dd][cf][ic][cd]AW[bd][db][cc][ad][cb][fc][fb][ec])
(;C[problem 153]PL[B]AB[fd][ee][be][gd][de][ce][cd]AW[ed][bd][cc][dd][bc])
(;C[problem 154]PL[B]AB[ee][be][hd][gb][gd][de][ce][cd][fe]AW[fd][ed][bd][cc][dd][bc])
(;C[problem 155]PL[B]AB[dc][db][gb][fc][ca][dd]AW[hb][ef][gc][cc][gd][cb][cf][ic][ce][fe])
(;C[problem 156]PL[B]AB[hc][fd][bf][cc][de][fc][dd][cg][bc]AW[bb][dc][bd][ec][cd])
(;C[problem 157]PL[B]AB[ee][ed][dc][bd][db][de][cf][ce]AW[fd][cc][fc][dd][ec][cd][bc])
(;C[problem 158]PL[B]AB[dc][db][gc][df][de][cd][eb]AW[ee][ed][cc][cb][dd][ec])
(;C[problem 159]PL[B]AB[bb][ed][db][gc][df][gd][de][fb][ec]AW[hc][hb][he][dc][hd][dg][cc][cb][gf][cg][cf][fg][ce])
(;C[problem 160]PL[B]AB[ea][fd][hb][ef][ed][jb][gc][gb][cc][cb][dd][ic]AW[hc][bb][bf][ec][dc][bd][hd][db][cf][gd][fc][fb][ib][cd])
(;C[problem 161]PL[B]AB[ie][ba][id][ec][dc][gb][cc][ad][cb][ca][fb][ic][ib][bc]AW[hc][hb][bf][ed][ab][bd][db][gc][fc][dd][cd][fe][eb])
(;C[problem 162]PL[B]AB[bg][dc][bd][gc][df][ad][de][fc][dd][cg][ce]AW[bf][be][db][cc][cf][cd][bc])
(;C[problem 163]PL[B]AB[hc][bf][be][dc][bd][dh][ge][ch][gd][fc][gf][cg][fb][fh][ec][eh]AW[eg][fd][ed][dg][cc][eb][dd][cf][ce][cd][fe][bc])
(;C[problem 164]PL[B]AB[hb][ed][gc][cc][cb][dd]AW[dc][bd][db][fb][cd])
(;C[problem 165]PL[B]AB[bf][be][dc][bd][db][eb][fb][cd][bc]AW[bb][bg][ee][gb][cc][cb][fc][dd][cg][cf][ce][ec])
(;C[problem 166]PL[B]AB[fd][hb][id][ec][dc][cc][gd][cb][ib][ia][eb]AW[bb][ha][ed][da][fc][dd][fb][cd][bc])
(;C[problem 167]PL[B]AB[ee][ed][dc][db][gc][fc][fb][ec][cd][fe]AW[ff][hb][ef][he][hd][da][cc][de][cb][gf][dd][ce][ib][eb])
(;C[problem 168]PL[B]AB[ee][ed][dc][bd][db][gc][fc][fb][ec][cd][fe]AW[ff][hb][ef][he][hd][da][bc][cc][de][cb][gf][dd][ce][ib][eb])
(;C[problem 169]PL[B]AB[ba][ee][ed][dc][bd][db][gc][fc][fb][ec][cd][fe]AW[ff][hb][ef][he][hd][da][bc][cc][gd][cb][de][dd][gf][ce][ib][eb])
(;C[problem 170]PL[B]AB[hc][fd][bb][ed][jc][hd][cc][cb][dd][ce][ib][bc]AW[hb][ee][dc][bd][db][gb][ad][de][cf][ec][cd])
(;C[problem 171]PL[B]AB[hb][bf][be][dc][bd][gb][fc][ec][cd][bc]AW[hc][fd][kc][ed][dh][db][gc][cc][cb][cg][dd][cf][ic][ce])
(;C[problem 172]PL[B]AB[hc][fd][ee][kb][ed][dc][bd][hd][db][jb][dg][df][gd][cd][ic][lc]AW[ff][ie][hb][ef][bf][hf][jc][ce][gc][cc][de][cb][fc][dd][jd][ib][ec])
(;C[problem 173]PL[B]AB[fd][bd][gc][gb][ad][dd][ec][cd]AW[bb][cc][eb][fb][bc])
(;C[problem 174]PL[B]AB[fd][bd][db][gc][da][gb][ad][dd][ec][cd]AW[bb][dc][cc][eb][ca][fb][bc])
(;C[problem 175]PL[B]AB[bb][dc][cc][eb][fb][bc]AW[fd][bd][db][gc][da][gb][ad][dd][ec][cd])
(;C[problem 176]PL[B]AB[hc][fd][bg][cc][ch][de][cb][fc][dd][cf][ce]AW[bb][bf][be][dc][bd][ec][cd])
(;C[problem 177]PL[B]AB[fd][bg][ed][cc][cg][dd][cf][ce]AW[bf][be][dc][bd][gc][fc][ec][cd])
(;C[problem 178]PL[B]AB[gc][cc][de][cb][fc][dd][ic][ce][ec]AW[be][dc][bd][db][cf][cg][fb][cd][eb])
(;C[problem 179]PL[B]AB[bc][cc][eb]AW[bd][gb][ad][gd][fc][dd][cd])
(;C[problem 180]PL[B]AB[bc][cc][eb]AW[bf][ed][bd][fc][dd][fb][ce])
(;C[problem 181]PL[B]AB[hc][fd][ed][hd][db][gb][cc][gd][dd][bc]AW[ie][hb][ef][bd][jb][gc][cf][fc][gf][fb][ic][ce][ec])
(;C[problem 182]PL[B]AB[hc][fd][ed][hd][cc][gd][dd][ib][bc]AW[hb][ef][id][he][bd][gc][jb][fc][gf][cg][ic][ce][ec])
(;C[problem 183]PL[B]AB[hc][fd][ed][hd][db][gb][cc][gd][dd][bc]AW[hb][ef][id][he][bd][jb][gc][fc][gf][cg][fb][ic][ce][ec][ia])
(;C[problem 184]PL[B]AB[hc][ee][bd][ge][de][cf][cd][fe]AW[fd][ed][cc][dd][bc])
(;C[problem 185]PL[B]AB[ee][bd][gc][de][gd][cf][cd][fe]AW[fd][ed][db][cc][dd][bc])
(;C[problem 186]PL[B]AB[dc][bd][gb][de][fc][ec][cd]AW[cc][bb][db][bc])
(;C[problem 187]PL[B]AB[hc][fd][bb][ed][bd][cc][gd][cb][dd]AW[ef][id][dc][hd][db][gc][ge][fc][cg][ce][cd])
(;C[problem 188]PL[B]AB[eg][ff][hb][dc][bd][gb][ad][de][df][fc][dd][ic][ce][ec][eb]AW[ea][bb][bf][be][he][dh][db][gc][dg][cc][cf][gd][fb][fa][cd][ci][bc])
(;C[problem 189]PL[B]AB[hb][ed][fc][dd][fb][cd]AW[cc][dc][eb])
(;C[problem 190]PL[B]AB[ed][be][gc][cf][dd][fb][ec][cd]AW[dc][bd][cc][cb][eb])
(;C[problem 191]PL[B]AB[ee][be][db][gc][ae][gb][fc][dd][ec][cd]AW[dc][bd][cc][ad][cb][eb])
(;C[problem 192]PL[B]AB[hc][ff][ee][be][gb][fc][cg][ce][ec][cd]AW[dc][bd][cc][dd][fb][eb])
(;C[problem 193]PL[B]AB[hc][ee][be][gb][ad][fc][cg][ce][ec][cd]AW[ab][dc][bd][cc][dd][fb][eb])
(;C[problem 194]PL[B]AB[bf][dc][cc][de][dd][cf][eb]AW[hb][bg][ee][be][dg][df][fc][cg][fb][ce][ec][cd][fe])
(;C[problem 195]PL[B]AB[hb][be][cf][fc][dd][fb][ec][cd]AW[ab][dc][bd][cc][eb])
(;C[problem 196]PL[B]AB[dc][bd][cc][ad][dd][eb]AW[ee][be][ae][de][fc][fb][ce][ec][cd])
(;C[problem 197]PL[B]AB[cc][dc][ec][db]AW[ed][cf][fc][dd][fb][cd][eb])
(;C[problem 198]PL[B]AB[ef][ed][db][cc][gd][ec][fe]AW[hc][eg][he][bd][hd][dg][cf][gf][fb][ff][cd][eb])
(;C[problem 199]PL[B]AB[ea][dc][bd][db][cc][ec]AW[ed][be][gb][cf][fc][dd][fb][cd][eb])
(;C[problem 200]PL[B]AB[ed][be][gc][ce][ec][cd]AW[cc][dc][bd][db])
(;C[problem 201]PL[B]AB[hc][hb][ee][ed][dc][db][gc][cc][fc]AW[bd][gb][eb][dd][fb][ec][cd][bc])
(;C[problem 202]PL[B]AB[hc][eg][bb][bg][ac][bf][dc][db][da][ae][gb][cc][ad][gd][cg][dd][ff]AW[ea][ba][ee][ed][be][bd][eb][de][cf][ce][ec][cd][bc])
(;C[problem 203]PL[B]AB[ea][hb][gb][eb][dd][ec][cd][bc]AW[hc][bb][ee][ed][be][dc][db][da][cc][gd][ic])
(;C[problem 204]PL[B]AB[hb][ed][bd][gb][gd][dd][cd][bc]AW[bb][dc][db][cc][fb])
(;C[problem 205]PL[B]AB[hb][ed][bd][gb][gd][ca][dd][cd][bc]AW[bb][dc][db][cc][fb][ec])
(;C[problem 206]PL[B]AB[cc][dc]AW[ed][gc][de][ec][cd])
(;C[problem 207]PL[B]AB[cf][fc][dd][fb][ec][cd]AW[ea][cc][dc][eb])
(;C[problem 208]PL[B]AB[cf][fc][ca][dd][fb][ec][cd]AW[ea][dc][cc][eb][bc])
(;C[problem 209]PL[B]AB[bd][cf][fc][dd][fb][ec][cd]AW[ea][ab][dc][cc][eb])
(;C[problem 210]PL[B]AB[ed][gc][cg][ce][ec][cd]AW[cc][dc][bd])
(;C[problem 211]PL[B]AB[ea][bb][bf][ed][gc][cg][ce][ec][cd]AW[be][dc][bd][db][cc][bc])
(;C[problem 212]PL[B]AB[fd][bb][ed][dc][gc][cc][gd]AW[ee][bd][df][eb][fc][dd][ec][cd][bc])
(;C[problem 213]PL[B]AB[hc][fd][hb][hd][ge][ga][ec][cd][bc]AW[if][ff][bb][hg][ha][ac][kb][id][be][dc][he][gc][df][de][ib][fe])
(;C[problem 214]PL[B]AB[hc][fd][hb][ba][bd][hd][ge][ga][dd][ec][cd][bc]AW[hg][be][he][ff][if][ha][id][de][ib][ac][dc][gc][fe][bb][kb][cc][ad][df][ca])
(;C[problem 215]PL[B]AB[hb][ac][ed][be][fc][dd][fb][cd][bc]AW[bb][ab][dc][cc][eb])
(;C[problem 216]PL[B]AB[hc][bd][gb][fc][dd][ec][cd][bc]AW[bb][ab][dc][cc][eb])
(;C[problem 217]PL[B]AB[fd][ba][ee][be][bd][gb][de][fb][ce][fe][bc]AW[bb][ed][ab][cc][dd][ec][cd][eb])
(;C[problem 218]PL[B]AB[hb][ed][bd][gb][gd][ca][dd][ic][fa][cd][bc]AW[ea][bb][ab][dc][db][cc][fb])
(;C[problem 219]PL[B]AB[ee][ed][bd][eb][gd][cb][fc][ca][ce][bc]AW[hc][bb][ab][dc][db][cc][ec])
(;C[problem 220]PL[B]AB[ee][ac][ed][be][gc][gb][fc][cd][bc]AW[bb][ab][dc][cc][fb][ec])
(;C[problem 221]PL[B]AB[ed][bd][gc][gb][fc][dd][cd][bc]AW[bb][ab][dc][cc][fb][ec])
(;C[problem 222]PL[B]AB[hc][fd][ac][be][gb][de][fc][cd][bc]AW[bb][ab][dc][cc][fb][ec])
(;C[problem 223]PL[B]AB[fd][ac][be][gc][gb][ga][de][cd][fe][bc]AW[bb][ab][dc][cc][fb][ec])
(;C[problem 224]PL[B]AB[fd][ed][be][bd][gc][gb][dd][bc]AW[bb][ab][dc][cc][fb])
(;C[problem 225]PL[B]AB[fd][ac][ed][bd][gc][gb][dd][ic][cd][bc]AW[bb][ab][dc][cc][fc][fb])
(;C[problem 226]PL[B]AB[fd][ed][bd][gc][gb][gd][dd][cd][bc]AW[bb][ab][dc][cc][fc][fb])
(;C[problem 227]PL[B]AB[fd][hb][ed][bd][gb][gd][dd][cd][bc]AW[bb][ab][dc][cc][fc][fb])
(;C[problem 228]PL[B]AB[fd][hb][ed][gb][gd][dd][cd]AW[fb][cc][dc][fc])
(;C[problem 229]PL[B]AB[fd][ac][ed][be][jc][hd][gc][gb][gd][cd][dd][ic][ce][lc][bc]AW[hc][ff][bb][hb][ie][id][bg][hf][ab][dc][dg][cc][df][ga][fc][fb][ec])
(;C[problem 230]PL[B]AB[hc][fd][ee][bf][bd][hd][jb][ge][de][jd][ib][cd][fe][bc]AW[eg][bb][hb][bg][hf][ab][dc][he][gc][cc][gb][gd][cg][dd][fg])
(;C[problem 231]PL[B]AB[hc][eg][hg][bf][jc][af][jb][dg][ge][ad][gd][gf][cf][ic][ce][fg][cd][bc]AW[fd][bb][hb][ff][bg][ci][ab][dc][ag][gc][cc][df][fc][cg][ib][fe])
(;C[problem 232]PL[B]AB[hc][fd][ff][ha][ac][ee][bf][jc][bd][gc][ja][ga][gd][de][ce][ib][bc]AW[bb][hb][ed][ab][gb][cc][fc][dd][fb][cd])
(;C[problem 233]PL[B]AB[ef][bd][gc][ge][gb][cf][gd][df][fb][ce][cd][fe]AW[fd][ee][dc][cc][de][fc][dd][eb])
(;C[problem 234]PL[B]AB[ef][bd][gc][ge][gb][cf][gd][df][fb][ce][cd][fe]AW[fd][ee][ed][dc][cc][de][fc][dd][eb])
(;C[problem 235]PL[B]AB[hc][ed][gd][fc][dd][fb][cd][eb]AW[fd][ee][dc][db][de][cg][ce][ec][fe])
(;C[problem 236]PL[B]AB[dc][gb][cc][fc][eb]AW[hb][ee][ed][be][gc][gd][ic][cd][bc])
(;C[problem 237]PL[B]AB[hc][bf][ed][bd][gc][ic][ec][cd][bc]AW[bb][ac][dc][cc][eb])
(;C[problem 238]PL[B]AB[ed][bd][gc][gb][fc][dd][ib][cd][bc]AW[bb][ac][dc][cc][fb][eb])
(;C[problem 239]PL[B]AB[ed][bd][gc][gb][dd][ib][cd][bc]AW[bb][ac][dc][cc][fb][eb])
(;C[problem 240]PL[B]AB[hc][hb][bf][bd][gc][fc][dd][ec][cd][bc]AW[bb][ac][dc][gb][cc][fb][eb])
(;C[problem 241]PL[B]AB[hc][hb][bf][ab][bd][gc][fc][dd][ec][cd][bc]AW[bb][ac][dc][gb][cc][ca][fb][eb])
(;C[problem 242]PL[B]AB[hc][hb][bf][bd][gc][fc][dd][ec][cd][bc]AW[bb][ac][dc][aa][gb][cc][fb][eb])
(;C[problem 243]PL[B]AB[cc][eb][dc][da]AW[ed][bd][gc][dd][fb][ec][cd])
(;C[problem 244]PL[B]AB[ed][bd][cf][fc][fb][cd]AW[cc][bb][dc][eb])
(;C[problem 245]PL[B]AB[hc][be][gb][fc][dd][ce][ec][cd]AW[cc][bb][dc][eb])
(;C[problem 246]PL[B]AB[ef][gc][gb][df][fc][dd][cg][ce][ec]AW[dc][dg][cc][cf][fb][eb])
(;C[problem 247]PL[B]AB[fd][ef][bg][cg][cf][ce][ec]AW[hc][bf][be][cc][cd])
(;C[problem 248]PL[B]AB[bd][gc][gb][fc][dd][ec][cd]AW[ab][dc][cc][fb][eb])
(;C[problem 249]PL[B]AB[fb][cc][dc][eb]AW[ee][bd][gc][gb][fc][dd][ce][ec])
(;C[problem 250]PL[B]AB[gc][gb][fc][dd][ec][cd]AW[fb][cc][dc][eb])
(;C[problem 251]PL[B]AB[hc][bd][gc][fc][dd][ic][ib][ec][cd]AW[hb][dc][gb][cc][fb][eb])
(;C[problem 252]PL[B]AB[hc][fd][hb][ed][bd][gd][dd][ec][cd]AW[dc][gc][gb][cc][ga][fc][eb])
(;C[problem 253]PL[B]AB[hc][gb][gd][de][cg][dd][ce]AW[cc][cd][eb])
(;C[problem 254]PL[B]AB[hc][fd][ed][be][dc][gc][de][dd][cf]AW[db][cc][ec][cd][eb])
(;C[problem 255]PL[B]AB[bf][ed][gc][dd][cf][ec][cd]AW[be][cc][dc][bd])
(;C[problem 256]PL[B]AB[bf][dc][gc][gb][de][fc][cg][ce][ec]AW[db][cc][fb][cd][eb])
(;C[problem 257]PL[B]AB[hc][gc][de][fc][dd][ce][ec]AW[gb][cc][fb][cd][eb])
(;C[problem 258]PL[B]AB[fd][bg][id][bf][ed][be][hd][jb][dg][df][gd][cg][dd][ic][ib][cd]AW[eg][ee][db][gb][ch][fh][bc][if][ag][je][fb][bh][ef][hf][jc][bd][hb][kb][dh][gf][jd][lc])
(;C[problem 259]PL[B]AB[ea][fd][bg][id][bf][ed][be][hd][jb][dg][df][gd][cb][cg][dd][ic][ib][cd]AW[eg][ee][db][gb][ch][fh][bc][if][ag][je][fb][bh][ef][hf][jc][bd][da][bb][hb][kb][dh][gf][jd][lc])
(;C[problem 260]PL[B]AB[eg][ee][db][gb][ch][fh][bc][if][ag][je][fb][bh][ef][hf][jc][bd][hb][kb][dh][cc][gf][jd][lc]AW[fd][bg][id][bf][ed][be][dc][hd][jb][dg][df][gd][cb][cg][dd][ic][ib][cd])
(;C[problem 261]PL[B]AB[bg][ee][ed][be][bd][dg][gb][gd][de][fc][cf]AW[bf][eb][dd][fb][ce][ec][cd][bc])
(;C[problem 262]PL[B]AB[bb][bg][ee][ed][dg][gb][gd][cb][fc][de][cf]AW[bf][ae][ad][eb][dd][fb][ce][ec][cd][bc])
(;C[problem 263]PL[B]AB[hc][fd][hb][ed][be][bd][cf][df][gd][de][fc][jd][fb][ic][ff]AW[bg][bf][ig][he][hd][ce][gc][gb][gg][ga][cb][ch][dd][eh][fa][ec][cd][eb])
(;C[problem 264]PL[B]AB[hc][fd][hb][ed][be][jc][bd][cf][df][gd][de][fc][fb][ff]AW[bg][bf][ig][he][hd][ce][gc][gb][gg][ga][cb][ch][dd][eh][fa][ec][cd][eb])
(;C[problem 265]PL[B]AB[bg][he][gb][ch][ec][cd][bc][gg][cb][eh][bf][hd][gc][ga][ce][ig][eb][dd][fa]AW[hc][fd][bb][hb][ed][be][jc][bd][cf][df][gd][de][fc][ca][fb][ff])
(;C[problem 266]PL[B]AB[fd][hb][bg][ee][be][db][de][cb][fc][fb][ce]AW[ed][bd][ae][cc][eb][dd][fa][ec][bc])
(;C[problem 267]PL[B]AB[ed][be][ce][ae][ad][fc][dd][fb][fa][fe]AW[bb][ac][dc][bd][da])
(;C[problem 268]PL[B]AB[ed][be][ce][ae][gb][ad][fc][dd][fa][fe]AW[bb][ac][dc][bd][da])
(;C[problem 269]PL[B]AB[ea][be][dc][ae][eb][ec][cd][bc]AW[bf][ed][ce][af][cf][cb][fc][dd][fb][fa])
(;C[problem 270]PL[B]AB[bf][dc][gc][cf][ce][ec][cd]AW[be][bd][cb][bc])
(;C[problem 271]PL[B]AB[be][bd][cb][bc]AW[bf][ab][gc][dd][cf][ce][ec][cd])
(;C[problem 272]PL[B]AB[be][dc][gc][fb][ce][ec][cd]AW[bd][db][eb][cb][bc])
(;C[problem 273]PL[B]AB[hb][ba][bg][be][fc][fb][ce][ec][cd]AW[bd][db][ad][eb][cb][bc])
(;C[problem 274]PL[B]AB[dc][eb][cb][fa][bc]AW[hb][ed][bd][cc][fc][fb][ce][cd])
(;C[problem 275]PL[B]AB[fd][ed][be][fc][dd][fb][ce]AW[bc][ec][cb][eb])
(;C[problem 276]PL[B]AB[bf][ed][bd][gc][gb][fc][dd][ib][cd]AW[eb][cb][fb][ec][bc])
(;C[problem 277]PL[B]AB[ed][bd][gc][gb][cc][ad][fc][dd][ib][cd]AW[bb][bc][cb][fb][fa][ec][eb])
(;C[problem 278]PL[B]AB[fd][ee][be][bd][ce][de][fc][fb][fa]AW[eb][cb][ec][cd][bc])
(;C[problem 279]PL[B]AB[ea][fd][ba][ee][ed][be][bd][ce][de][fc][fb][fa]AW[db][da][eb][cb][dd][ec][cd][bc])
(;C[problem 280]PL[B]AB[fd][ac][ed][bd][gb][ad][ga][fc][dd][cd]AW[ea][bb][ab][dc][fb][ec][bc])
(;C[problem 281]PL[B]AB[hc][be][he][bd][hd][dg][ge][de][fc][fb][ce][ec]AW[fd][bb][ed][db][gd][dd][cd][bc])
(;C[problem 282]PL[B]AB[fd][ee][bf][bd][ad][de][fc][fb][ce][eb]AW[bb][ed][db][dd][ec][cd][bc])
(;C[problem 283]PL[B]AB[fd][hb][ee][bf][bd][de][fc][fb][ce]AW[bb][ed][eb][dd][ec][bc])
(;C[problem 284]PL[B]AB[hc][fd][hb][ed][bd][gc][cc][dd][cd]AW[bb][dc][gb][cb][fc][ec][bc])
(;C[problem 285]PL[B]AB[fd][ed][bd][gb][cc][ga][ad][fc][de][cd]AW[bb][bc][cb][fb][fa][ec][eb])
(;C[problem 286]PL[B]AB[fd][hb][ed][bd][hd][gc][ad][dd][ib][cd]AW[gb][cb][fb][ec][bc])
(;C[problem 287]PL[B]AB[fd][bb][hb][ba][ed][bd][hd][gc][ad][dd][ib][cd]AW[ab][db][gb][cb][fb][ec][bc])
(;C[problem 288]PL[B]AB[hc][hb][ha][ed][bd][gc][ad][ga][fc][dd][cd]AW[ea][dc][gb][cb][fb][ec][bc])
(;C[problem 289]PL[B]AB[hc][fd][hb][ha][ed][bd][gc][dd][cd]AW[gb][cb][fc][fb][ec][bc])
(;C[problem 290]PL[B]AB[ec][cb][fc][bc]AW[ed][bd][gc][gb][gd][dd][ib][cd])
(;C[problem 291]PL[B]AB[ee][be][ed][ce][de][fc][fb][fa]AW[ea][bb][dc][dd][eb])
(;C[problem 292]PL[B]AB[ee][be][df][fc][fb][ce][ec]AW[ea][bb][dc][dd][eb])
(;C[problem 293]PL[B]AB[hc][ef][ee][be][df][fc][cg][fb][ce]AW[bb][dc][de][dd][eb])
(;C[problem 294]PL[B]AB[fd][hb][ef][df][fc][cg][fb][ce][cd]AW[bb][dc][de][dd][ec][eb])
(;C[problem 295]PL[B]AB[fd][hb][ef][dg][cf][fc][fb][ce][cd][fe]AW[bb][dc][de][dd][ec][eb])
(;C[problem 296]PL[B]AB[ed][bd][gc][gb][fc][dd][cd]AW[bb][dc][fb][fa][ec])
(;C[problem 297]PL[B]AB[hc][ed][jc][bd][gc][fc][dd][ib][cd]AW[bb][dc][gb][fb][ec])
(;C[problem 298]PL[B]AB[hc][fd][hb][ed][gc][dd][cd]AW[gb][cb][fc][fb][ec])
(;C[problem 299]PL[B]AB[hc][fd][hb][ed][gc][dd][cd]AW[gb][cb][fc][fa][ec])
(;C[problem 300]PL[B]AB[fd][hb][df][fc][cg][fb][ce][cd][fe]AW[dc][eb][de][dd][ec][bc])
(;C[problem 301]PL[B]AB[bb][gb][fc][fb][ec][bc]AW[hc][fd][hb][bf][ed][bd][db][gc][dd][cd])
(;C[problem 302]PL[B]AB[hc][fd][hb][ac][ed][bd][db][gc][dd][cd]AW[bb][bf][dc][af][gb][cf][fc][fb][ec][bc])
(;C[problem 303]PL[B]AB[hc][fd][hb][ed][bd][gc][ad][dd][cd]AW[bb][gb][fc][fb][ec][bc])
(;C[problem 304]PL[B]AB[ec][eb]AW[ed][gc][fc][dd][cg][ce])
(;C[problem 305]PL[B]AB[fd][hb][ed][fc][fb][ce][cd]AW[dc][eb][cg][ec][bc])
(;C[problem 306]PL[B]AB[hc][fd][ef][de][ff][cd][bc]AW[gb][ec][cb])
(;C[problem 307]PL[B]AB[ee][bf][bd][gc][gb][gd][de][ce][fe]AW[bb][ed][dc][da][fb])
(;C[problem 308]PL[B]AB[gb][dc][ec][cb]AW[hc][fd][bb][hb][db][de][cd])
(;C[problem 309]PL[B]AB[ec][bb][cb][fc]AW[hc][fd][gb][gd][de][cd][bc])
(;C[problem 310]PL[B]AB[hc][fd][hb][ee][gc][de][cd][fe][bc]AW[bb][ed][gb][cb][fc][ec])
(;C[problem 311]PL[B]AB[bb][ed][gb][cb][fc][ec]AW[hc][fd][hb][ee][ac][gc][cc][ce][fe][bc])
(;C[problem 312]PL[B]AB[hc][fd][hb][ee][ac][gc][cc][ce][fe][bc]AW[bb][ed][ab][gb][cb][fc][ec])
(;C[problem 313]PL[B]AB[kc][ac][gc][cc][gd][dd][ic][ce][fe][bc]AW[bb][ab][cb][fc][ec])
(;C[problem 314]PL[B]AB[ba][kc][ac][gc][cc][gd][dd][ic][ce][fe][bc]AW[bb][ab][dc][cb][fc][ec])
(;C[problem 315]PL[B]AB[hc][fd][hb][ha][ac][id][ed][cc][gd][dd][bc]AW[ea][bb][gc][gb][ga][cb][fc][fa][ec])
(;C[problem 316]PL[B]AB[bb][hb][dc][gb][cb][fc][ec]AW[hc][fd][ba][ed][ab][cc][gd][dd][ic][ce][ib][bc])
(;C[problem 317]PL[B]AB[hb][ba][db][gb][cb][fc][ec]AW[hc][bb][kc][ed][dc][gc][ge][cc][de][ic][ib][bc])
(;C[problem 318]PL[B]AB[hb][ba][ed][ec][db][gc][gd][cb][fc][ib][fe]AW[eg][bb][kc][he][dc][jb][cc][eb][de][je][gf][fb][ic][bc])
(;C[problem 319]PL[B]AB[bd][fc][fb][ec][cd]AW[bc][ba][db][eb])
(;C[problem 320]PL[B]AB[fd][ed][be][fc][dd][ce]AW[dc][bb][bd][ec])
(;C[problem 321]PL[B]AB[hc][fd][ed][be][de][fc][ce][bc]AW[bb][dc][bd][dd][ec])
(;C[problem 322]PL[B]AB[eg][ee][bf][be][ad][de][fc][cg][fb][ic][cd]AW[bb][dc][bd][eb][dd][ce][bc])
(;C[problem 323]PL[B]AB[ed][bd][gc][gb][ga][fc][dd][cd]AW[ba][db][fb][ec][bc])
(;C[problem 324]PL[B]AB[bd][ec][db][bc]AW[ee][be][gc][ge][gd][de][fb][ce][cd])
(;C[problem 325]PL[B]AB[ba][dc][db][cd][bc]AW[be][bd][gb][de][dd][cf][ec][eb])
(;C[problem 326]PL[B]AB[ed][be][ae][gb][de][ce][ec][eb]AW[bb][bd][db][cd])
(;C[problem 327]PL[B]AB[ea][ee][be][ae][dd][ce][ec][eb]AW[ac][bd][db][cb][cd])
(;C[problem 328]PL[B]AB[dc][bd][db][bc]AW[ed][be][gc][cf][dd][fb][cd])
(;C[problem 329]PL[B]AB[dc][db][eb][cd][bc]AW[hb][be][bd][cf][de][fc][dd][fb][ec])
(;C[problem 330]PL[B]AB[fd][bf][be][de][fc][dd][fb][ff]AW[dc][bd][ec][cd][bc])
(;C[problem 331]PL[B]AB[dc][bd][cd]AW[ed][be][gb][fc][dd][cg][ce])
(;C[problem 332]PL[B]AB[dc][bb][bd][cd]AW[hc][fd][be][cc][de][fc][dd][ce])
(;C[problem 333]PL[B]AB[dc][bd][cb][cd]AW[bg][ed][be][gb][fc][dd][ce][bc])
(;C[problem 334]PL[B]AB[dc][bd][cc][cb][cd]AW[hc][bb][ed][be][fc][dd][cg][ce][bc])
(;C[problem 335]PL[B]AB[bb][bg][ed][be][gc][de][fc][ic][ce]AW[dc][bd][cb][ec][cd])
(;C[problem 336]PL[B]AB[bb][bg][ed][be][gc][de][fc][ic][ce][bc]AW[ac][dc][bd][cb][ec][cd])
(;C[problem 337]PL[B]AB[bb][dc][db][ce][cd][eb]AW[bf][ed][gc][cf][ad][de][df][fb][ec][bc])
(;C[problem 338]PL[B]AB[hc][fd][bg][ed][be][fc][dd][ce]AW[dc][bd][ae][ec][cd])
(;C[problem 339]PL[B]AB[fd][ed][be][gc][dd][ic][ce]AW[dc][bd][ec][cd])
(;C[problem 340]PL[B]AB[hc][fd][bf][be][ed][de][fc][cf]AW[dc][bd][ce][ec][cd])
(;C[problem 341]PL[B]AB[hb][bf][cf][df][de][fc][fb][ec][fe]AW[dc][db][ce][cd][eb])
(;C[problem 342]PL[B]AB[hc][fd][ed][be][gb][df][fc][dd][ce]AW[dc][bd][fb][ec][cd][eb])
(;C[problem 343]PL[B]AB[hc][fd][ee][be][gb][fc][dd][ce][fe]AW[ed][dc][bd][fb][ec][eb])
(;C[problem 344]PL[B]AB[hc][be][he][hd][gc][ch][de][dd][ce][ff]AW[fd][dc][bd][gd][ec][cd])
(;C[problem 345]PL[B]AB[hc][fd][hb][ed][be][gd][cg][dd][ce]AW[dc][bd][gc][fc][ec][cd])
(;C[problem 346]PL[B]AB[hc][ea][bb][hb][fd][ed][ab][be][gd][cg][dd][ce]AW[ac][dc][bd][gc][gb][cc][fc][ec][cd])
(;C[problem 347]PL[B]AB[hc][fd][hb][ef][bg][ed][be][hd][ce]AW[dc][bd][gc][fc][ec])
(;C[problem 348]PL[B]AB[hc][fd][hb][ef][bg][ed][be][hd][cb][ce]AW[dc][bd][gc][cc][fc][ec])
(;C[problem 349]PL[B]AB[bb][db][dd][cd][eb]AW[bg][ed][ab][be][gc][de][fb][ce][ec])
(;C[problem 350]PL[B]AB[bf][ed][gb][de][cg][ce][ec][eb]AW[bb][be][db][dd][cd])
(;C[problem 351]PL[B]AB[fd][ee][be][de][fc][fb][ce][eb]AW[bb][db][dd][ec][cd])
(;C[problem 352]PL[B]AB[bf][ed][bd][ad][de][fc][fb][ce][fe]AW[ac][db][eb][dd][cd][bc])
(;C[problem 353]PL[B]AB[ea][ed][be][ae][de][ce][ec][eb]AW[bb][dc][db][ad][dd][cd])
(;C[problem 354]PL[B]AB[ed][be][bd][gc][de][fb][ce][ec]AW[dc][db][eb][dd][cd][bc])
(;C[problem 355]PL[B]AB[be][ed][bd][de][fc][fb][ce]AW[dc][db][eb][dd][cd][bc])
(;C[problem 356]PL[B]AB[ee][bf][db][gc][cf][ce][ec][eb]AW[be][dc][bd][cb][dd][cd])
(;C[problem 357]PL[B]AB[bb][eb][dd][ec][cd][bc]AW[fd][ee][be][bd][gb][cc][cb][cg][fb][ce])
(;C[problem 358]PL[B]AB[hc][ee][bf][be][bd][cc][de][cb][fc][fb][ce]AW[bb][dc][eb][ad][dd][ec][cd][bc])
(;C[problem 359]PL[B]AB[fd][ee][bf][be][bd][cc][de][cb][fc][ca][fb][ce]AW[bb][dc][da][eb][ad][dd][ec][cd][bc])
(;C[problem 360]PL[B]AB[dc][fc][dd][ec][cd][bc]AW[ee][bf][bd][gc][gb][cc][ad][gd][de][fb][ce])
(;C[problem 361]PL[B]AB[hc][fd][ed][be][bd][gb][cc][gd][cb][de][ce]AW[bb][dc][fc][dd][ec][cd][bc])
(;C[problem 362]PL[B]AB[hc][ed][be][he][bd][gb][cc][de][cb][ce][fe]AW[bb][dc][fc][dd][ec][cd][bc])
(;C[problem 363]PL[B]AB[hc][hb][ed][be][he][bd][cc][gd][cb][de][ce][fe]AW[bb][dc][gc][fc][dd][ec][cd][bc])
(;C[problem 364]PL[B]AB[cb][fc][dd][ec][cd]AW[fd][ef][ed][be][db][gc][gb][gd][cf])
(;C[problem 365]PL[B]AB[ec][cd][dd][bc]AW[fd][hb][ed][be][bd][hd][gc][de][ce])
(;C[problem 366]PL[B]AB[fd][hb][bg][ee][be][bd][fc][fb][ce]AW[eb][dd][ec][cd][bc])
(;C[problem 367]PL[B]AB[hc][fd][ee][be][bd][gb][de][fc][ce]AW[eb][dd][fb][ec][cd][bc])
(;C[problem 368]PL[B]AB[fd][ef][ee][ed][be][bd][gc][ge][gd][de][ce][ff]AW[hc][eg][bg][he][hd][dg][gb][gg][fc][dd][gf][cg][ic][fg][ec][cd][bc])
(;C[problem 369]PL[B]AB[hc][ef][ee][bd][df][fc][cf][ce][ec]AW[dc][de][dd][cd][bc])
(;C[problem 370]PL[B]AB[hc][fd][ee][bd][db][ch][fc][cf][ce][ff]AW[be][jc][cc][dd][ec][cd])
(;C[problem 371]PL[B]AB[fd][hb][ee][be][hd][ae][de][ic][ce]AW[fb][dc][bc])
(;C[problem 372]PL[B]AB[ea][be][dc][ce][ec][cd][eb]AW[bb][bd][db][da][cc])
(;C[problem 373]PL[B]AB[fd][be][jc][cf][ad][dd][fb][cd]AW[bb][bd][db][cc][bc])
(;C[problem 374]PL[B]AB[be][dc][gc][ae][fc][dd][ce]AW[cc][ad][bd][db])
(;C[problem 375]PL[B]AB[ed][gc][cf][dd][fb][ec][cd]AW[cc][dc][db][eb])
(;C[problem 376]PL[B]AB[cc][bd][cd]AW[be][dc][gc][de][ce][ec])
(;C[problem 377]PL[B]AB[ed][bd][dd][ec][cd][eb]AW[hc][fd][ee][dc][db][cc][de][fc][cg][ce][bc])
(;C[problem 378]PL[B]AB[hc][ed][be][bd][gd][de][fc][dd][fb][ce][eb]AW[fd][ef][bg][bf][dc][db][dg][cc][ec][cd][fe][bc])
(;C[problem 379]PL[B]AB[ie][ef][bg][id][he][bd][jb][gc][ge][cc][df][ch][cb][fc][cf][ib][cd][fe]AW[hc][hb][ee][bf][ed][be][hd][db][gb][de][fb][ce][ec][eb])
(;C[problem 380]PL[B]AB[bd][cc][cb][dd][cd]AW[hc][hb][ef][be][dc][db][gd][de][ce][fe])
(;C[problem 381]PL[B]AB[ea][ee][bf][ed][be][bd][gc][da][gb][de][fc][ec][cd][eb]AW[hc][eg][hb][bg][dc][hd][db][ge][cc][cg][ca][dd][cf][ce][fe][bc])
(;C[problem 382]PL[B]AB[ea][ee][bf][ed][ab][be][bd][gc][da][gb][de][fc][ec][cd][eb]AW[hc][eg][hb][bg][dc][hd][db][ge][cc][ad][cg][ca][dd][cf][ce][fe][bc])
(;C[problem 383]PL[B]AB[ea][be][dc][ae][de][fc][dd][ce][eb]AW[bd][db][cc][ad][cb][cd])
(;C[problem 384]PL[B]AB[be][dc][ae][de][fc][dd][ce][eb]AW[bd][db][cc][ad][cb][ic][cd])
(;C[problem 385]PL[B]AB[bd][db][cc][ad][cb][cd]AW[be][ab][dc][ae][gb][de][fc][dd][ce][eb])
(;C[problem 386]PL[B]AB[ed][be][gc][ae][fc][dd][cf][fa][cd][eb]AW[dc][bd][db][cc][ad][ec][bc])
(;C[problem 387]PL[B]AB[bf][ed][be][gb][dd][ec][cd][eb]AW[dc][bd][db][ae][cc][bc])
(;C[problem 388]PL[B]AB[bf][ed][be][gb][dd][ec][cd][eb]AW[ea][dc][bd][db][cc][bc])
(;C[problem 389]PL[B]AB[ea][bd][db][cc][cb][cd]AW[be][dc][da][de][dd][fb][ce][eb])
(;C[problem 390]PL[B]AB[ea][dc][bd][db][ae][cc][bc]AW[bf][ed][be][gb][ca][dd][ec][cd][eb])
(;C[problem 391]PL[B]AB[bf][ed][bd][gb][dd][fb][ec][cd]AW[dc][db][cc][eb][fa][bc])
(;C[problem 392]PL[B]AB[bf][ed][bd][gb][dd][fb][ec][cd]AW[dc][db][cc][eb][ad][fa][bc])
(;C[problem 393]PL[B]AB[bf][dc][da][de][fc][dd][cg][ce][eb]AW[hb][be][bd][db][cc][cb][ca][cd])
(;C[problem 394]PL[B]AB[hb][bd][ga][fc][dd][fb][ec][cd]AW[ac][dc][db][cc][eb][fa][bc])
(;C[problem 395]PL[B]AB[ed][be][gc][ae][cf][dd][fb][ec][cd]AW[dc][bd][db][cc][eb][bc])
(;C[problem 396]PL[B]AB[fd][ed][bd][db][da][dd][ec]AW[hc][ea][ef][be][ge][cc][cf][gd][fc][fb][eb])
(;C[problem 397]PL[B]AB[ff][gc][gb][cf][gd][df][fb][ec][fe]AW[fd][ed][he][ge][fc][dd][jd][ic][ce][eb])
(;C[problem 398]PL[B]AB[hc][bg][ee][he][ag][hd][dg][cf][cb][fc][fb][ff][eb]AW[fd][bf][ed][be][db][da][gd][dd][ec])
(;C[problem 399]PL[B]AB[fd][ef][ed][db][da][df][dd][ec][cd]AW[hc][dg][cc][cf][gd][cb][fc][ch][fb][fg][ce][fe][eb])
(;C[problem 400]PL[B]AB[cc][eb][fa][ec][bc]AW[fd][hb][bf][bd][fc][dd][fb][cd])
(;C[problem 401]PL[B]AB[bc][cc][ec][eb]AW[fd][bf][ed][bd][gb][dd][fb][cd])
(;C[problem 402]PL[B]AB[hc][bf][ed][bd][gc][fc][dd][cd]AW[cc][ad][eb][ec][bc])
(;C[problem 403]PL[B]AB[hc][bf][ed][dc][bd][gc][fc][ca][dd][cd]AW[db][da][cc][eb][ad][ec][bc])
(;C[problem 404]PL[B]AB[fd][bf][ed][bd][gc][gb][dd][cd]AW[cc][ad][eb][ec][bc])
(;C[problem 405]PL[B]AB[hb][ed][cf][fc][dd][fb][cd]AW[bc][cc][ec][eb])
(;C[problem 406]PL[B]AB[fd][bf][ed][gb][cg][fb][ce][cd]AW[bc][cc][ec][eb])
(;C[problem 407]PL[B]AB[fd][bf][ed][gb][cg][ca][fb][ce][cd]AW[dc][cc][eb][ec][bc])
(;C[problem 408]PL[B]AB[fd][ed][be][ae][gb][dd][fb][cd]AW[cc][ad][eb][ec][bc])
(;C[problem 409]PL[B]AB[fd][hb][ee][bd][cf][de][fc][fb][cd]AW[cc][eb][dd][ec][bc])
(;C[problem 410]PL[B]AB[fd][hb][bg][ee][bd][cf][fc][fb][cd]AW[cc][eb][dd][ec][bc])
(;C[problem 411]PL[B]AB[fd][hb][ee][bd][cf][de][fc][fb][cd]AW[ed][cc][eb][dd][ec][bc])
(;C[problem 412]PL[B]AB[fd][hb][ee][bd][db][cf][de][fc][fb][cd]AW[ea][ed][cc][eb][dd][ec][bc])
(;C[problem 413]PL[B]AB[ea][cc][eb][dd][ec][cd][bc]AW[fd][ed][ab][be][bd][ce][de][fc][fb][fa])
(;C[problem 414]PL[B]AB[fd][hb][bf][ed][bd][hd][gc][de][fb][ce]AW[cc][eb][fc][ec][cd][bc])
(;C[problem 415]PL[B]AB[ea][fd][hb][bf][ed][bd][hd][db][gc][de][ca][fb][ce]AW[dc][cc][eb][cb][fc][ec][cd][bc])
(;C[problem 416]PL[B]AB[ed][be][gb][ga][gd][fc][dd][ce]AW[cc][eb][fb][ec][bc])
(;C[problem 417]PL[B]AB[ed][ab][be][ce][gb][gd][fc][dd][fa]AW[ba][ac][cc][eb][fb][ec][bc])
(;C[problem 418]PL[B]AB[fd][ed][be][cf][fc][dd][fb][cd]AW[bd][cc][eb][ec][bc])
(;C[problem 419]PL[B]AB[ea][fd][ed][be][cf][fc][dd][fb][cd]AW[bd][cc][eb][ca][ec][bc])
(;C[problem 420]PL[B]AB[bd][cc][eb][ec][bc]AW[fd][hb][be][cf][ad][fc][dd][fb][cd])
(;C[problem 421]PL[B]AB[fd][hb][be][ae][cf][fc][dd][fb][cd]AW[bd][cc][eb][ec][bc])
(;C[problem 422]PL[B]AB[fd][hb][be][cf][fc][dd][fb][cd][fe]AW[bd][cc][eb][ec][bc])
(;C[problem 423]PL[B]AB[ea][fd][hb][be][cf][fc][dd][fb][cd]AW[ba][bd][cc][eb][ec][bc])
(;C[problem 424]PL[B]AB[bd][cc][eb][ec][bc]AW[ed][be][cf][ad][fc][dd][fb][cd])
(;C[problem 425]PL[B]AB[fd][ed][be][gb][cf][fc][dd][fb][cd]AW[bd][cc][eb][fa][ec][bc])
(;C[problem 426]PL[B]AB[fd][hb][ed][be][ae][fc][dd][fb][ce][cd]AW[bd][cc][ad][eb][ec][bc])
(;C[problem 427]PL[B]AB[ea][fd][hb][ed][be][ae][fc][dd][fb][ce][cd]AW[bd][db][cc][eb][ad][ec][bc])
(;C[problem 428]PL[B]AB[ee][be][gc][ae][gb][ad][gd][dd][ec][cd]AW[bd][db][cc][eb][fb][bc])
(;C[problem 429]PL[B]AB[fd][be][gc][de][fb][ce][cd]AW[bd][cc][fc][ec][bc])
(;C[problem 430]PL[B]AB[hc][ee][be][gb][gd][de][ce][cd]AW[bd][cc][df][fc][ec][bc])
(;C[problem 431]PL[B]AB[hc][ea][ee][be][gb][gd][de][ce][cd]AW[bd][da][cc][df][fc][ec][bc])
(;C[problem 432]PL[B]AB[dc][cc][cb][ec][cd]AW[fd][be][ed][de][fc][fb][ce])
(;C[problem 433]PL[B]AB[fd][gc][da][gb][cc][cb][ec][cd][eb]AW[hc][hb][be][dc][db][jb][ge][gd][de][dd][ce][ff])
(;C[problem 434]PL[B]AB[jc][gc][cc][gd][cb][ic][cd]AW[be][he][db][ge][de][ce][ec][fe])
(;C[problem 435]PL[B]AB[be][dc][bd][db][ch][dd][fb][ce][ec][eb]AW[eg][ea][ee][hd][gb][cc][ga][cb][fc][de][cd])
(;C[problem 436]PL[B]AB[hc][ee][bf][ed][dc][gb][cc][ga][gd][fc][df][bc]AW[bd][db][ad][dd][fb][ec][cd][eb])
(;C[problem 437]PL[B]AB[fd][ef][ed][be][dc][cc][cf][bc]AW[hc][bd][db][ad][fc][dd][ec][cd])
(;C[problem 438]PL[B]AB[hc][fd][ed][dc][jc][jb][cc][eb][gd][ic][bc]AW[hb][bd][db][gc][cf][fc][dd][fb][ib][ec][cd])
(;C[problem 439]PL[B]AB[hc][fd][hb][ed][he][dc][cc][gd][gf][ib][bc]AW[ef][id][be][jc][hd][db][jb][gc][gb][fc][dd][cf][ec][cd])
(;C[problem 440]PL[B]AB[hc][fd][hb][ed][he][dc][cc][eb][gd][gf][ib][bc]AW[ef][id][be][jc][hd][db][jb][gc][gb][cf][fc][dd][fb][ec][cd])
(;C[problem 441]PL[B]AB[hb][ed][bd][df][fc][dd][fb][ce]AW[cc][dc][cd][bc])
(;C[problem 442]PL[B]AB[hb][bf][ed][bd][fc][dd][fb][cd]AW[bc][cc][dc][eb])
(;C[problem 443]PL[B]AB[ab][dc][cc][eb][bc]AW[hb][ba][ac][bf][ed][bd][fc][dd][fb][cd])
(;C[problem 444]PL[B]AB[hb][ee][bd][cf][fc][fb][ec][cd]AW[dc][cc][eb][fa][bc])
(;C[problem 445]PL[B]AB[ee][ed][dc][cc][eb][de][cd][bc]AW[hc][ea][ff][ef][be][bd][cf][df][fc][fb][ec][fe])
(;C[problem 446]PL[B]AB[ba][bd][fc][dd][fb][ec][cd]AW[dc][da][cc][eb][ad][bc])
(;C[problem 447]PL[B]AB[dc][da][cc][eb][ad][bc]AW[hb][ba][bf][bd][fc][dd][fb][ec][cd])
(;C[problem 448]PL[B]AB[dc][da][cc][eb][ad][bc]AW[hb][ac][bf][bd][fc][dd][fb][ec][cd])
(;C[problem 449]PL[B]AB[bd][fc][dd][fb][fa][ec][cd]AW[ac][dc][da][cc][eb][bc])
(;C[problem 450]PL[B]AB[bf][ed][bd][ae][fc][dd][fb][fa][cd]AW[ac][dc][cc][eb][ad][bc])
(;C[problem 451]PL[B]AB[bf][bd][fc][dd][fb][ec][cd]AW[ea][dc][cc][eb][bc])
(;C[problem 452]PL[B]AB[bf][bd][fc][dd][fb][ec][cd]AW[ea][dc][cc][eb][ad][bc])
(;C[problem 453]PL[B]AB[ee][be][bd][fc][dd][fb][ec]AW[ea][dc][cc][eb][bc])
(;C[problem 454]PL[B]AB[ea][dc][cc][eb][bc]AW[be][bd][fc][ca][dd][fb][ec])
(;C[problem 455]PL[B]AB[bd][ad][fc][dd][fb][ec][cd]AW[ea][ac][dc][cc][eb][bc])
(;C[problem 456]PL[B]AB[bc][cc][dc][eb]AW[bd][fc][dd][fb][ec][cd])
(;C[problem 457]PL[B]AB[bd][gc][fc][dd][fb][ec][cd]AW[ea][dc][cc][eb][bc])
(;C[problem 458]PL[B]AB[bd][gb][ad][ga][gd][fc][dd][ec][cd]AW[ba][dc][cc][eb][fb][bc])
(;C[problem 459]PL[B]AB[dc][gb][cc][eb][fb][bc]AW[hb][bd][db][gc][da][fc][dd][cf][ic][ec][cd])
(;C[problem 460]PL[B]AB[hc][bh][kc][dc][bd][bi][db][dg][cj][df][de][cg][dd][ce]AW[bg][bf][be][dh][af][da][cc][cf][gd][cb][fc][ch][eh][fb][fg][cd][fe])
(;C[problem 461]PL[B]AB[hc][bh][ba][kc][dc][bd][bi][db][dg][cj][df][ad][de][cg][dd][ce][bc]AW[bg][be][ab][ch][cf][cd][cb][fb][eh][ac][bf][da][fg][fe][bb][dh][af][cc][gd][fc])
(;C[problem 462]PL[B]AB[fd][be][ge][gb][df][fc][dd][gf][cg][ec][cd]AW[hb][ee][ed][dc][bd][gc][cc][gd][ic][fe][bc])
(;C[problem 463]PL[B]AB[hc][fd][bf][ed][bd][gc][gb][gd][dd][cd]AW[dc][cc][fc][fb][bc])
(;C[problem 464]PL[B]AB[fd][ed][bd][gc][gb][ga][gd][dd][cd]AW[ba][dc][cc][fc][fb][bc])
(;C[problem 465]PL[B]AB[fd][hb][ed][bd][gb][gd][dd][fa][cd]AW[dc][cc][eb][fc][fb][bc])
(;C[problem 466]PL[B]AB[ed][be][gc][gb][fc][dd][ce]AW[dc][eb][fb][cd][bc])
(;C[problem 467]PL[B]AB[hb][ab][dc][gb][dd][fb][ec][cd][bc]AW[hc][bb][ha][ee][ed][be][gc][ga][cb][fc][de][ic][ce][ib])
(;C[problem 468]PL[B]AB[hc][fd][ed][be][bd][gb][de][fc][ce]AW[dc][eb][dd][fb][ec][cd][bc])
(;C[problem 469]PL[B]AB[fd][hb][bf][ed][bd][cf][de][cb][fc][fb][ce]AW[bb][be][dc][dd][ec][cd][bc])
(;C[problem 470]PL[B]AB[hc][ee][bf][be][bd][hd][gb][cf][de][fb][ib][fe]AW[dc][gc][eb][ad][fc][dd][ce][cd][bc])
(;C[problem 471]PL[B]AB[fd][ee][bd][ce][de][fc][fb][fa]AW[ab][cc][dd][ec][eb])
(;C[problem 472]PL[B]AB[fd][ef][ee][bd][gc][df][gd][ce][cd][bc]AW[bb][cc][de][cb][fc][dd][ec])
(;C[problem 473]PL[B]AB[bb][cc][de][cb][fc][dd][ec]AW[hc][fd][ee][bd][dg][gb][df][gd][ce][cd][bc])
(;C[problem 474]PL[B]AB[hb][gb][cc][dd][fb][ec]AW[hc][ed][db][gc][de][fc][cg][ic][ce][ib])
(;C[problem 475]PL[B]AB[hc][fd][bb][ff][gc][dg][df][ic][ce][ib][cd][bc]AW[hb][gb][cc][de][cb][dd][fb][ec])
(;C[problem 476]PL[B]AB[bb][gb][cc][fc][dd][ec][cd]AW[fd][hb][ef][ed][bd][db][gc][gd][cf][ic][ce][bc])
(;C[problem 477]PL[B]AB[hc][fd][hf][ed][he][hd][gc][cc][gf][dd][ff][cd][fe]AW[eg][hg][ee][ec][bc][if][kc][id][jg][gg][de][cb][dc][bd][cg][fg][ce][ie][hb][fc][ic])
(;C[problem 478]PL[B]AB[fd][bb][ef][bg][dc][bi][cc][df][cg][ec][fe][eb]AW[hc][bf][ed][be][jc][bd][fc][dd][fb][cd][bc])
(;C[problem 479]PL[B]AB[ee][ed][bd][db][ge][ad][de][fc][fb][fa][cd][bc]AW[ea][bb][ac][bf][dc][da][cc][cg][dd][ce][ec][eb])
(;C[problem 480]PL[B]AB[ed][bd][fc][dd][fb][cd][bc]AW[fd][bb][ef][dc][gc][dg][gb][cc][gd][cf][ec])
(;C[problem 481]PL[B]AB[eg][fd][bb][ff][bg][dc][cc][gd][gf][cg][cf][ec][eb]AW[hc][ee][bf][ed][be][jc][bd][gc][fc][dd][fb][cd][bc])
(;C[problem 482]PL[B]AB[bb][ed][he][dc][dg][ge][cc][df][de][fb][ec][fe][eb]AW[hc][fd][ie][ef][kc][id][ee][if][bg][bd][gb][ch][fc][dd][gf][ce][cd][bc])
(;C[problem 483]PL[B]AB[fd][hb][ed][fc][dd][fb][cd]AW[cc][dc][ec][eb])
(;C[problem 484]PL[B]AB[fd][ed][fc][fb][ce][cd]AW[cc][dc][ec][eb])
(;C[problem 485]PL[B]AB[fd][bf][ed][fc][fb][ce][cd]AW[be][dc][cc][ec][eb])
(;C[problem 486]PL[B]AB[hb][bf][ed][bd][fc][dd][fb][cd]AW[dc][cc][eb][ec][bc])
(;C[problem 487]PL[B]AB[dc][cc][eb][ec][bc]AW[hc][bb][ed][bd][fc][dd][fb][ce])
(;C[problem 488]PL[B]AB[ef][be][gc][ge][cc][df][cb][ce][ff][cd][fe]AW[hc][ee][bf][hf][ed][dc][hd][gg][de][ch][fc][jd][cf][eh])
(;C[problem 489]PL[B]AB[hc][ee][bf][hf][ed][dc][hd][cf][gg][gd][de][fc][ch][jd][fb][eh]AW[fd][ef][be][gc][ge][gb][cc][ga][cb][df][ce][ff][cd][fe])
(;C[problem 490]PL[B]AB[fd][ac][ed][bd][gb][ad][dd][fb][cd]AW[ab][dc][cc][eb][ec][bc])
(;C[problem 491]PL[B]AB[ea][ba][dc][ae][cc][eb][ad][ec][bc]AW[fd][ac][bf][ed][ab][bd][da][gb][cb][fc][dd][cd])
(;C[problem 492]PL[B]AB[fd][ed][bd][gb][ad][dd][fb][cd]AW[dc][cc][eb][ec][bc])
(;C[problem 493]PL[B]AB[hb][bf][ed][bd][fc][dd][fb][cd]AW[dc][cc][eb][ad][ec][bc])
(;C[problem 494]PL[B]AB[fd][hb][ed][bd][fc][dd][fb][cd]AW[dc][cc][eb][fa][ec][bc])
(;C[problem 495]PL[B]AB[fd][hb][bf][ed][bd][fc][dd][fb][cd]AW[dc][cc][eb][fa][ec][bc])
(;C[problem 496]PL[B]AB[fd][hb][bf][ed][bd][fc][dd][fb][cd]AW[dc][cc][eb][ad][fa][ec][bc])
(;C[problem 497]PL[B]AB[fd][bf][ed][bd][fc][dd][fb][fa][cd]AW[ea][dc][cc][eb][ec][bc])
(;C[problem 498]PL[B]AB[ea][ac][dc][cc][eb][ec][bc]AW[fd][ed][bd][ad][cb][fc][dd][fb][fa][cd])
(;C[problem 499]PL[B]AB[hc][fd][ed][gb][fc][dd][ce][cd]AW[dc][cc][fb][ec][eb])
(;C[problem 500]PL[B]AB[hc][fd][ed][be][gb][fc][dd][ce]AW[dc][cc][fb][ec][eb])
(;C[problem 501]PL[B]AB[hc][fd][ef][bf][gb][df][fc][cg][ce][cd][fe]AW[ee][dc][cc][de][fb][ec][eb])
(;C[problem 502]PL[B]AB[hc][fd][ed][bd][gb][cb][fc][dd][cd]AW[dc][cc][eb][fb][ec][bc])
(;C[problem 503]PL[B]AB[ef][he][df][gd][fc][cg][ce][cd][fe]AW[ee][dc][cc][de][ec])
(;C[problem 504]PL[B]AB[ed][bd][gc][gb][fc][dd][ib][cd][bc]AW[ea][bb][ac][dc][cc][fb][ec])
(;C[problem 505]PL[B]AB[hb][ed][ab][bd][gc][fc][dd][ic][cd][bc]AW[bb][ba][dc][cc][fb][ec])
(;C[problem 506]PL[B]AB[hc][ed][ab][bd][gc][fc][dd][ic][cd][bc]AW[bb][ba][dc][cc][fb][ec])
(;C[problem 507]PL[B]AB[ed][ab][bd][gc][fc][dd][ic][cd][bc]AW[bb][ba][dc][cc][fb][ec])
(;C[problem 508]PL[B]AB[hc][fd][hb][ed][ab][bd][jb][fc][dd][cd][bc]AW[bb][ba][dc][gb][cc][fb][ec])
(;C[problem 509]PL[B]AB[ed][bd][gc][gb][fc][dd][cd][bc]AW[bb][dc][cc][fb][fa][ec])
(;C[problem 510]PL[B]AB[ed][bd][gc][gb][fc][dd][cd][fe][bc]AW[bb][ac][dc][cc][fb][fa][ec])
(;C[problem 511]PL[B]AB[ed][bd][gc][gb][fc][dd][cd][fe][bc]AW[bb][ac][dc][aa][cc][fb][fa][ec])
(;C[problem 512]PL[B]AB[bf][ed][bd][gc][gb][df][fc][dd][ce][bc]AW[bb][be][dc][cc][fb][fa][ec][cd])
(;C[problem 513]PL[B]AB[hc][fd][ed][bd][gb][fc][cf][cd][bc]AW[bb][dc][cc][fb][fa][ec])
(;C[problem 514]PL[B]AB[be][gc][gb][fc][dd][cd][fe][bc]AW[bb][dc][cc][fb][fa][ec])
(;C[problem 515]PL[B]AB[cc][dc][ec]AW[fd][ed][bd][fc][dd][cd])
(;C[problem 516]PL[B]AB[ee][dc][cc][de][ec]AW[ef][he][bd][df][gd][fc][cg][ce][cd][fe])
(;C[problem 517]PL[B]AB[cc][bb][ec][dc]AW[fd][ed][be][fc][dd][fb][cd])
(;C[problem 518]PL[B]AB[fd][ed][be][gc][de][fb][cd]AW[bb][dc][cc][dd][ec])
(;C[problem 519]PL[B]AB[fd][bf][cf][de][fc][dd][fb][ff]AW[bb][dc][cc][ec][cd])
(;C[problem 520]PL[B]AB[cc][bb][ec][dc]AW[bd][gc][fc][dd][ic][cd][fe])
(;C[problem 521]PL[B]AB[bd][gc][fc][dd][ic][cd][fe]AW[cc][bb][ec][dc])
(;C[problem 522]PL[B]AB[fd][ed][be][gc][gb][dd][ce][ib]AW[fb][cc][dc][ec])
(;C[problem 523]PL[B]AB[dc][cc][cf][df][fb][ec][ci]AW[fd][ed][be][db][gc][gb][dd][ce][ib])
(;C[problem 524]PL[B]AB[fd][ed][be][db][gc][gb][dd][ce][ib]AW[bb][dc][cc][fb][ec])
(;C[problem 525]PL[B]AB[hc][hb][ee][ed][gc][fc][ce][cd]AW[dc][gb][cc][fb][ec])
(;C[problem 526]PL[B]AB[fd][bg][ed][be][fc][dd][ic][ce]AW[cc][dc][bd][ec])
(;C[problem 527]PL[B]AB[fd][ed][be][fc][ce][cd]AW[cc][dc][bd][ec])
(;C[problem 528]PL[B]AB[cc][dc][bd][ec]AW[fd][ed][be][gc][dd][ce][cd][bc])
(;C[problem 529]PL[B]AB[ed][be][gc][gb][fc][dd][cf][cd]AW[dc][bd][cc][fb][ec])
(;C[problem 530]PL[B]AB[ea][db][cc][cf][fc][fb][ce][cd]AW[fd][hb][bf][be][df][gd][de][cg][dd][ec][eb])
(;C[problem 531]PL[B]AB[ea][ab][db][cc][fc][fb][ce][cd]AW[fd][hb][ba][bf][be][df][gd][de][dd][ec][eb])
(;C[problem 532]PL[B]AB[ee][dc][cc][de][ec][bc]AW[hc][fd][bb][df][fc][gf][cg][fg][ce][cd][eb])
(;C[problem 533]PL[B]AB[dc][bd][cc][ec][bc]AW[fd][bb][ed][be][fc][ce][eb])
(;C[problem 534]PL[B]AB[fd][ed][bd][de][fc][fb][ce]AW[ac][dc][cc][ec][bc])
(;C[problem 535]PL[B]AB[fd][ed][bd][gc][gb][dd][cd]AW[ac][dc][cc][ec][bc])
(;C[problem 536]PL[B]AB[bb][hb][ba][dc][gb][cc][fc][ca][ec][bc]AW[hc][fd][ha][ac][ee][ab][bd][db][jb][da][gc][gd][cb][de][ic][ce][ib])
(;C[problem 537]PL[B]AB[fd][bf][ed][bd][gc][gb][gd][dd][cd]AW[dc][cc][fc][ec][bc])
(;C[problem 538]PL[B]AB[fd][bf][ed][bd][gc][gb][gd][dd][cd]AW[dc][cc][ad][fc][ec][bc])
(;C[problem 539]PL[B]AB[fd][ee][bd][gc][gb][gd][ce]AW[dc][cc][fc][ec][bc])
(;C[problem 540]PL[B]AB[fd][bb][hb][ee][ac][be][bd][gc][gd][de]AW[dc][gb][cc][cb][fc][ca][ec][bc])
(;C[problem 541]PL[B]AB[hc][fd][hb][ha][ed][bd][ad][gd][dd][cd]AW[dc][gc][cc][fc][ec][bc])
(;C[problem 542]PL[B]AB[ac][bf][dc][af][ae][cc][ec][bc]AW[fd][bg][ba][ee][ag][db][gc][gd][cg][cf][ce][eb])
(;C[problem 543]PL[B]AB[bf][ed][cf][fc][dd][fb][cd]AW[be][dc][bd][cc][ec][bc])
(;C[problem 544]PL[B]AB[bf][gc][gb][de][fc][ib][dd][cf][fa][ec]AW[dc][db][cc][fb][ce][cd][eb])
(;C[problem 545]PL[B]AB[dc][bd][da][cc][eb][bc]AW[ba][be][cf][fc][dd][fb][ec][cd])
(;C[problem 546]PL[B]AB[hb][ed][be][gc][fc][dd][ce][cd][eb]AW[hc][dc][bd][gb][cc][fb][ic][ib][bc])
(;C[problem 547]PL[B]AB[be][gc][gb][ga][fc][dd][cf][ec][cd]AW[dc][bd][cc][eb][fb][bc])
(;C[problem 548]PL[B]AB[fd][be][de][fc][dd][fb][ce]AW[ab][dc][cc][ec][cd])
(;C[problem 549]PL[B]AB[ea][dc][cc][fb][ec][cd]AW[hc][fd][ed][ab][be][gb][fc][dd][ce])
(;C[problem 550]PL[B]AB[ea][dc][cc][fb][ec][cd]AW[hb][ed][be][db][gb][df][gd][fc][dd][ce])
(;C[problem 551]PL[B]AB[ed][be][gc][gb][fc][dd][ce]AW[dc][cc][fb][cd][eb])
(;C[problem 552]PL[B]AB[hb][ed][be][gc][gd][dd][ic][ce]AW[dc][gb][cc][fb][cd])
(;C[problem 553]PL[B]AB[hb][ac][ed][ab][be][gc][gd][dd][ic][ce]AW[bb][dc][gb][cc][ad][fb][cd])
(;C[problem 554]PL[B]AB[bg][ed][be][gb][de][ce][ec][eb]AW[dc][bd][db][cd])
(;C[problem 555]PL[B]AB[bg][ed][be][gb][de][ce][ec][eb]AW[ea][dc][bd][db][cd])
(;C[problem 556]PL[B]AB[bb][bg][ed][be][gb][de][ce][ec][eb]AW[ea][dc][bd][db][cb][cd])
(;C[problem 557]PL[B]AB[bg][ed][be][gb][de][ce][ec][eb]AW[ea][dc][bd][db][ae][cd])
(;C[problem 558]PL[B]AB[hc][ie][ef][bg][bf][be][ge][cf][de][fc][fb][ff][eb]AW[fd][ed][dc][bd][db][ae][ce][ec][cd])
(;C[problem 559]PL[B]AB[bf][gb][de][cg][dd][ce][ec][eb]AW[ea][be][dc][bd][db][cd])
(;C[problem 560]PL[B]AB[bf][ed][cf][dd][fb][ce][eb]AW[be][dc][bd][db][cd])
(;C[problem 561]PL[B]AB[bf][gc][de][cg][dd][ce][ec]AW[be][dc][bd][db][cd])
(;C[problem 562]PL[B]AB[be][dc][bd][db][cb][cd]AW[bb][bf][gc][de][cg][dd][ce][ec][bc])
(;C[problem 563]PL[B]AB[bb][bf][gc][de][cb][cg][dd][ce][ec]AW[be][ab][dc][bd][db][cd][bc])
(;C[problem 564]PL[B]AB[bf][ed][gb][de][cg][ce][ec][eb]AW[be][dc][bd][db][cd])
(;C[problem 565]PL[B]AB[dc][bd][db][cd][eb]AW[bb][bf][ed][be][gc][de][fb][ec])
(;C[problem 566]PL[B]AB[bg][ed][be][gd][dd][fb][ce][eb]AW[dc][bd][db][cd][bc])
(;C[problem 567]PL[B]AB[be][ed][gc][de][fb][ce][ec]AW[bb][dc][db][cd][eb])
(;C[problem 568]PL[B]AB[hb][bf][gc][cc][de][cb][fc][dd][cf][ic][ec]AW[dc][bd][db][gb][fb][cd][eb])
(;C[problem 569]PL[B]AB[dc][bd][db][gb][fb][cd][eb]AW[hb][bf][ab][gc][cc][de][cb][fc][dd][cf][ic][ec])
(;C[problem 570]PL[B]AB[bg][bi][ce][gc][gb][cc][de][fc][dd][cg][cf][ib][ec]AW[bf][be][dc][bd][db][fb][cd][eb])
(;C[problem 571]PL[B]AB[hc][fd][bb][hb][bf][ed][gd][de][cg][dd][ce][ec]AW[be][dc][bd][db][gb][fc][cd][eb])
(;C[problem 572]PL[B]AB[dc][bd][db][dd][cd]AW[bg][ba][ee][ed][be][gb][de][ce][ec][eb])
(;C[problem 573]PL[B]AB[dc][bd][db][dd][cd]AW[bg][ee][ed][be][gb][de][cb][ce][ec][eb])
(;C[problem 574]PL[B]AB[dc][bd][db][dd][cd]AW[bg][ee][ed][be][da][gb][de][ce][ec][eb])
(;C[problem 575]PL[B]AB[ba][dc][bd][db][dd][cd]AW[bg][ee][ed][be][da][gb][eb][de][ce][ec][bc])
(;C[problem 576]PL[B]AB[ea][dc][bd][db][dd][cd]AW[bb][bg][ee][ed][be][gb][de][ce][ec][eb])
(;C[problem 577]PL[B]AB[ea][dc][bd][db][ae][dd][cd]AW[bb][bg][ee][ed][be][gb][de][ce][ec][eb])
(;C[problem 578]PL[B]AB[bg][ee][ed][be][gb][de][ce][ec][eb]AW[dc][bd][db][dd][cd])
(;C[problem 579]PL[B]AB[ee][bf][ed][be][gb][de][ec][eb]AW[dc][bd][db][dd][cd])
(;C[problem 580]PL[B]AB[ee][ed][be][df][gd][fc][fb][ce][eb]AW[dc][bd][db][dd][ec][cd])
(;C[problem 581]PL[B]AB[bb][ee][ed][be][df][gd][fc][fb][ce][eb]AW[dc][bd][db][cb][dd][ec][cd])
(;C[problem 582]PL[B]AB[ee][bf][ed][be][gb][de][ec][eb]AW[ea][dc][bd][db][dd][cd])
(;C[problem 583]PL[B]AB[be][dc][bd][db][dd][cd]AW[bb][bf][ed][gb][de][cg][ce][ec][eb])
(;C[problem 584]PL[B]AB[bg][ee][ed][be][gc][de][ce][ec]AW[dc][bd][cd][dd])
(;C[problem 585]PL[B]AB[ee][ed][be][gb][de][ce][ec][eb]AW[bb][dc][db][dd][cd])
(;C[problem 586]PL[B]AB[ea][ed][be][ae][de][ce][ec][eb]AW[bb][dc][bd][da][dd][cd])
(;C[problem 587]PL[B]AB[ee][ed][be][bd][gb][de][ce][ec][eb]AW[ea][dc][db][ad][dd][cd][bc])
(;C[problem 588]PL[B]AB[ee][be][ed][de][fb][ce][eb]AW[bb][dc][db][dd][cd])
(;C[problem 589]PL[B]AB[fd][ee][be][de][cf][ec][eb]AW[bb][dc][bd][dd][cd])
(;C[problem 590]PL[B]AB[ee][ed][be][bd][gc][de][fb][ce][ec]AW[dc][db][eb][dd][cd][bc])
(;C[problem 591]PL[B]AB[ee][be][bd][gb][de][fc][fb][ce][ec]AW[dc][db][eb][dd][cd][bc])
(;C[problem 592]PL[B]AB[hc][ed][be][db][ce][gb][cc][de][fc][fa][ec]AW[dc][bd][cb][dd][fb][cd][eb])
(;C[problem 593]PL[B]AB[dc][bd][dd][ec][cd]AW[hc][fd][bg][ed][be][de][cb][fc][ce])
(;C[problem 594]PL[B]AB[dc][bd][dd][ec][cd]AW[hc][fd][bb][bg][ed][be][de][fc][ce])
(;C[problem 595]PL[B]AB[fd][ee][be][ed][de][fc][fb][ce]AW[dc][bd][dd][ec][cd])
(;C[problem 596]PL[B]AB[hb][ee][bf][be][ed][de][fc][fb]AW[dc][bd][dd][ec][cd])
(;C[problem 597]PL[B]AB[hb][bg][ee][be][ed][de][fc][fb][ce]AW[dc][bd][ae][dd][ec][cd])
(;C[problem 598]PL[B]AB[ce][dc][db][cd]AW[bf][ed][gb][df][dd][cf][ec][eb])
(;C[problem 599]PL[B]AB[hc][fd][bg][be][de][fc][dd][ce]AW[dc][bd][ec][cd])
(;C[problem 600]PL[B]AB[bg][ed][be][gc][de][ce][ec]AW[dd][bd][db][cd])
(;C[problem 601]PL[B]AB[bg][ee][ed][be][gc][de][ce][ec]AW[bd][db][ae][dd][cd])
(;C[problem 602]PL[B]AB[dc][bd][db][dd]AW[ef][bf][ed][be][gb][de][ec][eb])
(;C[problem 603]PL[B]AB[ed][be][ae][ad][de][fc][fb][ce][fe]AW[bb][ac][bd][dd][cd][eb])
(;C[problem 604]PL[B]AB[hc][fd][ee][be][bd][fc][cg][ce]AW[ed][db][dd][cd][bc])
(;C[problem 605]PL[B]AB[bf][ed][gb][df][de][cf][ec][cd][eb]AW[be][dc][bd][db][dd][ce])
(;C[problem 606]PL[B]AB[ea][ba][ac][ed][cc][eb][dd][ec][cd][bc]AW[fd][bb][ee][bf][bd][db][ce][ad][de][cb][fc][fb][fa])
(;C[problem 607]PL[B]AB[ea][aa][bd][gc][ad][dd][ec][cd][eb]AW[bb][ee][bf][ed][dc][db][af][cc][de][ca][cf])
(;C[problem 608]PL[B]AB[bf][ed][gb][df][de][fb][ec][cd][eb]AW[hc][fd][eg][hb][ef][ee][dc][db][gc][dg][fc][dd])
(;C[problem 609]PL[B]AB[fd][ef][ee][be][cf][fc][gf][fb]AW[ed][bd][dd][cd][eb])
(;C[problem 610]PL[B]AB[fd][ef][ee][be][ab][ge][cf][fc][fb]AW[ed][bd][ad][dd][cd][eb])
(;C[problem 611]PL[B]AB[bb][ed][bd][dd][cd]AW[fd][ee][be][db][de][fc][ce])
(;C[problem 612]PL[B]AB[fd][bb][ie][id][ed][he][bd][ge][dd][cd]AW[ff][ef][be][jc][hd][db][df][gd][fc][ic][ce][ec][fe])
(;C[problem 613]PL[B]AB[fd][ff][hb][ee][bf][be][dc][db][gc][da][gd][de][ec]AW[ed][bd][cb][fc][dd][fb][cd][eb])
(;C[problem 614]PL[B]AB[fd][bb][ef][ed][db][dd][eh][fg][ff][cd]AW[eg][hh][fi][hf][dc][gc][dg][ge][de][cb][fc][cg][fh][ic][ce][ci][eb])
(;C[problem 615]PL[B]AB[fd][ef][ed][cc][df][de][dd][fe]AW[eg][bf][bd][gc][dg][ge][gd][fc][cf][fg][cd])
(;C[problem 616]PL[B]AB[fd][ee][dc][cc][de][fc][ec][cd]AW[hc][ef][bf][he][bd][gc][df][fb][ce][ff][eb])
(;C[problem 617]PL[B]AB[gc][gb][df][de][fc][dd][cg][ce][fe]AW[ea][db][cf][fb][ec])
(;C[problem 618]PL[B]AB[dc][da][cc][cb][eb]AW[ea][fd][ed][gc][de][cg][fb][fa][ec][cd])
(;C[problem 619]PL[B]AB[fd][ed][gc][de][cg][fb][ec][cd]AW[dc][da][eb][cb][bc])
(;C[problem 620]PL[B]AB[cc][cf][de][fc][fb][cd][fe]AW[bc][dc][cb][eb])
(;C[problem 621]PL[B]AB[cc][gd][de][fc][cg][fb][ic][ff][cd]AW[ed][dc][eb][cb][bc])
(;C[problem 622]PL[B]AB[hb][cc][gd][de][fc][cg][fb][ce][ff][cd]AW[ed][dc][eb][cb][dd][fa][bc])
(;C[problem 623]PL[B]AB[ef][bg][be][dc][ge][gb][eb][cb][fc][cf][fa][bc]AW[ed][bd][db][da][cc][ad][de][ec][cd])
(;C[problem 624]PL[B]AB[ed][dc][cb][ec][eb]AW[fd][ee][gb][cc][cf][dd][fb][cd][fe])
(;C[problem 625]PL[B]AB[hc][fd][bb][ef][ed][jc][gc][cc][ch][de][ce][cd]AW[ba][dc][cb][fc][dd][ec][eb])
(;C[problem 626]PL[B]AB[bb][ee][gc][gb][cc][gd][dd][cf][cd][fe]AW[fd][ba][dc][cb][fc][fb][eb])
(;C[problem 627]PL[B]AB[hc][fd][hb][ee][be][ab][he][de][fc][cd][bc]AW[bb][ed][db][gb][cc][cb][fb][ec])
(;C[problem 628]PL[B]AB[hc][bb][hb][ee][he][hd][cc][df][cg][dd][cd][fe]AW[fd][ba][ed][dc][gd][cb][eb])
(;C[problem 629]PL[B]AB[hc][bb][hb][ee][ab][bd][hd][ge][cc][dd][cd][fe]AW[fd][ba][hf][ed][he][dc][gb][df][gd][cb][de][bc])
(;C[problem 630]PL[B]AB[bb][hb][ef][he][hd][da][ge][cc][df][ce][ib][cd][fe][bc]AW[fd][ba][dc][gc][gb][gd][cb][de][dd][eb])
(;C[problem 631]PL[B]AB[hb][ee][bd][gc][gd][de][cf][ic][cd][fe][bc]AW[fd][bb][ed][cc][cb][dd][fb])
(;C[problem 632]PL[B]AB[hc][ff][hf][dc][jc][ce][ge][de][ib][ec][cd]AW[fd][hb][ed][gb][cc][fc][dd][fb])
(;C[problem 633]PL[B]AB[hc][fd][ef][bf][jc][gc][cc][df][de][cb][dd][cf][ic][fe]AW[eg][ff][bb][hb][bg][ee][ed][ec][dc][ei][gb][ch][fg][ce][ib][cd][bc])
(;C[problem 634]PL[B]AB[hb][ef][ee][ac][bg][ed][af][dg][ae][ad][fc][cg][fb]AW[be][ab][bd][eb][dd][cf][ec][cd][bc])
(;C[problem 635]PL[B]AB[id][ed][jc][hd][gc][ge][gb][ga][dd][ce][fe]AW[hc][fd][hb][jb][gd][fc][jd][ic][ec][lc])
(;C[problem 636]PL[B]AB[hb][db][gc][ja][cb][fb][ib][eb]AW[hc][fd][bb][ie][kb][dc][jb][ge][cc][fc][ic][bc])
(;C[problem 637]PL[B]AB[hb][db][gc][gd][cb][fb][ib][eb]AW[hc][bb][ed][he][hd][jb][ja][cc][ge][ic][ec][fe][bc])
(;C[problem 638]PL[B]AB[hc][fd][bb][ie][kc][kb][dc][jc][ge][cc][fc][ic][bc]AW[hb][db][jb][gc][cb][fb][ib][eb])
(;C[problem 639]PL[B]AB[hc][fd][bb][ie][kc][kb][dc][jc][ja][cc][ge][fc][ic][bc]AW[hb][db][jb][gc][cb][ca][fb][ib][eb])
(;C[problem 640]PL[B]AB[hb][db][gc][fc][ib][ec][eb]AW[hc][fd][ed][dc][jc][jb][cc][gd][cb][ic])
(;C[problem 641]PL[B]AB[hb][db][gc][fc][ib][eb]AW[fd][dc][jc][hd][jb][cc][gd][cb][ic][ec])
(;C[problem 642]PL[B]AB[hb][db][gc][fc][ib][eb]AW[hc][fd][ee][dc][jc][hd][jb][cc][cb][ec])
(;C[problem 643]PL[B]AB[hb][db][gc][fc][ib][eb]AW[fd][dc][jc][hd][jb][cc][gd][cb][ec])
(;C[problem 644]PL[B]AB[hc][fd][ee][kb][he][dc][jb][cc][cb][ic][ec]AW[hb][db][gc][da][ja][fc][ib][eb])
(;C[problem 645]PL[B]AB[hb][ed][db][gc][fc][ib][eb]AW[hc][ee][dc][jb][ge][de][cb][dd][jd][ic][ec])
(;C[problem 646]PL[B]AB[dc][gb][cb][dd][fb][ec]AW[hc][hb][ed][gc][cc][de][fc][ce][fe][bc])
(;C[problem 647]PL[B]AB[bb][dc][gb][cc][fb][eb]AW[hc][hb][ed][ab][be][gc][ec][cd][bc])
(;C[problem 648]PL[B]AB[hb][ec][dc][gb][cb][fb][ib]AW[hc][bb][jc][jb][gc][cc][ic][fc][dd][lb][ce][fe][ia][bc])
(;C[problem 649]PL[B]AB[bb][hb][ed][dc][gb][cb][fc][ec]AW[hc][fd][ba][ee][ab][cc][gd][dd][ic][ce][ib][bc])
(;C[problem 650]PL[B]AB[hc][bb][ee][jb][cc][gd][jd][ic][ce][bc]AW[hb][ba][dc][gc][cb][fc][ec])
(;C[problem 651]PL[B]AB[hc][bb][ee][jb][da][cc][gd][jd][ic][ce][bc]AW[ea][hb][ba][dc][gc][cb][fc][ec])
(;C[problem 652]PL[B]AB[fd][ld][kc][id][dc][jc][hd][gd][cb][lb][ec][cd]AW[hc][gc][jb][fc][ic][eb])
(;C[problem 653]PL[B]AB[ea][fd][ld][kc][id][dc][jc][hd][gd][cb][lb][ec][cd]AW[hc][gc][jb][fc][ic][fa][eb])
(;C[problem 654]PL[B]AB[fd][bb][ba][id][dc][jc][hd][jb][cc][gd][ec][ia][bc]AW[hc][hb][db][gc][cb][fc][ca][eb])
(;C[problem 655]PL[B]AB[hc][fd][ba][ac][ed][ab][gc][cc][dd][ic][ce][ib][bc]AW[bb][hb][dc][da][gb][cb][ec][eb])
(;C[problem 656]PL[B]AB[hc][fd][bb][ed][bd][gc][cc][dd][ic][ib]AW[hb][dc][da][gb][cb][ec][eb])
(;C[problem 657]PL[B]AB[bb][kc][ee][hd][jb][ge][de][ic][cd][fe][bc]AW[fd][dc][gc][cb][eb])
(;C[problem 658]PL[B]AB[fd][id][ed][jc][hd][jb][gb][cc][gd][cb][fc][dd]AW[hc][db][gc][ga][fb][ib][ec])
(;C[problem 659]PL[B]AB[hc][fd][hb][ha][ac][bf][ed][ab][bd][gc][de][ce]AW[bb][gb][cc][ga][fc][ec][cd][eb])
(;C[problem 660]PL[B]AB[fd][bb][id][ed][hd][jb][ja][gd][de][ic][ce][cd][bc]AW[hc][hb][dc][gc][cb][dd][fb][ib])
(;C[problem 661]PL[B]AB[ee][he][jc][jb][cc][gd][cb][dd][jd][lb][fe]AW[hc][fd][ed][db][gb][ic][ib][ec])
(;C[problem 662]PL[B]AB[ed][dc][cb][fc][ec]AW[hc][fd][kc][ee][cc][gd][dd][ce][bc])
(;C[problem 663]PL[B]AB[ed][db][gc][fc][ec]AW[hb][ef][hd][cc][de][cb][fe])
(;C[problem 664]PL[B]AB[ff][ed][db][gc][fc][ec]AW[hb][ef][hd][cc][de][cb][gf][fe])
(;C[problem 665]PL[B]AB[ff][ed][db][gc][fc][ec]AW[hb][ef][he][hd][cc][de][cb][fe])
(;C[problem 666]PL[B]AB[hc][fd][kc][ed][dc][cc][gd][ic]AW[hb][db][gc][fc][ec])
(;C[problem 667]PL[B]AB[hc][fd][kc][ed][dc][cc][gd][cb][ic]AW[hb][db][gc][da][fc][ec])
(;C[problem 668]PL[B]AB[hc][fd][kc][ha][ed][dc][cc][gd][cb][ic][lc]AW[hb][db][gc][da][fc][ib][ec])
(;C[problem 669]PL[B]AB[hc][fd][kc][ed][dc][gd][cb][ca][dd][ic]AW[hb][db][gc][da][fc][fa][ec])
(;C[problem 670]PL[B]AB[hc][fd][ed][he][dc][jc][kd][cc][cb][ic]AW[hb][db][gc][da][fc][ec])
(;C[problem 671]PL[B]AB[hc][fd][ed][he][dc][jc][cc][cb][ic]AW[hb][db][gc][da][mc][fc][ec])
(;C[problem 672]PL[B]AB[hc][kc][ed][he][dc][cc][cb][ic][fe]AW[hb][db][gc][da][fc][ec])
(;C[problem 673]PL[B]AB[hc][ed][he][dc][jc][cc][cb][ic][lc][fe]AW[hb][db][gc][da][fc][ec])
(;C[problem 674]PL[B]AB[hc][ha][ed][he][dc][jc][cc][cb][ic][lc][fe]AW[hb][db][gc][da][ga][fc][ec])
(;C[problem 675]PL[B]AB[fd][bb][kb][ed][gc][cc][gd][dd][ic][ib][bc]AW[hb][dc][gb][cb][fc][ca][ec])
(;C[problem 676]PL[B]AB[fd][bb][kb][gc][cc][gd][dd][ic][ce][ib][bc]AW[hb][dc][gb][cb][fc][ca][ec])
(;C[problem 677]PL[B]AB[hb][dc][db][gc][fc][ec]AW[fd][kb][ed][hd][cc][gd][cb][dd][ic][ib][cd])
(;C[problem 678]PL[B]AB[hb][dc][db][gc][da][fc][ec]AW[fd][kc][ed][hd][cc][gd][cb][ca][dd][fb][ic])
(;C[problem 679]PL[B]AB[fd][kc][id][ed][hd][jb][cc][gd][cb][dd][ic][cd]AW[hc][hb][dc][db][gc][da][fc][ec])
(;C[problem 680]PL[B]AB[fd][id][ed][hd][jb][cc][gd][cb][ca][dd][ib][cd]AW[hc][hb][dc][db][gc][da][fc][ec][ia])
(;C[problem 681]PL[B]AB[hc][fd][bb][kb][ed][bd][hd][gd][dd][ic][ib][cd][bc]AW[hb][dc][gc][gb][cc][cb][fc][ec])
(;C[problem 682]PL[B]AB[hc][fd][bb][kb][ed][bd][hd][eb][gd][dd][ic][ib][cd][bc]AW[ea][hb][dc][gc][gb][cc][cb][fc][ec])
(;C[problem 683]PL[B]AB[hc][fd][bb][kb][ed][bd][gd][dd][ic][ib][cd][bc]AW[hb][ba][dc][gc][gb][cc][cb][fc][ec])
(;C[problem 684]PL[B]AB[hc][fd][bb][ed][bd][gd][cf][ic][ib][cd][bc]AW[hb][ba][dc][gc][gb][cc][cb][fc][ec])
(;C[problem 685]PL[B]AB[hc][fd][bb][kb][ed][bd][gd][dd][ic][ib][cd][bc]AW[hb][dc][gc][gb][cc][cb][fc][ec][ia])
(;C[problem 686]PL[B]AB[hc][fd][bb][kc][ed][gd][dd][ic][ib][cd][bc]AW[hb][dc][gc][gb][cb][fc][ca][ec])
(;C[problem 687]PL[B]AB[hc][fd][bb][kc][ed][cc][gd][dd][ic][ib][cd][bc]AW[hb][dc][gc][gb][cb][fc][ca][ec])
(;C[problem 688]PL[B]AB[hc][fd][bb][kb][ed][bd][gd][dd][ic][ib][cd][bc]AW[hb][ba][dc][gc][gb][cc][cb][fc][ec][ia])
(;C[problem 689]PL[B]AB[hc][hb][dc][cc][cb][fc][ca][ec]AW[fd][bb][ff][ha][id][kb][ed][hd][dd][ic][ib][cd][bc])
(;C[problem 690]PL[B]AB[hb][dc][gb][cc][cb][fc][ca][ec]AW[hc][fd][bb][kb][ed][eb][gd][dd][ic][ib][cd][bc])
(;C[problem 691]PL[B]AB[hc][fd][bb][ed][jc][gc][dd][ib][cd][bc]AW[hb][dc][gb][cc][cb][fc][fa][ec])
(;C[problem 692]PL[B]AB[hb][ec][dc][gc][da][cc][cb][fc][ca][ib]AW[hc][ea][bb][fe][ee][jc][hd][db][jb][bc][gd][de][ic][cd][ia][eb])
(;C[problem 693]PL[B]AB[hc][db][gc][da][fc][ib][ec][ia]AW[fd][ed][dc][jc][hd][jb][cc][gd][cb][ic][fa])
(;C[problem 694]PL[B]AB[hc][db][gc][da][fc][ib][ec][ia]AW[fd][ed][dc][jc][hd][jb][cc][gd][cb][ca][ic])
(;C[problem 695]PL[B]AB[hb][dc][gc][da][cb][fc][ec]AW[fd][bb][ba][kb][ed][hd][gd][ca][dd][ic][ib][cd][bc])
(;C[problem 696]PL[B]AB[hb][dc][gc][cb][fc][ec]AW[hc][fd][bb][kb][ed][hd][gd][dd][ic][ib][cd][bc])
(;C[problem 697]PL[B]AB[hc][hb][ba][ec][dc][db][gc][cb][fc][ib][ia]AW[fd][bb][ed][jc][hd][jb][ja][gb][bc][ga][cc][gd][dd][fb][ic][eb])
(;C[problem 698]PL[B]AB[bb][cc][de][cb][fc][dd][ec]AW[hc][fd][ee][bd][gb][df][gd][cg][ce][ib][cd][bc])
(;C[problem 699]PL[B]AB[hc][ee][dc][bd][ge][gd][de][cf][ic][cd][fe][bc]AW[fd][bb][ac][ed][gc][cc][cb][fc][dd])
(;C[problem 700]PL[B]AB[hb][dc][gc][gb][cc][cb][ec][bc]AW[hc][fd][bb][ac][ed][aa][jc][bd][ad][gd][cf][ib][cd])
(;C[problem 701]PL[B]AB[gb][cc][cb][fb][ec]AW[hc][bb][kc][ed][be][gc][fc][ic][cd][bc])
(;C[problem 702]PL[B]AB[hb][dc][db][gc][fc][ib]AW[fd][ed][jc][hd][jb][cc][lb][cb][gd][ic][ce][cd])
(;C[problem 703]PL[B]AB[hb][dc][db][gc][gb][fc][ib]AW[hc][fd][ed][jc][jb][cc][ic][gd][cb][dd][lb][cd])
(;C[problem 704]PL[B]AB[hc][hb][dc][db][fc][ib][ec]AW[fd][kc][id][ed][hd][jb][cc][gd][cb][dd][ic])
(;C[problem 705]PL[B]AB[hb][ha][dc][gc][gb][cc][cb][ec]AW[hc][fd][bb][ed][eb][gd][dd][ic][ib][cd][bc])
(;C[problem 706]PL[B]AB[ea][fd][ed][bd][gc][gb][ad][ga][gd][dd][cd]AW[ac][ab][dc][cc][fc][fb][fa][ec])
(;C[problem 707]PL[B]AB[hc][hb][dc][db][fc][ib][ec]AW[fd][kc][id][ed][hd][jb][cc][gd][cb][cf][ic][cd])
(;C[problem 708]PL[B]AB[hc][dc][db][gc][gb][ga][fc][ec][bc]AW[fd][hb][id][ed][jc][bd][hd][cc][gd][cb][dd][fa][ib][eb])
(;C[problem 709]PL[B]AB[fd][ha][ed][dc][db][gc][gb][gd][dd]AW[hc][hb][ee][hd][jb][ge][cc][de][cb][cd][fe])
(;C[problem 710]PL[B]AB[fd][ha][ed][dc][db][gc][gb][dd]AW[hc][hb][ee][hd][jb][ge][cc][de][cb][cd][fe])
(;C[problem 711]PL[B]AB[hc][hb][ee][hd][jb][ge][cc][de][cb][cd][fe]AW[fd][ha][ed][dc][db][gc][gb][fb])
(;C[problem 712]PL[B]AB[fd][ba][ed][dc][db][gc][gb][gd][dd][cd]AW[bb][hb][id][ee][bd][hd][ge][cc][cb][cf][ce][ib][fe])
(;C[problem 713]PL[B]AB[fd][ba][ed][dc][db][gc][gb][gd][dd][cd][bc]AW[bb][hb][id][ee][ab][bd][hd][ge][cc][cb][cf][ce][ib][fe])
(;C[problem 714]PL[B]AB[hc][fd][hb][bf][ed][bd][hd][eb][gd][cb][cg][ce][ec][bc]AW[bb][id][ee][he][db][ge][cc][de][dd][ic][ib][cd][fe])
(;C[problem 715]PL[B]AB[hc][fd][hb][bf][ed][be][hd][gd][de][dd][ce][ec][eb]AW[bh][bb][ie][ef][id][ee][he][dc][bd][db][jb][ge][df][ch][cf][ib][cd])
(;C[problem 716]PL[B]AB[fd][kc][ed][dc][db][gc][gb][gd]AW[hb][he][hd][ge][cc][df][cb][ic][cd][fe])
(;C[problem 717]PL[B]AB[fd][id][ed][dc][hd][db][gc][gb][dd]AW[ie][hb][kc][ee][ge][cc][de][cb][je][jd][ic][cd][fe])
(;C[problem 718]PL[B]AB[fd][ed][dc][bd][db][gc][gb][de][dd][cd]AW[hc][hb][ee][be][hd][jb][ge][df][ad][cb][cg][ce][fe][bc])
(;C[problem 719]PL[B]AB[hc][hb][ee][hd][jb][cc][gd][de][ce][fe][bc]AW[fd][ha][ed][db][gc][gb][cb][dd])
(;C[problem 720]PL[B]AB[fd][ed][gb][cc][cb][dd][fb][cd]AW[bb][hb][ee][bd][gc][ge][gd][de][ic][ce][fe][bc])
(;C[problem 721]PL[B]AB[hc][bb][hb][ee][bd][jb][ge][gd][de][ce][fe][bc]AW[fd][ba][ed][gb][cc][cb][dd][fb][cd])
(;C[problem 722]PL[B]AB[hc][fd][ed][he][dc][hd][db][gc][ge][gb]AW[ie][hb][id][ee][hf][cc][cb][gf][dd][fb][ic][ce][ib][fe])
(;C[problem 723]PL[B]AB[hc][ee][jc][hd][ge][cc][de][cb][ib][cd][fe]AW[fd][hb][ed][dc][db][gc][gb][gd][dd])
(;C[problem 724]PL[B]AB[fd][hb][ed][dc][db][gc][gb][gd][dd][ia]AW[hc][ee][he][hd][jb][da][ge][cc][de][cb][ib][cd][fe])
(;C[problem 725]PL[B]AB[fd][hb][dc][db][gc][gb][gd][dd]AW[hc][ee][jc][hd][ge][cc][de][cb][ib][cd][fe])
(;C[problem 726]PL[B]AB[fd][bb][ba][bd][da][bc][fc][fb][cd][eb]AW[ea][ee][ac][be][ab][ce][gc][gb][ad][ga][gd][de][fa][ec][fe])
(;C[problem 727]PL[B]AB[hc][fd][dc][db][da][gb][gd][fc][ec][ia]AW[ea][id][ed][hd][jb][ge][cc][cb][ca][dd][fb][ic][ib][cd][fe])
(;C[problem 728]PL[B]AB[fd][ed][dc][gc][da][gb][gd][cb]AW[hc][bb][hb][ee][bd][hd][ge][cc][de][fc][dd][fb][fe])
(;C[problem 729]PL[B]AB[ed][gc][gb][cc][cb][fc][dd][fa]AW[hc][fd][bb][hb][ba][ee][bd][hd][da][de][ce][fe][bc])
(;C[problem 730]PL[B]AB[fd][ff][ha][ee][hf][he][hd][cc][de][cb][gf][cf][ic][ib][cd]AW[hc][ed][dc][db][gc][ge][gd][dd][fb][fe])
(;C[problem 731]PL[B]AB[hc][hb][ef][he][hd][jb][ge][cc][df][cb][ce][ff][cd]AW[fd][ee][dc][db][gc][gb][gd][de][dd])
(;C[problem 732]PL[B]AB[ee][dc][db][gc][ge][gb][gd][de][dd][fe]AW[hc][hb][ef][he][hd][jb][cc][df][ga][cb][gf][ce][ff][cd])
(;C[problem 733]PL[B]AB[hc][hb][ef][he][hd][jb][ge][cc][df][cb][ce][ff][cd]AW[ee][dc][db][gc][gb][gd][de][dd][fe])
(;C[problem 734]PL[B]AB[fd][ed][gc][gb][cc][cb][dd]AW[hc][bb][hb][ee][bd][hd][jb][gd][de][cd][fe][bc])
(;C[problem 735]PL[B]AB[hc][fd][hb][ed][dc][db][gd][dd]AW[ha][id][kb][ee][he][ge][cc][de][cb][ic][ce][ib][cd][fe])
(;C[problem 736]PL[B]AB[hc][bb][hb][ee][bd][hd][jb][ge][eb][de][ce][fe][bc]AW[fd][ed][gc][gb][cc][cb][dd][fb])
(;C[problem 737]PL[B]AB[hc][bb][hb][ee][bd][hd][jb][ge][de][ce][fe][bc]AW[fd][ed][gc][gb][cc][cb][dd])
(;C[problem 738]PL[B]AB[ie][ee][hd][ge][cc][cb][dd][ic][ce][ib][fe][ia]AW[hc][fd][hb][ha][dc][db][gd][fb])
(;C[problem 739]PL[B]AB[fe][id][ee][ec][hd][ge][cc][cb][dd][ic][ib][cd][ia]AW[hc][fd][hb][ha][dc][db][gd][fb][eb])
(;C[problem 740]PL[B]AB[bb][hb][id][ee][he][ge][de][ic][ce][ib][cd][fe][bc]AW[hc][ed][hd][gc][gb][cc][cb][dd][eb])
(;C[problem 741]PL[B]AB[hc][bb][ba][ee][ge][gd][de][fc][ic][ce][ib][cd][fe][bc]AW[fd][hb][ed][gb][cc][cb][dd][ec][eb])
(;C[problem 742]PL[B]AB[hc][bb][hb][ef][ee][hf][bd][hd][jb][ge][cf][ce][bc]AW[fd][ba][ed][gc][gb][cc][gd][cb][cd])
(;C[problem 743]PL[B]AB[hc][id][dc][jc][bd][cc][cf]AW[ed][be][hd][gd][fc][dd][cd][eb])
(;C[problem 744]PL[B]AB[hc][fd][hb][kc][id][kb][ed][he][db][da][ge][cc][dd][jd][ce][bc]AW[ea][ec][dc][hd][jb][gc][gd][cb][fc][ic][ib][eb])
(;C[problem 745]PL[B]AB[ed][cc][cb][fc][dd][fb]AW[hc][hb][bf][dc][bd][db][gd][de][gf][cf][cd][fe])
(;C[problem 746]PL[B]AB[hc][fd][hb][ed][gb][cc][gd][cb][ca][dd][fb]AW[bb][ba][ha][id][ee][fe][dc][hd][ce][gc][ge][de][ic][fa][ib][cd][ia][bc])
(;C[problem 747]PL[B]AB[hc][ea][bb][hb][ef][ed][hd][ce][ge][df][ca][cf][fa][cd][fe][bc]AW[fd][ee][dc][gc][gb][cc][ga][de][dd][fb][eb])
(;C[problem 748]PL[B]AB[hc][bb][hb][ee][bd][hd][jb][gd][de][ce][fe][bc]AW[ed][gc][gb][cc][cb][fc][dd][cd])
(;C[problem 749]PL[B]AB[fd][hb][ed][dc][db][gc][fc]AW[hc][ee][jc][hd][cc][gd][cb][de][dd][ib][fe])
(;C[problem 750]PL[B]AB[fd][hb][ed][dc][db][gc][fc]AW[hc][ee][jc][hd][cc][gd][cb][de][ib][cd][fe])
(;C[problem 751]PL[B]AB[hc][ee][jc][hd][cc][gd][cb][de][ib][cd][fe]AW[fd][hb][ha][ed][dc][db][gc][fc])
(;C[problem 752]PL[B]AB[bb][id][jc][hd][jb][ja][gd][fc][dd][ec][cd][bc]AW[hc][gc][cc][cb][ca][fb][ib][eb])
(;C[problem 753]PL[B]AB[hc][fd][hb][ed][ab][bd][jb][gd][dd][fb][cd][bc]AW[bb][ha][gc][gb][cc][cb][fc][eb])
(;C[problem 754]PL[B]AB[hc][fd][hb][ed][ab][be][jb][gd][dd][fb][fa][cd][bc]AW[bb][ha][gc][gb][cc][cb][fc][ec][eb])
(;C[problem 755]PL[B]AB[fd][bb][hb][ee][hd][gd][de][fb][ce][ib][cd][bc]AW[gc][gb][cc][cb][fc][dd][ec][eb])
(;C[problem 756]PL[B]AB[hc][bb][ba][ee][gd][de][fc][ic][ce][ib][cd][fe][bc]AW[fd][hb][ed][gb][cc][cb][dd][ec][eb])
(;C[problem 757]PL[B]AB[hc][bb][ef][fe][jc][gc][df][fc][ce][ib][cd][ia][bc]AW[hb][ha][ed][gb][cc][cb][dd][fb][ec])
(;C[problem 758]PL[B]AB[fd][ff][ee][ed][dc][hd][ge][cc][gd][cb][ca][fb][ic][ib]AW[eg][jb][cd][bc][hc][if][ba][id][gg][jc][bd][gc][da][bb][hb][dh][df][gf][dd][jd])
(;C[problem 759]PL[B]AB[hc][fd][ie][id][he][gd][ic][ec][eb]AW[if][ee][hf][ed][dc][jc][jg][je][fc][jd][fb][fg][ib][fe][bc])
(;C[problem 760]PL[B]AB[hc][fd][ie][id][he][jb][ja][gd][ic][ec][eb]AW[if][ha][ee][kb][ed][hf][dc][jc][jg][je][fc][jd][fb][ib][fe][bc])
(;C[problem 761]PL[B]AB[fd][id][he][jc][hd][jb][gd][fc][gf][fe][eb]AW[hg][ee][db][ke][gb][mb][hc][if][kc][dg][gg][ed][dc][gc][fg][bb][ie][kb][jd])
(;C[problem 762]PL[B]AB[hc][bb][jc][bd][gc][ge][df][fc][cf][ib][fe][bc]AW[ea][ed][dc][cc][de][cb][ec][cd])
(;C[problem 763]PL[B]AB[hc][fd][ee][kb][ed][dc][gc][da][cc][de][cb][ic][ce][cd]AW[ea][bb][ef][ba][be][bd][ge][gb][df][gd][fc][cf][ec][fe][bc])
(;C[problem 764]PL[B]AB[hc][fd][bb][ed][dc][gc][cc]AW[id][hd][db][gd][fc][ic][ec])
(;C[problem 765]PL[B]AB[ff][ie][kc][ee][hf][ed][dc][jc][mc][cc][jf][fc][gf][jd][ec][lc]AW[fd][hb][id][he][gc][ge][ic][fe])
(;C[problem 766]PL[B]AB[hc][ee][ed][hd][ge][gd][fg][ec][cd]AW[fd][ef][hg][gc][dg][gh][fc][gf][eh][fe])
(;C[problem 767]PL[B]AB[eg][be][bd][gc][dg][gb][cc][fc][cg][cf][fg][ff][fe][bc]AW[ef][ee][ed][dc][db][ce][df][dd][fb][fa][cd])
(;C[problem 768]PL[B]AB[fd][hb][db][gc][gb][gd][ec][eb]AW[hc][ed][dc][jc][hd][da][ge][cb][dd][ib][fe])
(;C[problem 769]PL[B]AB[fd][hb][db][gc][gb][cc][gd][ec][eb]AW[hc][bb][ed][dc][jc][hd][da][ge][cb][dd][ib][fe])
(;C[problem 770]PL[B]AB[hc][fd][bb][ef][be][bd][gc][eb][cf][ic][ce][ib][fe][bc]AW[hb][ed][dc][gb][cc][de][fc][fb][ec][cd])
(;C[problem 771]PL[B]AB[hc][hb][ha][dc][db][da][fe]AW[id][ed][hd][cc][gd][cb][dd][ic][ib][cd])
(;C[problem 772]PL[B]AB[kg][ke][ih][fd][id][jg][ge][gg][ib][hh][ed][dc][kf][kd][kb][gf][dd][jd][ic]AW[hc][ie][hb][hg][hf][he][hd][jf][je][fc][ec][ig])
(;C[problem 773]PL[B]AB[ea][fd][id][ed][jc][hd][jb][ja][cc][gd][fc][dd][jd][ce][bc]AW[hc][ha][ec][dc][db][gc][fb][ic][ib][ia])
(;C[problem 774]PL[B]AB[bb][hb][ba][ha][id][kb][dc][jc][hd][gc][cc][fc][jd][ec][bc]AW[hc][gb][ga][cb][fb][ic][ib][eb])
(;C[problem 775]PL[B]AB[hc][fd][ee][db][gc][gb][cc][gd][cb][de][ce][cd][fe]AW[be][he][cf][ff][bc][ge][fb][ib][ef][ed][dc][bd][hd][ga][bb][hb][df][fc][ic])
(;C[problem 776]PL[B]AB[ee][dc][gc][ge][gb][cc][gd][cb][ca][dd][fa][fe]AW[hc][bb][hb][ba][ha][ef][ed][he][hd][bc][de][gf][ce][ff][cd][eb])
(;C[problem 777]PL[B]AB[hc][hb][ee][dc][hd][db][ge][ga][de][dd][fb][fa][eb]AW[he][ff][cd][ea][fd][ha][id][cb][ib][ef][da][ce][ie][cc][df][gf][ca][ic][ia])
(;C[problem 778]PL[B]AB[ea][ee][bf][ed][be][gb][ad][gd][cf][df][fb][ec][cd]AW[dc][bd][db][eb][de][dd][ce][bc])
(;C[problem 779]PL[B]AB[hc][bb][hb][ef][ha][he][hd][gb][cc][de][gf][dd][ff][bc]AW[ed][gc][ga][cb][gd][ca][fb][ec][fe][eb])
(;C[problem 780]PL[B]AB[hc][ff][if][ee][he][hd][jb][cc][de][cb][gf][cf][ib][cd]AW[hb][dc][db][gc][ge][gd][dd][fb][ia])
(;C[problem 781]PL[B]AB[fd][kc][ee][ig][mc][ge][gh][jf][gd][cb][jd][fg][lb][ff][cd][bc]AW[hc][hf][ed][he][hd][jb][fc][gf][ic][ib][ec][eb])
(;C[problem 782]PL[B]AB[hc][eg][bb][hb][bf][be][bd][jb][dg][ge][cc][gg][gd][cb][cg][ff]AW[fd][ef][dc][db][gc][gb][df][ce][cd][fe])
(;C[problem 783]PL[B]AB[hc][eg][bb][hb][bf][be][bd][hd][db][jb][da][ge][cc][dg][gf][cg][fg][ff]AW[ef][dc][gc][gb][df][gd][dd][cf][ce][cd][fe][eb])
(;C[problem 784]PL[B]AB[gi][fh][cf][ih][ec][hc][if][eh][dc][hd][gc][cg][ce][ig][ie][dh][hi][fc][dd]AW[eg][fd][hh][hg][hf][ed][he][df][gd][de][fg])
(;C[problem 785]PL[B]AB[be][he][ch][fh][cf][hc][if][fb][eh][hh][dc][bd][hd][gc][cg][ig][eb][dh][gh][cc]AW[hg][hf][ed][dg][ge][df][gg][gd][dd][fg][ce][ec][cd])
(;C[problem 786]PL[B]AB[fd][he][dc][hd][db][gc][ge][fc][fe]AW[hc][ie][hb][ef][id][ee][hf][jc][cc][cb][gf][dd][ff][cd])
(;C[problem 787]PL[B]AB[hc][fd][ie][he][jc][db][jb][dg][ge][cc][df][jd][lb][ce][ff][cd][fe]AW[hb][id][ee][ed][hd][de][fc][ic][ib][ec][eb])
(;C[problem 788]PL[B]AB[ie][bg][bf][be][dh][db][jb][ge][cc][ch][gd][cb][eh][fg][ic][cd][fe]AW[eg][fd][ee][dc][dg][de][fc][dd][cf][ce][eb])
(;C[problem 789]PL[B]AB[bg][hg][be][db][cf][ff][hc][if][id][dg][gg][fb][ef][jc][bd][gc][da][eb][ie][ad]AW[bb][hf][dc][hd][df][gd][cb][fc][de][gf][ce][ec][cd][fe][bc])
(;C[problem 790]PL[B]AB[eg][ef][ba][id][ee][ed][hd][db][gd][cb][gf][fg][ec][fe][bc]AW[gb][gi][cd][if][fd][kc][je][hh][hf][dc][cg][ce][eb][ei][dh][cc][df][fc][jd][ic])
(;C[problem 791]PL[B]AB[eg][ee][fh][ec][cd][if][id][cb][ib][hh][ef][ed][dc][ig][ie][kb][gh][ca][ic]AW[hc][hb][hf][he][db][gc][ge][gg][fc][ff][fe][eb])
(;C[problem 792]PL[B]AB[hc][ee][hd][gc][ge][cb][dd][cd][fe]AW[fd][hf][ed][he][db][df][gd][de][fb])
)
