(;FF[4]GM[1]SZ[19]
C[Cho Chikun's Encyclopedia of Life & Death : Part 2 --- Intermediate

This is a collection of almost three thousand problems from Encyclopedia of Life and Death by Cho Chikun. The problems come without solutions for two reasons: first, one can learn more by reading out all the paths and solving the problems oneself; second, the solutions are copyrighted. All the problems are black to move.
In the second part, you can find about nine hundred problems aimed at strong kyu players. A dan player should find the solution in less than a minute and will need about ten hours to solve the whole book.
I wish you enjoyment and improvement in the wonderful game of go, weiqi, baduk, or whatever you like to call it.
 - Vit Brunner
]
(;C[problem 1]PL[B]AB[hb][be][dc][gc][cc][fc][ic][ec][bc]AW[bb][ab][db][cb][eb])
(;C[problem 2]PL[B]AB[hb][ba][be][dc][gb][cc][fc][ec][bc]AW[bb][ab][db][ga][cb][fb][eb])
(;C[problem 3]PL[B]AB[hc][hb][be][dc][gc][cc][ga][fc][fa][ec][bc]AW[bb][ab][db][gb][cb][fb][eb])
(;C[problem 4]PL[B]AB[hc][hb][be][dc][gc][cc][fc][ec][bc]AW[bb][db][gb][cb][fb][eb])
(;C[problem 5]PL[B]AB[bf][dc][cf][fc][fb][ce][ec][cd]AW[bb][be][bd][ae][cc][eb])
(;C[problem 6]PL[B]AB[dc][bd][db][cb][dd][cd][eb]AW[ed][be][gc][cc][ad][de][fb][ce][ec][bc])
(;C[problem 7]PL[B]AB[ee][ed][dc][bd][db][df][fc][dd][ce][ec][cd][bc]AW[fd][hb][ef][bf][be][gc][da][dg][cc][cb][cg][fb][ff][fe][eb])
(;C[problem 8]PL[B]AB[dc][bd][gc][fc][dd][ec][cd][bc]AW[hc][fd][ed][be][hd][gb][cc][gd][cb][de][fb][ce][eb])
(;C[problem 9]PL[B]AB[dc][bd][db][gc][fc][dd][ec][cd][bc]AW[hc][fd][bb][ed][be][hd][gb][cc][gd][cb][de][fb][ce][eb])
(;C[problem 10]PL[B]AB[be][dc][gc][de][fb][fa][ec][cd]AW[ea][ac][db][cc][cb][eb])
(;C[problem 11]PL[B]AB[dc][bd][cc][ad][fc][fb][fa][ec]AW[ea][bb][ac][db][cb][eb])
(;C[problem 12]PL[B]AB[dc][bd][ce][cc][ad][fc][fb][fa][ec]AW[ea][bb][db][bc][cb][eb])
(;C[problem 13]PL[B]AB[bb][db][eb][cb][bc]AW[hb][dc][bd][cc][fc][fb][ce][ec])
(;C[problem 14]PL[B]AB[hb][ba][dc][bd][cc][ad][fc][fb][ce][ec]AW[bb][ac][db][bc][cb][eb])
(;C[problem 15]PL[B]AB[ba][dc][bd][cc][ad][ca][fb][fa][ec]AW[ea][bb][ac][db][cb][bc])
(;C[problem 16]PL[B]AB[bb][ac][db][bc][cb][fb][eb]AW[hb][ba][bf][dc][bd][gb][cc][fc][ca][fa][ec][cd])
(;C[problem 17]PL[B]AB[bb][bd][db][cb][bc]AW[bg][be][dc][gb][cc][ce][ec][cd][eb])
(;C[problem 18]PL[B]AB[ea][bg][be][dc][gb][cc][fb][ce][ec][cd]AW[bb][bd][db][eb][cb][bc])
(;C[problem 19]PL[B]AB[ea][be][dc][cc][ce][ec][cd][eb]AW[bb][bd][db][da][cb][bc])
(;C[problem 20]PL[B]AB[ea][be][dc][ce][ec][cd][eb]AW[bb][bd][db][da][cb][bc])
(;C[problem 21]PL[B]AB[ba][bf][ed][bd][gb][ca][dd][ec][cd][eb]AW[bb][ac][dc][db][da][cc][bc])
(;C[problem 22]PL[B]AB[ea][bb][bd][db][bc][cb][eb]AW[ba][be][dc][ce][cc][fc][ca][fb][fa][ec][cd])
(;C[problem 23]PL[B]AB[ea][be][ab][dc][ae][de][dd][ce][ec][eb]AW[bb][bd][db][cc][ad][cb][cd])
(;C[problem 24]PL[B]AB[ba][dc][bd][cc][ad][fc][fb][ec]AW[ea][ab][aa][db][cb][ca][eb])
(;C[problem 25]PL[B]AB[ea][ab][aa][db][bc][cb][eb]AW[ac][dc][bd][ad][fc][fb][ec][cd])
(;C[problem 26]PL[B]AB[bb][ab][dc][db][bc][fa][cd][eb]AW[ea][hb][bg][ac][be][bd][de][fc][dd][fb][ec])
(;C[problem 27]PL[B]AB[ea][bb][ba][db][da][eb]AW[be][dc][cf][fc][fb][fa][ec][cd])
(;C[problem 28]PL[B]AB[bb][ab][dc][gb][cb][fc][fb]AW[fd][hb][ac][ce][gc][da][cc][gd][dd][fa][ib][bc])
(;C[problem 29]PL[B]AB[fd][ed][bd][gc][dd][fb][fa][cd]AW[bb][ba][dc][eb][bc])
(;C[problem 30]PL[B]AB[bb][ab][dc][bd][db][fb][ec][cd][bc]AW[fd][ba][ac][ed][be][ae][gb][ad][ga][cb][fc][dd][ce])
(;C[problem 31]PL[B]AB[bb][dc][bd][db][ad][ca][bc]AW[ea][ed][ab][be][da][ae][dd][ce][ec][eb])
(;C[problem 32]PL[B]AB[fd][ac][ed][be][bd][da][cf][df][fc][fb][fa]AW[bb][ab][dc][eb][ca][ce][ec][cd][bc])
(;C[problem 33]PL[B]AB[fd][ee][bd][de][fc][fb][ce][bc]AW[bb][ed][ab][da][cc][cb][dd][cd])
(;C[problem 34]PL[B]AB[ef][id][ed][he][dc][jc][bd][db][ga][fc][dd][gf][ic]AW[hc][fd][bb][hb][ab][da][gd][cb][ec][eb])
(;C[problem 35]PL[B]AB[ef][id][ed][he][dc][jc][bd][db][fc][dd][gf][ic][ia]AW[hc][fd][bb][ab][da][gd][cb][fb][ec][eb])
(;C[problem 36]PL[B]AB[ef][id][ed][he][dc][jc][bd][db][fc][dd][gf][ic][ia]AW[hc][fd][bb][ab][da][ga][cb][gd][ec][eb])
(;C[problem 37]PL[B]AB[fd][ed][bd][gc][gb][ga][dd][ib][cd][bc]AW[bb][ab][cb][fc][fb][fa][eb])
(;C[problem 38]PL[B]AB[fd][ed][gc][gb][ga][dd][cd][bc]AW[bb][ba][db][cb][fb][fa])
(;C[problem 39]PL[B]AB[fd][ed][bd][fc][dd][fb][fa][cd]AW[ea][bb][aa][bc][cb][ec][eb])
(;C[problem 40]PL[B]AB[fd][bf][ed][af][cf][ad][df][dd][fb][eb]AW[ea][bb][ba][ac][db][cb][ce][cd])
(;C[problem 41]PL[B]AB[fd][ee][be][ce][fc][dd][fb][fa]AW[bb][ab][dc][bd][ec][bc])
(;C[problem 42]PL[B]AB[hc][ee][bf][ed][bd][df][cf][ec][eb]AW[bb][ba][db][da][de][cb][dd])
(;C[problem 43]PL[B]AB[hc][ee][bf][ed][da][df][cf][ce][ec][eb]AW[bb][ba][dc][bd][db][de][cb][dd])
(;C[problem 44]PL[B]AB[ba][be][db][cc][cb][eb]AW[dc][ad][fc][fb][ce][ec][cd][bc])
(;C[problem 45]PL[B]AB[bb][db][da][cc][fb][fa][eb]AW[dc][bd][gc][gb][cb][fc][dd][ec][bc])
(;C[problem 46]PL[B]AB[fd][dc][bd][gc][gb][dd][ib][bc]AW[bb][ab][db][cb][fb])
(;C[problem 47]PL[B]AB[fd][ed][dc][bd][gc][gb][ga][dd][ib][bc]AW[bb][ab][db][cb][fb][ec])
(;C[problem 48]PL[B]AB[hc][fd][ee][dc][bd][gb][fc][dd][bc]AW[bb][ab][db][cb][fb][ec])
(;C[problem 49]PL[B]AB[bb][db][gb][cb][fb]AW[hc][fd][hb][dc][bd][fc][dd][bc])
(;C[problem 50]PL[B]AB[fd][ed][bd][gc][gb][dd][ib][cd]AW[bb][db][cb][fb][eb])
(;C[problem 51]PL[B]AB[fd][ba][ed][bd][gc][gb][dd][fa][ib][cd]AW[ea][bb][ac][db][cb][fb][eb])
(;C[problem 52]PL[B]AB[ea][bb][be][dc][ae][gb][cc][fb][ce][ec][cd][bc]AW[hc][hb][ba][ef][bf][ed][db][gc][af][df][ad][cb][fc][ca][cf][eb])
(;C[problem 53]PL[B]AB[hc][fd][bb][ed][dc][db][gd][cb][dd][fb][cd]AW[hb][id][ee][be][ab][bd][hd][gc][ge][cc][de][fc][ce][ib][fe][bc])
(;C[problem 54]PL[B]AB[bb][ba][dc][cc][fc][ec][bc]AW[fd][ef][ed][bd][hd][db][gc][ce][gb][ca][fa])
(;C[problem 55]PL[B]AB[fd][hb][ee][bd][db][gb][de][fc][fb][fe][eb]AW[hc][ed][ce][gc][ge][cc][df][gf][dd][cf][ic][ib][fg][ec][bc])
(;C[problem 56]PL[B]AB[fd][hb][ee][bd][db][gb][de][fc][fb][fe][eb]AW[hc][bb][ed][ce][gc][ge][cc][df][gf][dd][cf][ic][ib][fg][ec])
(;C[problem 57]PL[B]AB[bb][ba][ed][be][bd][ad][dd][cd][bc]AW[hc][fd][ee][bf][ab][dc][ae][de][cb][fc][cg][ce])
(;C[problem 58]PL[B]AB[ee][he][db][jb][gb][cf][ec][id][ae][cb][ef][bf][ed][jc][ja][af][df][ad][gf][jd]AW[be][bc][hc][fd][de][fb][ib][ac][dc][bd][hd][ce][eb][cc][gd][fc][dd][ic][fa][ia])
(;C[problem 59]PL[B]AB[ea][bb][hb][ba][fd][ie][ed][jc][hd][jb][ja][cc][dd][ic][bc]AW[hc][ec][db][gc][gb][cb][fc][ca][ib][ia][eb])
(;C[problem 60]PL[B]AB[bb][dc][db][eb][cd][bc]AW[ed][be][bd][gc][cc][cf][dd][fb][ec])
(;C[problem 61]PL[B]AB[hc][fd][hb][ed][cc][gd][fc][dd][fb][ic][cd][bc]AW[bb][ef][ac][be][he][bd][hd][ce][gc][ge][gb][ga][cb][fa][ec][eb])
(;C[problem 62]PL[B]AB[bb][gb][cc][cb][fb][ec][eb]AW[hc][hb][ee][ed][dc][bd][gc][fc][cd][bc])
(;C[problem 63]PL[B]AB[bb][cc][cb][ec][eb]AW[hc][fd][ed][dc][bd][cd][bc])
(;C[problem 64]PL[B]AB[bb][ed][cc][cb][dd][fb][eb]AW[ee][be][ab][gc][gb][de][fc][cd][fe][bc])
(;C[problem 65]PL[B]AB[ed][cb][dd][fb][ec][eb]AW[hc][fd][ee][be][gb][de][fc][cd][bc])
(;C[problem 66]PL[B]AB[hc][bb][ba][dc][gc][gb][cc][cb][fc][eb]AW[fd][hb][id][ee][hf][ab][bd][hd][db][da][de][dd][ic][ec][fe][ia][bc])
(;C[problem 67]PL[B]AB[bb][dc][cb][dd][fb][eb]AW[hc][ed][gc][cc][de][fc][cg][ic][ec][cd][bc])
(;C[problem 68]PL[B]AB[gc][gb][cc][de][fc][ib][ec][cd][fe][bc]AW[bb][ab][dc][cb][fb][eb])
(;C[problem 69]PL[B]AB[ed][gb][cc][ga][fc][dd][fb][cd][bc]AW[ea][bb][ab][dc][cb][fa][eb])
(;C[problem 70]PL[B]AB[bd][ce][de][fc][dd][fb][fa][ec]AW[ea][ab][dc][cb][cd][eb])
(;C[problem 71]PL[B]AB[bb][ab][db][cc][eb]AW[dc][bd][fc][fb][fa][ec][cd])
(;C[problem 72]PL[B]AB[bd][fc][dd][fb][fa][cd][bc]AW[bb][ba][ab][db][cc][eb])
(;C[problem 73]PL[B]AB[ac][bd][ad][fc][dd][fb][fa][ec][cd]AW[bb][ba][ab][db][bc][eb])
(;C[problem 74]PL[B]AB[fd][ed][be][da][ae][ad][de][fc][fb][ce][eb]AW[bb][ba][ab][dc][bd][db][dd][ec][cd])
(;C[problem 75]PL[B]AB[dc][bd][ce][gc][gb][fc][dd][ib][ec][bc]AW[bb][ab][db][cc][fb][eb])
(;C[problem 76]PL[B]AB[dc][bd][gc][gb][fc][dd][ce][ib][bc]AW[bb][ab][db][cc][fb][eb])
(;C[problem 77]PL[B]AB[bb][ac][db][cc][fb][eb]AW[dc][bd][gc][gb][fc][dd][ib][cd][bc])
(;C[problem 78]PL[B]AB[bb][ac][db][cc][eb]AW[hc][bd][gc][fc][dd][ce][ec][bc])
(;C[problem 79]PL[B]AB[bb][ac][be][aa][bd][de][fc][dd][fb][ce][ec]AW[ba][db][bc][cc][cb][ca][cd][eb])
(;C[problem 80]PL[B]AB[ea][fd][ed][bd][db][gc][gb][ca][dd][fb][cd][bc]AW[bb][ba][dc][cc][cb][fc][ec][eb])
(;C[problem 81]PL[B]AB[db][cc][eb][cb][dd][ec][cd][bc]AW[fd][bb][ac][ed][be][aa][bd][de][fc][fb][ce])
(;C[problem 82]PL[B]AB[dc][gb][eb][cc][cb][fb][ec][bc]AW[bb][hb][ee][ac][ed][aa][bd][db][gc][da][fc][ic][ce])
(;C[problem 83]PL[B]AB[ea][bf][ed][ce][cc][eb][df][cb][dd][cf][fa][ec][cd][bc]AW[eg][bg][ee][be][db][fd][dg][de][fb][ef][ac][dc][aa][bd][ga][cg][bb][hb][af][fc])
(;C[problem 84]PL[B]AB[eg][bg][ee][be][db][fd][dg][de][fb][ef][ac][dc][aa][bd][ga][cg][bb][hb][af][fc]AW[ea][bf][ed][ce][cc][eb][df][cb][dd][cf][fa][ec][cd][bc])
(;C[problem 85]PL[B]AB[ea][bb][fd][ee][ac][bf][be][cf][de][fc][fb][fa][fe]AW[ed][ab][db][cc][ad][dd][ce][ec][cd][eb])
(;C[problem 86]PL[B]AB[fd][bb][ac][ed][gb][cc][gd][cb][ca][dd][cd]AW[hc][hb][ee][be][dc][bd][hd][db][da][ge][de][fb][ce][ec][fe][bc])
(;C[problem 87]PL[B]AB[hc][bh][bb][hb][ha][ah][dc][bd][db][gc][ch][fc][cg][cf][ce][ec][cd]AW[ea][bg][bf][be][ag][da][bc][gb][cc][ga][cb][ad][ae][fb][eb])
(;C[problem 88]PL[B]AB[hc][bb][ac][ed][bd][gc][ad][fc][dd][fb][ec][cd]AW[hb][ef][id][ee][bf][dc][hd][db][da][bc][gb][cc][ge][cb][cf][ic][fa][eb])
(;C[problem 89]PL[B]AB[ed][da][cc][dd][fb][ec][cd][eb]AW[ba][ee][dc][bd][db][gc][gb][de][fc][ce][fe][bc])
(;C[problem 90]PL[B]AB[hc][fd][hb][id][ed][bd][db][bc][gd][cb][fb][ce][eb]AW[bb][dc][gc][cc][gb][fc][ca][fa][ec])
(;C[problem 91]PL[B]AB[fd][id][ed][bd][hd][db][bc][gb][gd][cb][fb][ic][ce][ib][eb]AW[hc][bb][hb][ac][dc][aa][gc][cc][ga][fc][ca][ec])
(;C[problem 92]PL[B]AB[hc][fd][bb][hb][ha][ee][gc][da][cc][de][ca][ce][cd][fe]AW[ed][dc][db][bc][gb][cb][fc][dd][fb][eb])
(;C[problem 93]PL[B]AB[ea][ba][be][ab][ae][de][ca][dd][ce][ec][eb]AW[bb][bd][db][da][ad][cb][cd])
(;C[problem 94]PL[B]AB[ea][fd][ed][bd][db][cc][cb][fc][dd][fb][cd]AW[bb][ee][be][gc][da][gb][ad][gd][de][ca][ce][ec][fe][bc])
(;C[problem 95]PL[B]AB[ea][bd][db][gb][cc][ga][cb][fc][ec][cd][eb]AW[fd][bb][hb][ed][be][gc][da][ad][gd][de][ca][dd][ic][ce][bc])
(;C[problem 96]PL[B]AB[ed][be][cc][cb][dd][cd][bc]AW[fd][bb][bf][dc][db][de][fc][ca][cf][fe])
(;C[problem 97]PL[B]AB[dc][cb][bc]AW[bd][db][de][fc][dd][cf][ec])
(;C[problem 98]PL[B]AB[hc][ee][ed][bd][db][df][fc][cg][ce][ec]AW[dc][eb][de][cb][dd][bc])
(;C[problem 99]PL[B]AB[ee][be][gb][dd][ce][ec][eb]AW[ab][dc][bd][db][ad])
(;C[problem 100]PL[B]AB[ac][gb][cc][cb][ca][fb][ec][bc]AW[fd][hb][ha][ee][bd][db][gc][ad][de][fc][cd])
(;C[problem 101]PL[B]AB[fd][ba][ee][bf][bd][ad][de][fc][fb][ce][eb]AW[bb][ed][dc][db][cb][dd][ec][cd][bc])
(;C[problem 102]PL[B]AB[fd][bb][ee][be][bd][ad][de][fc][fb][ce]AW[ac][ed][db][eb][cb][dd][ec][cd][bc])
(;C[problem 103]PL[B]AB[fd][bb][ed][be][bd][de][fc][fb][ce]AW[db][eb][ad][cb][dd][ec][cd][bc])
(;C[problem 104]PL[B]AB[ed][be][db][da][de][fb][ce][ec]AW[dc][bd][cb][dd][cd][bc])
(;C[problem 105]PL[B]AB[ea][dc][bd][db][cb][bc]AW[ed][be][cc][cf][dd][fb][cd][eb])
(;C[problem 106]PL[B]AB[bd][cb][bc]AW[be][dc][cc][fc][ce][cd])
(;C[problem 107]PL[B]AB[bb][bd][db][cb][bc]AW[be][dc][gc][cc][ce][ec][eb])
(;C[problem 108]PL[B]AB[bd][db][eb][cb][bc]AW[hb][be][dc][gc][cc][fb][ce][ec])
(;C[problem 109]PL[B]AB[ee][be][dc][gc][cc][fb][ce][ec]AW[bd][db][eb][cb][ib][bc])
(;C[problem 110]PL[B]AB[be][dc][ce][cc][fc][fb][fa][ec][cd]AW[ea][bd][db][eb][cb][bc])
(;C[problem 111]PL[B]AB[ea][ab][bd][db][gb][cb][fb][cd][bc]AW[hc][bb][hb][ba][be][dc][gc][ae][cc][ad][de][fc][dd][ce])
(;C[problem 112]PL[B]AB[hc][bb][bg][ed][ab][dc][ec][be][ce][gb][de][fc][ca][fa][ib]AW[ea][ba][bd][db][bc][cc][cb][dd][fb][cd][eb])
(;C[problem 113]PL[B]AB[be][dc][ce][ae][fc][fb][fa][ec]AW[ea][bd][db][ad][cb][eb])
(;C[problem 114]PL[B]AB[hb][ee][be][gc][ge][cc][fb][ce][cd]AW[bd][eb][cb][ec][bc])
(;C[problem 115]PL[B]AB[ef][ee][ac][bf][ed][dc][af][gb][cc][df][cf][eb]AW[bb][be][db][ae][de][cb][ce][bc])
(;C[problem 116]PL[B]AB[ef][ee][bf][ed][dc][bd][af][gb][cc][df][cf][eb]AW[be][ab][db][ae][ad][de][cb][ce][bc])
(;C[problem 117]PL[B]AB[ee][ed][bd][df][cb][dd][ce][cd][bc]AW[eg][bg][be][dc][db][af][dg][gb][cc][fc][cf][ff][fe])
(;C[problem 118]PL[B]AB[fd][ed][dc][bd][gd][cb][dd][fb][fa][bc]AW[hc][be][he][gb][df][ga][de][fc][cf][ic][ff][cd][eb])
(;C[problem 119]PL[B]AB[fd][ab][bd][cb][fc][ca][gf][cd][bc]AW[ba][ee][be][dc][cc][ad][dd][ce][ec])
(;C[problem 120]PL[B]AB[dc][bd][db][da][cc][fb]AW[ba][ac][ed][aa][gc][gb][cb][fc][cf][ce][cd][bc])
(;C[problem 121]PL[B]AB[ea][fd][ef][bf][be][gb][cc][df][cb][fc][cf][ff][fe][eb]AW[bb][ee][ed][dc][bd][db][de][ce][ec][cd])
(;C[problem 122]PL[B]AB[ee][ac][dc][ge][cc][de][cb][cd][fe][bc]AW[hc][ba][ed][be][db][fc][dd][cg][ce][eb])
(;C[problem 123]PL[B]AB[cc][eb][ad][cb][ca][bc]AW[be][ab][bd][fc][dd][fb][ec][cd])
(;C[problem 124]PL[B]AB[dc][bd][db][cb][fc][fb][fa][ec][bc]AW[ea][bb][fd][ed][be][gc][ae][cc][gb][gd][ce][cd])
(;C[problem 125]PL[B]AB[fd][ed][bd][gc][gb][cc][ad][dd][cd]AW[ba][ac][ab][dc][aa][cb][fc][ca][fb][ec][bc])
(;C[problem 126]PL[B]AB[ba][ab][dc][aa][cb][fc][ca][fb][ec][bc]AW[fd][ed][bd][gc][gb][ad][cc][gd][dd][ib][cd])
(;C[problem 127]PL[B]AB[ba][bf][be][dc][bd][gc][cb][dd][fb][ec][cd]AW[cc][bb][db][bc])
(;C[problem 128]PL[B]AB[bd][fc][dd][fb][fa][ec][cd]AW[ea][ba][ab][db][cc])
(;C[problem 129]PL[B]AB[be][dc][ce][fc][dd][fb][fa][fe]AW[ba][ac][db][cc][cd][eb])
(;C[problem 130]PL[B]AB[ab][cc][bc]AW[ac][bd][ad][fc][dd][ec][cd])
(;C[problem 131]PL[B]AB[ab][cc][db][bc]AW[dc][bd][gb][ec][cd][eb])
(;C[problem 132]PL[B]AB[ab][cc][bc]AW[bd][dd][fb][ec][cd])
(;C[problem 133]PL[B]AB[cc][db][ca][bc]AW[ab][dc][ce][ec][cd][eb])
(;C[problem 134]PL[B]AB[cc][bd][cb][ac]AW[be][dc][gc][ae][ce][ec][cd])
(;C[problem 135]PL[B]AB[bb][db][cc][ca][bc]AW[ea][ab][dc][fc][dd][cf][cd][eb])
(;C[problem 136]PL[B]AB[cc][db][bc]AW[dc][ce][ec][cd][eb])
(;C[problem 137]PL[B]AB[bc][cc][db][eb]AW[bf][dc][bd][fc][fb][ec][cd])
(;C[problem 138]PL[B]AB[dc][bd][ad][fc][fb][ec][cd]AW[bb][db][cc][eb][bc])
(;C[problem 139]PL[B]AB[ba][dc][bd][ad][fc][fb][ec][cd]AW[bb][ac][db][cc][eb][bc])
(;C[problem 140]PL[B]AB[ea][ba][db][ae][cc][eb][ad][bc]AW[ac][bf][ab][dc][bd][de][fc][fb][fa][ec][cd])
(;C[problem 141]PL[B]AB[db][cc][eb][fa][bc]AW[ea][hb][dc][bd][fc][fb][ec][cd])
(;C[problem 142]PL[B]AB[ea][bf][ab][dc][bd][gb][cf][de][dd][fb][ic][ec][cd]AW[bh][hb][ef][dh][db][gc][cc][eb][df][fc][ca][fe][bc])
(;C[problem 143]PL[B]AB[ea][ac][bf][ab][dc][bd][gb][cf][de][dd][fb][ic][ec][cd]AW[bh][hb][ba][ef][dh][db][gc][bc][cc][df][fc][ca][fe][eb])
(;C[problem 144]PL[B]AB[ea][bb][ac][bf][ab][dc][bd][gb][cf][de][dd][fb][ic][ec][cd]AW[bh][hb][ba][ef][dh][db][gc][bc][cc][df][cb][fc][ca][fe][eb])
(;C[problem 145]PL[B]AB[ba][db][cc][eb][ad][bc]AW[bb][be][ab][bd][df][fc][dd][fb][ec])
(;C[problem 146]PL[B]AB[dc][bd][ad][fc][ec][cd]AW[ac][jc][db][cc][bc])
(;C[problem 147]PL[B]AB[bb][be][dc][gc][ge][cf][df][fb][ff][eb]AW[ac][ed][db][cc][ce][ec][cd][bc])
(;C[problem 148]PL[B]AB[db][cc][eb][dd][ec][cd][bc]AW[ea][fd][ed][be][bd][ce][de][fc][ca][fb][fa])
(;C[problem 149]PL[B]AB[ac][db][da][cc][bc]AW[ea][dc][bd][ec][cd][eb])
(;C[problem 150]PL[B]AB[dc][bd][ad][de][ec][cd][eb]AW[ac][db][da][cc][bc])
(;C[problem 151]PL[B]AB[dc][bd][de][ec][cd][eb]AW[ac][db][da][cc][bc])
(;C[problem 152]PL[B]AB[ea][ac][db][cc][eb][bc]AW[ab][bd][ad][fc][ca][dd][fb][fa][ec][cd])
(;C[problem 153]PL[B]AB[ac][db][cc][eb][bc]AW[dc][bd][ad][fc][fb][fa][ec][cd])
(;C[problem 154]PL[B]AB[dc][bd][ad][fc][fb][ec][cd]AW[ea][ac][db][cc][eb][bc])
(;C[problem 155]PL[B]AB[dc][bd][ad][fc][ca][fb][ec][cd]AW[ea][bb][ac][db][bc][cc][eb])
(;C[problem 156]PL[B]AB[dc][bd][fc][dd][fb][ec][cd]AW[ea][ac][db][cc][eb][bc])
(;C[problem 157]PL[B]AB[fd][bb][bf][ab][gb][cf][dd][fb][ce][ec][cd][bc]AW[ba][be][dc][aa][bd][cc][cb][ca][eb])
(;C[problem 158]PL[B]AB[bd][db][da][cc][bc]AW[ea][ac][be][dc][ae][de][ce][ec][eb])
(;C[problem 159]PL[B]AB[aa][bd][db][da][cc][bc]AW[be][ab][dc][fc][dd][cf][cd][eb])
(;C[problem 160]PL[B]AB[bd][db][da][cc][ad][bc]AW[ba][be][dc][ae][fb][ce][ec][cd])
(;C[problem 161]PL[B]AB[hc][be][dc][fc][dd][cf][cd]AW[bd][db][cc][ad][cb])
(;C[problem 162]PL[B]AB[hc][be][ab][dc][fc][dd][cf][cd]AW[bb][bd][db][cc][ad][cb])
(;C[problem 163]PL[B]AB[be][dc][ae][de][ec][cd][eb]AW[aa][db][da][cc][ad][bc])
(;C[problem 164]PL[B]AB[bd][db][cc][eb][ca][bc]AW[ea][be][ab][dc][fc][fb][ce][ec][cd])
(;C[problem 165]PL[B]AB[bd][db][cc][eb][bc]AW[ea][be][dc][fc][fb][ce][ec][cd])
(;C[problem 166]PL[B]AB[ac][bf][dc][ce][af][cf][fc][dd][fb][fa][ec]AW[ea][be][db][ae][cc][eb][cd][bc])
(;C[problem 167]PL[B]AB[bd][db][da][cc][eb][ad][fa][bc]AW[bf][dc][gb][cb][ca][fb][ce][ec][cd])
(;C[problem 168]PL[B]AB[dc][cb][db][cd]AW[ie][dg][cc][eb][dd][cf][ic][ec][bc])
(;C[problem 169]PL[B]AB[dc][gc][cc][fc][fa][ec][eb]AW[hc][fd][be][jc][hd][db][gb][gd][de][fb][cd][bc])
(;C[problem 170]PL[B]AB[ba][ee][ed][ab][dc][bd][db][gc][fc][fb][ec][cd][fe]AW[ff][hb][ef][be][he][hd][da][bc][cc][gd][cb][de][dd][gf][ce][ib][eb])
(;C[problem 171]PL[B]AB[hc][hb][bf][gc][cc][ga][de][fc][dd][ce][ec][bc]AW[fd][bb][ed][be][dc][bd][db][gb][fb][cd][eb])
(;C[problem 172]PL[B]AB[bc][ea][cc][eb]AW[bb][hb][bf][ed][bd][fc][dd][fb][ce])
(;C[problem 173]PL[B]AB[hc][ea][fd][ba][ac][ed][hd][db][gb][cc][gd][dd][bc]AW[bb][hb][ie][ef][ab][bd][jb][gc][cf][cb][fc][gf][fb][ic][ce][ec])
(;C[problem 174]PL[B]AB[hc][ea][fd][ed][hd][db][gb][cc][gd][dd][bc]AW[ie][hb][ef][bd][jb][gc][cf][fc][gf][fb][ic][ce][ec][eb])
(;C[problem 175]PL[B]AB[hc][ea][fd][ed][hd][gb][cc][eb][gd][dd][bc]AW[hb][ef][id][he][bd][jb][gc][fc][ca][gf][fb][ic][ce][cg][ec][ia])
(;C[problem 176]PL[B]AB[if][hb][ee][hf][bd][gc][gb][cf][ga][gd][fc][de][jd][fb][gf][ib][cd][fe]AW[hc][ea][fd][ed][he][hd][ge][cc][eb][dd][fa][ec][bc])
(;C[problem 177]PL[B]AB[bf][dc][bd][gc][cb][fc][ec][cd]AW[cc][bb][db][bc])
(;C[problem 178]PL[B]AB[hc][fd][bb][ed][hd][db][cc][ad][gd][gf][dd][bc]AW[hb][be][dc][bd][gc][gb][fc][ca][cf][ic][ec][cd][ci])
(;C[problem 179]PL[B]AB[hb][cf][fc][dd][fb][ec][cd]AW[cc][dc][cb][eb])
(;C[problem 180]PL[B]AB[ed][be][gc][cf][ad][dd][fb][ec][cd]AW[ab][dc][bd][cc][cb][eb])
(;C[problem 181]PL[B]AB[cc][dc][bd]AW[be][fc][dd][cf][ic][ec][cd])
(;C[problem 182]PL[B]AB[cc][dc][dd][eb]AW[hb][ee][cf][fc][fb][ce][ec][cd][fe])
(;C[problem 183]PL[B]AB[hc][ff][ee][be][gb][ad][fc][cg][ce][ec][cd]AW[dc][bd][da][cc][dd][fb][eb])
(;C[problem 184]PL[B]AB[cc][dc][ec][db]AW[fd][ed][fc][fb][ce][cd][eb])
(;C[problem 185]PL[B]AB[ab][db][cc][fc][ec]AW[ee][bd][gc][cf][gd][fb][cd][eb])
(;C[problem 186]PL[B]AB[ed][cf][fc][dd][fb][cd][eb]AW[dc][bd][db][cc][ec])
(;C[problem 187]PL[B]AB[ed][be][gb][cf][fc][dd][fb][cd][eb]AW[ea][dc][bd][db][cc][ec])
(;C[problem 188]PL[B]AB[ea][ab][dc][bd][db][cc][ec]AW[ed][be][gb][ad][cf][fc][dd][fb][cd][eb])
(;C[problem 189]PL[B]AB[ea][dc][cb][ec][eb]AW[fd][bb][ed][db][da][gb][fc][dd][cd])
(;C[problem 190]PL[B]AB[ed][bd][dd][fb][ec][cd]AW[bb][dc][da][cc][eb])
(;C[problem 191]PL[B]AB[bb][ac][dc][bd][cc]AW[ed][be][gc][ae][ad][dd][ec][cd])
(;C[problem 192]PL[B]AB[cc][bb][dc]AW[ed][db][gc][de][ec][cd])
(;C[problem 193]PL[B]AB[cc][bb][dc][ac]AW[ed][bd][gc][fc][dd][ic][cd][bc])
(;C[problem 194]PL[B]AB[bb][ac][dc][cc][eb]AW[ed][bd][gc][fc][ca][dd][ic][cd][bc])
(;C[problem 195]PL[B]AB[cc][bb][dc][cd]AW[ed][bd][gc][fc][dd][ce][bc])
(;C[problem 196]PL[B]AB[ee][be][ab][gc][gb][ga][gd][de][fa][cd][fe][bc]AW[fd][bb][ba][ed][dc][cc][fc][dd][fb][eb])
(;C[problem 197]PL[B]AB[ed][be][gc][cb][ca][dd][fb][ec][cd][bc]AW[bb][ba][dc][bd][db][cc][eb])
(;C[problem 198]PL[B]AB[hb][ed][bd][fc][dd][fb][cd][bc]AW[bb][ab][dc][cc][ec][eb])
(;C[problem 199]PL[B]AB[bb][ab][dc][cc][fa][ec][eb]AW[fd][hb][ba][ed][bd][fc][dd][fb][cd][bc])
(;C[problem 200]PL[B]AB[ba][bf][ed][be][fc][dd][fb][fa][ec][cd]AW[bb][ab][dc][bd][da][cc][eb])
(;C[problem 201]PL[B]AB[hc][ba][bd][gb][fc][dd][ec][cd][bc]AW[bb][ab][dc][cc][ca][eb])
(;C[problem 202]PL[B]AB[fd][hb][ha][ac][ed][be][gc][gd][cb][dd][cd][bc]AW[bb][ab][dc][gb][cc][ga][fc][fa][ec][eb])
(;C[problem 203]PL[B]AB[fd][ac][ed][bd][gc][gb][ga][gd][dd][fa][cd][bc]AW[ea][bb][ab][dc][cc][fc][fb][ec])
(;C[problem 204]PL[B]AB[fd][ed][bd][db][gc][gb][cc][ga][ad][gd][dd][bc]AW[ea][bb][ac][dc][da][cb][fc][fb][fa][ec])
(;C[problem 205]PL[B]AB[fd][ac][gc][gb][cc][ca][dd][ce][bc]AW[ea][bb][dc][cb][fb][ec])
(;C[problem 206]PL[B]AB[fd][ed][be][gc][da][ad][gd][cb][de][ic][ce][cd][bc]AW[bb][ab][dc][db][cc][dd][ec][eb])
(;C[problem 207]PL[B]AB[bf][ed][bd][gc][gb][ga][fc][dd][ec][bc]AW[bb][ab][dc][cc][fb][eb])
(;C[problem 208]PL[B]AB[ea][bb][ab][dc][cb][fb][ec]AW[hb][ac][ed][ce][gc][cc][ga][fc][ca][dd][fa][bc])
(;C[problem 209]PL[B]AB[fd][ed][be][gc][gb][cc][ad][gd][de][ce][cd]AW[ab][dc][bd][da][cb][fc][dd][ec][bc])
(;C[problem 210]PL[B]AB[bf][ed][bd][gc][gb][ga][fc][dd][fa][ec][bc]AW[bb][ab][dc][da][cc][fb][eb])
(;C[problem 211]PL[B]AB[ba][ed][bd][gc][gb][ga][fc][dd][fa][cd]AW[bb][ab][dc][bc][cc][ca][fb][eb])
(;C[problem 212]PL[B]AB[ed][bd][gc][gb][ga][fc][dd][ec][cd][bc]AW[bb][ba][ab][dc][cc][fb][eb])
(;C[problem 213]PL[B]AB[bb][be][ab][dc][cc][fb][ec][cd][eb]AW[ba][bf][ed][bd][gc][gb][de][cb][fc][ce][bc])
(;C[problem 214]PL[B]AB[bb][ab][dc][cc][ec]AW[fd][ed][bd][fc][dd][fb][cd][bc])
(;C[problem 215]PL[B]AB[fd][ed][bd][fc][dd][fb][cd][bc]AW[bb][ab][dc][cc][ca][ec])
(;C[problem 216]PL[B]AB[bb][ac][ab][dc][cc][ca][ec]AW[ba][ed][bd][ad][fc][dd][fb][fa][cd][bc])
(;C[problem 217]PL[B]AB[fd][ac][ed][be][fc][dd][fb][cd][bc]AW[bb][ab][dc][da][cc][ec])
(;C[problem 218]PL[B]AB[ee][ac][ed][be][gc][gb][fc][fa][ib][cd][bc]AW[bb][ab][dc][cc][fb][ec][eb])
(;C[problem 219]PL[B]AB[hc][fd][ed][bd][gb][fc][dd][fa][cd][bc]AW[bb][ab][dc][cc][fb][ec][eb])
(;C[problem 220]PL[B]AB[ee][ac][ed][be][gc][gb][fc][ca][cd][bc]AW[bb][ab][dc][da][cc][fb][ec])
(;C[problem 221]PL[B]AB[ee][ac][ed][be][gc][gb][fc][ca][cd][bc]AW[bb][ab][dc][db][cc][fb][ec])
(;C[problem 222]PL[B]AB[hc][hb][ha][ed][be][bd][gc][ad][fc][dd][cd][bc]AW[bb][ac][ab][dc][gb][cc][fb][ec])
(;C[problem 223]PL[B]AB[hc][hb][ha][ed][bd][gc][fc][dd][cd][bc]AW[bb][ab][dc][cc][gb][fb][ec])
(;C[problem 224]PL[B]AB[hc][hb][ba][ha][ed][bd][gc][da][cb][fc][dd][cd][bc]AW[ea][bb][ab][dc][db][gb][cc][fb][ec][eb])
(;C[problem 225]PL[B]AB[hc][hb][ha][ac][ed][be][gc][da][fc][dd][cd][bc]AW[bb][ab][dc][gb][cc][fb][ec][eb])
(;C[problem 226]PL[B]AB[hc][hb][ha][ed][bd][gc][da][fc][dd][cd][bc]AW[bb][ab][dc][db][gb][cc][fb][ec])
(;C[problem 227]PL[B]AB[fd][ac][ed][bd][gc][gb][dd][ic][fa][cd][bc]AW[bb][ab][dc][cc][fc][fb][eb])
(;C[problem 228]PL[B]AB[fd][ed][bd][gc][gb][gd][cf][ib][cd][bc]AW[bb][ab][dc][cc][fc][fb])
(;C[problem 229]PL[B]AB[fd][hb][ed][bd][da][gb][gd][cb][dd][cd][bc]AW[bb][ba][ab][dc][cc][fc][fb][eb])
(;C[problem 230]PL[B]AB[fd][hb][ed][bd][da][gb][gd][dd][cd][bc]AW[bb][ab][dc][cc][fc][fb][fa])
(;C[problem 231]PL[B]AB[bb][ab][dc][cc][fc][fb]AW[fd][ed][bd][gc][gb][gd][dd][fa][cd][bc])
(;C[problem 232]PL[B]AB[ed][bd][gc][gb][ga][gd][dd][fa][cd][bc]AW[bb][ab][dc][da][cc][fc][fb])
(;C[problem 233]PL[B]AB[bb][ab][dc][cc][fc][fb][ec]AW[fd][ac][ed][be][gc][gb][gd][dd][fa][ib][cd][bc])
(;C[problem 234]PL[B]AB[bb][ab][dc][cc][fc][fb][ec]AW[fd][ed][bd][gc][gb][eb][gd][dd][fa][cd][bc])
(;C[problem 235]PL[B]AB[hc][fd][hb][ac][ed][be][gd][dd][cd][bc]AW[bb][ab][dc][cc][gb][fc])
(;C[problem 236]PL[B]AB[fd][ac][ed][be][jc][hd][gc][gb][gd][cb][cd][dd][ic][ce][ib][lc][bc]AW[bg][ab][db][ff][ec][hc][ha][id][dg][fb][hf][dc][ga][bb][hb][ie][cc][df][fc])
(;C[problem 237]PL[B]AB[ee][bd][gc][ge][gb][dd][ic][cd][fe][bc]AW[fd][bb][ed][ab][dc][cc][fb])
(;C[problem 238]PL[B]AB[ef][bd][gc][da][ge][gb][cf][gd][df][fb][ce][cd][fe]AW[fd][ee][ed][dc][cc][de][fc][ca][dd][eb])
(;C[problem 239]PL[B]AB[ef][bd][gc][da][ge][gb][cf][gd][df][fb][ce][cd][fe]AW[fd][ee][ed][dc][cc][eb][de][fc][dd][bc])
(;C[problem 240]PL[B]AB[hb][ee][bd][fc][fb][ec][cd][bc]AW[bb][ac][dc][da][cc][eb])
(;C[problem 241]PL[B]AB[hb][ee][bf][bd][fc][fb][ec][cd][bc]AW[bb][ac][dc][aa][da][cc][eb])
(;C[problem 242]PL[B]AB[hb][ee][bd][cb][fc][fb][ec][cd][bc]AW[bb][ac][dc][da][cc][ca][eb])
(;C[problem 243]PL[B]AB[bb][ac][dc][cc][ec][eb]AW[hb][ed][bd][fc][dd][fb][cd][bc])
(;C[problem 244]PL[B]AB[ed][bd][gc][gb][fc][dd][cd][bc]AW[bb][ac][dc][aa][cc][fb][ec][eb])
(;C[problem 245]PL[B]AB[bb][dc][da][cc][eb]AW[ed][be][bd][gc][dd][fb][fa][ec])
(;C[problem 246]PL[B]AB[cc][bb][dc][eb]AW[bd][fc][dd][fb][ec][cd])
(;C[problem 247]PL[B]AB[cc][bb][dc][eb]AW[ee][bd][cf][fc][fb][ec][cd])
(;C[problem 248]PL[B]AB[bd][fc][dd][fb][ec][cd]AW[bb][dc][da][cc][eb])
(;C[problem 249]PL[B]AB[cc][bb][dc][eb]AW[ac][ed][be][fc][dd][fb][ce])
(;C[problem 250]PL[B]AB[ab][cc][dc][eb]AW[ed][be][bd][df][fc][dd][fb][fa])
(;C[problem 251]PL[B]AB[ea][ab][dc][cc][eb]AW[bd][ad][fc][dd][fb][fa][ec][cd])
(;C[problem 252]PL[B]AB[bd][gc][gb][ga][fc][dd][ec][cd]AW[ba][ab][dc][cc][fb][eb])
(;C[problem 253]PL[B]AB[hc][bd][gb][fc][dd][fa][ec][cd]AW[bb][dc][da][cc][fb][eb])
(;C[problem 254]PL[B]AB[bb][dc][cc][ca][fb][fa][eb]AW[ba][bd][gb][ga][gd][fc][dd][ec][cd][bc])
(;C[problem 255]PL[B]AB[hc][bb][bd][gc][fc][dd][ic][ib][ec][cd]AW[hb][dc][gb][cc][cb][fb][eb])
(;C[problem 256]PL[B]AB[dc][gc][gb][cc][ga][fc][eb]AW[hc][fd][hb][ha][ed][bd][hd][gd][dd][ec][cd][bc])
(;C[problem 257]PL[B]AB[hc][bb][dc][ae][gb][gd][de][cg][dd][ce]AW[ba][db][cc][cb][cd][eb])
(;C[problem 258]PL[B]AB[hc][bg][dg][de][fc][dd][cf][ec][cd]AW[be][dc][bd][cc][ce])
(;C[problem 259]PL[B]AB[ef][bg][id][jc][jb][dg][ge][gg][cg][dd][ec][eb]AW[hc][ea][fd][bh][db][cj][ch][fc][fb][ib][eh])
(;C[problem 260]PL[B]AB[ea][db][cc][eb][cb][bc]AW[ba][dc][bd][fc][fb][fa][ec][cd])
(;C[problem 261]PL[B]AB[bc][cb][db][eb]AW[dc][bd][cc][fc][fb][ec][cd])
(;C[problem 262]PL[B]AB[cc][cf][fc][fb][ec][cd]AW[bc][cb][db][eb])
(;C[problem 263]PL[B]AB[ba][ab][bd][da][cc][fc][fb][ec][cd]AW[ac][db][bc][cb][ca][eb])
(;C[problem 264]PL[B]AB[dc][cc][cf][fc][fb][ec][cd]AW[bc][cb][db][eb])
(;C[problem 265]PL[B]AB[bc][cb][db][eb]AW[bf][dc][bd][fc][fb][ec][cd])
(;C[problem 266]PL[B]AB[bf][dc][bd][fc][fb][ec][cd]AW[bc][cb][db][eb])
(;C[problem 267]PL[B]AB[bf][dc][bd][cc][fc][fb][ec][cd]AW[ac][db][eb][cb][bc])
(;C[problem 268]PL[B]AB[hb][dc][bd][fc][fb][ec][cd]AW[ac][db][eb][cb][bc])
(;C[problem 269]PL[B]AB[hb][ba][dc][bd][fc][fb][ec][cd]AW[ac][aa][db][bc][cb][eb])
(;C[problem 270]PL[B]AB[dc][bd][ad][fc][fb][ec][cd]AW[ea][db][eb][cb][bc])
(;C[problem 271]PL[B]AB[bd][db][eb][cb][bc]AW[hb][ba][bg][be][fc][fb][ce][ec][cd])
(;C[problem 272]PL[B]AB[ba][be][dc][fc][dd][fb][ce][ec]AW[ea][bd][db][eb][cb][bc])
(;C[problem 273]PL[B]AB[ba][be][dc][gc][fb][ce][ec][cd]AW[bd][db][ad][eb][cb][bc])
(;C[problem 274]PL[B]AB[dc][eb][cb][fb][bc]AW[bd][gc][gb][cc][fc][dd][cd])
(;C[problem 275]PL[B]AB[ed][bd][gc][cc][fc][dd][ic][cd]AW[ab][eb][cb][ec][bc])
(;C[problem 276]PL[B]AB[bc][ec][cb][eb]AW[ea][ed][bd][gc][fc][dd][cd])
(;C[problem 277]PL[B]AB[bb][eb][cb][ec][bc]AW[ba][ed][bd][gc][cc][fc][dd][ic][cd])
(;C[problem 278]PL[B]AB[fd][ed][bd][ad][fc][dd][fb][cd]AW[ea][eb][cb][ec][bc])
(;C[problem 279]PL[B]AB[fd][ed][be][fc][dd][fb][fa][cd]AW[ea][eb][cb][ec][bc])
(;C[problem 280]PL[B]AB[fd][ba][ed][be][fc][dd][fb][fa][cd]AW[ea][bb][eb][cb][ec][bc])
(;C[problem 281]PL[B]AB[fd][ed][bd][gc][gb][dd][cd]AW[bc][ec][cb][eb])
(;C[problem 282]PL[B]AB[ed][bd][gc][gb][ad][fc][dd][ib][cd]AW[eb][cb][fb][fa][ec][bc])
(;C[problem 283]PL[B]AB[ed][bd][cc][ad][fc][dd][fb][fa][cd]AW[ea][bb][dc][eb][cb][ec][bc])
(;C[problem 284]PL[B]AB[fd][hb][ac][ed][bd][gc][gb][ad][dd][fb][cd]AW[bb][ab][dc][eb][fc][fa][ec][bc])
(;C[problem 285]PL[B]AB[fd][ba][ac][ed][bd][gb][ad][ga][fc][dd][cd]AW[ea][bb][ab][dc][cc][fb][ec][bc])
(;C[problem 286]PL[B]AB[fd][ba][ac][ed][bd][gb][ad][ga][fc][dd][cd]AW[ea][bb][ab][dc][ca][fb][ec][bc])
(;C[problem 287]PL[B]AB[fd][ac][ed][bd][gb][ad][ga][fc][ca][dd][cd]AW[ea][bb][ab][dc][da][fb][ec][bc])
(;C[problem 288]PL[B]AB[hc][ef][hf][be][jc][bd][jb][gb][de][cb][fc][je][jd][fb][ic][ce][ff][eb]AW[fd][bb][kc][id][ee][hd][db][gc][gd][dd][ec][cd][bc])
(;C[problem 289]PL[B]AB[be][jb][gb][ff][hc][de][cb][je][fb][ef][hf][jc][bd][ce][eb][fc][ca][jd][ic]AW[fd][bb][kc][id][ee][hd][db][gc][da][gd][dd][ec][cd][bc])
(;C[problem 290]PL[B]AB[fd][ee][bf][bd][cc][ad][de][cb][fb][ce]AW[bb][db][ca][dd][cd][bc])
(;C[problem 291]PL[B]AB[fd][ee][ac][be][ab][bd][de][fc][fb][ce]AW[bb][ed][eb][cb][dd][ec][cd][bc])
(;C[problem 292]PL[B]AB[fd][hb][ee][bf][bd][cc][de][fc][fb][ce]AW[bb][ed][eb][dd][ec][cd][bc])
(;C[problem 293]PL[B]AB[bb][dc][eb][cb][bc]AW[ed][bd][cc][fc][dd][fb][fa][cd])
(;C[problem 294]PL[B]AB[fd][ed][bd][gc][cc][dd][cd]AW[bb][dc][cb][ec][bc])
(;C[problem 295]PL[B]AB[hc][ea][fd][hb][ed][bd][gc][cc][dd][cd]AW[bb][dc][jb][gb][cb][fc][fb][ec][bc])
(;C[problem 296]PL[B]AB[bb][ac][bc][cb][fb][fa][ec][eb]AW[fd][ed][ab][bd][db][cc][gb][ga][ad][fc][de][cd])
(;C[problem 297]PL[B]AB[fd][bb][hb][ba][ed][bd][hd][gc][ad][dd][ib][cd]AW[ab][gb][cb][ca][fb][ec][bc])
(;C[problem 298]PL[B]AB[fd][bb][hb][ed][bd][hd][gc][ad][dd][ib][cd]AW[db][gb][cb][fb][ec][bc])
(;C[problem 299]PL[B]AB[hc][bb][hb][ba][ha][ed][bd][gc][ad][ga][fc][dd][cd]AW[ea][ab][dc][gb][cb][ca][fb][ec][bc])
(;C[problem 300]PL[B]AB[ea][fd][hb][ef][bd][db][dg][cf][fc][ca][fb][ce][cd][fe]AW[bb][ba][dc][cc][de][cb][dd][ec][eb])
(;C[problem 301]PL[B]AB[hc][ed][jc][bd][gc][cb][fc][dd][ib][cd][bc]AW[bb][dc][gb][cc][ca][fb][ec])
(;C[problem 302]PL[B]AB[hc][ed][ab][jc][bd][gc][cb][fc][dd][ib][cd][bc]AW[bb][ba][dc][gb][cc][ca][fb][ec])
(;C[problem 303]PL[B]AB[hc][fd][hb][ed][ab][bd][db][gc][ad][dd][cd]AW[bb][dc][gb][cc][fc][fb][ec][bc])
(;C[problem 304]PL[B]AB[bb][dc][gb][cc][fc][fb][ec][bc]AW[hc][fd][hb][ac][ed][ab][bd][db][gc][dd][cd])
(;C[problem 305]PL[B]AB[fd][hb][ha][ed][bd][gc][gd][dd][cd]AW[bb][gb][fc][fb][ec][bc])
(;C[problem 306]PL[B]AB[cc][fa][ec][eb]AW[fd][hb][ed][be][fc][dd][fb][ce])
(;C[problem 307]PL[B]AB[bb][ab][cc][fa][ec][eb]AW[fd][hb][ba][ac][ed][be][fc][dd][fb][ce])
(;C[problem 308]PL[B]AB[ea][dc][gb][cb][fb][ec][eb]AW[hc][fd][bb][hb][db][da][ga][de][fc][cd])
(;C[problem 309]PL[B]AB[hc][fd][hb][ee][bd][gc][ga][de][cd][fe][bc]AW[bb][ed][ab][cc][gb][cb][fc][ec])
(;C[problem 310]PL[B]AB[ba][ac][gc][cc][gd][dd][ic][ce][fe][bc]AW[bb][ab][gb][cb][fc][ec])
(;C[problem 311]PL[B]AB[ba][ac][gc][da][cc][gd][dd][ic][ce][fe][bc]AW[ea][bb][ab][dc][cb][fc][ec])
(;C[problem 312]PL[B]AB[db][gc][gd][cb][ec]AW[hc][hb][ee][hf][dc][hd][ge][cc][ce][bc])
(;C[problem 313]PL[B]AB[bb][dc][cb][fc][ec]AW[hc][fd][gb][cc][gd][cg][dd][ce][bc])
(;C[problem 314]PL[B]AB[bb][gc][ga][cb][fc][fb][ec]AW[hc][fd][hb][ed][be][gb][cc][gd][dd][ib][bc])
(;C[problem 315]PL[B]AB[dc][bb][ec][cb]AW[ed][gc][cc][fc][dd][ce][bc])
(;C[problem 316]PL[B]AB[bb][dc][gb][cb][fb][ec]AW[hc][hb][ed][ab][be][gc][fc][dd][cd][bc])
(;C[problem 317]PL[B]AB[bb][dc][gb][cb][fb][ec]AW[hc][hb][ab][gc][cc][fc][dd][ce][fe][bc])
(;C[problem 318]PL[B]AB[ea][hb][ba][ed][ec][db][gc][gd][cb][fc][ib][fe]AW[eg][bb][kc][he][dc][jb][bc][cc][de][je][gf][fb][ic][fa][eb])
(;C[problem 319]PL[B]AB[ed][bd][dd][ec][cd][eb]AW[ba][dc][db][da][bc])
(;C[problem 320]PL[B]AB[eg][ee][ac][bf][be][da][ad][de][fc][cg][fb][ic][cd]AW[bb][ab][dc][bd][eb][ca][dd][ce][bc])
(;C[problem 321]PL[B]AB[be][fc][dd][fb][ce][ec]AW[bc][db][eb])
(;C[problem 322]PL[B]AB[be][bd][gb][de][dd][cf][ec][eb]AW[ea][ba][ac][dc][db][cd][bc])
(;C[problem 323]PL[B]AB[fd][ee][be][bd][de][fc][fb][ce][eb]AW[bb][db][ca][dd][ec][bc])
(;C[problem 324]PL[B]AB[ed][be][db][da][ae][ad][de][ce][ec]AW[ac][ab][bd][cb][ca][dd][cd])
(;C[problem 325]PL[B]AB[ea][dc][bd][db][bc]AW[ed][be][gb][de][ec][cd][eb])
(;C[problem 326]PL[B]AB[ea][ab][dc][bd][db][bc]AW[ba][ed][be][gb][de][ec][cd][eb])
(;C[problem 327]PL[B]AB[ac][dc][db][eb][fa][cd][bc]AW[hb][bf][be][bd][cc][ad][de][fc][dd][fb][ec])
(;C[problem 328]PL[B]AB[ed][be][db][ae][de][fb][ce][ec]AW[bb][dc][bd][ad][cb][cd])
(;C[problem 329]PL[B]AB[ac][bd][db][da][ad][cb][cd]AW[bb][ee][be][ae][gb][ca][dd][ce][ec][eb])
(;C[problem 330]PL[B]AB[fd][be][ae][cc][de][fc][dd][fb][ce]AW[dc][bd][eb][ec][cd][bc])
(;C[problem 331]PL[B]AB[dc][db][cd][bc]AW[be][gb][de][dd][cf][ec][eb])
(;C[problem 332]PL[B]AB[bf][be][ge][gb][de][fc][dd][ce][ff][eb]AW[ed][dc][bd][cb][ec][cd])
(;C[problem 333]PL[B]AB[bf][gc][ae][gb][cc][gd][de][cg][dd][ce][ib][fe]AW[be][dc][bd][fc][fb][ec][cd][bc])
(;C[problem 334]PL[B]AB[bc][dc][dd][eb]AW[hb][ed][bd][gc][de][fb][ce][ec])
(;C[problem 335]PL[B]AB[fd][bb][ee][be][dc][de][fc][fb][ce][fe][eb]AW[ed][bd][db][da][dd][ec][cd][bc])
(;C[problem 336]PL[B]AB[fd][bb][ee][be][bd][ce][de][fc][fb][fa][fe]AW[ac][ed][da][eb][dd][ec][cd][bc])
(;C[problem 337]PL[B]AB[bb][bf][ed][bd][ad][de][fc][fb][ce][fe]AW[ac][db][eb][cb][dd][cd][bc])
(;C[problem 338]PL[B]AB[dc][db][dd][cd][bc]AW[bb][ee][ed][be][bd][de][fb][ce][eb])
(;C[problem 339]PL[B]AB[fd][ee][ac][be][bd][de][cb][fc][fb][ce]AW[bb][ab][dc][eb][dd][ec][cd][bc])
(;C[problem 340]PL[B]AB[hc][ee][be][bd][cc][de][cb][fc][ca][fb][ce]AW[bb][ba][dc][eb][ad][dd][ec][cd][bc])
(;C[problem 341]PL[B]AB[fd][ed][be][bd][db][ce][de][fc][fb][fa]AW[ea][ac][dc][eb][dd][ec][cd][bc])
(;C[problem 342]PL[B]AB[ec][cd][dd][bc]AW[hc][fd][ed][be][bd][gd][de][ce])
(;C[problem 343]PL[B]AB[hc][fd][ee][dc][jc][gc][jb][ge][cb][dd][ic][ce][fe]AW[bh][hb][ed][ec][db][dg][gb][df][de][fc][di][fa][ib][eb])
(;C[problem 344]PL[B]AB[hc][dc][gc][eb][dd][fb][ec][cd][bc]AW[fd][bb][hb][id][ed][be][bd][db][gb][de][fc][ic][ce])
(;C[problem 345]PL[B]AB[fd][ed][be][bd][gb][gd][de][ce]AW[bb][ac][dd][ec][cd][bc])
(;C[problem 346]PL[B]AB[fd][ed][be][dc][bd][hd][ge][de][ce]AW[cc][dd][ec][cd][bc])
(;C[problem 347]PL[B]AB[hc][fd][ee][dc][gd][de][ce][cd]AW[ed][cc][fc][dd][ec])
(;C[problem 348]PL[B]AB[hc][fd][ee][ab][dc][db][gd][de][ce][cd][bc]AW[bb][ed][da][cc][cb][fc][dd][ec])
(;C[problem 349]PL[B]AB[fb][cc][ec]AW[fd][ed][be][gc][gb][dd][ce][ib])
(;C[problem 350]PL[B]AB[fd][be][de][fc][dd][ce][fe]AW[hc][hg][he][cc][df][cg][fb][fg][ib][ec])
(;C[problem 351]PL[B]AB[dc][eb][fb][cd][bc]AW[be][gc][gb][de][fc][dd][cf][fa][ec])
(;C[problem 352]PL[B]AB[fd][be][ge][gb][dd][ce]AW[hc][cc][eb])
(;C[problem 353]PL[B]AB[fd][be][dc][dd][cd][eb]AW[cc][bb][bd][db])
(;C[problem 354]PL[B]AB[bg][be][dc][gb][ce][ec][cd][eb]AW[ea][bb][bd][db][cc])
(;C[problem 355]PL[B]AB[ea][bb][bd][db][ae][cc]AW[bg][be][dc][gb][ca][ce][ec][cd][eb])
(;C[problem 356]PL[B]AB[cc][bb][bd][db]AW[bg][be][dc][gc][ad][ce][ec][cd])
(;C[problem 357]PL[B]AB[bb][bd][db][ae][cc][eb]AW[hb][bg][be][dc][af][gc][fb][ce][ec][cd])
(;C[problem 358]PL[B]AB[be][dc][ad][cb][ce][ec][cd][eb]AW[bb][bd][db][da][cc][bc])
(;C[problem 359]PL[B]AB[be][dc][ce][gb][eb][fa][ec][cd][bc]AW[ea][bb][bd][db][da][cc][ad][cb])
(;C[problem 360]PL[B]AB[bb][ed][bd][db][ae][gb][cc][dd][fa][cd]AW[fd][hb][bg][ee][be][dc][gc][da][gd][de][fb][ce][ec][eb])
(;C[problem 361]PL[B]AB[cc][bb][db]AW[dc][eb][de][cd][fe][bc])
(;C[problem 362]PL[B]AB[be][dc][ce][gc][gb][ad][fc][fa][ec][cd]AW[bb][bd][db][cc][eb][fb][bc])
(;C[problem 363]PL[B]AB[ea][ed][be][ce][ec][cd][eb]AW[bd][db][da][cc][ad][cb])
(;C[problem 364]PL[B]AB[bb][ed][bd][gc][cf][dd][fb][ec][cd]AW[ba][dc][db][cc][eb][bc])
(;C[problem 365]PL[B]AB[ed][bd][gc][cf][dd][fb][ec][cd]AW[bb][dc][db][cc][eb])
(;C[problem 366]PL[B]AB[ed][bd][gc][cf][dd][fb][ec][cd]AW[ab][dc][db][cc][eb])
(;C[problem 367]PL[B]AB[cc][bd][db][cd]AW[be][dc][de][fc][dd][ce][eb])
(;C[problem 368]PL[B]AB[cc][bb][bd][cd]AW[ac][be][dc][gc][de][ce][ec])
(;C[problem 369]PL[B]AB[bb][bd][db][da][cc][cd]AW[ac][be][ab][dc][gc][de][ce][ec][eb])
(;C[problem 370]PL[B]AB[cc][dc][bd][db]AW[ed][be][gb][cg][ce][ec][cd][eb])
(;C[problem 371]PL[B]AB[fd][hf][ed][he][dc][db][cc][gd][fc][fb][ff][bc]AW[ea][ie][bd][hd][gc][gb][ad][df][dd][ic][fa][ec][cd][eb])
(;C[problem 372]PL[B]AB[ed][bd][ae][gb][fc][dd][cd][eb]AW[ea][bg][be][dc][db][cc][ce][bc])
(;C[problem 373]PL[B]AB[hc][ea][bg][ee][be][he][dc][db][gc][de][gf][fb][ce][ec]AW[fd][ed][bd][ae][gb][cc][cb][fc][dd][cd])
(;C[problem 374]PL[B]AB[ea][ed][bd][dd][ec][cd][eb]AW[ac][dc][db][cc][bc])
(;C[problem 375]PL[B]AB[ed][bd][gb][ad][dd][ec][cd][eb]AW[ac][dc][db][cc][bc])
(;C[problem 376]PL[B]AB[bd][cc][ad][cb][cd]AW[be][dc][db][ae][de][dd][fb][ce])
(;C[problem 377]PL[B]AB[ea][ed][bd][ad][dd][ec][cd][eb]AW[ac][dc][db][da][cc][bc])
(;C[problem 378]PL[B]AB[ed][bd][gb][ad][dd][ec][cd][eb]AW[ac][dc][db][da][cc][bc])
(;C[problem 379]PL[B]AB[ac][dc][db][da][cc][bc]AW[ba][ed][bd][dd][ec][cd][eb])
(;C[problem 380]PL[B]AB[ed][bd][ad][cb][ca][dd][ec][cd][eb]AW[ac][dc][db][da][cc][bc])
(;C[problem 381]PL[B]AB[ea][bb][be][dc][ae][de][fc][dd][ce][eb]AW[bd][db][da][cc][ad][cb][cd])
(;C[problem 382]PL[B]AB[dc][bd][db][cc][bc]AW[bg][ed][be][gb][dd][cf][ec][cd][eb])
(;C[problem 383]PL[B]AB[ed][be][gb][dd][cf][ec][cd][eb]AW[dc][bd][db][cc][bc])
(;C[problem 384]PL[B]AB[ea][bb][ed][ab][be][ae][dd][ec][cd][eb]AW[ba][dc][bd][db][da][cc][ad][bc])
(;C[problem 385]PL[B]AB[ea][dc][bd][db][ae][cc][bc]AW[bf][ed][be][da][gb][dd][ec][cd][eb])
(;C[problem 386]PL[B]AB[ea][bd][db][ae][cc][cb][cd]AW[ee][bf][be][dc][da][gb][de][ec][eb])
(;C[problem 387]PL[B]AB[ea][dc][bd][db][ae][cc][bc]AW[bf][ed][ab][be][gd][dd][fb][cd][eb])
(;C[problem 388]PL[B]AB[dc][db][cc][eb][bc]AW[ed][bd][ad][dd][fb][fa][ec][cd])
(;C[problem 389]PL[B]AB[dc][db][cc][eb][bc]AW[bf][ed][bd][gc][dd][fb][ec][cd])
(;C[problem 390]PL[B]AB[bf][ed][bd][gc][dd][fb][ec][cd]AW[dc][db][cc][eb][bc])
(;C[problem 391]PL[B]AB[dc][db][cc][eb][bc]AW[ed][ab][bd][gc][dd][fb][ce][ec])
(;C[problem 392]PL[B]AB[ed][ab][bd][gc][dd][fb][ec][cd]AW[ac][dc][db][cc][eb][ic][bc])
(;C[problem 393]PL[B]AB[bf][ed][bd][gc][dd][fb][ec][cd]AW[ea][dc][db][cc][eb][bc])
(;C[problem 394]PL[B]AB[ed][bd][gc][ad][dd][fb][fa][ec][cd]AW[ea][ac][dc][db][cc][eb][bc])
(;C[problem 395]PL[B]AB[ed][bd][gc][ad][dd][fb][ec][cd]AW[ac][dc][db][cc][eb][bc])
(;C[problem 396]PL[B]AB[bf][ed][bd][gc][dd][fb][ec][cd]AW[ea][ac][dc][db][cc][eb][bc])
(;C[problem 397]PL[B]AB[dc][bd][db][cc][eb][bc]AW[hb][bg][ed][be][gc][cf][ad][dd][fb][ec][cd])
(;C[problem 398]PL[B]AB[dc][bd][db][cc][eb][fa][bc]AW[ea][hb][be][cf][ad][fc][dd][fb][ec][cd])
(;C[problem 399]PL[B]AB[ea][ed][be][gc][cf][dd][fb][ec][cd]AW[dc][bd][db][cc][eb][bc])
(;C[problem 400]PL[B]AB[fd][ed][ab][bd][db][da][dd][ec][cd]AW[hc][ea][ef][bg][be][ge][cc][eb][ad][gd][fc][cf][fb][bc])
(;C[problem 401]PL[B]AB[ea][ac][cc][eb][ec][bc]AW[fd][ed][ab][bd][da][ad][fc][dd][fb][fa][cd])
(;C[problem 402]PL[B]AB[ea][ba][ac][cc][eb][ec][bc]AW[fd][ed][ab][bd][ad][de][cb][fc][fb][fa][cd])
(;C[problem 403]PL[B]AB[bc][cc][ec][eb]AW[hb][bf][ed][bd][fc][dd][fb][cd])
(;C[problem 404]PL[B]AB[cc][ad][eb][ec][bc]AW[fd][hb][bf][ed][bd][fc][dd][fb][cd])
(;C[problem 405]PL[B]AB[cc][eb][fa][ec][bc]AW[fd][hb][bf][ed][bd][fc][dd][fb][cd])
(;C[problem 406]PL[B]AB[ba][ac][cc][eb][ec][bc]AW[ea][fd][hb][ab][bd][fc][dd][fb][cd][fe])
(;C[problem 407]PL[B]AB[hb][ee][bf][ed][bd][fc][fb][cd]AW[ba][cc][eb][ec][bc])
(;C[problem 408]PL[B]AB[fd][bf][ed][gb][cg][ca][fb][ce][cd]AW[ba][cc][eb][ec][bc])
(;C[problem 409]PL[B]AB[fd][be][gb][dd][fb][ce][fe]AW[bc][cc][ec][eb])
(;C[problem 410]PL[B]AB[cc][eb][dd][ec][bc]AW[fd][hb][ed][bd][db][de][fc][fb][ce])
(;C[problem 411]PL[B]AB[ea][fd][bf][ed][bd][ce][ad][de][fc][fb][fa]AW[ab][da][cc][eb][ca][dd][ec][bc])
(;C[problem 412]PL[B]AB[ea][ac][cc][eb][dd][ec][cd][bc]AW[fd][bf][ed][bd][ce][ad][de][cb][fc][fb][fa])
(;C[problem 413]PL[B]AB[ea][ac][ed][cc][eb][dd][ec][bc]AW[fd][ee][ab][bd][da][cf][ad][de][fc][fb][fa][cd][fe])
(;C[problem 414]PL[B]AB[ea][fd][hb][bf][ed][bd][db][gc][de][fb][ce]AW[dc][cc][eb][ad][fc][ec][cd][bc])
(;C[problem 415]PL[B]AB[ea][fd][ed][be][cf][ad][fc][dd][fb][cd]AW[dc][bd][cc][eb][ca][ic][ec][bc])
(;C[problem 416]PL[B]AB[bd][da][cc][eb][ec][bc]AW[ea][fd][hb][be][db][cf][fc][dd][fb][cd])
(;C[problem 417]PL[B]AB[bd][db][da][cc][eb][ec][bc]AW[ea][fd][hb][ba][be][dc][cf][fc][dd][fb][cd][fe])
(;C[problem 418]PL[B]AB[ba][bd][cc][eb][ec][bc]AW[ea][fd][be][da][cf][fc][dd][fb][cd])
(;C[problem 419]PL[B]AB[ee][be][db][gc][da][ae][gb][ad][gd][dd][ec][cd]AW[bb][dc][bd][cc][eb][ca][fb][bc])
(;C[problem 420]PL[B]AB[ee][be][gc][ae][gb][ad][gd][dd][ec][cd]AW[bd][cc][eb][cb][fb][bc])
(;C[problem 421]PL[B]AB[dc][bd][cc][eb][ec][bc]AW[ea][hb][ed][be][cf][fc][ca][dd][fb][cd])
(;C[problem 422]PL[B]AB[hc][ea][ee][be][gb][gd][de][ce][cd]AW[bd][cc][df][fc][fa][ec][bc])
(;C[problem 423]PL[B]AB[cc][cb][ec][cd][eb]AW[fd][ed][be][db][de][fc][fb][ce])
(;C[problem 424]PL[B]AB[fd][ab][gc][da][gb][cc][cb][ec][cd][eb]AW[hc][hb][ed][be][dc][db][ge][gd][de][dd][ce][ff])
(;C[problem 425]PL[B]AB[eg][ef][ee][ed][dc][dg][cc][cb][bc]AW[bd][db][df][ch][de][fc][dd][cg][ic][ec][eb])
(;C[problem 426]PL[B]AB[cc][cb][dd][ec][cd]AW[fd][ef][ed][be][dc][db][gc][gb][cf])
(;C[problem 427]PL[B]AB[cc][dc][bc]AW[ed][bd][gc][dd][ec][cd])
(;C[problem 428]PL[B]AB[hb][ba][ac][bf][ed][bd][fc][dd][fb][cd]AW[ab][dc][da][cc][eb][bc])
(;C[problem 429]PL[B]AB[hb][ba][ac][bf][ed][bd][fc][dd][fb][cd]AW[ab][dc][cc][eb][cb][bc])
(;C[problem 430]PL[B]AB[bc][cc][dc][eb]AW[hb][bf][ed][bd][cb][fc][dd][fb][cd])
(;C[problem 431]PL[B]AB[fd][ba][be][bd][gb][de][dd][fb]AW[ab][dc][cc][eb][ad][cb][bc])
(;C[problem 432]PL[B]AB[dc][cc][eb][cd][bc]AW[ed][be][cb][fc][dd][fb][ce])
(;C[problem 433]PL[B]AB[hb][bd][fc][dd][fb][ec][cd]AW[dc][da][cc][eb][bc])
(;C[problem 434]PL[B]AB[ba][ac][bd][fc][dd][fb][ec][cd]AW[ab][dc][da][cc][eb][fa][bc])
(;C[problem 435]PL[B]AB[bf][bd][fc][dd][fb][fa][ec][cd]AW[bb][dc][da][cc][eb][bc])
(;C[problem 436]PL[B]AB[ab][dc][bc][cc][ad][ga][cb][fa][eb]AW[ba][ha][ed][be][bd][gb][dd][fb][ec][cd])
(;C[problem 437]PL[B]AB[bf][ed][bd][gb][dd][fb][ec][cd]AW[dc][da][cc][eb][fa][bc])
(;C[problem 438]PL[B]AB[ac][dc][da][cc][eb][bc]AW[ea][bd][ad][fc][dd][fb][fa][ec][cd])
(;C[problem 439]PL[B]AB[bb][bf][ed][bd][ae][fc][dd][fb][fa][cd]AW[ba][ac][dc][cc][eb][ad][bc])
(;C[problem 440]PL[B]AB[fd][bb][bd][dd][fb][fa][ec][cd]AW[ea][ab][dc][cc][eb][bc])
(;C[problem 441]PL[B]AB[ea][dc][cc][eb][bc]AW[bd][db][gb][ad][fc][dd][ec][cd])
(;C[problem 442]PL[B]AB[ed][ab][bd][db][da][dd][ec][cd]AW[ea][bf][be][dc][ge][gb][cc][eb][gd][fc][df][ff][bc])
(;C[problem 443]PL[B]AB[ea][ab][dc][cc][eb][bc]AW[ba][ac][bf][bd][fc][dd][fb][ec][cd])
(;C[problem 444]PL[B]AB[ea][dc][cc][eb][ad][bc]AW[ac][be][bd][de][fc][dd][fb][ec][fe])
(;C[problem 445]PL[B]AB[hc][ba][ed][be][bd][gd][de][fb][ec]AW[ea][dc][cc][eb][cb][bc])
(;C[problem 446]PL[B]AB[bd][db][ad][fc][dd][fb][ec][cd]AW[ea][dc][cc][eb][cb][bc])
(;C[problem 447]PL[B]AB[bf][bd][gc][gb][fc][dd][ec][cd]AW[dc][cc][eb][fb][bc])
(;C[problem 448]PL[B]AB[bf][bd][gc][gb][fc][dd][fa][ec][cd]AW[dc][db][cc][eb][fb][bc])
(;C[problem 449]PL[B]AB[dc][da][bc][cc][fb][eb]AW[bd][gc][gb][ad][ga][fc][dd][fa][ec][cd])
(;C[problem 450]PL[B]AB[ac][dc][cc][eb][fb][bc]AW[bd][gc][gb][ad][ga][fc][dd][fa][ec][cd])
(;C[problem 451]PL[B]AB[dc][cc][eb][dd][fb][bc]AW[hc][ee][bd][gb][fc][cf][fa][ec][cd])
(;C[problem 452]PL[B]AB[bf][ed][bd][db][gc][gb][dd][ec][cd]AW[dc][cc][eb][fb][bc])
(;C[problem 453]PL[B]AB[dc][cc][eb][cb][fb][bc]AW[ac][bd][db][gc][da][fc][dd][cf][ic][ec][cd])
(;C[problem 454]PL[B]AB[hc][ea][ac][ab][dc][gc][bc][cc][fb][eb]AW[ba][bd][hd][gb][ad][gd][fc][ib][dd][ic][fa][ec][cd])
(;C[problem 455]PL[B]AB[bf][ed][bd][db][gc][gb][cb][dd][ec][cd]AW[bb][dc][cc][eb][fb][bc])
(;C[problem 456]PL[B]AB[ie][hb][bf][ed][bd][db][ge][cb][dd][ic][ec][cd]AW[bb][dc][gc][cc][eb][fb][bc])
(;C[problem 457]PL[B]AB[ed][bd][gc][gb][ad][ga][cb][fc][ca][dd][cd]AW[dc][db][da][bc][cc][fb][eb])
(;C[problem 458]PL[B]AB[bd][gc][gb][fc][dd][fa][ec][cd]AW[dc][da][bc][cc][fb][eb])
(;C[problem 459]PL[B]AB[ba][bd][gc][gb][fc][dd][fa][ec][cd]AW[dc][da][bc][cc][ad][fb][eb])
(;C[problem 460]PL[B]AB[bd][gb][ad][ga][cb][fc][dd][gd][ec][cd]AW[bb][ba][dc][cc][eb][fb][bc])
(;C[problem 461]PL[B]AB[bf][dc][bd][da][gb][dd][cf][ce][ec][eb]AW[be][db][ae][cc][cb][cd][bc])
(;C[problem 462]PL[B]AB[ea][ab][dc][cc][fb][fa][ec][bc]AW[bb][ed][be][bd][gc][da][gb][ga][cb][fc][de])
(;C[problem 463]PL[B]AB[ed][bd][cd][dd]AW[cc][dc][bc])
(;C[problem 464]PL[B]AB[hc][fd][ba][ed][bd][gc][gb][gd][dd][fa][ec][cd]AW[dc][da][bc][cc][ad][fc][fb][eb])
(;C[problem 465]PL[B]AB[hc][fd][hb][ed][bd][db][jb][ga][gd][dd][fb][cd][eb]AW[dc][gc][gb][cc][cb][fc][fa][ec][bc])
(;C[problem 466]PL[B]AB[dc][eb][ec][cd][bc]AW[hc][fd][ed][be][gb][de][cb][fc][ce])
(;C[problem 467]PL[B]AB[fd][ee][bd][ce][de][fc][fb][fa][cd]AW[ba][ab][cc][dd][ec][eb])
(;C[problem 468]PL[B]AB[fd][ee][bd][ce][de][fc][fb][fa][cd]AW[ab][db][cc][dd][ec][eb])
(;C[problem 469]PL[B]AB[fd][ee][bd][ce][de][fc][fb][fa][cd]AW[ab][cc][eb][dd][ec][bc])
(;C[problem 470]PL[B]AB[fd][ee][bd][gc][gb][de][ib][cd][bc]AW[bb][ab][cc][ga][dd][fb][ec])
(;C[problem 471]PL[B]AB[hc][fd][bb][ba][dc][hd][cc][gd][fc][ec][eb]AW[be][ab][he][db][gb][cd][bc][fb][ef][ed][jc][gc][ga][fe][ie][hb][ca][dd][ic])
(;C[problem 472]PL[B]AB[ab][dc][cc][eb][ca][ec][bc]AW[hc][bb][ed][bd][da][cb][fc][dd][fb][ce])
(;C[problem 473]PL[B]AB[ea][dc][aa][cc][eb][ad][bc]AW[ac][ed][be][ae][dd][fb][fa][ec][cd])
(;C[problem 474]PL[B]AB[fd][hb][ac][ed][bd][ad][fc][dd][fb][cd]AW[ab][dc][cc][eb][ec][bc])
(;C[problem 475]PL[B]AB[fd][hb][ed][bd][ad][fc][dd][fb][cd]AW[dc][cc][eb][ec][bc])
(;C[problem 476]PL[B]AB[ab][dc][cc][eb][ec][bc]AW[fd][bb][bf][ed][bd][gb][cb][dd][fb][cd])
(;C[problem 477]PL[B]AB[ab][dc][cc][eb][ca][ec][bc]AW[fd][bb][bf][ed][bd][da][gb][cb][dd][fb][cd])
(;C[problem 478]PL[B]AB[ea][fd][ba][ed][bd][gb][dd][fb][fa][cd]AW[dc][da][cc][eb][ec][bc])
(;C[problem 479]PL[B]AB[ea][ab][dc][cc][eb][fb][ec][bc]AW[hc][fd][bb][ba][bf][bd][db][gb][df][cb][fc][dd][cd])
(;C[problem 480]PL[B]AB[bb][dc][da][cc][eb][ec][bc]AW[ea][fd][hb][ba][ed][bd][ad][cb][fc][dd][fb][cd])
(;C[problem 481]PL[B]AB[fd][bb][ed][bd][db][cb][fc][dd][fb][ce]AW[ac][dc][da][cc][eb][ec][bc])
(;C[problem 482]PL[B]AB[dc][cc][eb][ec][bc]AW[fd][bb][hb][bf][ed][bd][fc][dd][fb][cd])
(;C[problem 483]PL[B]AB[fd][bb][hb][ed][bd][cb][fc][dd][fb][cd]AW[ab][dc][cc][eb][ca][fa][ec][bc])
(;C[problem 484]PL[B]AB[dc][cc][eb][ec][bc]AW[fd][bf][ed][bd][fc][dd][fb][fa][cd])
(;C[problem 485]PL[B]AB[ea][fd][ba][bf][ed][bd][fc][dd][fb][fa][cd]AW[bb][dc][da][cc][eb][ec][bc])
(;C[problem 486]PL[B]AB[dc][da][cc][eb][ec][bc]AW[ea][fd][bf][ed][bd][fc][ca][dd][fb][fa][cd])
(;C[problem 487]PL[B]AB[ea][fd][bf][ed][bd][fc][dd][fb][fa][cd]AW[dc][da][cc][eb][ec][bc])
(;C[problem 488]PL[B]AB[ea][bb][fd][bf][ed][bd][fc][dd][fb][fa][cd]AW[ba][dc][da][cc][eb][ec][bc])
(;C[problem 489]PL[B]AB[ea][ac][dc][cc][eb][ec][bc]AW[fd][ba][ed][bd][ad][fc][dd][fb][fa][cd])
(;C[problem 490]PL[B]AB[ea][ac][dc][cc][eb][ec][bc]AW[fd][ed][bd][ad][fc][ca][dd][fb][fa][cd])
(;C[problem 491]PL[B]AB[hc][fd][bb][ed][ab][bd][gb][cb][fc][dd][cd]AW[ba][ac][dc][cc][eb][fb][ec][bc])
(;C[problem 492]PL[B]AB[hc][fd][bb][ed][ab][bd][gb][cb][fc][dd][cd]AW[ac][dc][da][bc][cc][fb][ec][eb])
(;C[problem 493]PL[B]AB[ed][ab][bd][gc][gb][fc][dd][ib][cd][bc]AW[ea][bb][ac][dc][cc][cb][fb][ec])
(;C[problem 494]PL[B]AB[ed][bd][gc][gb][fc][dd][ib][cd][bc]AW[ea][bb][ac][dc][aa][cc][fb][ec])
(;C[problem 495]PL[B]AB[ed][ab][jc][bd][gc][fc][dd][ic][fa][cd][bc]AW[bb][ba][dc][cc][ga][fb][ec])
(;C[problem 496]PL[B]AB[ed][ab][bd][gc][fc][dd][ic][fa][cd][bc]AW[ea][bb][ba][dc][cc][fb][ec])
(;C[problem 497]PL[B]AB[ba][ed][bd][gc][gb][fc][dd][cd][bc]AW[bb][dc][cc][ca][fb][fa][ec])
(;C[problem 498]PL[B]AB[bb][dc][cc][fb][fa][ec]AW[ed][bd][gc][da][gb][fc][dd][cd][bc])
(;C[problem 499]PL[B]AB[ed][ab][bd][gc][gb][fc][dd][cd][fe][bc]AW[bb][ac][dc][db][cc][fb][fa][ec])
(;C[problem 500]PL[B]AB[ba][ed][bd][gc][gb][fc][dd][cd][fe][bc]AW[bb][ac][dc][cc][cb][fb][fa][ec])
(;C[problem 501]PL[B]AB[bb][dc][cc][ad][fb][fa][ec]AW[ed][be][gc][ae][gb][cb][fc][dd][cd][bc])
(;C[problem 502]PL[B]AB[bb][dc][cc][ca][fb][fa][ec]AW[fd][ed][bd][db][gc][gb][ga][dd][cd][bc])
(;C[problem 503]PL[B]AB[ed][bd][fc][dd][fb][cd][bc]AW[fd][bb][ff][ee][dc][gc][gb][cc][gd][cf][ce][ec])
(;C[problem 504]PL[B]AB[cc][bb][ec][dc]AW[fd][bd][fc][dd][fb][cd][fe])
(;C[problem 505]PL[B]AB[bb][dc][bd][db][cc][dd][ec]AW[fd][ed][be][gc][ad][de][fb][ce][cd][eb])
(;C[problem 506]PL[B]AB[ab][dc][cc][cf][df][fb][ec][ci]AW[fd][ed][be][db][gc][gb][cb][dd][ce][ib])
(;C[problem 507]PL[B]AB[fd][bb][hb][ff][bf][dc][gb][cc][cf][df][fb][ec][fe]AW[hc][ed][be][gc][ad][cb][fc][dd][ic][ib][cd][bc])
(;C[problem 508]PL[B]AB[fd][bb][bg][ed][be][fc][dd][fb][ic][ce][eb]AW[ba][dc][bd][db][cc][ec][bc])
(;C[problem 509]PL[B]AB[fd][bg][ed][be][fc][dd][ic][ce][eb]AW[bb][dc][bd][cc][ec])
(;C[problem 510]PL[B]AB[ab][dc][bd][cc][ec][bc]AW[fd][bb][ba][ed][be][fc][ce][cd][eb])
(;C[problem 511]PL[B]AB[ab][dc][bd][da][cc][ec][bc]AW[fd][bb][ba][ed][be][fc][ca][ce][eb])
(;C[problem 512]PL[B]AB[fd][ed][bd][gc][da][gb][dd][cd]AW[ac][dc][cc][ca][ec][bc])
(;C[problem 513]PL[B]AB[fd][ed][be][ae][cf][fc][dd][fb][cd]AW[dc][bd][cc][ad][ec][bc])
(;C[problem 514]PL[B]AB[dc][bd][cc][fc][ec][bc]AW[hc][ea][fd][ed][be][db][gb][gd][dd][cf][cd])
(;C[problem 515]PL[B]AB[bb][hb][ba][dc][gb][cc][ga][fc][ca][ec][bc]AW[hc][fd][ha][ac][ee][ab][bd][db][jb][da][gc][gd][cb][de][ic][ce][ib][eb])
(;C[problem 516]PL[B]AB[ea][fd][bf][ed][bd][gc][gb][gd][dd][fa][cd]AW[ba][dc][da][cc][fc][ec][bc])
(;C[problem 517]PL[B]AB[fd][bf][ed][bd][gc][da][gb][gd][dd][cd]AW[dc][cc][fc][ca][ec][bc])
(;C[problem 518]PL[B]AB[fd][bb][hb][ee][ac][be][bd][gc][ga][gd][de]AW[ab][dc][gb][cc][cb][fc][ca][ec][bc])
(;C[problem 519]PL[B]AB[fd][bb][hb][ba][ac][ed][bd][hd][gc][ad][dd][cd]AW[ab][dc][cc][cb][ca][ec][bc])
(;C[problem 520]PL[B]AB[ea][fd][ee][bf][be][de][fc][dd][fb][fa]AW[ed][dc][bd][da][cc][eb][ec][bc])
(;C[problem 521]PL[B]AB[ba][be][cf][fc][dd][fb][ec][cd]AW[dc][bd][da][cc][eb][bc])
(;C[problem 522]PL[B]AB[be][cf][fc][dd][fb][fa][ec][cd]AW[dc][bd][da][cc][eb][bc])
(;C[problem 523]PL[B]AB[dc][bd][da][cc][eb][bc]AW[be][cf][fc][dd][fb][fa][ec][cd])
(;C[problem 524]PL[B]AB[bb][hb][ed][be][aa][gc][ca][fb][ce][ec]AW[dc][bd][da][cc][eb][fa][bc])
(;C[problem 525]PL[B]AB[hc][bb][hb][ba][ed][be][gc][cb][fc][dd][cf][fa][cd]AW[ea][ab][dc][bd][cc][fb][ec][bc])
(;C[problem 526]PL[B]AB[hc][bb][hb][ba][ed][be][gc][gb][cb][fc][dd][cf][cd]AW[ea][ab][dc][bd][cc][ga][fb][ec][bc])
(;C[problem 527]PL[B]AB[dc][bd][da][bc][cc][fc][fb][eb]AW[fd][ba][ed][be][gc][gb][dd][cf][fa][ec][cd])
(;C[problem 528]PL[B]AB[ea][ab][dc][cc][fb][ec][cd]AW[hb][ed][be][db][gb][df][gd][cb][fc][dd][ce])
(;C[problem 529]PL[B]AB[bb][bg][ed][be][gb][de][ce][ec][eb]AW[ab][dc][bd][db][cd])
(;C[problem 530]PL[B]AB[bb][bg][ed][be][da][gb][de][ce][ec][eb]AW[ab][dc][bd][db][cb][cd])
(;C[problem 531]PL[B]AB[bb][bg][ed][be][gb][de][ce][ec][eb]AW[dc][bd][db][cd][bc])
(;C[problem 532]PL[B]AB[bb][bg][ed][be][gb][de][ce][ec][eb]AW[ea][ab][dc][bd][db][ae][cd])
(;C[problem 533]PL[B]AB[ed][db][ad][dd][ec][cd][bc]AW[fd][ee][bf][be][bd][cc][de][fc][fb][ce])
(;C[problem 534]PL[B]AB[bd][da][ad][ca][dd][ec][cd][eb]AW[ed][be][db][ae][de][cb][fc][fb][ce][fe][bc])
(;C[problem 535]PL[B]AB[hc][ie][ef][bg][bf][be][ge][cf][de][cb][fc][fb][ff][eb]AW[fd][ba][ed][dc][bd][db][ae][ce][ec][cd])
(;C[problem 536]PL[B]AB[hc][ie][ef][bg][bf][be][da][ge][cf][de][cb][fc][fb][ff][eb]AW[fd][ba][ed][dc][bd][db][ae][ca][ce][ec][cd])
(;C[problem 537]PL[B]AB[hc][bb][ie][ef][bg][bf][be][ge][cf][eb][de][fc][fb][ff][bc]AW[fd][ed][dc][bd][db][da][ae][cb][ce][ec][cd])
(;C[problem 538]PL[B]AB[ea][ba][dc][bd][db][cd]AW[ed][be][gb][ad][dd][ce][ec][eb])
(;C[problem 539]PL[B]AB[dc][bd][db][cb][cd]AW[hc][bb][ed][be][dd][ce][ec][eb])
(;C[problem 540]PL[B]AB[bg][ed][be][gb][dd][ce][ec][eb]AW[dc][bd][db][cd][bc])
(;C[problem 541]PL[B]AB[be][ed][gc][dd][ce][ec]AW[dc][bd][db][cd])
(;C[problem 542]PL[B]AB[bb][ed][be][gc][dd][ce][ec]AW[ab][dc][bd][db][cd])
(;C[problem 543]PL[B]AB[bb][bf][gb][eb][de][cg][dd][ce][ec][bc]AW[ea][be][ab][dc][bd][db][cb][cd])
(;C[problem 544]PL[B]AB[hc][be][de][fc][dd][ce][ec]AW[dc][bd][db][cd][eb])
(;C[problem 545]PL[B]AB[bb][bf][ed][cf][dd][fb][ce][eb]AW[be][ab][dc][bd][db][cd])
(;C[problem 546]PL[B]AB[bb][bf][ed][cf][dd][fb][ce][eb]AW[be][dc][bd][db][cb][cd])
(;C[problem 547]PL[B]AB[dc][bd][db][ae][fb][cd][eb]AW[hc][be][af][gb][cc][de][fc][dd][ce][ec])
(;C[problem 548]PL[B]AB[dc][bd][db][gb][fb][cd][eb]AW[bb][hb][bf][gc][cc][de][cb][fc][dd][cf][ic][ec])
(;C[problem 549]PL[B]AB[hb][bf][gc][cc][de][fc][dd][cg][ic][ce][ec]AW[be][dc][bd][db][gb][fb][cd][eb])
(;C[problem 550]PL[B]AB[be][dc][bd][db][gb][fb][cd][eb]AW[hc][hb][bf][ae][cc][de][fc][dd][cg][ce][ec][fe])
(;C[problem 551]PL[B]AB[dc][bd][db][da][cd]AW[be][ae][gb][ad][de][dd][cf][ec][eb])
(;C[problem 552]PL[B]AB[dc][bd][db][da][ad][cd]AW[ea][bb][ed][be][ae][de][ce][ec][eb])
(;C[problem 553]PL[B]AB[ea][dc][bd][da][dd][ec][cd][eb]AW[fd][bb][ee][be][db][ae][cc][ad][cf][df][fc][ca][fb][fa])
(;C[problem 554]PL[B]AB[ea][ba][ee][ed][be][ce][de][cb][fc][fb][fa]AW[bb][dc][bd][da][cc][dd][ec][cd][eb])
(;C[problem 555]PL[B]AB[dc][bd][db][da][cc][ad][cd]AW[bb][bf][ed][df][cb][ca][dd][fb][ce][ec][bc])
(;C[problem 556]PL[B]AB[dc][bd][db][da][cc][ad][dd][cd]AW[bb][ee][ac][ed][be][ae][de][cb][ce][ec][eb])
(;C[problem 557]PL[B]AB[bb][ee][bf][ed][ab][be][de][cb][fb][eb]AW[dc][bd][db][da][ad][dd][cd][bc])
(;C[problem 558]PL[B]AB[ab][dc][bd][db][da][dd][cd]AW[ba][ee][ac][ed][be][eb][de][ce][ec][bc])
(;C[problem 559]PL[B]AB[ab][dc][bd][db][da][cb][dd][cd]AW[bb][bg][ba][ee][ed][be][gb][eb][de][ce][ec][bc])
(;C[problem 560]PL[B]AB[bb][dc][bd][db][dd][cd]AW[bg][ee][ed][be][da][gb][de][cb][ce][ec][eb])
(;C[problem 561]PL[B]AB[ea][ba][dc][bd][db][dd][cd]AW[bb][bg][ee][ed][be][gb][eb][de][ce][ec][bc])
(;C[problem 562]PL[B]AB[bb][bg][ee][ed][be][da][gb][de][ce][ec][eb]AW[ab][dc][bd][db][ca][dd][cd])
(;C[problem 563]PL[B]AB[bb][bg][ee][ed][be][gb][de][cb][ce][ec][eb]AW[ab][dc][bd][db][ca][dd][cd])
(;C[problem 564]PL[B]AB[bb][bg][ee][ed][be][gb][de][ce][ec][eb]AW[dc][bd][db][dd][cd][bc])
(;C[problem 565]PL[B]AB[bb][ee][bf][ed][be][gb][eb][de][ec][bc]AW[ac][dc][bd][db][cb][dd][cd])
(;C[problem 566]PL[B]AB[dc][bd][db][dd][cd]AW[ee][bf][ed][be][gb][de][cb][ec][eb])
(;C[problem 567]PL[B]AB[bb][ee][bf][ed][be][gb][de][ec][eb]AW[dc][bd][db][cb][dd][cd])
(;C[problem 568]PL[B]AB[bb][ee][bf][ed][be][da][gb][eb][de][ec][bc]AW[dc][bd][db][ad][cb][ca][dd][cd])
(;C[problem 569]PL[B]AB[bb][ee][bf][ed][be][gb][de][cb][ec][eb]AW[ea][ac][ab][dc][bd][db][dd][cd])
(;C[problem 570]PL[B]AB[be][dc][bd][db][dd][cd][bc]AW[bb][bf][ed][da][gb][de][cg][ce][ec][eb])
(;C[problem 571]PL[B]AB[hb][ee][bf][de][cb][fc][cg][fb][ce][ec][bc]AW[be][dc][bd][db][dd][cd][eb])
(;C[problem 572]PL[B]AB[ee][be][ed][eb][de][ce][ec][bc]AW[dc][bd][db][ad][dd][cd])
(;C[problem 573]PL[B]AB[dc][bd][db][da][ad][dd][cd]AW[ea][bb][ee][ed][be][ae][de][ce][ec][eb])
(;C[problem 574]PL[B]AB[ea][bb][ee][ed][be][ae][de][ce][ec][eb]AW[dc][bd][db][da][ad][dd][cd])
(;C[problem 575]PL[B]AB[ee][ed][be][gb][de][ce][ec][eb]AW[dc][db][dd][cd][bc])
(;C[problem 576]PL[B]AB[ee][ed][be][gb][de][cb][ce][ec][eb]AW[dc][db][ca][dd][cd][bc])
(;C[problem 577]PL[B]AB[dc][db][dd][cd][bc]AW[ee][ed][be][gb][de][cb][ce][ec][eb])
(;C[problem 578]PL[B]AB[ee][ed][be][bd][gb][de][ce][ec][eb]AW[ea][dc][db][dd][cd][bc])
(;C[problem 579]PL[B]AB[bb][ee][ed][de][cb][fb][ce][eb]AW[dc][db][ca][dd][cd][bc])
(;C[problem 580]PL[B]AB[bb][ee][ed][ab][be][bd][gc][de][fb][ce][ec]AW[ea][ac][dc][db][eb][dd][cd][bc])
(;C[problem 581]PL[B]AB[hc][ed][be][db][ce][da][gb][cc][de][fc][fa][ec][bc]AW[dc][bd][ad][cb][ca][dd][fb][cd][eb])
(;C[problem 582]PL[B]AB[fd][bb][ee][ed][be][da][de][fc][fb][ce]AW[dc][bd][cb][ca][dd][ec][cd])
(;C[problem 583]PL[B]AB[fd][hb][ee][ed][be][de][cb][fc][fb][ce]AW[bb][dc][bd][dd][ec][cd])
(;C[problem 584]PL[B]AB[fd][ba][ee][ed][be][de][cb][fc][fb][ce]AW[bb][dc][bd][da][dd][ec][cd])
(;C[problem 585]PL[B]AB[hb][bg][ee][ed][be][de][cb][fc][fb][ce]AW[bb][dc][bd][ae][dd][ec][cd])
(;C[problem 586]PL[B]AB[dc][db][ce][cd][bc]AW[bf][ed][gb][df][cb][dd][cf][ec][eb])
(;C[problem 587]PL[B]AB[hc][fd][bb][bg][be][de][fc][dd][ce]AW[dc][bd][ec][cd][bc])
(;C[problem 588]PL[B]AB[bg][ed][be][dc][gc][de][ce][ec]AW[bd][db][cb][dd][cd])
(;C[problem 589]PL[B]AB[ed][be][ae][ad][de][fc][fb][ce][fe]AW[bb][ac][bd][aa][dd][cd][eb])
(;C[problem 590]PL[B]AB[ed][ab][be][ae][ad][de][fc][fb][ce][fe]AW[bb][ac][bd][eb][dd][cd][bc])
(;C[problem 591]PL[B]AB[bb][ac][bd][dd][cd][eb]AW[ed][be][dc][ae][ad][de][fc][fb][ce][fe])
(;C[problem 592]PL[B]AB[bb][bf][ed][gb][df][de][cf][ec][cd][eb]AW[be][dc][bd][db][cb][dd][ce])
(;C[problem 593]PL[B]AB[bb][bf][ed][gc][df][de][cf][ec][eb]AW[be][dc][bd][db][cc][dd][ce])
(;C[problem 594]PL[B]AB[eg][hb][ba][ee][bf][ed][aa][af][ae][gb][ad][df][fc][cf][fa][ec]AW[ea][ac][be][ab][dc][bd][da][cc][de][dd][fb][ce][eb])
(;C[problem 595]PL[B]AB[ef][ac][bf][ab][ge][cf][eb][ad][df][fc][fb][ff][bc]AW[ee][ed][dc][bd][db][da][ae][de][ce][ec][cd])
(;C[problem 596]PL[B]AB[fd][ef][ee][be][ab][cf][fc][gf][fb][ec][bc]AW[bb][ac][ed][bd][ad][dd][cd][eb])
(;C[problem 597]PL[B]AB[fd][ef][ee][be][ab][cf][fc][gf][fb][ec][bc]AW[ac][ed][bd][ad][cb][dd][cd][eb])
(;C[problem 598]PL[B]AB[fd][ef][ee][be][ab][cf][fc][gf][fb][ec]AW[ed][bd][ad][cb][dd][cd][eb])
(;C[problem 599]PL[B]AB[fd][ef][ee][be][ab][cf][fc][gf][fb]AW[ed][bd][cb][dd][cd][eb])
(;C[problem 600]PL[B]AB[fd][ef][ee][be][ab][cf][fc][gf][fb]AW[ed][bd][eb][dd][cd][bc])
(;C[problem 601]PL[B]AB[bb][ed][dc][bd][ca][dd][cd][eb]AW[fd][ee][be][db][ad][de][cb][fc][ce][ec])
(;C[problem 602]PL[B]AB[fd][bb][ie][id][ed][he][bd][gc][ge][dd][fb][cd]AW[hc][ff][ef][be][jc][hd][db][df][gd][fc][ic][ce][ec][fe][eb])
(;C[problem 603]PL[B]AB[ed][gc][gb][ga][fc][dd][cd]AW[ea][dc][db][fb][fa][ec])
(;C[problem 604]PL[B]AB[dc][gc][gb][df][de][fc][dd][cg][ce][fe]AW[ea][db][cc][cf][fb][ec])
(;C[problem 605]PL[B]AB[dc][eb][cb][da]AW[fd][ed][gc][de][cg][fb][fa][ec][cd])
(;C[problem 606]PL[B]AB[fd][ee][be][ab][de][cd][bc]AW[bb][ef][kc][bg][ed][dg][cc][gd][cb][dd][ic][ff][fe])
(;C[problem 607]PL[B]AB[ea][ef][bg][be][dc][bc][gb][ge][cb][fc][cf][fa][eb]AW[bb][ed][bd][db][da][cc][ad][de][ec][cd])
(;C[problem 608]PL[B]AB[ea][ef][bg][be][bc][gb][ge][cb][fc][cf][fa][eb]AW[ed][bd][db][da][cc][ad][de][dd][ec][cd])
(;C[problem 609]PL[B]AB[bb][ee][gc][gb][cc][gd][dd][cd][fe]AW[ea][fd][ba][dc][da][cb][fc][ca][fb][eb])
(;C[problem 610]PL[B]AB[hc][bb][hb][ee][he][hd][da][cc][df][dd][cd][fe]AW[fd][ba][ed][dc][gd][cb][ca][eb])
(;C[problem 611]PL[B]AB[hc][bb][hb][ee][he][hd][da][cc][df][dd][cd][fe]AW[ea][fd][ba][ed][dc][gd][cb][eb])
(;C[problem 612]PL[B]AB[da][cc][de][cb][dd][ec][eb]AW[ee][ed][be][dc][df][fc][fb][cd])
(;C[problem 613]PL[B]AB[hc][bb][kb][dc][jc][gc][cc][fc][ic][ec][lc][bc]AW[hb][db][gb][cb][ca][fb][eb])
(;C[problem 614]PL[B]AB[hc][bb][kb][dc][jc][hd][cc][fc][jd][ec][lc][bc]AW[hb][db][jb][gb][cb][fb][ic][eb])
(;C[problem 615]PL[B]AB[bb][kb][he][dc][jc][gc][cc][gd][je][ic][ec][lc][bc]AW[hc][db][jb][gb][cb][fb][ib][eb])
(;C[problem 616]PL[B]AB[bb][id][dc][jc][hd][jb][gc][ja][cc][fc][ec][bc]AW[hc][db][gb][cb][fb][ib][ia][eb])
(;C[problem 617]PL[B]AB[hc][ba][db][jb][gb][cb][fb][ib][eb]AW[bb][kc][kb][he][dc][jc][gc][cc][gd][je][ca][ic][ec][bc])
(;C[problem 618]PL[B]AB[hc][fd][bb][ie][kc][dc][jb][ge][cc][fc][ic][bc]AW[hb][db][gc][cb][ca][fb][ib][eb])
(;C[problem 619]PL[B]AB[hc][fd][bb][ie][kc][dc][jb][ge][cc][fc][ic][bc]AW[hb][db][gc][cb][fb][ib][ia][eb])
(;C[problem 620]PL[B]AB[hb][db][gc][ja][cb][ca][fb][ib][eb]AW[hc][ea][bb][fd][ie][kb][dc][jb][ge][cc][fc][ic][bc])
(;C[problem 621]PL[B]AB[hb][db][jb][gc][fb][ib][eb]AW[hc][fd][ie][kc][kb][dc][jc][ge][cc][cb][fc][ic])
(;C[problem 622]PL[B]AB[hc][fd][ie][kc][kb][dc][jc][ge][cc][cb][fc][ic]AW[hb][db][jb][gc][fb][ib][eb])
(;C[problem 623]PL[B]AB[id][dc][jc][hd][jb][gc][ja][cc][cb][fc][ec]AW[hc][db][da][gb][fb][ib][ia][eb])
(;C[problem 624]PL[B]AB[dc][jc][hd][jb][ja][cc][gd][cb][fc][ic][ec]AW[hb][db][gc][da][fb][ib][ia][eb])
(;C[problem 625]PL[B]AB[hb][gc][fb][ib][eb]AW[hc][bb][he][dc][jc][cc][fc][ic][ec][lc][fe])
(;C[problem 626]PL[B]AB[fd][gb][gd][ec][eb]AW[hc][kc][ee][ed][he][dc][cc][ic][ff])
(;C[problem 627]PL[B]AB[hc][fd][bb][ed][dc][jc][jb][cc][ga][gd][fb][ic][bc]AW[hb][ec][db][gc][gb][cb][fc][ib][eb])
(;C[problem 628]PL[B]AB[hb][dc][db][gc][gb][cb][fc][ec]AW[hc][fd][bb][ed][cc][gd][dd][ic][ib][bc])
(;C[problem 629]PL[B]AB[fd][id][dc][jc][hd][jb][cc][gd][cb][jd][ec]AW[hc][db][gc][fc][fb][ic][ib][eb])
(;C[problem 630]PL[B]AB[hc][fd][dc][jc][jb][cc][gd][cb][ic][ec]AW[hb][db][gc][ga][fc][ib][eb])
(;C[problem 631]PL[B]AB[hc][fd][dc][jc][jb][cc][gd][cb][ic][ec]AW[hb][db][gc][fc][ib][ia][eb])
(;C[problem 632]PL[B]AB[hc][fd][kb][dc][jb][cc][gd][cb][ic][ec]AW[hb][db][gc][da][fc][ib][eb])
(;C[problem 633]PL[B]AB[hc][fd][bb][kb][dc][jb][gd][cb][jd][ic][ec][cd]AW[hb][db][gc][ja][fc][ca][ib][ia][eb])
(;C[problem 634]PL[B]AB[fd][bb][kb][dc][hd][jb][gd][cb][jd][ic][ec][cd]AW[hb][db][gc][ja][fc][ca][ib][eb])
(;C[problem 635]PL[B]AB[fd][kb][dc][hd][jb][cc][gd][cb][jd][ic][ec]AW[hb][db][gc][da][fc][ib][eb])
(;C[problem 636]PL[B]AB[bb][hb][ed][db][gc][cc][fc][ib][eb]AW[hc][ee][dc][jb][ge][jd][de][cb][ca][dd][ic][ec][bc])
(;C[problem 637]PL[B]AB[hb][gc][jb][gd][ib][eb]AW[fd][kc][kb][he][jc][hd][db][ge][cc][ec][bc])
(;C[problem 638]PL[B]AB[dc][gb][cb][fb][ec]AW[hc][bb][jc][gc][cc][fc][dd][ic][ce][lc][fe][bc])
(;C[problem 639]PL[B]AB[hc][fd][bb][hb][ed][gc][cc][dd][cd][bc]AW[dc][da][gb][ga][cb][fb][ec])
(;C[problem 640]PL[B]AB[dc][gb][ga][cb][fc][fb][ec]AW[hc][fd][bb][hb][ed][bd][gc][cc][dd])
(;C[problem 641]PL[B]AB[hb][dc][gb][cb][fb][ec]AW[hc][bb][gc][cc][fc][dd][ic][ce][ib][fe][bc])
(;C[problem 642]PL[B]AB[hb][dc][gb][cb][fb][ec]AW[hc][bb][gc][cc][fc][dd][ic][ce][ib][fe][ia][bc])
(;C[problem 643]PL[B]AB[hc][hb][ha][ed][ab][be][gc][fc][dd][cd][bc]AW[ea][bb][dc][da][gb][cc][cb][fb][ec])
(;C[problem 644]PL[B]AB[hc][bb][ed][bd][gc][fc][dd][ic][fa][ib][cd][ia][bc]AW[ea][hb][ha][dc][gb][cc][cb][fb][ec])
(;C[problem 645]PL[B]AB[bb][hb][ed][dc][gb][cb][fc][ec][eb]AW[hc][fd][ba][ee][ab][da][cc][gd][dd][ic][ce][ib][bc])
(;C[problem 646]PL[B]AB[bb][hb][ed][dc][gb][cb][fc][ec][eb]AW[hc][fd][ba][ee][ab][cc][gd][ca][dd][ic][ce][ib][bc])
(;C[problem 647]PL[B]AB[fd][ld][hb][kc][id][dc][jc][hd][gd][cb][lb][ec][cd]AW[hc][jb][da][gc][fc][ic][fa][eb])
(;C[problem 648]PL[B]AB[fd][bb][ba][id][ec][dc][hd][cc][gd][ic][ib][bc]AW[hc][db][gc][ga][cb][fc][ca][eb])
(;C[problem 649]PL[B]AB[hc][fd][bb][ed][jc][db][gc][da][de][ce][bc]AW[ea][dc][gb][cb][dd][ec][eb])
(;C[problem 650]PL[B]AB[bb][kc][ee][ed][hd][jb][ge][de][fc][ic][cd][fe][bc]AW[fd][hb][dc][gc][cb][ec][eb])
(;C[problem 651]PL[B]AB[bb][kc][ee][ed][hd][jb][ge][de][ic][cd][fe][bc]AW[fd][hb][dc][gc][cb][eb])
(;C[problem 652]PL[B]AB[bb][kc][ee][ed][hd][jb][ge][de][ic][ec][cd][fe][bc]AW[fd][hb][dc][gc][cb][fc][eb])
(;C[problem 653]PL[B]AB[bb][kc][ee][ed][hd][jb][ge][de][ic][ec][cd][fe][bc]AW[fd][dc][gc][da][cb][fc][eb])
(;C[problem 654]PL[B]AB[bb][kc][ee][ed][hd][jb][ge][de][ic][ec][cd][fe][bc]AW[fd][hb][dc][gc][da][cb][eb])
(;C[problem 655]PL[B]AB[hc][fd][hb][ba][ha][ac][bf][ed][ab][bd][gc][de][ce]AW[bb][gb][cc][ga][cb][fc][ec][cd][eb])
(;C[problem 656]PL[B]AB[fd][bb][id][ed][hd][jb][ja][eb][gd][de][fc][ic][ce][cd][bc]AW[hc][ea][hb][ec][dc][gc][cb][dd][fb][ib])
(;C[problem 657]PL[B]AB[ee][he][jc][jb][da][cc][gd][cb][de][jd][cd][fe]AW[hc][fd][ed][db][gb][ic][ib][ec][eb])
(;C[problem 658]PL[B]AB[ee][he][dc][jc][jb][da][cc][gd][cb][dd][jd][lb][fe]AW[hc][ea][fd][ed][ec][db][gb][ic][ib][eb])
(;C[problem 659]PL[B]AB[ba][ee][dc][gb][de][cb][fc][dd][ce][ec]AW[hc][bb][hb][ef][ac][be][he][bd][gc][ge][cc][df][cf][cd])
(;C[problem 660]PL[B]AB[bb][ed][dc][gb][cb][fc][ec][eb]AW[hc][fd][ba][ee][ab][jc][da][cc][gd][dd][ce][bc])
(;C[problem 661]PL[B]AB[bb][ed][dc][cb][fc][ec]AW[hc][fd][kc][ee][gb][cc][gd][dd][ce][bc])
(;C[problem 662]PL[B]AB[ff][ed][db][gc][fc][ec]AW[hb][ef][hd][ge][cc][de][cb][fe])
(;C[problem 663]PL[B]AB[ff][ee][ed][db][gc][fc][ec]AW[hc][hb][ef][hd][ge][cc][de][cb][fe])
(;C[problem 664]PL[B]AB[hc][fd][bb][hb][ed][gd][dd][cd][bc]AW[dc][gb][cb][fc][ec][eb])
(;C[problem 665]PL[B]AB[fd][hb][ed][gc][cc][gd][dd][cd]AW[dc][gb][cb][fc][fa][ec])
(;C[problem 666]PL[B]AB[hc][fd][kc][ha][ed][dc][cc][gd][ic][lc]AW[hb][db][gc][ga][fc][ec])
(;C[problem 667]PL[B]AB[fd][ee][ab][bd][gc][gb][ga][gd][de][ce][bc]AW[bb][ba][ed][da][cc][fc][dd][fb][cd])
(;C[problem 668]PL[B]AB[hc][fd][kc][ed][dc][cc][gd][cb][ic][fa]AW[hb][db][gc][da][ga][fc][ec])
(;C[problem 669]PL[B]AB[hc][kc][ed][he][dc][cc][ga][cb][ic][fe]AW[hb][db][gc][da][fc][fb][ec])
(;C[problem 670]PL[B]AB[hc][kc][ed][he][dc][cc][cb][ic][fa][fe]AW[hb][db][gc][da][fc][fb][ec])
(;C[problem 671]PL[B]AB[ea][bb][fd][kb][ed][gc][cc][gd][dd][ic][ib][bc]AW[hb][dc][gb][cb][fc][ca][fa][ec])
(;C[problem 672]PL[B]AB[hc][fd][ed][cc][gd][cb][ca][dd][ic][ib]AW[hb][ha][dc][db][gc][da][fc][ec])
(;C[problem 673]PL[B]AB[dc][db][gc][gb][ga][cb][fc][ec]AW[hc][fd][hb][ed][hd][da][cc][eb][gd][dd][ce][bc])
(;C[problem 674]PL[B]AB[hb][ha][ed][dc][db][gc][da][fc]AW[hc][ee][ec][jc][hd][cc][gd][cb][de][ca][dd][ib][fe])
(;C[problem 675]PL[B]AB[hc][hb][dc][db][gc][fc][ec]AW[fd][id][ed][hd][cc][gd][cb][dd][ic][ib][cd])
(;C[problem 676]PL[B]AB[fd][id][kb][ed][hd][cc][gd][cb][ca][dd][ic][ib][cd]AW[hc][hb][dc][db][gc][da][fc][ec])
(;C[problem 677]PL[B]AB[fd][id][kb][ed][hd][cc][gd][cb][dd][ic][ib][cd]AW[hc][hb][dc][db][gc][da][fc][ec])
(;C[problem 678]PL[B]AB[fd][kc][ha][id][ed][hd][jb][cc][gd][cb][dd][ic][cd]AW[hc][hb][dc][db][gc][da][ga][fc][ec])
(;C[problem 679]PL[B]AB[hc][hb][ha][dc][db][gc][da][fc][ec]AW[fd][id][ed][hd][cc][gd][cb][ca][dd][ic][fa][ib][cd][ia])
(;C[problem 680]PL[B]AB[ea][fd][ac][ed][ab][bd][gc][da][gb][ga][gd][dd][cd]AW[bb][ba][dc][cc][fc][fb][fa][ec][bc])
(;C[problem 681]PL[B]AB[hc][fd][bb][kb][ed][bd][da][gd][dd][ic][ib][cd][bc]AW[ea][hb][ba][dc][gc][gb][cc][cb][fc][ec])
(;C[problem 682]PL[B]AB[hc][fd][bb][kb][ed][bd][da][gd][dd][ic][ib][cd][bc]AW[hb][ba][dc][gc][gb][cc][cb][fc][fa][ec])
(;C[problem 683]PL[B]AB[hb][dc][gc][gb][cc][cb][fc][ca][ec]AW[hc][fd][bb][kb][ed][eb][gd][dd][ic][ib][cd][bc])
(;C[problem 684]PL[B]AB[hc][fd][bb][kc][ed][eb][gd][dd][ic][ib][cd][bc]AW[hb][ha][dc][gc][gb][cb][fc][ca][ec])
(;C[problem 685]PL[B]AB[hc][fd][bb][kc][ed][cc][eb][gd][dd][ic][ib][cd][bc]AW[hb][dc][db][gc][gb][cb][fc][ca][ec])
(;C[problem 686]PL[B]AB[hb][dc][gc][gb][cc][cb][fc][ca][ec]AW[hc][fd][bb][ba][ed][bc][gd][dd][ic][ib][cd][ia][eb])
(;C[problem 687]PL[B]AB[hc][hb][dc][cc][ga][cb][fc][ca][ec]AW[ea][bb][fd][ff][ha][id][kb][ed][hd][dd][ic][ib][cd][bc])
(;C[problem 688]PL[B]AB[hc][fd][bb][kb][ed][gd][dd][ic][ib][cd][bc]AW[hb][dc][gb][cc][cb][fc][ec])
(;C[problem 689]PL[B]AB[hc][fd][bb][ed][jc][gc][ca][dd][ib][cd][bc]AW[hb][ha][dc][gb][cc][cb][fc][fa][ec])
(;C[problem 690]PL[B]AB[hb][ha][ec][dc][gc][da][cc][cb][fc][ca][ib]AW[hc][ea][bb][fe][ee][jc][hd][db][jb][bc][ic][gd][de][fb][lb][cd][ia][eb])
(;C[problem 691]PL[B]AB[hb][ha][ec][dc][gc][da][cc][cb][fc][ca][ib]AW[hc][ea][bb][fe][ee][jc][hd][db][jb][bc][gb][gd][de][ic][cd][ia][eb])
(;C[problem 692]PL[B]AB[hb][ed][ec][dc][db][gc][da][ja][gd][fc][ib]AW[hc][fd][ee][ka][jc][hd][jb][ge][cc][cb][je][dd][fb][lb][ce][fe])
(;C[problem 693]PL[B]AB[hc][dc][db][gc][da][fc][ec][ia]AW[ea][fd][kc][ed][he][hd][jb][cc][cb][ca][dd][fb][ic][eb])
(;C[problem 694]PL[B]AB[hc][ec][dc][db][gc][da][ga][fc][ib]AW[fd][kc][ed][jc][hd][ja][cc][gd][cb][ca][dd][fb][ic][eb])
(;C[problem 695]PL[B]AB[hc][ha][dc][db][gc][fc][ic][ib][ec]AW[fd][hb][id][kb][ed][hd][jb][gb][cc][gd][cb][jd][ca][dd][fb][cd])
(;C[problem 696]PL[B]AB[hc][ha][ec][dc][db][gc][da][fc][ib]AW[fd][ed][jc][hd][jb][ja][cc][gd][cb][dd][ic][fa])
(;C[problem 697]PL[B]AB[fd][ed][dc][jc][hd][jb][cc][gd][cb][ca][ic]AW[hc][ec][db][gc][da][fc][fa][ib][ia])
(;C[problem 698]PL[B]AB[hc][ha][db][gc][da][fc][ib][ec]AW[fd][ed][dc][jc][hd][jb][ja][cc][gd][cb][ic])
(;C[problem 699]PL[B]AB[hc][ha][db][gc][da][fc][ib][ec]AW[fd][ed][dc][jc][hd][jb][cc][gd][cb][ic][fa])
(;C[problem 700]PL[B]AB[fd][ed][dc][jc][hd][jb][ja][cc][gd][cb][ic]AW[hc][ha][db][gc][da][fc][ib][ec])
(;C[problem 701]PL[B]AB[fd][ed][dc][jc][hd][jb][ja][cc][gd][cb][ic][ia]AW[hc][hb][ha][ec][db][gc][da][fc][ib])
(;C[problem 702]PL[B]AB[fd][ed][dc][jc][hd][jb][ja][cc][gd][cb][ic][fa]AW[hc][ha][ec][db][gc][da][fc][fb][ib])
(;C[problem 703]PL[B]AB[fd][id][ed][dc][jc][hd][jb][ja][cc][gd][cb][ca][ia]AW[hc][ha][ec][db][gc][da][fc][fb][ib])
(;C[problem 704]PL[B]AB[fd][ed][dc][jc][hd][jb][ja][cc][gd][cb][ic]AW[hc][ea][ha][db][gc][fc][ib][ec])
(;C[problem 705]PL[B]AB[fd][ie][ed][dc][jc][hd][jb][cb][ca][dd][ic]AW[hc][ea][ha][db][gc][fc][ib][ec])
(;C[problem 706]PL[B]AB[bb][ef][cc][df][gd][de][fc][fb][cd]AW[fd][hb][ee][he][dc][ge][cb][ic][ec])
(;C[problem 707]PL[B]AB[hc][fd][bb][ed][jc][bd][jb][gb][cc][gd][dd][ic]AW[hb][ec][dc][gc][cb][fc][fb][ib])
(;C[problem 708]PL[B]AB[hc][hb][ec][dc][db][gc][cb][fc][ib]AW[fd][bb][ed][jc][hd][jb][cc][ic][gd][dd][fb][lb][bc])
(;C[problem 709]PL[B]AB[hc][ee][dc][bd][ge][eb][gd][de][cf][ic][cd][fe][bc]AW[fd][bb][ac][ed][gc][cc][cb][fc][dd][fa])
(;C[problem 710]PL[B]AB[ee][dc][bd][gc][gb][ga][gd][de][cd][fe][bc]AW[fd][bb][ed][cc][cb][fc][dd][fb][fa])
(;C[problem 711]PL[B]AB[hb][ha][dc][gc][gb][cc][cb][ca][ec][bc]AW[hc][fd][bb][ac][ed][aa][jc][bd][da][ad][gd][cf][ib][cd][eb])
(;C[problem 712]PL[B]AB[bb][dc][fc][fb][fa][ec][bc]AW[fd][ac][ed][ab][bd][gc][gb][gd][dd][cd])
(;C[problem 713]PL[B]AB[hb][dc][db][gc][ga][fc][ib]AW[fd][ed][jc][hd][jb][da][cc][ic][gd][cb][lb][ce][cd])
(;C[problem 714]PL[B]AB[hc][ea][hb][ec][dc][db][gb][fc][ib]AW[fd][kc][id][ed][hd][jb][gc][cc][gd][cb][dd][fb][ic])
(;C[problem 715]PL[B]AB[hc][ea][hb][ec][dc][db][fc][ib]AW[fd][kc][id][ed][hd][jb][cc][gd][cb][dd][fb][ic])
(;C[problem 716]PL[B]AB[hc][fd][hb][ha][ee][be][ab][hd][ga][gd][de][cd][bc]AW[bb][ed][gc][gb][cb][fc][dd][fa][ec])
(;C[problem 717]PL[B]AB[hc][fd][hb][ba][ha][ee][be][ab][hd][ga][gd][de][cd][bc]AW[bb][gc][cc][gb][cb][fc][dd][fa][ec])
(;C[problem 718]PL[B]AB[fd][ed][gc][gb][dd][fa][ec][cd][eb]AW[hc][hb][ee][be][bd][hd][cc][gd][de][ca][ce][fe])
(;C[problem 719]PL[B]AB[bb][ed][cc][cb][dd][fb][ec][cd]AW[ee][ab][bd][gc][gb][de][fc][ce][fe][bc])
(;C[problem 720]PL[B]AB[bb][ed][eb][dd][fb][fa][ec][cd][bc]AW[fd][ba][ee][ac][be][ab][bd][gb][ga][de][fc][ce][fe])
(;C[problem 721]PL[B]AB[fd][ed][gc][cc][cb][fc][dd][fb]AW[hc][bb][hb][ee][ge][gb][gd][cf][ce][fe][bc])
(;C[problem 722]PL[B]AB[hc][hb][ee][hd][jb][ge][cc][de][cb][cd][fe]AW[fd][ed][dc][db][gc][gb][gd][dd][fb])
(;C[problem 723]PL[B]AB[bb][hb][ee][he][hd][ge][cc][de][cb][fc][ib][cd][fe]AW[fd][ed][dc][db][gc][gb][gd][dd][fb])
(;C[problem 724]PL[B]AB[fd][ed][dc][db][gc][gb][gd][dd][fb]AW[hb][ee][he][hd][ge][cc][de][cb][ib][ec][cd][fe])
(;C[problem 725]PL[B]AB[hc][bb][hb][ee][hd][jb][ge][cc][de][cb][cd][fe]AW[fd][ha][ed][dc][db][gc][gb][gd][ca][dd])
(;C[problem 726]PL[B]AB[hc][hb][ee][hd][jb][ge][cc][de][cb][cd][fe]AW[fd][ed][dc][db][gc][da][gb][gd][dd])
(;C[problem 727]PL[B]AB[hc][hb][ee][hd][jb][cc][gd][cb][de][cd][fe]AW[fd][ha][ed][dc][db][gc][gb][dd][fb])
(;C[problem 728]PL[B]AB[hc][hb][ee][hd][jb][cc][gd][cb][de][cd][fe]AW[fd][ha][ed][dc][db][gc][da][gb][dd])
(;C[problem 729]PL[B]AB[hc][hb][ee][hd][jb][ge][cc][de][cb][ca][cd][fe]AW[fd][ha][ed][dc][db][gc][da][gb][gd][dd])
(;C[problem 730]PL[B]AB[fd][ba][ed][dc][db][gc][gb][gd][ca][dd][cd]AW[bb][hb][id][ac][ee][ab][bd][hd][ge][cc][cb][cf][ce][ib][fe])
(;C[problem 731]PL[B]AB[hc][fd][hb][bf][ed][be][hd][ad][gd][de][dd][ce][ec][eb]AW[bh][bb][ie][ef][id][ac][ee][he][dc][bd][db][jb][ge][df][ch][cf][ib][cd])
(;C[problem 732]PL[B]AB[hc][ea][fd][hb][bf][ed][be][hd][ad][ga][gd][de][dd][ce][ec][eb]AW[ee][he][db][jb][ch][cf][cd][bc][ha][id][ge][fb][ib][bh][ef][dc][bd][bb][ie][df])
(;C[problem 733]PL[B]AB[fd][ba][ed][dc][bd][db][gc][gb][de][dd][cd]AW[hc][hb][ee][be][hd][jb][ge][df][ad][cb][cg][ca][ce][fe][bc])
(;C[problem 734]PL[B]AB[fd][ed][dc][db][da][gb][gd]AW[hc][hb][ee][he][hd][ge][cc][de][cb][cd])
(;C[problem 735]PL[B]AB[bb][hb][ee][bd][gc][ge][gd][de][ic][ce][fe][bc]AW[fd][ed][gb][cc][cb][dd][fb][cd][eb])
(;C[problem 736]PL[B]AB[hb][ee][ac][be][ab][gc][ge][gb][gd][de][cd][fe][bc]AW[fd][bb][ed][cc][cb][fc][dd][fb])
(;C[problem 737]PL[B]AB[ea][bb][fd][ed][cc][cb][fc][dd][fb]AW[ee][ac][be][ab][db][gc][ge][gb][gd][de][cd][fe][bc])
(;C[problem 738]PL[B]AB[hc][ee][jc][hd][cc][gd][cb][de][ib][cd][fe]AW[fd][hb][ed][dc][db][gc][gb][dd])
(;C[problem 739]PL[B]AB[fd][ed][gb][cb][fc][dd][fb][cd]AW[bb][hb][ee][bd][gc][gd][de][ic][ce][fe][bc])
(;C[problem 740]PL[B]AB[fd][hb][ed][dc][db][gc][gb][gd][dd][ia]AW[hc][ha][ee][he][hd][jb][ge][cc][de][cb][ib][cd][fe])
(;C[problem 741]PL[B]AB[fd][hb][ed][dc][db][gc][gb][gd][dd][ia]AW[hc][ee][he][hd][jb][ge][cc][de][cb][ib][cd][fe][eb])
(;C[problem 742]PL[B]AB[fd][hb][ed][dc][db][gc][gb][gd][ca][dd]AW[hc][bb][ee][he][hd][jb][da][ge][de][cb][ce][ib][cd][fe])
(;C[problem 743]PL[B]AB[fd][hb][ed][dc][db][gc][gb][gd][ca][dd]AW[hc][bb][ha][ee][he][hd][jb][ge][de][cb][ce][ib][cd][fe])
(;C[problem 744]PL[B]AB[fd][hb][ed][dc][db][gb][gd][dd][fb]AW[hc][ee][jc][hd][gc][ge][cc][de][cb][ib][cd][fe])
(;C[problem 745]PL[B]AB[hb][ed][dc][db][gc][gb][gd][dd]AW[hc][ee][jc][hd][ge][cc][de][cb][ib][cd][fe])
(;C[problem 746]PL[B]AB[fd][ed][gc][cc][cb][fc][ca][dd][fa]AW[hc][bb][hb][ee][dc][jb][ge][ga][gd][de][ce][ec][cd][fe][bc])
(;C[problem 747]PL[B]AB[fd][ed][dc][db][gc][cb][ca][fa]AW[hc][bb][hb][ba][ee][hd][cc][gd][dd][cd][fe])
(;C[problem 748]PL[B]AB[fd][dc][gc][gb][cc][ga][cb][gd][ec]AW[hc][bb][hb][ed][he][hd][db][ge][eb][dd][cd][fe][bc])
(;C[problem 749]PL[B]AB[fd][ed][dc][gc][da][gb][gd][cb][dd]AW[hc][bb][hb][ha][ee][hd][ge][cc][ga][de][fc][ce][fe][bc])
(;C[problem 750]PL[B]AB[fd][ba][ed][gb][cc][ga][cb][fc][ca][dd][fb]AW[hc][ea][bb][hb][ha][ee][be][aa][bc][ge][gd][de][cd][fe][eb])
(;C[problem 751]PL[B]AB[bb][ba][ed][gc][cc][cb][fc][dd][fb][cd]AW[hc][fd][hb][ee][ab][bd][hd][da][gb][gd][de][ce][bc])
(;C[problem 752]PL[B]AB[fd][ee][gc][cc][cb][fc][ca][dd][cd][fe]AW[hc][ea][bb][hb][ba][ef][bd][ge][gb][gd][de][gf][ce][ff][bc])
(;C[problem 753]PL[B]AB[fd][hb][ed][dc][gb][cb][fc][ca][dd][fb]AW[hc][ea][bb][ba][ee][fe][db][gc][ce][gd][de][ic][fa][ib][cd][ia][bc])
(;C[problem 754]PL[B]AB[fd][ee][gb][cb][fc][ca][dd][fb][ec][cd][fe]AW[ff][bb][hb][ef][bd][gc][ge][cc][ga][gd][de][gf][ce][ib][bc])
(;C[problem 755]PL[B]AB[ea][fd][ed][dc][gc][gb][cb][ca][fa]AW[hc][bb][hb][ha][ee][bd][hd][cc][ga][gd][de][dd][fe])
(;C[problem 756]PL[B]AB[fd][bb][ba][ed][db][da][cc][fc][fb][cd]AW[ab][bd][ce][gc][bc][gb][ga][gd][de][ca][fa][ff][fe][eb])
(;C[problem 757]PL[B]AB[fd][ed][db][gc][gb][cc][ga][dd][cd]AW[hc][bb][hb][ha][ee][bd][hd][gd][cb][de][ce][ec][fe][bc])
(;C[problem 758]PL[B]AB[ea][fd][ff][ha][ee][hf][he][hd][cc][de][cb][gf][cf][ic][ib][cd]AW[hc][ed][dc][db][gc][ge][gd][dd][fb][fe][eb])
(;C[problem 759]PL[B]AB[hc][ed][dc][db][gc][ge][gd][dd][fb][fe]AW[fd][ff][ha][ee][hf][he][hd][cc][de][cb][fc][gf][cf][ic][ib][cd])
(;C[problem 760]PL[B]AB[ea][fd][ff][ha][ee][hf][he][hd][cc][de][cb][gf][cf][ic][ib][cd]AW[hc][ed][dc][db][gc][ge][ga][gd][dd][fb][fe])
(;C[problem 761]PL[B]AB[fd][ff][ha][ee][hf][he][hd][cc][de][cb][fc][gf][cf][ic][ib][cd]AW[hc][ed][dc][db][gc][ge][ga][gd][dd][fb][fe])
(;C[problem 762]PL[B]AB[hc][fd][hb][ef][hf][he][gb][cc][de][cb][gf][ic][ce][ff][cd]AW[ee][ed][dc][db][gc][ge][ga][gd][dd][fb][fe])
(;C[problem 763]PL[B]AB[ea][ee][ed][db][gc][ge][gb][gd][cb][dd][fa][fe]AW[hc][fd][bb][hb][ba][ef][he][hd][dg][da][de][fc][ca][gf][ce][ff][cd][bc])
(;C[problem 764]PL[B]AB[hc][ea][ed][db][gc][ge][ga][cb][gd][dd][de][fa][fe]AW[he][ff][cd][bc][fd][ba][ib][ef][hf][dc][hd][da][ce][bb][df][gf][ca][ic][ia])
(;C[problem 765]PL[B]AB[fd][hb][ha][ed][db][gc][da][cc][ga][cb][fc][dd]AW[hc][bb][fe][ee][bc][ge][gd][de][fb][ic][ce][ib][cd][ia][eb])
(;C[problem 766]PL[B]AB[ea][fd][ee][cc][de][cb][fc][fb][ce][cd]AW[bb][ef][ed][be][bd][db][gc][ge][gb][df][gd][dd][cf][fe][bc])
(;C[problem 767]PL[B]AB[bb][ba][ee][ed][bd][ce][de][fb][fa][ec][cd][bc]AW[fd][ef][bf][be][dc][gb][ad][df][cb][fc][ca][dd][cf][fe][eb])
(;C[problem 768]PL[B]AB[hc][ff][hb][ef][he][hd][jb][ge][cc][df][cb][ce][ec][cd]AW[fd][ee][dc][db][gc][gb][gd][de][dd][eb])
(;C[problem 769]PL[B]AB[hc][hb][ef][he][hd][jb][da][ge][cc][df][cb][ce][ff][cd]AW[fd][ee][dc][db][gc][gb][gd][de][dd][eb])
(;C[problem 770]PL[B]AB[fd][ha][ee][dc][db][gc][gb][gd][de][dd]AW[hc][hb][ef][he][hd][jb][da][ge][cc][df][cb][ce][ff][cd])
(;C[problem 771]PL[B]AB[ee][dc][db][gc][ge][gb][gd][de][dd][fa][fe]AW[hc][ea][hb][ef][he][hd][jb][cc][df][ga][cb][gf][ce][ff][cd])
(;C[problem 772]PL[B]AB[hc][hb][ef][id][hf][ed][gb][cc][de][gf][cf][ff][cd]AW[ee][dc][db][gc][ge][gd][dd][fb][fe])
(;C[problem 773]PL[B]AB[hc][bb][hb][ee][hd][jb][gd][de][ce][cd][fe][bc]AW[fd][ed][gc][gb][cc][cb][dd])
(;C[problem 774]PL[B]AB[ea][fd][ed][gc][gb][cc][cb][dd][eb]AW[hc][bb][hb][ee][dc][bd][hd][jb][ga][gd][de][cd][fe][bc])
(;C[problem 775]PL[B]AB[fd][ed][gc][gb][cc][cb][dd][eb]AW[hc][bb][hb][ee][bd][hd][jb][ga][gd][de][cd][fe][bc])
(;C[problem 776]PL[B]AB[hc][fd][hb][ed][dc][db][gd][dd]AW[id][ee][kb][he][ge][cc][de][cb][fb][ic][ce][ib][cd][fe])
(;C[problem 777]PL[B]AB[bb][hb][id][ee][he][ge][de][ca][ic][ce][ib][cd][fe][bc]AW[hc][ed][hd][gc][gb][cc][cb][fc][dd][eb])
(;C[problem 778]PL[B]AB[fd][ed][gc][da][gb][cc][gd][cb][dd][fa]AW[hc][bb][hb][ha][ee][hd][bc][ge][ga][de][fc][ce][cd][fe][eb])
(;C[problem 779]PL[B]AB[fd][ed][gc][da][gb][cc][ga][cb][dd][ec][cd]AW[hc][bb][hb][ba][ha][ee][be][bd][bc][ge][gd][de][fb][fe][eb])
(;C[problem 780]PL[B]AB[hc][fd][hb][ha][ed][dc][db][da][ga][gd][dd]AW[fe][id][ee][hd][ge][cc][de][cb][fc][ca][fb][ic][ib][cd][ia])
(;C[problem 781]PL[B]AB[hc][ea][fd][hb][ed][dc][db][gd][dd][fa]AW[fe][id][ee][ec][hd][da][ge][cc][cb][ca][ic][ce][ib][cd][ia][eb])
(;C[problem 782]PL[B]AB[hc][fd][hb][ed][dc][db][ga][gd][ca][dd][fa]AW[fe][ha][id][ee][hd][da][ge][cc][de][cb][ic][ce][ib][cd][ia])
(;C[problem 783]PL[B]AB[fd][ed][gc][gb][cc][cb][ca][dd][fb][cd]AW[hc][bb][hb][ba][ha][ee][bd][hd][bc][gd][de][fc][ce][fe][eb])
(;C[problem 784]PL[B]AB[fd][ed][gc][gb][cc][ga][cb][ca][dd][fa][cd]AW[hc][bb][hb][ba][ha][ee][bd][hd][db][gd][de][ce][ec][fe][bc])
(;C[problem 785]PL[B]AB[ea][fd][gc][gb][cc][gd][cb][ca][dd][fa][cd]AW[hc][bb][hb][ef][ha][he][dc][bd][hd][da][bc][ga][de][ce][ff][fe][eb])
(;C[problem 786]PL[B]AB[hc][fd][hb][ha][ed][hd][db][cc][ga][cb][gd][dd][fa]AW[bb][ba][id][ee][fe][he][dc][bd][jb][bc][ge][de][fb][ic][ib][cd][ia][eb])
(;C[problem 787]PL[B]AB[hc][fd][hb][ed][db][gb][cc][gd][cb][ca][dd]AW[bb][ba][ha][id][ee][dc][hd][gc][ge][ga][de][ic][ce][ib][cd][fe][bc])
(;C[problem 788]PL[B]AB[fd][ed][gc][gb][cc][cb][fc][dd][cd]AW[hc][bb][hb][ee][bd][hd][jb][ga][gd][de][ce][fe][bc])
(;C[problem 789]PL[B]AB[hc][bb][hb][ee][bd][hd][jb][eb][gd][de][ce][fe][bc]AW[fd][ed][gc][gb][cc][ga][cb][fc][dd][cd])
(;C[problem 790]PL[B]AB[fd][ed][gc][gb][cc][cb][fc][dd][cd]AW[hc][bb][hb][ee][bd][hd][jb][eb][gd][de][ce][fe][bc])
(;C[problem 791]PL[B]AB[hc][fd][bb][hb][ee][bd][hd][jb][gd][de][ce][bc]AW[ed][gc][gb][cc][cb][fc][dd][ec][cd])
(;C[problem 792]PL[B]AB[ed][gc][gb][cc][cb][dd][ec]AW[hc][fd][bb][hb][ee][hd][gd][de][ce][cd][bc])
(;C[problem 793]PL[B]AB[hc][ee][jc][hd][da][cc][ga][cb][gd][de][fb][fa][ib][cd][fe][eb]AW[fd][hb][ha][ed][dc][db][gc][gb][fc][ec])
(;C[problem 794]PL[B]AB[bb][db][gc][gb][cc][cb][fc][ec]AW[hc][fd][hb][ha][ed][ab][bd][gd][ca][dd][cd][bc])
(;C[problem 795]PL[B]AB[hc][bb][ba][ee][gd][de][fc][ca][ic][ce][ib][cd][fe][bc]AW[fd][hb][ed][da][gb][cc][cb][dd][ec][eb])
(;C[problem 796]PL[B]AB[fd][ee][ed][dc][hd][ge][gb][cc][gd][cb][ca][fb][ff]AW[eg][jb][cd][bc][hc][if][ba][id][gg][jc][bd][gc][da][bb][hb][dh][df][gf][dd][jd][ia])
(;C[problem 797]PL[B]AB[fd][ff][ee][ed][dc][hd][ge][gb][cc][gd][cb][ca][fb][ic][ib]AW[eg][jb][cd][bc][hc][if][ba][id][gg][ef][jc][bd][gc][da][bb][hb][dh][df][gf][dd][jd])
(;C[problem 798]PL[B]AB[hb][ee][dc][gc][cc][gd][cb][fc][ec][fe]AW[hc][bb][ef][he][db][gb][df][gf][ca][ic][ce][ib][cd][bc])
(;C[problem 799]PL[B]AB[ff][ie][kc][ha][ee][hf][ed][dc][jc][hd][mc][cc][jf][fc][gf][jd][ec][lc]AW[fd][hb][id][he][gc][ge][gd][ic][fe][ia])
(;C[problem 800]PL[B]AB[fd][gb][cc][ga][cb][gd][ca][fb][eb]AW[hc][ea][bb][hb][ba][ee][he][hd][ge][dd][cd][fe][bc])
(;C[problem 801]PL[B]AB[ed][db][cc][ga][fc][dd][ec][cd]AW[hc][fd][bb][ee][bd][ce][gc][de][cb][fa][ib][fe][bc])
(;C[problem 802]PL[B]AB[gc][gb][cc][cb][ca][ec]AW[hc][fd][bb][kc][ed][gd][dd][ic][cd][bc])
(;C[problem 803]PL[B]AB[ea][dc][gc][gb][cc][ga][cb][ca]AW[hc][fd][bb][hb][ba][ha][ed][db][gd][dd][cd][bc])
(;C[problem 804]PL[B]AB[fd][gc][gb][cc][ga][cb][ca][dd][ec][eb]AW[hc][ea][bb][hb][ha][ee][ed][hd][da][gd][de][ce][cd][fe][bc])
(;C[problem 805]PL[B]AB[ea][ed][gc][gb][cc][ga][cb][ec]AW[hc][bb][hb][ee][hd][gd][ca][dd][cd][fe][bc])
(;C[problem 806]PL[B]AB[ea][ed][dc][gb][cc][ga][cb][ca][dd]AW[fd][bb][hb][ba][ee][db][gc][de][ic][ce][cd][bc])
(;C[problem 807]PL[B]AB[kg][db][ke][ih][fd][ha][id][jg][ge][gg][ib][hh][ed][dc][kf][kd][kb][gf][dd][jd][ic]AW[hc][ie][hb][hg][hf][he][hd][jf][ga][je][fc][fa][ec][ig])
(;C[problem 808]PL[B]AB[kg][db][ke][ih][fd][id][jg][ge][gg][ib][hh][ed][dc][kf][kd][gf][dd][jd][ic]AW[hc][ie][hb][hg][hf][he][hd][jf][je][fc][ec][ig][eb])
(;C[problem 809]PL[B]AB[bb][hb][ha][db][gc][gb][cc][cb][fc][ec]AW[hc][fd][ed][dc][bd][da][eb][gd][dd][ic][ib][cd][ia][bc])
(;C[problem 810]PL[B]AB[bb][ba][dc][gc][gb][cc][ga][cb][fc]AW[hc][fd][hb][ha][ed][ab][bd][db][da][gd][dd][fb][bc])
(;C[problem 811]PL[B]AB[hc][hb][dc][db][gc][cb][fc][ca][fa]AW[fd][bb][ba][ed][hd][da][cc][ga][gd][dd][ic][ib][cd][ia])
(;C[problem 812]PL[B]AB[gc][gb][cc][ga][fc][dd][ec][cd][eb]AW[hc][ea][bb][hb][fd][ha][ed][bd][hd][gd][de][ce][bc])
(;C[problem 813]PL[B]AB[gc][gb][cc][ga][cb][fc][dd][ec][cd]AW[hc][ea][bb][hb][ba][ha][fd][ed][bd][hd][gd][de][ce][bc])
(;C[problem 814]PL[B]AB[hc][hb][ha][ed][db][gc][cc][cb][fc][dd][cd][eb]AW[fd][bb][ba][id][ee][ec][bd][hd][ce][gd][de][fb][ic][fa][ib][ia][bc])
(;C[problem 815]PL[B]AB[ea][fd][ed][gc][gb][cb][fc][ca][dd]AW[hc][bb][hb][ba][ha][ee][ge][cc][gd][de][cd][fe])
(;C[problem 816]PL[B]AB[ba][ed][gb][cb][fc][dd][fb][ec][cd]AW[hc][fd][bb][hb][ha][ee][dc][bd][gc][de][ce][fe][bc])
(;C[problem 817]PL[B]AB[fd][hb][ha][ed][hd][db][gc][da][gb][cc][gd][cb][cd]AW[hc][bb][id][ee][he][bd][ge][de][ca][dd][fb][ic][ce][ib][fe][ia][bc])
(;C[problem 818]PL[B]AB[hc][fd][hb][ed][db][gc][cb][ca][dd][fa][eb]AW[bb][ba][ha][id][ee][fe][dc][hd][ge][cc][de][fb][ic][ib][cd][ia])
(;C[problem 819]PL[B]AB[hb][ha][ed][cc][cb][ca][dd][fb][eb]AW[hc][ea][bb][fd][ba][ee][gc][de][fc][ic][ce][ib][cd][ia][bc])
(;C[problem 820]PL[B]AB[fd][hb][ha][ed][gc][da][cc][gd][cb][ca][dd][fa]AW[hc][bb][ba][ee][fe][he][dc][hd][db][ge][de][ce][ib][cd][ia][bc])
(;C[problem 821]PL[B]AB[fd][bb][ba][id][ed][jc][hd][db][jb][jd][gd][ca][dd][ib][cd][bc]AW[hc][ea][hb][dc][da][cc][cb][fc][ic][ec][ia])
(;C[problem 822]PL[B]AB[fd][bb][ba][ed][hd][db][gd][dd][ic][ib][cd][ia][bc]AW[hc][hb][ha][dc][gc][da][cc][cb][ca][ec])
(;C[problem 823]PL[B]AB[fd][bb][ed][ce][gc][cc][gd][de][fb][fa][cd][bc]AW[hc][hb][ee][ac][bf][be][ab][he][bd][hd][ge][gb][df][ga][dd][cf][fe][eb])
(;C[problem 824]PL[B]AB[ed][gc][ge][gb][cc][gd][cb][ca][dd][fb][fa][cd][fe]AW[hc][fd][bb][hb][ff][ha][ee][be][he][bd][hd][bc][ga][de][gf][ce][ec][eb])
(;C[problem 825]PL[B]AB[fd][gc][da][gb][cc][ga][cb][dd][fa][cd][fe]AW[hc][ff][bb][hb][ef][ha][dc][bd][ge][gd][de][gf][ce][ec][bc])
(;C[problem 826]PL[B]AB[bb][ba][bd][ce][de][fc][fb][fa][cd][eb]AW[fd][ee][ac][bf][be][ab][gc][gb][ad][ga][gd][df][dd][cf][ec])
(;C[problem 827]PL[B]AB[ea][ee][ed][ce][da][gb][cc][ga][cb][de][fa][cd]AW[hc][fd][bb][hb][ba][ha][bf][ef][be][bd][hd][db][df][gd][ca][cf][fe][bc])
(;C[problem 828]PL[B]AB[ef][db][gc][da][cc][df][de][fc][fb][ce][ff][cd]AW[hc][eg][bb][hb][be][dc][bd][dg][ge][gb][gd][cb][gf][cg][cf][fg][bc])
(;C[problem 829]PL[B]AB[fd][ef][db][cf][df][cb][fc][fb][ff][fe][eb]AW[eg][bb][ee][bf][be][bd][gc][dg][ge][gb][gd][gf][ca][cg][fg][fa][ec][bc])
(;C[problem 830]PL[B]AB[ea][ee][da][ge][gb][cc][gd][de][fc][fb][cd][fe]AW[hc][bb][hb][ef][he][bd][hd][gc][df][ga][gf][ca][dd][cf][ce][ff][bc])
(;C[problem 831]PL[B]AB[hc][fd][bb][hb][ef][ha][he][hd][ge][df][dd][cf][ff][cd][bc]AW[ee][ed][dc][gc][gb][cc][ga][gd][ec][fe])
(;C[problem 832]PL[B]AB[hc][bb][hb][ee][be][he][bd][hd][cc][de][fc][gf][ce][ec][bc]AW[fd][ed][dc][gc][gd][cb][ca][dd][fa][cd])
(;C[problem 833]PL[B]AB[hc][hb][ee][dc][hd][db][ge][ga][de][dd][fb][fa][fe][eb]AW[he][ff][cd][ea][fd][ha][id][cb][ib][ef][da][ce][ie][cc][df][gd][gf][ca][ic][ia])
(;C[problem 834]PL[B]AB[ea][ed][db][de][cb][ce][ec][cd][eb]AW[fd][bb][ee][ac][bf][ab][ae][cf][df][fc][dd][fb][fa][fe])
(;C[problem 835]PL[B]AB[ee][gc][ge][gb][ga][gd][de][ce][ec][fe][eb]AW[hc][ea][fd][hb][ef][ha][be][he][bd][hd][db][cc][fc][gf][cg][cf][ff])
(;C[problem 836]PL[B]AB[hg][hf][dh][gc][dg][ge][gb][cc][gd][cb][gh][fh][eh][cf][ce][cd]AW[eg][fd][dc][db][df][de][fc][dd][gf][fb][fg][fe])
(;C[problem 837]PL[B]AB[fd][ef][be][ab][bd][cf][df][fc][fb][fa][fe][bc]AW[bb][ba][ed][cc][de][ce][ec][cd][eb])
(;C[problem 838]PL[B]AB[fd][ef][be][ab][bd][gb][df][ga][fc][dd][cf][ff][fe][bc]AW[bb][ba][ee][ed][cc][de][fb][ce][ec][cd])
(;C[problem 839]PL[B]AB[hc][bb][hb][ef][he][dc][hd][ge][df][de][cb][dd][ff]AW[ee][ed][db][gc][gb][gd][fc][ca][ec][fe])
(;C[problem 840]PL[B]AB[hc][bb][hb][ba][ha][ef][ed][hd][ge][cc][df][ga][cf][ce][cd][fe]AW[dc][gc][gb][gd][cb][de][ca][dd][fa][ec][eb])
(;C[problem 841]PL[B]AB[hc][ff][if][ee][he][hd][jb][ja][cc][de][cb][gf][cf][ib][cd]AW[hb][ha][dc][db][gc][ge][gd][dd][fb][ia])
(;C[problem 842]PL[B]AB[hc][ff][if][ee][he][hd][jb][cc][ga][cb][de][gf][cf][ib][cd]AW[hb][ed][dc][db][gc][ge][gd][dd][fb][ia])
(;C[problem 843]PL[B]AB[fd][kc][ee][ig][mc][ge][gh][jf][gd][cb][jd][fg][lb][fa][ff][cd][bc]AW[hc][hf][ed][he][hd][jb][gc][fc][gf][ic][ib][ec][eb])
(;C[problem 844]PL[B]AB[fd][hb][ha][ed][dc][gc][cc][ga][cb][gd][ca]AW[hc][ea][bb][ba][ee][fe][be][ec][he][hd][ge][de][fc][ib][cd][ia][bc])
(;C[problem 845]PL[B]AB[hc][ef][he][hd][gc][ge][df][fc][dd][ce][ec][cd]AW[eg][ie][hb][id][hf][be][dc][bd][dg][gb][cc][cf][gf][cg][fb][ic][ff][eb])
(;C[problem 846]PL[B]AB[fd][ee][be][dc][bd][gc][cf][df][fb][cd][eb]AW[bg][db][gb][bc][hc][ea][dg][ae][ge][ef][bf][hd][da][cg][fe][hb][cc][ad][fa])
(;C[problem 847]PL[B]AB[fd][ef][bd][db][ge][cc][eb][gd][de][fc][gf][ce][ff][bc]AW[eg][ee][be][he][cf][ea][gg][cb][fb][ac][bf][hf][hd][gc][da][fg][bb][hb][df][ad])
(;C[problem 848]PL[B]AB[ff][ef][dc][gc][ge][df][gd][fb][ce][ec][cd][fe]AW[eg][be][he][db][gb][cf][hc][ea][fd][dg][cb][bf][hf][ed][bd][hd][fg][cc][gf][fa])
(;C[problem 849]PL[B]AB[fd][ef][bd][db][df][eb][cb][fc][cf][ce][fe][bc]AW[eg][ea][bb][hb][ac][bf][be][gc][da][ge][cc][ad][gd][dg][cg][ca][fb][ff])
(;C[problem 850]PL[B]AB[bb][ef][bd][db][ge][df][gd][cb][fc][ce][ec][fe][bc]AW[eg][bg][be][ab][he][cf][ff][ba][dg][fb][ac][hd][gc][da][eb][hb][cc][ad][gf][ca])
(;C[problem 851]PL[B]AB[ef][be][dc][bd][db][ge][cc][df][gd][fc][gf][ce][ff][eb]AW[eg][he][cf][bc][ea][fd][dg][ae][gg][cb][fb][bf][hf][hd][gc][da][cg][fg][bb][hb][ad])
(;C[problem 852]PL[B]AB[fd][ef][dc][gc][ge][gb][cf][df][fb][fe][eb]AW[eg][bg][be][he][db][ff][bc][hc][ea][dg][cb][bd][hd][ga][cg][hb][gd][gf][fa])
(;C[problem 853]PL[B]AB[ee][be][bd][db][ge][cc][cf][gd][df][fc][gf][fb][ff][cd][eb]AW[eg][he][gb][bc][ea][dg][ae][gg][cb][ef][bf][hf][dc][hd][gc][da][cg][fg][bb][ad][fa])
(;C[problem 854]PL[B]AB[ef][ee][bd][db][gc][df][eb][gd][cb][fb][ce][ec][fe][bc]AW[eg][bg][be][gb][cf][ff][hc][ea][fd][dg][ge][ac][hd][da][bb][hb][ad][gf][ca][fa])
(;C[problem 855]PL[B]AB[fd][ee][be][bd][db][cf][eb][df][cb][fc][fb][ce][bc]AW[eg][bg][gb][ea][dg][ae][ge][ef][ac][bf][dc][gc][da][cg][fe][bb][ad][gd][ca][fa])
(;C[problem 856]PL[B]AB[fd][ee][be][bd][db][de][cb][fc][fb][ce][eb]AW[ea][bb][ef][ac][bf][gc][da][ae][gb][ad][gd][ge][df][ca][cf][fa][fe])
(;C[problem 857]PL[B]AB[eg][be][he][ch][fh][cf][hc][if][fb][eh][hh][dc][bd][hd][gc][cg][ig][eb][dh][gh][cc]AW[ef][hg][hf][ed][dg][ge][df][gg][gd][dd][fg][ce][ec][cd])
(;C[problem 858]PL[B]AB[eg][be][he][ch][fh][cf][hc][fd][if][fb][eh][hh][dc][bd][hd][gc][cg][ig][eb][dh][gh][cc]AW[ff][hg][hf][ed][dg][ge][df][gg][gd][fc][dd][fg][ce][ec][cd])
(;C[problem 859]PL[B]AB[hc][ed][gc][da][cc][cb][dd][ec][eb]AW[bb][id][ee][hd][gb][gd][de][ic][ce][ib][cd][fe][bc])
(;C[problem 860]PL[B]AB[bb][fe][id][ee][hd][da][cc][gd][de][fb][ic][ce][ib][cd][ia]AW[hc][fd][hb][ha][ed][dc][gc][fc][dd][eb])
(;C[problem 861]PL[B]AB[bb][ha][id][ee][ed][be][dc][bd][he][db][ge][cf][ic][ib][fe][ia][bc]AW[hc][fd][hb][hd][cc][ga][cb][fc][dd][gd][fb][cd][eb])
)