(;FF[4]GM[1]SZ[19]
C[Gokyo Shumyo

Gokyo Shumyo is a classical problem collection published by Hayashi Genbi in 1822. Its name could be translated to English as "Brilliances from go classics". 
The collection consists of 520 problems, which are divided into the following seven sections:
1. Living (103 problems)
2. Killing (71 problems)
3. Creating a ko (90 problems)
4. Capturing races (96 problems)
5. Oiotoshi (40 problems)
6. Connecting (74 problems)
7. Various techniques (46 problems)

I wish you to enjoy and improve while studying these problems,
 - Vit Brunner
]
(;C[problem 1-1, white to play]PL[W]AB[be][dc][cc][fc][ce][eb]AW[bb][bd][db][cb][bc])
(;C[problem 1-2, black to play]PL[B]AB[bd][cb][cd][bc]AW[be][dc][cc][fc][dd][ce])
(;C[problem 1-3, black to play]PL[B]AB[bb][dc][bc][ga][cb][fb][eb]AW[bd][gc][gb][cc][de][fc][ib][cf][fa][ec][cd])
(;C[problem 1-4, white to play]PL[W]AB[dc][bd][gc][fb][ec][cd]AW[bc][cc][db][eb])
(;C[problem 1-5, white to play]PL[W]AB[ea][ed][be][gb][ad][cf][dd][fb][ec][cd]AW[dc][bd][db][cc][eb][fa][bc])
(;C[problem 1-6, black to play]PL[B]AB[ea][dc][bd][db][bc]AW[ed][be][gb][de][ec][cd][eb])
(;C[problem 1-7, black to play]PL[B]AB[bb][ef][bg][gc][cc][df][de][fc][dd][cg][fb][ec][cd][fe]AW[hc][ba][bf][dc][dh][hd][db][dg][bc][gb][ch][cb][gf][cf][fg][fa][ib][eb])
(;C[problem 1-8, white to play]PL[W]AB[ee][be][bd][gc][dd][ce][ec]AW[cc][cb][cd][bc])
(;C[problem 1-9, white to play]PL[W]AB[ea][be][dc][fc][fb][ce][ec][cd]AW[bd][db][cc][eb][bc])
(;C[problem 1-10, black to play]PL[B]AB[ea][bd][db][cc][cb][cd]AW[ed][be][dc][da][de][fb][ce][eb])
(;C[problem 1-11, black to play]PL[B]AB[bd][db][cc][eb][fa][bc]AW[be][dc][gb][ad][fb][ce][ec][cd])
(;C[problem 1-12, white to play]PL[W]AB[ed][bd][ce][gc][dd][fb][fa][ec]AW[bb][dc][da][cc][eb])
(;C[problem 1-13, white to play]PL[W]AB[fd][cf][fc][dd][ca][fb][ce]AW[cc][bb][ec][dc])
(;C[problem 1-14, black to play]PL[B]AB[dc][cc][eb][dd][fb][bc]AW[hc][ee][bd][gb][fc][cf][fa][ec][cd])
(;C[problem 1-15, black to play]PL[B]AB[bb][ac][db][cc][ic][cd][eb]AW[be][dc][bd][gc][fc][dd][ce][fe][bc])
(;C[problem 1-16, black to play]PL[B]AB[dc][eb][cb][fa][bc]AW[hb][ed][bd][cc][fc][fb][ce][cd])
(;C[problem 1-17, white to play]PL[W]AB[ed][bd][gc][fc][dd][ce][bc]AW[cc][bb][dc][cd])
(;C[problem 1-18, black to play]PL[B]AB[bd][cc][eb][ec][bc]AW[fd][be][cf][ad][fc][dd][fb][ff][cd])
(;C[problem 1-19, black to play]PL[B]AB[cc][eb][fc][dd][ec][bc]AW[fd][ed][bd][db][gc][gb][gd][de][fb][ce])
(;C[problem 1-20, black to play]PL[B]AB[dc][cc][eb][ec][bc]AW[hc][bb][ed][bd][fc][dd][fb][ce])
(;C[problem 1-21, white to play]PL[W]AB[ee][bd][gc][cf][gd][fb][cd][eb]AW[ab][db][cc][fc][ec])
(;C[problem 1-22, black to play]PL[B]AB[bb][ba][dc][cc][fb][ec][cd]AW[ed][ab][bd][gc][gb][df][fc][dd][ce][bc])
(;C[problem 1-23, white to play]PL[W]AB[hc][ee][dc][jb][ge][de][cb][dd][jd][ic][ec]AW[hb][ed][db][gc][fc][ib][eb])
(;C[problem 1-24, white to play]PL[W]AB[hc][bb][ed][be][fc][dd][cg][ce][bc]AW[dc][bd][cc][cb][cd])
(;C[problem 1-25, white to play]PL[W]AB[hc][ee][cc][gd][cb][dd][ic][cd][fe]AW[fd][dc][db][gb][fc])
(;C[problem 1-26, black to play]PL[B]AB[kb][jc][gc][gb][fb][ic]AW[kc][id][hd][cc][gd][fc][jd][lb][ec][lc])
(;C[problem 1-27, white to play]PL[W]AB[fd][kc][id][kb][he][dc][jc][da][cb][ca][ec][fe][bc]AW[hc][db][jb][gc][fc][ic][fa][eb])
(;C[problem 1-28, black to play]PL[B]AB[hc][db][gc][da][fc][ib][ec]AW[fd][id][ed][dc][jc][jb][gd][cb][dd][fa][bc])
(;C[problem 1-29, black to play]PL[B]AB[hb][dc][db][gc][fc][ec]AW[ed][hd][cc][gd][cb][dd][ic][ce][ib])
(;C[problem 1-30, white to play]PL[W]AB[hc][fd][bb][ef][he][db][da][ge][cc][de][ic][ff][cd]AW[ee][ed][dc][gc][gd][ec][fe][eb])
(;C[problem 1-31, white to play]PL[W]AB[hc][kc][ee][ed][he][dc][cc][ic][ff]AW[fd][gb][gd][ec][eb])
(;C[problem 1-32, black to play]PL[B]AB[hc][hb][db][fc][fb][ib]AW[fd][ed][dc][jc][hd][gd][cb][ic][lc][bc])
(;C[problem 1-33, black to play]PL[B]AB[fd][ef][ed][db][da][df][dd][ec][cd]AW[hc][dg][cc][cf][gd][cb][fc][ch][fb][fg][ce][fe][eb])
(;C[problem 1-34, white to play]PL[W]AB[fd][hb][be][ab][jc][hd][gd][cb][de][ic][cd][bc]AW[bb][ba][dc][gc][gb][cc][ec])
(;C[problem 1-35, white to play]PL[W]AB[be][bd][fc][ca][dd][fb][ec]AW[ea][dc][cc][eb][bc])
(;C[problem 1-36, black to play]PL[B]AB[db][gc][fc][ic][ib][eb]AW[ee][dc][jc][hd][jb][ge][cb][jd][ec][cd])
(;C[problem 1-37, white to play]PL[W]AB[if][ef][kc][jc][db][jb][ke][cc][de][je][fc][dd][gf][eb]AW[fd][ed][dc][hd][gd][fb][ic][ec])
(;C[problem 1-38, white to play]PL[W]AB[eg][hg][be][db][mb][hc][fd][if][gg][ib][dc][jc][cg][ce][le][kb][jf][fc][ic][lc]AW[kc][id][ee][hf][ed][hd][jb][kd][cc][ge][cb][dd][jd][cd][fe])
(;C[problem 1-39, white to play]PL[W]AB[hc][fd][gb][cc][gd][cg][dd][ce][bc]AW[bb][dc][cb][fc][ec])
(;C[problem 1-40, black to play]PL[B]AB[hb][dc][db][gc][gb][cb][ib]AW[hc][fd][bb][ed][jc][jb][cc][gd][ic][ce][bc])
(;C[problem 1-41, white to play]PL[W]AB[fd][dc][jc][hd][jb][cc][gd][cb][ec]AW[hb][db][gc][fc][ib][eb])
(;C[problem 1-42, white to play]PL[W]AB[ie][ed][jc][gc][cc][gd][ic][ec][fe][bc]AW[fd][hb][db][gb][fc][eb])
(;C[problem 1-43, black to play]PL[B]AB[hc][gc][fc][ib][eb]AW[fd][kc][dc][jc][hd][gd][cb][ic][ec])
(;C[problem 1-44, black to play]PL[B]AB[hb][ec][db][gc]AW[hc][ed][jc][cc][gd][cb][dd][ic])
(;C[problem 1-45, black to play]PL[B]AB[dc][cc][eb][cb][fb][bc]AW[ac][bd][db][gc][da][fc][dd][cg][ic][ec][cd])
(;C[problem 1-46, white to play]PL[W]AB[bd][gb][ad][gd][fc][dd][cd]AW[bc][cc][eb])
(;C[problem 1-47, white to play]PL[W]AB[dc][bd][fc][fb][fa][ec][cd]AW[bb][ab][db][cc][eb])
(;C[problem 1-48, black to play]PL[B]AB[hb][ee][dc][gc][cc][gd][cb][fc][ec][fe]AW[hc][bb][ef][he][db][gb][df][gf][ca][ic][ce][ib][cd][bc])
(;C[problem 1-49, black to play]PL[B]AB[hb][gc][gb][cc][cb][dd][ec]AW[hc][fd][bb][ef][gd][cg][ic][ce][ib][cd][bc])
(;C[problem 1-50, black to play]PL[B]AB[dc][bd][db][dd][cd]AW[bg][ed][ab][be][gb][de][ce][ec][eb])
(;C[problem 1-51, white to play]PL[W]AB[hc][fd][ee][ka][jc][hd][jb][ge][cc][cb][je][dd][fb][lb][ce][fe]AW[hb][ed][ec][dc][db][gc][da][ja][gd][fc][ib])
(;C[problem 1-52, black to play]PL[B]AB[ed][db][cc][gd][ec][fe]AW[hc][he][bd][hd][cf][gf][fb][ff][cd][eb])
(;C[problem 1-53, white to play]PL[W]AB[hc][fd][bb][ie][ef][bd][ge][cc][gf][cf][ic][ce][ib][bc]AW[hb][dc][db][gc][gb][gd][cb][dd][cd])
(;C[problem 1-54, white to play]PL[W]AB[bb][ha][id][ec][dc][ge][gb][cf][df][cb][ch][fb][ic][ib][fe]AW[hc][fd][hb][ed][ab][gc][cc][fc][dd][cd][bc])
(;C[problem 1-55, white to play]PL[W]AB[if][hb][id][kb][ed][jc][df][ga][cb][fc][gf][fg][ce][cd]AW[ha][ee][dc][gc][gb][gd][dd][fe][eb])
(;C[problem 1-56, black to play]PL[B]AB[fd][ed][bd][dd][cd]AW[ef][bf][ae][gb][gd][fc][cf][fe])
(;C[problem 1-57, white to play]PL[W]AB[fd][kc][he][jc][hd][db][ge][cc][ec]AW[hb][gc][gd][ib][eb])
(;C[problem 1-58, white to play]PL[W]AB[hc][bb][ed][he][gd][dd][ic][cd][bc]AW[dc][gc][cb][fc][ec])
(;C[problem 1-59, black to play]PL[B]AB[ib][fc][gc][eb]AW[fd][kc][dc][jc][hd][cc][gd][ec])
(;C[problem 1-60, white to play]PL[W]AB[id][ed][dc][jc][hd][ge][cb][dd][ib][fe][bc]AW[hc][fd][hb][db][gd][fc][ec])
(;C[problem 1-61, black to play]PL[B]AB[hc][hb][ed][dc][db][gd][fc]AW[id][jc][bd][hd][ge][cc][de][cb][dd][ib][fe])
(;C[problem 1-62, black to play]PL[B]AB[fd][hb][dc][db][gc][cb][fc]AW[hc][bb][ee][jc][hd][cc][gd][dd][ib][fe][bc])
(;C[problem 1-63, white to play]PL[W]AB[hb][kc][id][kb][ed][ge][gb][cc][cb][dd][jd][fb][fa][fe]AW[hc][db][gc][fc][ic][ib][eb])
(;C[problem 1-64, black to play]PL[B]AB[hc][fd][hb][ed][dc][db][fc]AW[ee][hd][cc][gd][cb][dd][jd][ic][ib][cd][fe])
(;C[problem 1-65, white to play]PL[W]AB[ee][jc][hd][ge][cc][cb][dd][ic][cd][fe]AW[hc][fd][ed][dc][db][gc])
(;C[problem 1-66, black to play]PL[B]AB[hc][db][da][gb][fc][ib][ec]AW[fd][kc][id][ed][dc][hd][jb][cc][gd][cb][ic])
(;C[problem 1-67, white to play]PL[W]AB[if][kc][hf][dc][ke][gc][ge][je][fc][lc][fe]AW[hc][ie][he][jc][gd][jd])
(;C[problem 1-68, white to play]PL[W]AB[eg][he][gb][cd][kc][id][gg][cb][ib][ed][jc][bd][hd][gc][cg][eb][gd][gf][dd]AW[ee][be][if][fd][ld][ge][de][fb][fa][hf][mc][kd][ce][fe][ie][fc][jd][ic][oc])
(;C[problem 1-69, black to play]PL[B]AB[hc][fd][ed][hd][db][gb][cc][gd][dd][bc]AW[ie][hb][ef][bd][jb][gc][cf][fc][gf][fb][ic][ce][ec])
(;C[problem 1-70, white to play]PL[W]AB[bb][ed][be][gc][cf][de][fb][ec]AW[dc][bd][db][cd][eb])
(;C[problem 1-71, black to play]PL[B]AB[ed][dc][bd][cb][ce][ec][cd]AW[bf][be][ge][gb][df][de][fc][dd][cf][ff][eb])
(;C[problem 1-72, white to play]PL[W]AB[id][ee][he][dc][ge][cb][dd][ic][ib][fe][bc]AW[hc][hb][ed][hd][db][gd][ec][eb])
(;C[problem 1-73, black to play]PL[B]AB[hc][ie][pd][nc][he][nd][gc][kd][gb][jf][gd][jd][eb]AW[hb][id][ed][hd][jb][ge][cb][me][ic][md][lc][fe])
(;C[problem 1-74, white to play]PL[W]AB[hc][ed][dc][jc][hd][da][ge][cb][dd][ib][fe]AW[fd][hb][db][gc][gb][gd][ec][eb])
(;C[problem 1-75, white to play]PL[W]AB[hc][hb][ef][hd][da][cc][de][cb][gf][dd][ff][eb]AW[ee][dc][db][gd][fc][fb][ec][fe])
(;C[problem 1-76, black to play]PL[B]AB[fd][bf][ed][be][bd][gc][gb][dd][cd]AW[ie][ef][bg][ge][eb][cb][cg][cf][ic][ib][ec][bc])
(;C[problem 1-77, white to play]PL[W]AB[hc][he][dc][jc][hd][ei][da][df][ch][de][cb][gf][dd][cg][fh][ib]AW[eg][hb][ef][ee][ed][db][gc][dg][gb][gd][ec][eb])
(;C[problem 1-78, white to play]PL[W]AB[if][bb][hb][kc][ee][ie][ef][bd][ge][cc][ca][jd][cf][ic][ce][bc]AW[fd][id][ed][be][dc][hd][db][gc][gb][cb][dd][cd])
(;C[problem 1-79, black to play]PL[B]AB[hc][fd][ed][hd][cc][gd][dd][ib][bc]AW[hb][ef][id][he][bd][gc][jb][fc][gf][cg][ic][ce][ec])
(;C[problem 1-80, black to play]PL[B]AB[fd][ee][dc][db][cc][de][gf][ce][cd][fe][bc]AW[eg][bg][kc][hg][hf][ed][be][bd][hd][cf][gd][fc][dd][fh][fb][ec])
(;C[problem 1-81, white to play]PL[W]AB[hc][fd][ee][cc][gd][dd][ic][ce][bc]AW[ed][dc][cb][fc][ec])
(;C[problem 1-82, white to play]PL[W]AB[hc][ef][he][df][gg][gd][fc][fb][ce][cd][eb]AW[ee][dc][gc][cc][de][ec][fe])
(;C[problem 1-83, white to play]PL[W]AB[eg][bf][hf][he][dc][jc][bd][fc][cg][fg][ic][ec][ci][bc]AW[fd][ef][ed][be][gc][ge][ce][cd])
(;C[problem 1-84, white to play]PL[W]AB[if][ef][id][kg][dc][jc][ke][ge][de][ib][cd]AW[hc][fd][hd][gd][ec][eb])
(;C[problem 1-85, black to play]PL[B]AB[ed][be][ag][gc][cc][ad][cb][ic][ce][cd]AW[bh][fd][bb][bg][ee][ab][bd][db][dg][de][cf][ec][bc])
(;C[problem 1-86, white to play]PL[W]AB[eg][jb][ff][ec][lf][hc][ka][je][lb][hf][ed][jc][gc][da][fe][le][eb][jf][ic][md][lc]AW[fd][bb][ld][kc][id][ee][kb][nc][dc][hd][db][mc][kd][gd][dd][jd])
(;C[problem 1-87, black to play]PL[B]AB[eg][fd][hb][ee][dc][dh][df][ch][fc][fb][fe][eb]AW[ff][id][ed][be][hd][db][dg][eh][gf][dd][cg][fh][ib][ec][cd])
(;C[problem 1-88, white to play]PL[W]AB[ff][kc][id][hg][nc][dc][jc][hd][jh][jf][de][je][cf][lb][ec][cd]AW[fd][ld][ie][ed][he][gc][kd][ge][fc][dd][jd][lf])
(;C[problem 1-89, black to play]PL[B]AB[fd][bb][ed][bd][gc][dd][cd]AW[hc][ef][be][hd][db][gd][fc][cf][ec][fe])
(;C[problem 1-90, white to play]PL[W]AB[ie][id][kb][ed][dc][kd][ge][gd][cb][ib][cd]AW[hc][hb][db][gc][fc][lb][lc][eb])
(;C[problem 1-91, white to play]PL[W]AB[hc][eg][bg][hf][he][gb][fc][dd][gf][cg][ic][fg][ec][cd][bc]AW[fd][ef][ee][ed][be][bd][gc][ge][gd][de][ce][ff])
(;C[problem 1-92, white to play]PL[W]AB[eg][bb][kc][he][dc][jb][cc][eb][de][gf][fb][ic][bc]AW[hb][ba][ed][ec][db][gc][gd][cb][fc][ib][fe])
(;C[problem 1-93, white to play]PL[W]AB[bg][bf][hf][he][hd][ce][gc][gb][gg][ch][cb][dd][eh][fa][ec][cd][eb]AW[hc][fd][ed][be][bd][cf][df][gd][de][fc][fb][ic][ff])
(;C[problem 1-94, white to play]PL[W]AB[hc][ee][hf][ed][dc][hd][dg][gg][gd][de][fc][cg][fh][cf]AW[fd][ef][gc][cc][df][cb][ce][ff][cd][fe])
(;C[problem 1-95, white to play]PL[W]AB[hb][bf][kb][ab][jc][bd][gb][ch][cb][fc][dd][eh][fb][ic][fa][ec][cd][bc]AW[hc][fd][bb][ef][ba][ha][ed][dc][db][jb][da][gc][cc][gd][cf][ib][eb])
(;C[problem 1-96, white to play]PL[W]AB[hc][fd][be][db][gb][de][fc][dd][ce]AW[ea][dc][cc][fb][ec][cd])
(;C[problem 1-97, black to play]PL[B]AB[hc][fd][id][hf][jf][gd][gf][dd][ic]AW[if][ig][jc][gc][gh][cc][df][pc][je][fc][cd][jd][fg][ce][ff][lc])
(;C[problem 1-98, white to play]PL[W]AB[ff][ef][kc][bf][be][he][jc][cc][df][je][dd][oc][ec][cd]AW[hc][fd][ee][ed][dc][gc][dg][de][ce][ib])
(;C[problem 1-99, black to play]PL[B]AB[hc][eg][bb][bf][ed][bd][gc][dg][ge][cf][gd][de][cg][fb]AW[bh][fd][hb][ef][id][hf][ei][hd][gh][cc][df][dd][ic][ce][ec][ci])
(;C[problem 1-100, white to play]PL[W]AB[kc][id][nc][db][ce][ge][cc][df][gd][gg][jd][cf][fa][ff][lc]AW[hc][ed][he][jb][dg][gb][fb][ic][ec][ig])
(;C[problem 1-101, black to play]PL[B]AB[hc][gc][jb][ib][ec][eb]AW[id][kb][ed][jc][hd][db][cc][gd][dd][lc])
(;C[problem 1-102, black to play]PL[B]AB[fd][gc][da][gb][cc][cb][ec][cd][eb]AW[hc][hb][be][dc][jc][db][ge][gd][de][dd][ce][ff])
(;C[problem 1-103, white to play]PL[W]AB[fd][hf][he][bd][dg][gb][cc][gd][cb][fc][cf][fg][ce][eb]AW[hc][hb][ee][ed][hd][db][gc][jb][ge][dd][cd][fe])
(;C[problem 2-1, white to play]PL[W]AB[ea][dc][bd][db][cc][fc][ec][bc]AW[fd][ed][be][gc][gb][cf][dd][fb][cd][eb])
(;C[problem 2-2, black to play]PL[B]AB[ed][bd][fc][dd][fb][cd]AW[cc][bb][dc][eb])
(;C[problem 2-3, white to play]PL[W]AB[bb][ac][db][bc][cb][fa][eb]AW[ea][fd][bd][gb][cc][fb][ec][cd])
(;C[problem 2-4, white to play]PL[W]AB[dc][bd][db][cd]AW[be][ed][gc][dd][ce][ec])
(;C[problem 2-5, white to play]PL[W]AB[cc][dc][bd][db]AW[ed][be][gc][ce][ec][cd])
(;C[problem 2-6, white to play]PL[W]AB[bc][cb][db][eb]AW[cc][cf][fc][fb][ec][cd])
(;C[problem 2-7, black to play]PL[B]AB[fd][ed][bd][gc][cc][dd][cd]AW[bb][dc][cb][ec][bc])
(;C[problem 2-8, black to play]PL[B]AB[dc][gc][fc][dd][ce]AW[cc][db][eb])
(;C[problem 2-9, white to play]PL[W]AB[dc][cc][eb][fb][bc]AW[hc][bd][gb][fc][dd][cf][ec][cd])
(;C[problem 2-10, white to play]PL[W]AB[ed][db][dd][cd][bc]AW[hc][fd][ee][be][bd][fc][cg][ce])
(;C[problem 2-11, black to play]PL[B]AB[hc][be][dc][fc][dd][cf][cd]AW[bd][db][cc][ad][cb])
(;C[problem 2-12, white to play]PL[W]AB[bb][dc][cc][fc][dd][ec]AW[hc][fd][ed][be][ad][gd][de][ce][cd][bc])
(;C[problem 2-13, white to play]PL[W]AB[dc][bd][db][cc][de][ce]AW[ee][bf][be][gc][df][cf][ec][fe][eb])
(;C[problem 2-14, black to play]PL[B]AB[ac][bd][ad][dd][ec][cd][fe][eb]AW[ba][ab][dc][cc][bc])
(;C[problem 2-15, black to play]PL[B]AB[ac][bd][ae][gb][fc][dd][ce][ec]AW[bf][be][ab][cf][bc])
(;C[problem 2-16, black to play]PL[B]AB[bd][ad][fc][dd][fb][ec][cd]AW[ea][dc][cc][eb][bc])
(;C[problem 2-17, white to play]PL[W]AB[dc][cc][eb][cg][fb][bc]AW[ed][bd][db][gc][gb][dd][ec][cd])
(;C[problem 2-18, black to play]PL[B]AB[ie][hb][ed][bd][db][ge][cb][dd][ic][ec][cd]AW[bb][dc][gc][cc][eb][fb][bc])
(;C[problem 2-19, white to play]PL[W]AB[dc][eb][cb][ec][bc]AW[ee][jc][gc][ge][cc][cg][fb][ce][cd])
(;C[problem 2-20, white to play]PL[W]AB[dc][bd][cc][cb][eb]AW[ed][be][gb][dd][fb][ce][ec][cd])
(;C[problem 2-21, black to play]PL[B]AB[fd][bf][ed][bd][gc][gb][dd][cd]AW[cc][ad][eb][ec][bc])
(;C[problem 2-22, white to play]PL[W]AB[ac][db][eb][cb][bc]AW[dc][bd][gc][fb][ec][cd])
(;C[problem 2-23, black to play]PL[B]AB[be][dc][gc][fb][ce][ec][cd]AW[bd][db][eb][cb][bc])
(;C[problem 2-24, black to play]PL[B]AB[hc][ed][cf][fc][dd][fb][cd]AW[bc][cc][ec][eb])
(;C[problem 2-25, black to play]PL[B]AB[bf][ed][gc][df][de][cf][ec][cd][eb]AW[be][dc][bd][db][dd][ce])
(;C[problem 2-26, white to play]PL[W]AB[hb][ba][dc][gc][cb][fc][ec]AW[hc][bb][ee][jb][cc][gd][jd][ic][ce][bc])
(;C[problem 2-27, white to play]PL[W]AB[fd][ed][be][bd][db][gb][fc][dd][cf][cd]AW[hc][ff][bh][hb][bf][gc][dg][ge][df][fb][ce][ec][eb])
(;C[problem 2-28, white to play]PL[W]AB[fd][ed][db][dd][ec][cd]AW[hc][ef][cf][ch][gd][fc][fb][ce][fe][eb])
(;C[problem 2-29, white to play]PL[W]AB[be][cc][dd][ec][cd]AW[hc][fd][ee][bd][db][ch][fc][cf][ce])
(;C[problem 2-30, black to play]PL[B]AB[hc][ee][be][bd][cc][de][cb][fc][fb][ce]AW[bb][dc][eb][ad][dd][ec][cd][bc])
(;C[problem 2-31, black to play]PL[B]AB[hc][fd][bf][ed][gb][de][fc][cg][ce][cd]AW[dc][cc][dd][fb][ec][eb])
(;C[problem 2-32, white to play]PL[W]AB[bb][dc][fc][dd][ec][cd][bc]AW[hc][ed][be][he][jc][bd][gb][cc][de][cb][ce][fe])
(;C[problem 2-33, white to play]PL[W]AB[fd][ed][bd][gc][gb][dd][fb][ic][cd][bc]AW[bb][ef][dc][ge][cc][gd][fc][cg][cf][ec][eb])
(;C[problem 2-34, white to play]PL[W]AB[fd][bd][gc][gd][dd][fb][cd][eb]AW[dc][gb][fc][cf][ic][ec][bc])
(;C[problem 2-35, black to play]PL[B]AB[hc][ee][be][gb][gd][de][ce][cd]AW[bd][cc][df][fc][ec][bc])
(;C[problem 2-36, black to play]PL[B]AB[ef][be][jc][gc][ge][gd][de][ic][ce]AW[fd][bd][ec][cd])
(;C[problem 2-37, white to play]PL[W]AB[ee][be][bd][db][de][dd][ec][cd]AW[fd][ef][bf][ed][af][gc][cf][df][fb][ce][fe][eb])
(;C[problem 2-38, white to play]PL[W]AB[dc][cc][de][dd][cf][ce][bc]AW[bb][bg][ee][ed][bd][gc][dg][df][cg][ec])
(;C[problem 2-39, black to play]PL[B]AB[bb][kb][ed][he][jb][da][kd][cc][ge][jf][ca][cd][ic][ce][ec][lc]AW[jc][hd][db][gc][cb][fc][ib][ia][eb])
(;C[problem 2-40, black to play]PL[B]AB[hc][fd][bb][ba][bf][be][dg][gb][fc][cg][fa][ff]AW[ab][dc][bd][cf][eb][df][dd][fb][bc])
(;C[problem 2-41, white to play]PL[W]AB[bb][dc][bd][ec][cd]AW[hc][fd][bf][cc][de][fc][dd][cg][bc])
(;C[problem 2-42, black to play]PL[B]AB[ef][bg][be][dc][ge][gb][eb][cb][fc][cf][fa][bc]AW[ed][bd][db][da][cc][ad][de][ec][cd])
(;C[problem 2-43, white to play]PL[W]AB[bb][dc][cc][ce][cd]AW[bf][ed][cf][df][fc][dd][fb][ff])
(;C[problem 2-44, black to play]PL[B]AB[hb][ee][bf][hd][cc][gd][jd][ic][ce][cd]AW[dc][gc][cb][fc][ec][bc])
(;C[problem 2-45, white to play]PL[W]AB[fd][bb][ee][ed][db][gd][dd][cd][bc]AW[hc][ff][eg][hg][be][he][bd][hd][df][de][fc][fb][ec])
(;C[problem 2-46, black to play]PL[B]AB[fd][id][jc][ge][cc][cb][fc][dd][jd][lc]AW[hc][db][gc][fb][ic][eb])
(;C[problem 2-47, black to play]PL[B]AB[hc][bb][he][gb][gd][cg][dd][jd][ic][cd][fe][bc]AW[hb][hd][gc][cc][cb][fc][fb][ec])
(;C[problem 2-48, white to play]PL[W]AB[fd][bb][kc][id][ee][hd][db][gc][gd][dd][ec][cd][bc]AW[hc][ef][hf][be][jc][bd][jb][gb][de][cb][fc][je][jd][fb][ic][ce][ff][eb])
(;C[problem 2-49, black to play]PL[B]AB[hc][ff][ee][be][gb][fc][cg][ce][ec][cd]AW[dc][bd][cc][dd][fb][eb])
(;C[problem 2-50, white to play]PL[W]AB[ed][db][da][ec][cd][bc]AW[hc][be][gc][ge][ad][de][ca][ce][ff][eb])
(;C[problem 2-51, white to play]PL[W]AB[ed][dc][db][cd][bc]AW[fd][ee][be][bd][gc][cg][fb][ce][fe])
(;C[problem 2-52, white to play]PL[W]AB[ea][dc][cc][eb][cb][bc]AW[hc][ba][ed][jc][bd][df][gd][jd][fb][ce][ec][lc])
(;C[problem 2-53, white to play]PL[W]AB[ed][bd][dg][dd][cd][eb]AW[hc][ef][be][cf][df][fc][fb][fe])
(;C[problem 2-54, black to play]PL[B]AB[fd][ef][bg][be][bd][hd][gc][gb][de][cg][cf][fe]AW[bf][ed][fc][dd][ce][ec][cd][bc])
(;C[problem 2-55, black to play]PL[B]AB[hc][bg][dg][de][fc][dd][cf][ec]AW[be][cc][dc][ce])
(;C[problem 2-56, black to play]PL[B]AB[be][ab][hd][gd][cb][de][ic][ib][cd][fe][bc]AW[bb][hb][ba][dc][db][gc][cc][ec])
(;C[problem 2-57, black to play]PL[B]AB[be][dc][db][dd][cd]AW[bf][ed][gc][de][cg][ce][ec][eb])
(;C[problem 2-58, white to play]PL[W]AB[cc][dc][bd][ec]AW[hc][fd][ed][be][fc][dd][cg][ce])
(;C[problem 2-59, white to play]PL[W]AB[fd][bb][ab][dc][cc][dd][fb][ec]AW[hc][ee][ed][be][gc][gb][ad][de][fc][ce][cd][bc])
(;C[problem 2-60, black to play]PL[B]AB[ef][kc][id][bg][kb][dg][ge][gd][cg][dd][jd][ec][eb]AW[hc][ea][fd][db][jb][fc][fb][ic])
(;C[problem 2-61, black to play]PL[B]AB[if][eg][bb][ie][ee][dc][jc][gc][kd][ge][df][gf][dd][cd][bc]AW[hc][ed][hd][cc][gd][cb][jd][ec][fe])
(;C[problem 2-62, white to play]PL[W]AB[bb][id][ed][db][dd][ec][bc]AW[fd][bd][hd][df][ch][cb][fb][ce][fe][eb])
(;C[problem 2-63, black to play]PL[B]AB[hb][bg][ed][he][hd][cg][cf][ic][ce][fe]AW[bf][gc][cc][fc][ec])
(;C[problem 2-64, black to play]PL[B]AB[hc][ff][ef][he][bd][cf][cg][fb][ec]AW[ed][jc][db][gd][dd][cd])
(;C[problem 2-65, white to play]PL[W]AB[ed][dc][gc][cb][fc][ic][ib]AW[fd][id][ee][jc][hd][jb][cc][gd][de][ce][bc])
(;C[problem 2-66, black to play]PL[B]AB[hc][fd][ed][be][de][fc][ce][bc]AW[bb][dc][bd][dd][ec])
(;C[problem 2-67, white to play]PL[W]AB[dc][bd][da][cc][fb][ec][cd]AW[fd][bg][ba][ac][ed][gc][gb][de][cf][bc])
(;C[problem 2-68, black to play]PL[B]AB[hc][fd][hb][ed][be][ch][gd][dd][ce]AW[dc][bd][gc][fc][ec][cd])
(;C[problem 2-69, black to play]PL[B]AB[hc][ie][hf][be][jc][gc][de][dd][ce][ff][ci][eb]AW[fd][dc][bd][db][gd][ec][cd])
(;C[problem 2-70, white to play]PL[W]AB[dc][bd][db][ec][cd]AW[fd][ed][be][de][fc][fb][ce][eb])
(;C[problem 2-71, black to play]PL[B]AB[hb][bf][ed][bd][gc][de][fc][ce][fe]AW[ee][eb][fb][ec][cd][bc])
(;C[problem 3-1, black to play]PL[B]AB[cc][dc][bd][db]AW[fd][be][dd][cf][ec][cd][eb])
(;C[problem 3-2, black to play]PL[B]AB[cc][dc][cb][eb]AW[ed][bd][gc][dd][fb][ec][cd])
(;C[problem 3-3, white to play]PL[W]AB[dc][bd][gc][cc][ce][ec]AW[cb][db][bc])
(;C[problem 3-4, white to play]PL[W]AB[be][fc][dd][cf][ec][cd]AW[cc][dc][bd])
(;C[problem 3-5, white to play]PL[W]AB[hc][ed][be][cf][fc][dd][fb][cd]AW[cc][dc][bd][ec])
(;C[problem 3-6, white to play]PL[W]AB[db][cc][eb][ca][bc]AW[dc][bd][fc][fb][ec][cd])
(;C[problem 3-7, black to play]PL[B]AB[bc][cc][dc][eb]AW[ed][bd][gc][dd][fb][ec][cd])
(;C[problem 3-8, white to play]PL[W]AB[hc][ab][bd][de][fc][ce][ec][bc]AW[bb][db][cc][cd][eb])
(;C[problem 3-9, white to play]PL[W]AB[bb][be][bd][df][fc][dd][fb][ec]AW[db][cc][ad][eb][bc])
(;C[problem 3-10, white to play]PL[W]AB[bb][ed][bd][fc][dd][fb][cd]AW[bc][cc][dc][eb])
(;C[problem 3-11, white to play]PL[W]AB[ed][jc][hd][cc][gd][de][ic][cd]AW[dc][ec][fc][gc])
(;C[problem 3-12, white to play]PL[W]AB[bb][ha][ec][dc][jc][gb][cc][fb][ib]AW[hc][hb][ed][be][gc][kd][jd][ad][fc][cd][dd][oc][lc][bc])
(;C[problem 3-13, black to play]PL[B]AB[bc][dc][dd][eb]AW[ed][bd][gc][de][fb][ce][ec])
(;C[problem 3-14, white to play]PL[W]AB[fd][ed][bd][de][fc][cf][cd]AW[cc][dc][ec][dd])
(;C[problem 3-15, black to play]PL[B]AB[bb][dc][cc][fb][ec][cd]AW[fd][ab][bd][gc][gb][de][dd][ce][bc])
(;C[problem 3-16, black to play]PL[B]AB[gb][cc][dc][fc]AW[hb][ee][be][gc][gd][ic][cd][bc])
(;C[problem 3-17, white to play]PL[W]AB[hc][fd][jc][gc][cc][cb][dd][ic][cd]AW[hb][dc][db][gb][fc])
(;C[problem 3-18, black to play]PL[B]AB[hb][dc][gc][da][cb][fc][ec]AW[hc][bb][ba][kc][ee][bd][cc][gd][dd][ic][ib])
(;C[problem 3-19, white to play]PL[W]AB[hc][hb][ec][dc][gc][cb][ib][eb]AW[bb][ed][jc][hd][jb][cc][gd][dd][ic][bc])
(;C[problem 3-20, white to play]PL[W]AB[hc][kc][dc][gd][cb][dd][ic][fe][bc]AW[hb][db][gc][fc][ec])
(;C[problem 3-21, black to play]PL[B]AB[hc][dc][gb][fc][ib][ec]AW[fd][kc][jc][hd][jb][gd][cb][dd][ic][cd][bc])
(;C[problem 3-22, white to play]PL[W]AB[id][ed][dc][hd][ge][cb][dd][ic][ib][fe][bc]AW[hc][fd][hb][db][gd][fc][ec])
(;C[problem 3-23, black to play]PL[B]AB[fd][ed][dc][db][da][gb][gd]AW[hc][hb][ee][he][hd][ge][cc][de][cb][cd])
(;C[problem 3-24, black to play]PL[B]AB[hc][ha][dc][db][gc][ib][ec]AW[fd][id][ed][he][jc][jb][ja][cc][de][cb][cd][ia])
(;C[problem 3-25, white to play]PL[W]AB[fd][ed][jc][hd][cc][gd][cb][dd][ic]AW[hc][hb][dc][db][da][fc])
(;C[problem 3-26, white to play]PL[W]AB[hb][ec][db][gc][gb][cb][fc][ib][eb]AW[hc][bb][kc][ed][dc][jb][cc][ga][gd][de][fb][ic][bc])
(;C[problem 3-27, black to play]PL[B]AB[hc][db][gc][jb][fb][ic][eb]AW[fd][ie][hb][kc][kb][dc][mc][gb][cc][gd][cb][jd][ec])
(;C[problem 3-28, white to play]PL[W]AB[ee][jc][hd][gd][cb][dd][ic][cd][fe][bc]AW[hc][fd][ed][dc][gc][eb])
(;C[problem 3-29, black to play]PL[B]AB[fd][bb][kc][id][ed][gc][jb][ge][jd][lb][ce][cd][bc]AW[hb][ec][dc][jc][bd][gb][cc][fc][ib])
(;C[problem 3-30, white to play]PL[W]AB[hc][fd][hb][ee][db][gc][cc][gd][de][ic][cd][fe]AW[ff][bb][ef][he][jc][bd][hd][jb][ge][df][jf][cb][jd][cf][ce][ib][bc])
(;C[problem 3-31, black to play]PL[B]AB[fd][bb][kc][ac][bf][ed][he][bd][hd][ke][jb][de][jd][ce][ec]AW[db][gc][gb][eb][cc][cb][fc][ic][cd][bc])
(;C[problem 3-32, black to play]PL[B]AB[hc][fd][if][id][ed][dc][hd][cc][gd][je][eb]AW[hb][be][jc][bd][gc][de][fc][dd][jd][fb][ic][ec][lc])
(;C[problem 3-33, white to play]PL[W]AB[ed][gc][fc][dd][cg][ce]AW[ec][eb])
(;C[problem 3-34, black to play]PL[B]AB[hc][fd][hb][ed][bd][gc][gd][dd][ib][cd]AW[ef][kc][id][bg][he][jb][gb][cf][cb][fc][gf][fb][ic][ec][bc])
(;C[problem 3-35, black to play]PL[B]AB[bb][ie][ed][jc][jb][gd][de][jd][ce][cd][fe][bc]AW[hc][dc][gc][cc][cb][fc][dd][ic][ec])
(;C[problem 3-36, white to play]PL[W]AB[bb][ab][db][cc][fb][ec]AW[fd][ed][bd][jc][gc][gb][dd][cd][bc])
(;C[problem 3-37, white to play]PL[W]AB[cc][bb][db][bc]AW[dc][bd][gb][de][fc][ec][cd])
(;C[problem 3-38, black to play]PL[B]AB[ed][bd][fc][dd][fb][cd][fe][bc]AW[fd][bb][ef][dc][gc][dg][gb][cc][gd][cf][ec])
(;C[problem 3-39, black to play]PL[B]AB[ee][ed][dc][db][de][ce]AW[gc][cc][dd][ec][cd][eb])
(;C[problem 3-40, black to play]PL[B]AB[fd][kc][ed][dc][gc][da][mc][gd][cb][dd][jd][lc]AW[db][gb][fc][ic][fa][ec][eb])
(;C[problem 3-41, black to play]PL[B]AB[hc][hb][ed][be][bd][hd][ce][ge][gb][dd][fa]AW[bb][dc][db][gc][cc][fc][fb][cd][bc])
(;C[problem 3-42, black to play]PL[B]AB[hb][dc][hd][db][gd][dd][fb][fa][ib][cd]AW[if][ea][fd][ef][kc][jc][bd][da][ge][cc][cb][je][cf][ic][ce][fe])
(;C[problem 3-43, black to play]PL[B]AB[bb][he][dc][bd][df][de][gf][dd][ff][fe]AW[if][eg][hh][hf][ed][be][gc][ge][gd][cg][fh][cf][ic][ec][cd][ci][bc])
(;C[problem 3-44, white to play]PL[W]AB[hc][fd][ff][ba][ed][be][he][df][cb][cf][ic][ib][bc]AW[bb][hb][dc][db][gb][de][fc][ec][cd])
(;C[problem 3-45, white to play]PL[W]AB[bb][ac][dc][bd][da]AW[ed][be][ce][ae][gb][ad][gd][fc][dd][fa])
(;C[problem 3-46, black to play]PL[B]AB[eg][ee][bf][be][ad][de][fc][cg][fb][ic][cd]AW[bb][dc][bd][eb][dd][ce][bc])
(;C[problem 3-47, white to play]PL[W]AB[hc][fd][ed][hd][gd][dd][fb][ec][cd]AW[bb][ie][he][jc][bd][cc][df][je][fc][ic][ce][ff][fe])
(;C[problem 3-48, black to play]PL[B]AB[hc][ef][ee][bd][df][fc][cf][ce][ec]AW[dc][de][dd][cd][bc])
(;C[problem 3-49, black to play]PL[B]AB[bg][ed][bd][gc][ad][gd][fc][dd][ic][cd][ci]AW[fd][ef][be][eb][cb][cg][cf][ec][fe][bc])
(;C[problem 3-50, white to play]PL[W]AB[ed][bd][db][fc][dd][cf][ce]AW[cb][cd][bc])
(;C[problem 3-51, black to play]PL[B]AB[ef][ee][be][he][bd][ge][cc][ad][ic][ce][ib][bc]AW[bb][hb][ac][dc][gc][gd][cb][dd][cd])
(;C[problem 3-52, black to play]PL[B]AB[ee][ab][bd][gc][gb][gd][cf][fe][bc]AW[bb][ed][cc][fc][dd])
(;C[problem 3-53, white to play]PL[W]AB[if][hg][id][jc][db][gc][cc][df][de][gg][fc][cd][jd][cf][eh][ib][ec][lc]AW[hc][fd][ee][bf][ed][dc][hd][gd][gf][dd][ic][ff])
(;C[problem 3-54, black to play]PL[B]AB[kc][id][hf][he][hd][mc][mb][gd][gg][fc][jd][fb][ic][ff][fe]AW[eg][jb][gb][fd][nc][de][je][hh][ed][jc][nd][gc][kd][fg][ig][le][eb][ie][kb][nb][gh])
(;C[problem 3-55, black to play]PL[B]AB[hc][if][ie][ef][id][ee][ed][gd][fc][ic]AW[eg][hb][hg][dc][jc][kd][ge][df][jf][gg][fb][fg][ce][ib][ig][eb])
(;C[problem 3-56, black to play]PL[B]AB[fd][ed][hd][db][gd][cb][dd][ec][cd]AW[bb][ie][ef][id][kb][dc][bd][gc][cf][fc][gf][fb][ic][ce])
(;C[problem 3-57, black to play]PL[B]AB[bf][dc][bd][gb][cf][de][dd][fb][ec][cd]AW[hc][fd][hb][ef][bg][db][gc][cc][eb][df][cg][bc])
(;C[problem 3-58, black to play]PL[B]AB[hc][hb][be][dc][db][df][gd][ce][ff][cd][eb]AW[ed][bd][cc][fc][dd][fb][ec][bc])
(;C[problem 3-59, white to play]PL[W]AB[bb][ac][bd][dd][cd][eb]AW[ed][be][ae][ad][de][fc][fb][ce])
(;C[problem 3-60, white to play]PL[W]AB[bb][id][ed][ec][da][ge][gb][cc][ga][ca][ic][fa][ib][cd]AW[hc][hb][ha][db][gc][cb][fb][eb])
(;C[problem 3-61, white to play]PL[W]AB[kc][hg][kb][ke][da][ja][kd][jf][gd][fc][fg][ib][eh][fe][eb]AW[hc][bb][ie][he][dc][jc][hd][db][jb][dd][jd][ic])
(;C[problem 3-62, white to play]PL[W]AB[hc][fd][ld][ed][he][dc][jc][ke][ge][jf][cb][dd][ic][ib][lc][bc]AW[hb][id][hd][db][gc][kd][gd][fc][jd][ec])
(;C[problem 3-63, black to play]PL[B]AB[fd][ld][ie][he][dc][ke][mc][mb][cb][je][ic][ec][bc]AW[kc][id][gc][fc][jd][lb][eb])
(;C[problem 3-64, white to play]PL[W]AB[lc][fd][kc][nc][ed][dc][mc][cc][mb][pb][fb][ob][eb]AW[hc][qb][nb][nd][oc][gb][kd][pc][gd][fc][jd][me][ic][fa][ec])
(;C[problem 3-65, white to play]PL[W]AB[hc][ie][id][hf][ed][gb][gf][dd][ff][cd][fe]AW[if][bb][ef][dc][bd][hd][jb][cc][gg][de][je][jd][fg][ce][ig])
(;C[problem 3-66, white to play]PL[W]AB[dc][gc][da][cc][cb][fc][ca][ic][ib][eb]AW[bb][ba][kc][id][ed][he][jc][jb][gd][je][dd][cf][ec][cd][bc])
(;C[problem 3-67, black to play]PL[B]AB[bb][ef][id][hf][ed][ka][jc][hd][db][jb][ke][cb][cg][cd][ce][ff][lc][bc]AW[ee][dc][gc][da][ja][cc][gd][de][dd][ic][ib][fe][eb])
(;C[problem 3-68, black to play]PL[B]AB[bb][kc][id][jc][hd][db][jb][ge][cc][df][cb][je][ce][ec][fe]AW[fd][ed][dc][gc][da][dd][ic][ib][eb])
(;C[problem 3-69, black to play]PL[B]AB[fd][be][gc][ae][gb][dd][cf][ec][cd]AW[bd][cc][eb][fb][bc])
(;C[problem 3-70, black to play]PL[B]AB[ld][kc][dc][gc][ge][cc][de][cb][je][jd][lb][ff]AW[jc][db][gb][fc][ic][ec][fe])
(;C[problem 3-71, white to play]PL[W]AB[ea][ef][be][bd][gc][cf][df][fc][fb][ec][fe]AW[ee][ed][dc][cc][eb][de][cd][bc])
(;C[problem 3-72, black to play]PL[B]AB[ab][dc][bd][db][cd]AW[bb][ed][be][dd][ce][ec][eb])
(;C[problem 3-73, white to play]PL[W]AB[fd][bb][ab][dc][cc][dd][fb][ec]AW[hc][ha][ee][ed][be][gc][ad][de][fc][ce][cd][bc])
(;C[problem 3-74, white to play]PL[W]AB[hc][hb][dc][gc][gb][fb][ec]AW[fd][ed][ce][ch][gd][fc][fa][eb])
(;C[problem 3-75, black to play]PL[B]AB[hb][ed][be][bd][hd][cc][gd][cb][de][ic][ce][fe]AW[bb][dc][gc][fc][dd][ec][cd][bc])
(;C[problem 3-76, black to play]PL[B]AB[hc][fd][id][ee][jc][bd][gb][cc][ga][ad][fc][dd][de][ib][cd][fe]AW[eg][ea][bb][ac][hf][ed][be][dc][hd][gc][gd][cb][gf][cg][fb][ce][ec])
(;C[problem 3-77, white to play]PL[W]AB[hc][bb][dc][bd][db][gc][df][ca][cd][fe]AW[eg][ea][ed][dg][da][cg][dd][ec][eb])
(;C[problem 3-78, white to play]PL[W]AB[bb][dc][bd][dd][cd]AW[ee][be][de][fc][ce][eb])
(;C[problem 3-79, white to play]PL[W]AB[ie][hb][ee][he][dc][da][de][cb][gf][dd][ic][ff]AW[ed][db][gc][ge][gb][gd][ec][fe][eb])
(;C[problem 3-80, white to play]PL[W]AB[hc][bh][bb][ef][bf][he][gc][cc][eb][de][fc][cf][ff][bc]AW[fd][ba][ed][dc][db][gd][cb][dd][ce])
(;C[problem 3-81, white to play]PL[W]AB[bd][db][cc][ca][bc]AW[be][dc][ce][ec][cd][eb])
(;C[problem 3-82, white to play]PL[W]AB[dc][bd][gc][fc][ec][bc]AW[fd][hb][ed][be][he][hd][ic][ce][cd])
(;C[problem 3-83, black to play]PL[B]AB[hc][fd][ed][bd][gb][fc][cf][cd][bc]AW[bb][dc][cc][fb][fa][ec])
(;C[problem 3-84, black to play]PL[B]AB[bb][dc][gb][cb][fc][dd][ec]AW[hc][fd][hb][ba][ed][ab][cc][gd][de][ce][bc])
(;C[problem 3-85, white to play]PL[W]AB[fd][bb][id][ed][he][db][dg][gd][dd][cd][bc]AW[hc][hb][ef][be][bd][hd][gc][ge][df][fc][gf][cf][ic][ec])
(;C[problem 3-86, white to play]PL[W]AB[hb][ed][dc][db][gc][fc][dd][ib]AW[hc][fd][bb][kc][ee][jb][gd][cb][de][ic][ce][ec][cd])
(;C[problem 3-87, black to play]PL[B]AB[bb][gb][cc][fc][dd][ec][cd]AW[fd][hb][ef][ed][bd][db][gc][gd][cf][ic][ce][bc])
(;C[problem 3-88, white to play]PL[W]AB[hc][fd][ha][ed][dc][db][gc][ib][ec]AW[ee][jc][hd][jb][ge][cb][dd][ic][cd][fe][bc])
(;C[problem 3-89, white to play]PL[W]AB[ed][dc][cc][eb][de][dd][fb][cd][bc]AW[hc][fd][ee][bd][db][gb][df][ch][fc][cf][ce][ec][fe])
(;C[problem 3-90, black to play]PL[B]AB[hc][kc][ed][he][bd][jb][ge][dd][ic][ec][cd]AW[hb][dc][gc][gb][cc][gd][ib][eb])
(;C[problem 4-1, white to play]PL[W]AB[bd][db][cb][cf][cd][bc]AW[bb][dc][gc][cc][ec])
(;C[problem 4-2, black to play]PL[B]AB[bb][gb][fc][dd][cd][bc]AW[be][bd][cc][cb][cf][eb])
(;C[problem 4-3, black to play]PL[B]AB[ed][db][dd][fb][ec][cd][bc]AW[be][dc][bd][cc][cb][ce][eb])
(;C[problem 4-4, white to play]PL[W]AB[bf][be][db][cc][cb][cg][fb][cd][eb]AW[bb][dc][bd][gc][gb][df][fc][dd][ce][bc])
(;C[problem 4-5, white to play]PL[W]AB[db][cc][eb][de][ce][bc]AW[bb][dc][gc][cb][fc][dd])
(;C[problem 4-6, black to play]PL[B]AB[dc][bd][gc][fc][fb][ce][ec][cd]AW[bf][ed][db][cc][eb][df][cg][dd][bc])
(;C[problem 4-7, black to play]PL[B]AB[bb][ed][dc][gc][gb][cb][fc][dd][cd][fe]AW[ab][bd][db][cc][eb][cf][fb][ce][ec][bc])
(;C[problem 4-8, white to play]PL[W]AB[ee][ac][bf][ed][dc][bd][db][ae][de][fb][ce][eb]AW[gc][gb][cc][cb][fc][dd][ec][cd][bc])
(;C[problem 4-9, white to play]PL[W]AB[hc][fd][ed][dc][gc][gb][cc][ib][bc]AW[id][hd][db][gd][fc][ic][fa][ec])
(;C[problem 4-10, black to play]PL[B]AB[hc][gc][gb][cc][fc][dd][ec][cd]AW[fd][ed][dc][bd][db][de][cg][fb][ce][eb])
(;C[problem 4-11, black to play]PL[B]AB[hc][hb][ee][ed][dc][db][gc][cc][fc]AW[bd][gb][eb][dd][fb][ec][cd][bc])
(;C[problem 4-12, white to play]PL[W]AB[fd][ef][ee][bd][gc][df][cb][dd][fb][cd][bc]AW[ed][be][dc][db][ad][de][cg][ce][ec])
(;C[problem 4-13, white to play]PL[W]AB[eg][hb][hg][he][db][gc][dg][cc][cb][fc][cg][cf][ce][ff][cd][fe]AW[bg][be][fh][ec][bc][hc][de][ib][ci][bh][ef][dc][jc][bd][hd][fg][eb][bb][ei][df][dd])
(;C[problem 4-14, white to play]PL[W]AB[ba][ed][gc][cc][cb][fc][dd][bc]AW[bb][dc][bd][db][cf][cd])
(;C[problem 4-15, black to play]PL[B]AB[ed][gc][fc][dd][cd][bc]AW[be][dc][bd][cc][cf][eb])
(;C[problem 4-16, white to play]PL[W]AB[be][dc][bd][db][cf][cg][fb][cd][eb]AW[gc][cc][de][cb][fc][dd][ic][ce][ec])
(;C[problem 4-17, black to play]PL[B]AB[dc][bd][db][cf][cd]AW[ed][cc][cb][fc][dd][bc])
(;C[problem 4-18, black to play]PL[B]AB[ee][gc][df][fc][ce][ec][cd][bc]AW[be][dc][bd][cc][cg][cf][eb])
(;C[problem 4-19, white to play]PL[W]AB[fd][ed][dc][db][gc][cb]AW[cc][df][dd][ce][ec][eb])
(;C[problem 4-20, white to play]PL[W]AB[bg][bf][db][gb][cc][cg][fb][ce][cd][eb]AW[bb][hb][dc][gc][df][de][cb][fc][dd][cf][ic])
(;C[problem 4-21, black to play]PL[B]AB[dc][gc][cc][fb][ce][cd][eb]AW[bf][ed][db][df][cb][cg][dd][ec][bc])
(;C[problem 4-22, black to play]PL[B]AB[hc][bb][be][db][gc][cc][de][cb][fc][dd][ic][ce][ib][fe]AW[hb][bf][ab][dc][bd][ae][bc][gb][cg][fb][ec][cd][eb])
(;C[problem 4-23, white to play]PL[W]AB[fd][ed][dc][bd][gc][cc][cd]AW[be][de][dd][ce][ec][eb])
(;C[problem 4-24, white to play]PL[W]AB[gc][gb][dd][cf][ec][cd][eb]AW[hc][fd][ed][dc][db][gd][ic])
(;C[problem 4-25, white to play]PL[W]AB[fd][ed][dc][gb][cc][ce][cd][bc]AW[ef][be][bd][de][dd][cf][ec][eb])
(;C[problem 4-26, white to play]PL[W]AB[ee][gc][cc][de][cb][fc][dd][ec]AW[ed][dc][db][cf][ce][cd][eb])
(;C[problem 4-27, white to play]PL[W]AB[bb][be][bd][de][cg][dd][cf][ec][bc]AW[ef][gc][cc][df][cb][fc][ic][ce][cd][fe])
(;C[problem 4-28, black to play]PL[B]AB[ee][ed][jc][bd][gc][dg][gb][df][gd][de][cg][ec][cd][fe][eb]AW[eg][ea][fd][bg][bh][be][dc][db][ce][ge][cc][cf][fc][dd][gf][fb][fa][eh])
(;C[problem 4-29, white to play]PL[W]AB[hc][fd][ef][ee][dc][gd][dd][eb]AW[ed][dg][de][cb][fc][ce][ec][bc])
(;C[problem 4-30, black to play]PL[B]AB[fd][be][ge][gb][df][fc][dd][gf][cg][ec][cd]AW[hb][ee][ed][dc][bd][gc][cc][gd][ic][fe][bc])
(;C[problem 4-31, white to play]PL[W]AB[fd][bb][ef][ed][dc][gc][cc][gd][cf][ce][eb]AW[hc][bd][gb][fc][dd][fb][ic][ec][cd][bc])
(;C[problem 4-32, white to play]PL[W]AB[hc][dc][bd][gc][ae][gb][cc][ad][fb][ec][cd]AW[fd][bg][ed][be][db][af][fc][dd][ce][eb])
(;C[problem 4-33, white to play]PL[W]AB[hc][hb][dc][gc][ga][fb][ec]AW[fd][ed][be][gd][fc][ce][eb])
(;C[problem 4-34, black to play]PL[B]AB[bb][bg][dc][gc][cc][cf][ch][fc][dd][fb][ce][ec]AW[hc][bf][be][bd][db][da][bc][gb][cb][fa][ib][cd][eb])
(;C[problem 4-35, black to play]PL[B]AB[hc][fd][hb][ee][he][gd][de][cf][ic][ec][cd]AW[ha][kb][ed][dc][jc][gc][gb][fc][dd][ib])
(;C[problem 4-36, white to play]PL[W]AB[hc][ha][dc][gb][fc][ib][ec]AW[fd][gc][gd][de][cg][fb][cd][eb])
(;C[problem 4-37, white to play]PL[W]AB[be][dc][gb][cc][cf][cg][fb][cd][eb]AW[hc][hb][db][gc][de][fc][dd][ce][ec])
(;C[problem 4-38, black to play]PL[B]AB[bb][gc][eb][fc][dd][cg][cf][ec][cd][bc]AW[hc][ea][be][bd][db][gb][cc][cb][fb][ib])
(;C[problem 4-39, black to play]PL[B]AB[hc][ee][dc][jc][ge][cc][cb][dd][fe]AW[fd][ed][bd][db][eb][de][ce][bc])
(;C[problem 4-40, white to play]PL[W]AB[if][fd][id][ed][jc][ge][gb][ga][fc][gf][ec]AW[hb][dc][gc][gd][de][fb][fg][ff][cd][fe])
(;C[problem 4-41, white to play]PL[W]AB[hc][dc][bd][gc][cf][fb][ic][ec][cd][eb]AW[fd][hb][ed][gb][cc][fc][dd][bc])
(;C[problem 4-42, white to play]PL[W]AB[fd][ee][bf][be][dc][db][cf][de][cb][fb][ec][fe]AW[bb][ed][bd][gc][cc][eb][fc][dd][ce][cd][bc])
(;C[problem 4-43, black to play]PL[B]AB[id][ee][ed][he][jc][gc][ge][cc][fc][jd][fb][cd][fe][eb]AW[hc][fd][kc][dc][hd][db][jb][ga][gd][ic][ec][lc])
(;C[problem 4-44, black to play]PL[B]AB[hc][fd][kc][ed][ec][dc][jb][da][cc][gd][cb][ic][ib][lc]AW[hb][id][ee][be][jc][hd][db][gc][ge][eb][de][fc][jd][fb][cd][fe][bc])
(;C[problem 4-45, white to play]PL[W]AB[bb][ee][bf][ed][dc][cc][cb][cf][ce]AW[be][ab][bd][fc][dd][ec][cd][bc])
(;C[problem 4-46, black to play]PL[B]AB[fd][ef][dc][gc][gb][cc][gd][cb][df][ce][fe]AW[ff][ie][hb][ee][ed][db][ge][fc][gf][ic][ec][eb])
(;C[problem 4-47, white to play]PL[W]AB[dc][bd][db][cf][cb][fc][fb][cd]AW[fd][bb][ed][gc][gb][cc][gd][dd][bc])
(;C[problem 4-48, black to play]PL[B]AB[ed][gc][gb][cc][fc][dd][ce][bc]AW[be][dc][bd][cf][cb][fb][ec][cd])
(;C[problem 4-49, white to play]PL[W]AB[hc][hb][ee][ed][be][cc][de][fc][fb][ec][cd]AW[bf][dc][db][ce][gb][cg][dd][cf][fa][eb])
(;C[problem 4-50, white to play]PL[W]AB[ea][dc][db][ce][ge][df][gd][fc][gf][fb][fa][cd]AW[fd][ed][he][jc][hd][gc][gb][je][dd][ec][eb])
(;C[problem 4-51, black to play]PL[B]AB[bb][hb][ed][gc][gb][cc][fc][dd][ic][ce][ia][bc]AW[hc][fd][ec][dc][jc][hd][jb][gd][cb][je][ib][eb])
(;C[problem 4-52, white to play]PL[W]AB[if][fd][ie][ef][eg][he][gd][fc][ig][fe][eb]AW[hc][ee][hf][hd][db][gc][ge][gf][dd][ce][ff])
(;C[problem 4-53, black to play]PL[B]AB[bf][dc][db][ce][gb][cf][fa][cd][eb]AW[hc][hb][ee][be][cc][fc][dd][fb][ec][bc])
(;C[problem 4-54, black to play]PL[B]AB[hc][fd][ee][dc][gb][cc][de][cb][fc][cd][fe]AW[ed][bd][db][cf][eb][dd][fb][ce][ec][bc])
(;C[problem 4-55, black to play]PL[B]AB[hc][fd][hb][ee][gb][cc][de][cb][fc][cd][fe]AW[bf][ed][bd][db][gc][ga][cg][dd][fb][ce][ec][bc])
(;C[problem 4-56, white to play]PL[W]AB[bb][ee][be][dc][bd][de][cg][cf][ec][bc]AW[fd][hb][ef][gc][cc][df][cb][ce][ff][cd][fe])
(;C[problem 4-57, white to play]PL[W]AB[ee][ed][he][dc][db][gc][gb][gd][fe]AW[fd][ef][ge][cc][df][cb][fc][gf][fb][ce][ff])
(;C[problem 4-58, black to play]PL[B]AB[hc][fd][if][ge][je][hf][ed][dc][jc][bb][hb][kb][cc][df][gd][gf][dd][jd][lc]AW[id][be][ec][he][hd][db][jb][gc][ad][cb][fc][ic][ce][ib][cd][bc])
(;C[problem 4-59, white to play]PL[W]AB[hc][fd][hb][db][cb][fc][ec]AW[ed][dc][gb][dd][fb][ce][eb])
(;C[problem 4-60, black to play]PL[B]AB[fd][ie][kc][id][he][jb][gd][fc][ec][eb]AW[hc][ee][hf][dc][hd][ge][gb][cc][cf][fb][fe])
(;C[problem 4-61, black to play]PL[B]AB[ba][id][ee][ed][he][dc][jc][db][ge][cc][je][dd][jd][ib][lc][fe]AW[ab][ec][cd][bc][hc][fd][if][cb][hf][hd][da][ce][eb][ie][df][gd][gf][ca][ic])
(;C[problem 4-62, black to play]PL[B]AB[fd][kc][he][ge][ic][ec]AW[gc][cc][gd][de][cf][ff][fe])
(;C[problem 4-63, black to play]PL[B]AB[ee][cc][gd][cb][fc][de][cd]AW[ba][dc][db][dd][cf][ce])
(;C[problem 4-64, black to play]PL[B]AB[fd][ie][id][db][jb][gc][ge][gb][fc][gf][ic][ec]AW[hc][hb][ee][ed][dc][hd][cc][gd][cb][ib][fe][eb])
(;C[problem 4-65, black to play]PL[B]AB[ee][dc][db][gc][gb][gd][de][fe]AW[hc][fd][hb][ed][he][jc][ge][fb][eb])
(;C[problem 4-66, white to play]PL[W]AB[fd][hb][kc][id][hd][ge][gb][fc][gf][jd]AW[hc][ee][dc][gc][cc][gd][ic][ib][fe])
(;C[problem 4-67, white to play]PL[W]AB[fd][ff][dc][db][ge][cf][dd][fb][ce][ec]AW[hc][ee][kb][ed][jc][gc][cc][de][fc][cd][eb])
(;C[problem 4-68, white to play]PL[W]AB[hc][fd][kc][ed][dc][jc][gc][gb][cc][ib]AW[id][hd][gd][de][fc][dd][fb][ic][ff])
(;C[problem 4-69, black to play]PL[B]AB[fd][id][ec][hd][db][ge][gb][cc][cf][ib][fe][eb]AW[ea][hb][ef][bf][hf][ed][he][gc][gd][fc][dd][fb])
(;C[problem 4-70, black to play]PL[B]AB[hc][fd][ie][hh][ed][hd][ge][je][fg][ig][fe]AW[kc][id][hf][he][dc][jc][gc][cc][gd][fc][gf])
(;C[problem 4-71, black to play]PL[B]AB[ie][kc][id][kb][ed][he][kd][cc][ge][je][ec][fe]AW[hc][fd][ef][hg][ee][jc][kf][ke][jb][jf][gd][jd][ff])
(;C[problem 4-72, white to play]PL[W]AB[hb][id][ed][he][ge][gb][cc][jd][ic][ec][fe]AW[ie][kc][jc][hd][kd][gd][je][fc][fb])
(;C[problem 4-73, white to play]PL[W]AB[ee][hf][he][jc][gb][je][fc][gf][ic][ec][fe]AW[hc][hb][ef][dc][db][ge][df][gd][dd][ff])
(;C[problem 4-74, white to play]PL[W]AB[hc][ed][hd][gc][ge][cc][ec][fe][eb]AW[fd][ie][ef][id][ee][hf][fc][fb][ic][ff])
(;C[problem 4-75, white to play]PL[W]AB[hc][fd][ed][dc][gc][gb][ic][bc]AW[kc][id][hd][gd][fc][jd][fb][lc][eb])
(;C[problem 4-76, black to play]PL[B]AB[hc][ff][ie][id][ee][hf][ed][cc][gf][ec]AW[if][eg][ef][he][gc][ge][fc][ig][fe])
(;C[problem 4-77, black to play]PL[B]AB[ie][kc][ed][he][jc][kd][cc][ge][je][ec][fe]AW[fd][ef][id][ee][kf][hd][ke][jf][gd][gg][jd][ib])
(;C[problem 4-78, black to play]PL[B]AB[kc][jc][hd][gd][fc][ic][ec]AW[hc][fd][ed][dc][gc][dd][ib])
(;C[problem 4-79, white to play]PL[W]AB[fd][hb][ee][hf][he][hd][db][de][gf][ic][ib][ec][fe]AW[hc][ef][dc][gc][ge][gb][df][gd][cb][ce][ff][cd])
(;C[problem 4-80, white to play]PL[W]AB[hb][ee][ed][he][dc][hd][db][fc][gf][fb][ic][ff][fe]AW[ef][hg][hf][gc][ge][gb][cc][gd][cb][de][dd][df][gg][fg])
(;C[problem 4-81, white to play]PL[W]AB[ef][he][dc][hd][db][gc][ge][fc][cf][ce][cd]AW[hc][fd][ed][bd][cc][gd][cb][dd])
(;C[problem 4-82, black to play]PL[B]AB[ee][gc][gb][cc][gd][cb][de][cd][fe]AW[fd][bf][ed][bd][db][cg][dd][fb][ce][bc])
(;C[problem 4-83, black to play]PL[B]AB[ed][gc][gb][cc][df][cb][ca][dd][cf][bc]AW[bf][dc][bd][db][da][cg][fb][cd][eb])
(;C[problem 4-84, black to play]PL[B]AB[db][gc][fc][ic][eb]AW[hb][dc][cc][fb][fa][ec])
(;C[problem 4-85, black to play]PL[B]AB[hc][ie][ha][id][dc][gc][gb][jf][dd][fb][eb]AW[kc][hd][db][gd][cb][fc][ic][ib][ec][fe])
(;C[problem 4-86, white to play]PL[W]AB[fd][hb][ed][dc][gc][gb][ib]AW[hc][jc][bd][cc][gd][fc][cd][fb][ic][lc][fe])
(;C[problem 4-87, black to play]PL[B]AB[fd][bb][ie][ef][ka][he][bd][kd][ge][jf][cb][fc][jd][fb][ic][ce][ff]AW[hc][ld][kc][id][ee][kb][ed][dc][jc][hd][mc][cc][mb][gd][la][ec][fe][eb])
(;C[problem 4-88, white to play]PL[W]AB[hc][bb][ac][ed][dc][bd][gb][fc][dd][fb][cd]AW[fd][bg][ee][db][cc][eb][gd][cb][cg][fa][ec][bc])
(;C[problem 4-89, black to play]PL[B]AB[ea][ie][ff][ed][he][jb][gf][ic][ec][fe][eb]AW[fd][ee][dc][hd][db][gc][da][ge][de][dd])
(;C[problem 4-90, white to play]PL[W]AB[eg][fd][ie][ef][hg][he][db][gd][fc][ec][fe]AW[hc][ee][dc][jc][hd][gc][ge][cc][de][cb][gf][ff])
(;C[problem 4-91, white to play]PL[W]AB[hc][ff][ef][ed][he][hd][jb][cc][gf][ib][ec]AW[if][kc][id][kb][hf][gc][ge][fc][ic][fe])
(;C[problem 4-92, white to play]PL[W]AB[kc][id][he][dc][jc][hd][gc][ge][gb][cc][fc][cd][lc][fe][eb]AW[hc][fd][if][ef][ed][jb][df][gg][gd][je][dd][jd][fb][ic][ib][ec])
(;C[problem 4-93, white to play]PL[W]AB[ee][he][db][ke][ec][cd][hc][ge][de][cb][gc][kd][fe][ie][kb][cc][fc][jd][lc]AW[hg][jb][cf][fd][id][je][ed][dc][jc][hd][fg][ce][ig][hb][df][jf][gd][dd][ic])
(;C[problem 4-94, white to play]PL[W]AB[hc][fd][ef][hf][ed][jb][df][de][je][fc][gf][jd][ic][eb]AW[kc][id][ee][kb][dc][jc][hd][db][ge][dd][ec][fe])
(;C[problem 4-95, white to play]PL[W]AB[fd][ef][id][ee][hd][jf][gd][je][fc][gf][eb]AW[hc][ie][ed][he][jc][db][ge][dd][jd][ic][fe])
(;C[problem 4-96, black to play]PL[B]AB[hc][if][ld][kc][ha][ee][ed][jc][kf][gc][ja][gb][fc][gf][mf][ic][md][ib]AW[fd][id][kb][nc][hd][jb][kd][cc][gd][jd][fb][lb][ec][lc][eb])
(;C[problem 5-1, white to play]PL[W]AB[bb][ef][ac][ed][bd][cf][df][fc][fb][cd]AW[dc][cc][eb][de][cb][dd][bc])
(;C[problem 5-2, white to play]PL[W]AB[fd][bb][ef][ac][bf][ed][be][bd][gc][dg][gb][cb][cg]AW[db][cc][cf][ca][fb][ce][ec][cd][bc])
(;C[problem 5-3, black to play]PL[B]AB[ef][ee][ed][dc][db][dg][cc][cg][cf][ec][bc]AW[eg][bb][ac][bd][da][ge][gb][df][de][cb][fc][dd][fg][cd][eb])
(;C[problem 5-4, black to play]PL[B]AB[ea][be][dc][hd][gb][cc][gd][de][fc][ce][eb]AW[fd][ef][bf][ed][bd][db][ae][ge][cb][cg][ec][bc])
(;C[problem 5-5, white to play]PL[W]AB[hc][bb][ee][ed][be][he][da][gb][cc][gd][cb][cf][fb][eb]AW[dc][bd][db][gc][fc][dd][ec][cd][bc])
(;C[problem 5-6, white to play]PL[W]AB[hc][ef][db][ce][ge][gb][eb][cc][gd][cf][fa][bc]AW[fd][ac][dc][bd][fc][dd][fb][cd])
(;C[problem 5-7, black to play]PL[B]AB[bb][dc][bd][db][gc][gb][ad][de][fc][ec][cd]AW[hc][hb][ef][be][ab][hd][da][bc][cf][df][ga][cb][fb][fe][eb])
(;C[problem 5-8, black to play]PL[B]AB[hc][ed][be][dc][gc][dg][de][fc][fb][ce][ec]AW[hb][id][ee][db][gb][cc][dd][ic][fa][cd][fe][eb])
(;C[problem 5-9, white to play]PL[W]AB[hb][id][he][jc][hd][db][gb][cc][de][gf][fa][ff][cd][eb]AW[if][ie][kb][hf][dc][ke][gc][ge][gd][fc][fb][ec][lc])
(;C[problem 5-10, white to play]PL[W]AB[bb][hb][ba][fe][ed][he][jc][db][jb][bc][gb][jd][ca][dd][fb][cd][ia][eb]AW[hc][ac][bf][ec][dc][bd][gc][da][cc][ad][cb][fc][ic][ce][ib])
(;C[problem 5-11, black to play]PL[B]AB[hc][fd][bb][hb][ba][ed][gc][cc][gd][dd][fb][cd]AW[ff][ha][id][be][ec][dc][he][db][gb][df][ga][cb][fc][ic][ce][ib])
(;C[problem 5-12, black to play]PL[B]AB[hc][fd][bb][hb][ba][kc][ee][kb][jc][gc][cc][de][fc][ic][cd]AW[ie][ha][ed][ka][ec][db][jb][kd][gb][ge][cb][fb][lb][ib][lc][fe])
(;C[problem 5-13, white to play]PL[W]AB[hc][fd][ie][hb][if][hg][jc][jb][gc][df][jf][gd][jd][fg][ec][cd][ia][eb]AW[kc][id][ee][ed][he][hd][ke][kd][ge][je][fc][ic][ib][fe])
(;C[problem 5-14, black to play]PL[B]AB[fd][bb][ba][ed][dc][hd][gd][ic][ib][cd][bc]AW[hc][id][be][jc][bd][db][jb][gc][cc][cb][fc][jd][cf])
(;C[problem 5-15, black to play]PL[B]AB[hc][ed][jc][jb][gc][fc][dd][jd][ib][ec][eb]AW[ea][ie][hb][ef][id][dc][db][gb][gd][fb][ic][ce][cd][fe])
(;C[problem 5-16, white to play]PL[W]AB[hb][kc][bf][be][jb][gc][gb][cc][cb][fc][cf][ec][cd][ia]AW[hc][fd][bb][ba][he][bd][gd][de][dd][fb][ic][ce][ib][bc])
(;C[problem 5-17, white to play]PL[W]AB[fd][kc][ha][id][ec][dc][he][db][jb][kd][gb][cb][fb][ib][fe]AW[hc][bb][hb][ba][ed][jc][gc][cc][fc][dd][ic][cd])
(;C[problem 5-18, white to play]PL[W]AB[ie][hb][ee][bf][hd][db][ce][da][bc][gb][cc][cb][ic][fa][fe][eb]AW[hc][bb][ac][dc][bd][gc][ad][fc][dd][fb][ec][cd])
(;C[problem 5-19, black to play]PL[B]AB[fd][ha][ed][dc][bd][ad][gd][fc][dd][fb][ib][cd]AW[hb][ef][bg][be][hd][db][gc][bc][gb][cc][ga][gf][cf][ic][fa][ec][eb])
(;C[problem 5-20, black to play]PL[B]AB[hc][ed][be][dc][jc][jb][gc][gb][de][fc][ic][ce][ec]AW[ea][hb][kc][ee][kb][he][db][ja][cc][kd][ga][dd][jd][fb][ib][cd][fe][eb])
(;C[problem 5-21, white to play]PL[W]AB[hc][be][dc][bd][gc][cc][cf][cb][fb][ec]AW[fd][bb][ba][ed][fc][dd][cd][bc])
(;C[problem 5-22, white to play]PL[W]AB[ie][ha][ed][ec][dc][jc][gb][cc][cb][gf][fb][ib][fe]AW[hc][fd][bb][hb][ba][ee][hd][gc][de][fc][cd][bc])
(;C[problem 5-23, black to play]PL[B]AB[ed][bd][gc][gb][cc][cb][fc][dd][cd]AW[fd][bb][ef][be][dc][db][cf][ad][ca][fb][ec][fe][bc])
(;C[problem 5-24, black to play]PL[B]AB[hc][hb][ed][gc][cb][fc][dd][cd][bc]AW[fd][ha][id][ec][dc][jc][gb][fb][ib][fe])
(;C[problem 5-25, black to play]PL[B]AB[ei][dc][bi][ge][gb][cf][gd][gg][fc][gf][cg][fb][ce][ec][cd]AW[hc][fd][eg][ed][dh][db][gc][cc][di][dd][fh][ic][ff][bc])
(;C[problem 5-26, white to play]PL[W]AB[ie][hg][dj][ig][dc][kf][dg][cc][df][de][jf][fc][gg][ch][fb][ff][cd][ci]AW[bg][be][fh][if][fd][kc][id][jg][eh][ii][ed][gc][cg][ce][dh][jh][gh][gd][dd][jd])
(;C[problem 5-27, black to play]PL[B]AB[dc][dg][ge][gb][gg][gd][fc][gf][cg][fb][ce][ec][cd]AW[hc][fd][eg][ed][dh][db][gc][cc][cb][dd][fh][ic][ff])
(;C[problem 5-28, black to play]PL[B]AB[hf][he][hd][gc][df][fc][dd][jd][cf][ce][ec][cd]AW[hc][hb][ee][ed][dc][db][ge][gd][de][fh][ff][bc])
(;C[problem 5-29, white to play]PL[W]AB[hc][ef][kc][id][dc][jc][hd][gd][fc][fb][fe]AW[fd][hb][ee][ed][gc][gb][je][jd][ic][ib][cd])
(;C[problem 5-30, black to play]PL[B]AB[ed][be][bd][db][gc][ge][cc][cf][gd][fb][cd][eb]AW[fd][hb][ef][dc][gb][fc][dd][ce][ec])
(;C[problem 5-31, black to play]PL[B]AB[hb][id][dc][gb][df][dd][fb][ic][ec]AW[hc][ef][db][jb][gc][dg][cc][fc][ib][fe][eb])
(;C[problem 5-32, white to play]PL[W]AB[fd][kc][hg][jc][hd][cc][gd][gf][fh][ic][ec][eb]AW[hc][ie][hb][ef][id][ee][hf][ed][kd][fc][fb])
(;C[problem 5-33, white to play]PL[W]AB[fd][ld][kc][ee][kb][nc][dc][gc][ja][ic][md][ib]AW[id][he][jc][jb][kd][jd][ff][lc][fe])
(;C[problem 5-34, black to play]PL[B]AB[hc][fd][hb][id][hd][ke][ge][fc][gf][jd][lc][le]AW[ha][ee][jc][gc][mc][kd][gb][cc][ic][gd][dd][lb][md][ib][fe])
(;C[problem 5-35, black to play]PL[B]AB[hc][fd][id][ed][hd][db][gc][gb][jd][ec]AW[hb][ee][kb][hf][ge][cc][ga][cb][fc][gd][de][fb][ic][ib])
(;C[problem 5-36, white to play]PL[W]AB[fd][ld][kc][ha][nb][gc][gb][mb][cc][dd][ic][ib][lc][fe]AW[hc][if][hb][id][hd][ke][mc][kd][gd][fc][md][ec][le])
(;C[problem 5-37, white to play]PL[W]AB[hc][hb][kc][id][ed][kd][jd][mb][ga][fc][cd][dd][fb][md][lc][bc]AW[fd][ld][ie][oe][nc][dc][hd][nd][gc][mc][ke][gb][gd][je][ec])
(;C[problem 5-38, black to play]PL[B]AB[ld][ie][dc][hd][ke][gb][gd][je][fc][fb][ec][lc][fe]AW[hc][hb][kc][id][db][gc][kd][cc][mb][ga][jd][lb][fa][eb])
(;C[problem 5-39, black to play]PL[B]AB[fd][hd][gd][ic][ib][ec][ia]AW[hc][hb][kc][id][db][gc][cc][jd][fb])
(;C[problem 5-40, white to play]PL[W]AB[fd][kc][ha][ec][gc][kd][gb][cc][gd][dd][jd][ic][ib][cd][eb]AW[hc][hb][id][ee][hf][ed][dc][jc][hd][db][ge][fc][fe])
(;C[problem 6-1, black to play]PL[B]AB[hb][hd][gc][cc][df][de][gf][dd]AW[fd][ef][hg][jb][ge][jf][gg][jd][ib][ec])
(;C[problem 6-2, white to play]PL[W]AB[id][ee][dc][jc][jf][de][fc][gf][ff][ig]AW[hc][eg][he][gc][ge][cc][cb][cf][ce])
(;C[problem 6-3, white to play]PL[W]AB[ie][kc][ed][dc][jb][cc][df][gd][gf][jd][fe]AW[hc][fd][be][gc][fc][cg][ic][cd][bc])
(;C[problem 6-4, white to play]PL[W]AB[ie][kc][ee][he][dc][jc][gc][fc][fg][fe][eb]AW[hc][ff][eg][hd][db][gb][cc][de][cb][df][ib][cd])
(;C[problem 6-5, black to play]PL[B]AB[hc][hf][he][hd][gc][gb][cc][cb][dd][cf][ic]AW[fd][hb][ef][jc][db][gh][kd][ge][jf][eh][ec][ig])
(;C[problem 6-6, white to play]PL[W]AB[bb][ed][dc][db][df][gd][dd][ce][bc]AW[hc][hb][bf][be][cc][cb][ec][cd][eb])
(;C[problem 6-7, white to play]PL[W]AB[id][hf][dc][jc][de][fc][ff][fe][eb]AW[gc][gb][cc][gd][cb][dd][cf][ce][cd])
(;C[problem 6-8, black to play]PL[B]AB[hc][hb][hd][ge][cc][cb][ca][dd][cd]AW[eg][bb][ee][be][ab][dc][gc][gb][cf][fe])
(;C[problem 6-9, black to play]PL[B]AB[bb][ed][ic][fa][ib][bc]AW[hc][dc][bd][gc][cc][fc][ce][ec])
(;C[problem 6-10, white to play]PL[W]AB[hc][ie][ed][dc][jc][ge][ic]AW[kc][kb][ke][gc][gb][jd][ce])
(;C[problem 6-11, white to play]PL[W]AB[hc][bb][ie][jc][cc][de][fc][cd][fe][bc]AW[ba][kc][kb][dc][db][da][ja][kd][cb])
(;C[problem 6-12, white to play]PL[W]AB[hc][bb][gc][ge][df][eb][ce][ec][fe][bc]AW[hb][id][ed][he][dc][db][dd][ic][ib][lc])
(;C[problem 6-13, white to play]PL[W]AB[fd][kb][dc][hd][cc][gd][ic][ec][lc]AW[hc][bb][ie][id][ee][hf][gc][ff][cd][bc])
(;C[problem 6-14, black to play]PL[B]AB[hc][id][ed][dc][cb][dd][ic][cd]AW[fd][ie][kc][ee][hd][db][gd][je][ec])
(;C[problem 6-15, white to play]PL[W]AB[ee][kb][he][dc][jc][je][dd][ic][ff][fe]AW[hc][ef][gc][cc][df][de][ch][ib][cd])
(;C[problem 6-16, black to play]PL[B]AB[gc][ge][gd][dd][cd]AW[fd][ef][ed][cf][ff])
(;C[problem 6-17, white to play]PL[W]AB[eg][ff][id][hf][he][db][gc][jb][dd][jd][ec][fe]AW[hc][hb][dc][dh][hd][dg][ge][cc][de][cb][ce])
(;C[problem 6-18, black to play]PL[B]AB[hc][ed][cc][dd][ic][bc]AW[fd][ee][hd][de][ce][cd])
(;C[problem 6-19, black to play]PL[B]AB[ie][he][hd][gc][cc][de][je][gf][dd][cg][ic]AW[fd][ld][ef][id][hf][kf][jb][kd][ge][gg][jd][ec][ig])
(;C[problem 6-20, black to play]PL[B]AB[id][bd][gc][cc][gd][de][cg][dd][fe]AW[fd][ef][ee][hf][dc][jc][ge][je][jd][ec])
(;C[problem 6-21, white to play]PL[W]AB[ie][ef][he][jc][gc][de][gf][fb][ec][fe]AW[hc][hb][ee][ed][dc][hd][db][ge][dd][cf])
(;C[problem 6-22, black to play]PL[B]AB[hf][he][hd][gc][gb][cc][de][cb][cg][dd][fg]AW[fd][hb][kc][ef][db][gh][ge][gg][je][eh][ic][ec][ig])
(;C[problem 6-23, black to play]PL[B]AB[ef][gc][ge][gb][cc][gd][cb][ch][dd][cf][ic][ce]AW[if][fd][ff][ee][dc][jc][db][df][gg][fc][jd][ib][eh])
(;C[problem 6-24, black to play]PL[B]AB[hc][he][hd][ge][gb][cc][de][cb][dd][cf][ib]AW[eg][ed][kg][dc][jc][gc][jb][gd][je][gf][ff][ig][eb])
(;C[problem 6-25, black to play]PL[B]AB[hc][if][ee][he][dc][hd][gb][ga][cb][fc][dd][cf][ce][ig]AW[ie][hb][ef][hf][ed][jc][db][ge][de][je][gf][fb][ib][ec])
(;C[problem 6-26, white to play]PL[W]AB[ee][dc][jc][db][je][fc][gf][fg][ff][ig][fe]AW[hc][he][ge][gb][cc][cb][dd][ce])
(;C[problem 6-27, black to play]PL[B]AB[hc][kc][dc][cg][dd]AW[ld][he][ke][fc][lc][fe])
(;C[problem 6-28, black to play]PL[B]AB[hc][ef][ee][he][cc][cb][cg][dd][ic][ff]AW[if][jc][db][ge][fc][gf][jd][fg][fe])
(;C[problem 6-29, white to play]PL[W]AB[if][eg][ee][he][dc][jc][gc][jb][je][fc][gf][fg][fe][eb]AW[hc][ff][hd][db][ge][gb][cc][gd][cb][de][cg][ib][cd])
(;C[problem 6-30, black to play]PL[B]AB[hc][fd][dc][jc][db][da][dd][ce]AW[bb][ef][be][bd][gd][cb][fc][cg][fe][eb])
(;C[problem 6-31, white to play]PL[W]AB[fd][ie][hb][kc][ef][ff][kb][ke][ge][de][cb][dd][ib][ec]AW[bb][ee][gc][jb][dg][gb][df][gd][ic][ce][cd][bc])
(;C[problem 6-32, black to play]PL[B]AB[eg][fd][dc][gc][dg][ge][gb][gd][cb][dd][cf][ce]AW[ie][hb][ef][hf][ed][db][df][de][fc][gf][fg][ic][ec][fe])
(;C[problem 6-33, white to play]PL[W]AB[ba][cc][cb][cd][eb]AW[hc][bb][ab][de][fc][ce][ec][fe])
(;C[problem 6-34, black to play]PL[B]AB[ea][id][kb][dc][db][da][df][fb][ce]AW[hc][le][ed][jc][gc][ic][fa][ec][eb])
(;C[problem 6-35, white to play]PL[W]AB[eg][fd][ee][he][jc][ge][gg][de][je][fc][fb][fg]AW[hc][ff][ed][gc][gd][ec][cd][fe])
(;C[problem 6-36, white to play]PL[W]AB[hc][ff][ef][bf][dc][bd][hd][df][ce][ec][fe][eb]AW[hb][id][ee][he][jc][db][cc][cb][dd][ib][cd])
(;C[problem 6-37, black to play]PL[B]AB[hc][kc][id][dc][db][ke][da][dd][cf][ce][ib]AW[ef][bg][he][bd][hd][df][eb][cb][fc][cg][fe][bc])
(;C[problem 6-38, white to play]PL[W]AB[dc][cc][fb][ec][eb]AW[hb][ee][bf][hd][db][gc][fc][cf][ce][cd])
(;C[problem 6-39, white to play]PL[W]AB[hf][dc][hd][kd][df][jf][gd][jd][fg][cd]AW[kc][jc][ge][fc][ec][lc][fe])
(;C[problem 6-40, white to play]PL[W]AB[if][hh][ie][gc][dg][ge][cb][fc][gf][eh][fg][ic][ce][cd]AW[ff][id][ed][jc][jb][jf][de][je][jd][ec][ig][fe][eb])
(;C[problem 6-41, black to play]PL[B]AB[hc][hb][dc][db][gd][cg][dd][cf][ce]AW[kc][ed][he][dg][gb][df][de][fc][jd][ff])
(;C[problem 6-42, black to play]PL[B]AB[hc][bb][hb][ba][hd][gc][cc][de][fb][ce][cd][bc]AW[ef][ee][be][dc][bd][db][ge][gb][gd][cb][cg][dd][cf])
(;C[problem 6-43, black to play]PL[B]AB[if][ie][hb][id][hf][ed][dc][db][dd][ic][ib]AW[hc][bb][ee][he][hd][gb][gf][cg][ce][ec][fe][bc])
(;C[problem 6-44, black to play]PL[B]AB[hc][ef][ee][dc][db][gb][gd][dd][ic][ec]AW[ed][he][jc][hd][ge][fc][jd][fb][fe][eb])
(;C[problem 6-45, black to play]PL[B]AB[bb][ef][gc][cc][df][gd][de][fc][fb][cd]AW[fd][hb][ee][he][dc][ge][cb][ic][ec])
(;C[problem 6-46, black to play]PL[B]AB[fd][ie][id][ec][he][db][cc][cb][ic][ib][eb]AW[hb][ee][ed][ab][dc][bd][hd][gc][ge][cd][fe])
(;C[problem 6-47, black to play]PL[B]AB[hc][ha][dc][jc][hd][db][de][dd][ib]AW[fd][hb][ef][ge][gb][df][cb][fb][ce][bc])
(;C[problem 6-48, black to play]PL[B]AB[ed][hd][gc][gb][cc][de][cb][ic][ce][cd]AW[ef][ee][be][dc][bd][ge][cf][df][gd][dd][fb][ec])
(;C[problem 6-49, black to play]PL[B]AB[eg][ie][ba][id][be][ab][gc][ge][gb][df][gd][cb][ce][cd][bc]AW[ee][hf][jc][bd][kf][jg][kd][cc][de][fc][gf][fg][ic][fe][eb])
(;C[problem 6-50, black to play]PL[B]AB[bb][hb][bd][dh][gc][dg][ge][cc][cf][ga][gd][fb][ce]AW[hc][fd][ie][ff][eg][hg][df][cb][ic][ib][ec][eb])
(;C[problem 6-51, white to play]PL[W]AB[hc][ie][hb][ef][ha][id][hf][ed][dc][jc][db][fc][fg][ff]AW[eg][hd][gc][gb][cc][ga][cb][gd][dd][df][cf][eh][fh][cd])
(;C[problem 6-52, black to play]PL[B]AB[hc][fd][if][hb][id][dc][jc][db][da][dd]AW[ee][ed][be][hd][ge][cc][cb][fc][cf][fe][eb])
(;C[problem 6-53, black to play]PL[B]AB[hc][hf][jc][hd][ge][cc][cb][ca][eh][cf][fg][ce][ff][cd]AW[fd][bb][ef][bg][dc][dh][af][gb][df][gd][de][cg][bc])
(;C[problem 6-54, black to play]PL[B]AB[fd][gc][ge][gb][cc][gd][cb]AW[ee][dc][bd][cf][fc][dd][fb][fe])
(;C[problem 6-55, black to play]PL[B]AB[hc][id][dc][db][ge][gd][de][gf][ca][dd][ib][ia]AW[eg][hb][ee][be][gc][gb][gg][cb][cf][ec][cd][fe][bc])
(;C[problem 6-56, black to play]PL[B]AB[hc][hb][ef][he][hd][cc][de][cb][cg][dd]AW[ee][jc][db][ge][gd][je][fc][gf][ib][ig])
(;C[problem 6-57, black to play]PL[B]AB[hc][ha][dc][jc][hd][gd][cb][de][dd][ib]AW[fd][bb][hb][ef][ed][gc][gb][df][ce][ff][bc])
(;C[problem 6-58, black to play]PL[B]AB[hc][bb][ha][gb][ib][bc]AW[dc][bd][gc][cc][ga][fc][ce])
(;C[problem 6-59, black to play]PL[B]AB[hc][fd][ee][dc][gc][de][cb][dd]AW[ed][jc][hd][db][ge][fc][ic][ec][fe])
(;C[problem 6-60, white to play]PL[W]AB[hc][hb][ef][ha][kb][ed][jc][ge][gd][dd][ic][eb]AW[id][hf][hd][gc][kd][gb][ga][cb][fc][lb][ce][lc][bc])
(;C[problem 6-61, black to play]PL[B]AB[kc][id][ee][hf][ed][dc][jc][ge][ec][fe]AW[if][fd][ig][he][hd][gh][cc][df][gd][je][dd][jd][fg][cd])
(;C[problem 6-62, black to play]PL[B]AB[kc][id][dc][db][gc][jd][fc][ca][dd][lc]AW[hc][fd][bb][ie][ef][he][bd][kd][gd][cb][je][ce])
(;C[problem 6-63, white to play]PL[W]AB[fd][bb][ff][ab][dc][jc][gh][cc][gd][je][gf][dd][fb][ec][ig]AW[hc][ee][nc][ed][be][he][hd][gc][qd][ad][de][fc][ce][cd][bc])
(;C[problem 6-64, black to play]PL[B]AB[jc][db][je][fc][jd][ec][fe]AW[hc][eg][id][hf][dc][cc][gg][de][cb])
(;C[problem 6-65, black to play]PL[B]AB[hc][kc][dc][db][da][dd][cf][ce]AW[bg][bd][dh][cc][ch][cb][fc][gf][fe][eb])
(;C[problem 6-66, white to play]PL[W]AB[bb][hb][ee][ed][hd][gd][cd][bc]AW[db][jb][gb][cc][ic][ec])
(;C[problem 6-67, black to play]PL[B]AB[bb][hb][gc][cf][gd][dd][fb][cd][bc]AW[ee][ec][he][ge][cc][df][cb][fc][ic][ib])
(;C[problem 6-68, black to play]PL[B]AB[hc][he][hd][ge][cc][de][cb][dd][ib]AW[if][eg][hf][ed][dc][jc][gc][jb][gd][je][ff])
(;C[problem 6-69, white to play]PL[W]AB[ie][ee][ed][ab][he][bd][gc][ge][jd][ce][bc]AW[bb][kc][id][dc][jc][hd][cc][ec][lc])
(;C[problem 6-70, black to play]PL[B]AB[ie][kc][id][ee][dc][db][cc][gd][fc][jd][ec][lc]AW[hc][fd][bb][if][he][gc][kd][ge][df][cb][je][fg][cd][bc])
(;C[problem 6-71, black to play]PL[B]AB[ff][kc][ee][dc][de][fc][gf][jd][ec][lc]AW[hc][fd][eg][hh][he][bd][kd][cc][ge][je][fh][cf][ce])
(;C[problem 6-72, white to play]PL[W]AB[hc][if][hg][dc][hd][ke][kd][df][jf][gg][cb][ic][ff][cd][fe]AW[kc][id][hf][ed][gc][gd][gf][jd][ec][lc][eb])
(;C[problem 6-73, black to play]PL[B]AB[ff][bb][ef][bg][ab][dc][ge][cc][df][cb][cg][ec]AW[hc][ea][ba][ee][bf][ed][cf][gd][fc][ca][fb][cd][bc])
(;C[problem 6-74, black to play]PL[B]AB[hc][hb][ha][hf][hd][ge][cc][cb][dd][cd]AW[eg][ee][be][ab][dc][gb][gd][cf][fe][eb])
(;C[problem 7-1, white to play]PL[W]AB[fi][hf][kf][jh][db][jb][gh][kd][hi][fc][jd][fg][lb][ec][fe][eb]AW[if][ie][hg][id][be][dc][gb][cc][de][cb][fb][ic][ib][ig])
(;C[problem 7-2, white to play]PL[W]AB[hh][he][db][gc][gh][fc][fg][ec][eh][fe]AW[hc][if][ie][hg][bf][dc][jc][hd][dg][cc][de][cb][ci])
(;C[problem 7-3, white to play]PL[W]AB[eg][hf][jc][kf][db][jh][gh][hi][gg][fc][jd][ec][eh][fe][eb]AW[hc][if][ie][hh][be][he][dc][dg][gb][de][cb][dd][ic][ig])
(;C[problem 7-4, white to play]PL[W]AB[eg][kg][he][fj][gi][ij][kc][ge][gg][fb][ii][ed][gc][pc][lg][le][ie][ki][gd][fc][lc]AW[ee][jb][gb][ch][ih][ec][if][id][je][ej][dc][kf][hd][ig][hb][ei][df][dd][jd])
(;C[problem 7-5, black to play]PL[B]AB[hc][ld][hg][kb][he][db][gc][ge][gb][gg][mg][mf][me][mi][lc][lh][eb]AW[fh][ji][lj][ff][fd][kc][jg][je][ib][li][dc][jc][fg][lg][le][hb][hi][cc][ic])
(;C[problem 7-6, white to play]PL[W]AB[hh][hg][id][le][kb][kg][ji][jh][gc][ge][fc][fh][fb][lc][eb]AW[eg][hb][ee][ed][jc][db][jb][jg][jf][je][jd][fg][ec])
(;C[problem 7-7, black to play]PL[B]AB[hc][ie][ed][dc][hd][cc]AW[eg][fd][df][gg][fc])
(;C[problem 7-8, black to play]PL[B]AB[hc][hg][he][gc][mc][ge][gg][mg][fc][me][mi][lc][lh]AW[fd][fi][li][kc][jc][hi][jg][je][dd][lj][ih][ff][fe][eb])
(;C[problem 7-9, white to play]PL[W]AB[ie][id][le][kb][kh][ii][lf][gc][gh][ge][gg][fc][fb][lb][lg][lc][eb]AW[hc][hb][kc][ef][ed][kg][jc][db][jb][ke][jg][je][eh][ce][ec][ig])
(;C[problem 7-10, black to play]PL[B]AB[hc][hg][he][gc][ge][mb][gg][mg][mf][me][md][mi][lc][lh][eb]AW[fd][lg][fi][kc][li][jc][db][ke][jg][hi][dd][ji][lj][ce][ff][fe][le])
(;C[problem 7-11, black to play]PL[B]AB[if][bb][hb][ef][hf][he][hd][jg][gb][ch][gd][cb][gi][cf][ce][ff][cd]AW[eg][ee][db][ec][kc][dg][ge][ib][hh][fi][kf][fg][ig][ie][jh][df][jf][fc][ca][gf][ic])
(;C[problem 7-12, white to play]PL[W]AB[eg][gi][ij][ji][if][id][ge][gg][fb][hj][fk][ej][kh][gc][lg][le][eb][ie][kb][fc][lc]AW[ee][db][gb][ec][hc][dg][jg][je][eh][ii][dc][jc][ig][hb][dh][df][jf][jd][ic])
(;C[problem 7-13, white to play]PL[W]AB[eg][ee][kg][he][ke][gi][ec][ba][kc][dg][ge][cb][hf][dc][da][fg][eb][hb][ei][jh][hi][fc][gf][ic]AW[hg][gb][ch][cd][bc][if][id][gg][fb][ef][hd][gc][cg][ce][ig][bb][ie][cc][gd])
(;C[problem 7-14, white to play]PL[W]AB[bg][hg][ij][ji][cd][kc][id][ag][dg][jg][cb][fb][ib][dc][cg][eb][bb][ei][hi][gh][cc][jf]AW[be][he][db][gb][ch][fj][gi][ec][bc][if][de][ck][hj][ej][bh][ed][bd][gc][ce][dj][hk][gd][dd])
(;C[problem 7-15, black to play]PL[B]AB[bg][hg][ch][fh][ec][hc][jg][gg][eh][fi][ac][dc][bd][gc][cg][fg][ig][bb][ah][dh][cc][ic]AW[eg][ee][be][kg][ke][fj][gi][ji][cd][if][fd][id][dg][ae][bj][hj][ci][ej][bh][hh][kh][ce][ie][ei][bi][gd])
(;C[problem 7-16, black to play]PL[B]AB[hc][hb][kc][nc][lf][gh][ge][gg][gd][fc][gf][mf][me][lb][ih][lc][lh]AW[hg][jb][ch][ff][ec][cd][fb][hj][eh][fi][ii][ed][jc][hd][le][kb][jh][jf][jd][ic])
(;C[problem 7-17, black to play]PL[B]AB[hc][if][hb][hf][he][dc][hd][bi][kd][gg][de][cb][dd][cf][bj][ci]AW[kg][db][cj][ih][ff][ec][ld][kc][je][ck][ej][jc][gc][fg][fe][ie][bk][gj][hi][fc])
(;C[problem 7-18, white to play]PL[W]AB[if][ff][ie][ee][ii][dc][jc][dh][jh][gi][fh][di][ic][ec]AW[hc][hg][he][gc][ge][cc][gg][ch][fc][cg][ce][cd])
(;C[problem 7-19, black to play]PL[B]AB[eg][bg][hg][id][dc][gc][dg][cc][gg][fc][cg][fg][ic][ec][eh][bc]AW[if][fd][ie][fi][bf][ed][be][ei][bd][hd][ke][dh][jh][hi][de][gf][fh][ci])
(;C[problem 7-20, white to play]PL[W]AB[ee][he][db][gi][ij][cf][ff][ec][dg][cb][je][ib][hh][fi][dc][ig][ei][dh][fc][ic]AW[bb][hb][bf][cj][gc][gh][ge][cc][gg][gd][ch][gf][cg][di][fb][ce][cd][ej])
(;C[problem 7-21, white to play]PL[W]AB[dc][bd][db][cc][de][ca][ce]AW[hc][ea][eg][bf][be][da][fc][cg][cd][fe][eb])
(;C[problem 7-22, black to play]PL[B]AB[bb][hb][ed][be][aa][gc][ca][fb][ce][ec]AW[dc][bd][da][cc][eb][fa][bc])
(;C[problem 7-23, black to play]PL[B]AB[bb][hb][bf][ed][be][aa][ge][gd][cb][de][ca][eb]AW[ea][dc][bd][cc][ad][fc][fb][cd])
(;C[problem 7-24, white to play]PL[W]AB[ea][bd][db][ad][cb][fa][bc]AW[hc][bb][ac][bf][da][gb][df][ca][dd][ec][eb])
(;C[problem 7-25, white to play]PL[W]AB[ab][he][cf][ec][ff][bc][hc][ea][ib][ef][ac][bf][bd][hd][gc][da][eb][bb][af][cc][df][fc][gf][ic][ia]AW[eg][bg][hg][be][db][jb][gb][if][fd][ba][id][ag][dg][ae][jd][gg][cb][fb][ed][dc][aa][jc][ja][ga][cg][fg][ce][ie][hb][ad][gd][ca][dd])
(;C[problem 7-26, black to play]PL[B]AB[eg][he][jb][cf][ff][cd][fd][ha][ae][ge][cb][je][ef][bf][jc][bd][ja][ga][cg][fe][ie][hb][cc][fc][jd]AW[bg][be][ke][gb][ch][ec][hc][ea][if][kc][ka][de][fb][ib][eh][bh][hf][dc][gc][kd][fg][ce][eb][kb][dh][gh][jf][gf][dd][ic][ia])
(;C[problem 7-27, black to play]PL[B]AB[bg][hg][ee][db][jb][gb][ch][fh][bc][if][ea][dg][jg][gg][de][je][dc][jc][gc][ja][ga][cg][ce][bb][ah][bi][af][cc][gd][jd][fa]AW[he][cf][ff][cd][fd][id][fb][ib][ef][ac][bf][ed][hf][bd][fe][eb][ie][df][ad][dd][ic][ia])
(;C[problem 7-28, black to play]PL[B]AB[eg][bg][ab][he][db][cd][bc][ha][id][dg][gg][de][fb][lb][ib][ac][bf][hf][dc][da][ja][kd][cg][fg][fc][dd][jd][la][lc][ia]AW[be][gb][cf][ff][hc][ba][kc][ka][ae][ge][cb][ef][ed][jc][hd][ga][ce][bb][hb][kb][df][ad][gd][gf][ca][ic][fa])
(;C[problem 7-29, white to play]PL[W]AB[bb][hb][jb][gc][gb][cc][fc][ca][ec][ia]AW[ee][ab][he][db][cf][cd][bc][ea][kc][ha][id][fb][lb][bd][da][ga][fe][eb][ic][fa])
(;C[problem 7-30, white to play]PL[W]AB[hc][hb][ee][ed][ka][db][ja][cc][ad][gd][ge][fc][ic][ec][ia][eb]AW[bg][ab][jb][gb][mb][cf][ff][cd][ea][fd][ba][ha][kc][dg][gg][cb][je][fb][ib][ac][dc][aa][hd][gc][da][ga][ig][fe][bb][ie][ca][dd][fa][lc])
(;C[problem 7-31, white to play]PL[W]AB[hb][hf][he][hd][gc][df][fc][dd][ff]AW[hc][dc][jc][ge][gd][ic][ce][ec][cd])
(;C[problem 7-32, black to play]PL[B]AB[if][eg][he][ge][df][ce][ff]AW[ee][dh][gc][cc][gg][gf][cg][fh][ec][eh])
(;C[problem 7-33, black to play]PL[B]AB[fd][ie][ed][he][gd][dd][cf][fg][ce]AW[hc][eg][dc][dh][hd][cc][gg][ch][fc][fh][ec][cd][fe])
(;C[problem 7-34, white to play]PL[W]AB[ff][hh][hg][hf][he][dc][hd][dg][gh][df][gd][de][ic][ec][cd]AW[fd][ed][gc][ge][gg][gi][fc][gf][fh][eh][ci])
(;C[problem 7-35, black to play]PL[B]AB[hh][fi][hf][he][dc][gc][gg][gd][cg][dd][fh][cf][ic][ce]AW[ee][dh][ge][df][ch][fc][gf][fg][ec][eh])
(;C[problem 7-36, white to play]PL[W]AB[eg][dc][dh][df][gg][de][fc][fg][ec]AW[hf][gc][dg][cc][ch][gd][gf][cg][ic][ce][cd][ci])
(;C[problem 7-37, white to play]PL[W]AB[fd][ie][id][ee][he][dg][gd][gf][cg][ce][ff][cd]AW[hc][eg][bh][hf][dh][hd][gc][ge][cc][gg][ch][fc][fg][ec][ig][bc])
(;C[problem 7-38, black to play]PL[B]AB[fd][dh][hd][gh][ch][gd][cg][dd][eh][fh][ec][cd][bc]AW[if][ee][ed][bd][dg][gf][cf][fg][ce][ih])
(;C[problem 7-39, white to play]PL[W]AB[sm][hp][jb][ak][hn][gb][kn][jk][cs][fs][cf][sk][sb][fq][ec][cd][lf][lh][pi][lq][cm][os][bl][rf][rs][qa][fo][de][se][ro][jm][ob][rb][ik][ef][li][hs][qs][ed][kq][bd][gc][nf][ja][kd][ga][pa][cp][sl][le][bb][rg][aj][ip][kb][as][bi][rn][aq][gs][mh][js][hr][gd][ps][kr][ss][oc][sd]AW[ra][ee][qr][db][kp][ne][qn][so][pb][gr][rj][oh][mi][ls][rh][iq][sr][qc][nc][ka][im][dg][la][co][mg][cb][je][gn][gp][fb][lb][me][sg][ib][bj][sp][bh][bf][fr][lr][nh][bm][al][mc][jl][cg][bo][og][eb][cn][am][ds][cc][jq][sj][nr][fc][dd][jd][sh][fa][md][il]LB[bc:A])
(;C[problem 7-40, white to play]PL[W]AB[ra][en][go][hn][fj][ch][dk][gi][cs][fs][di][ar][ec][ls][oq][qa][im][co][ae][ap][ss][gg][dp][io][sp][fk][rb][ac][bf][qs][ns][dc][al][gm][da][dl][jl][ga][ma][gl][km][ig][cn][eo][ah][as][ds][bi][df][sj][nr][sh][ll][oa]AW[ep][jk][fh][cq][sb][ih][os][el][pr][fm][nc][de][cb][gn][dn][eh][ci][ej][hh][eq][hm][cg][sc][cp][bo][bb][aj][ek][fn][bk][ei][kk][gh][dq][qi][mq][ca][dd][pq][il]LB[hl:A])
(;C[problem 7-41, white to play]PL[W]AB[rl][do][bp][jb][ai][rj][sb][sr][rf][qa][ae][rm][fb][dn][bj][ro][ks][ac][aa][da][ja][cg][cp][fp][cn][qo][am][re][ah][on][dq][ms][ca][sf][sq][dm]AW[sm][ao][pm][ep][en][ak][sk][gr][lq][cd][el][ka][rd][co][dp][se][ib][ci][sn][bh][eq][em][qm][sl][bo][eo][rg][fn][cc][df][gq][gm][la][sd][rc]LB[bq:A])
(;C[problem 7-42, white to play]PL[W]AB[ra][ao][ab][he][qr][ng][kp][jb][ch][ai][pb][fs][ar][sb][os][cd][lf][bc][if][lh][ld][si][kc][iq][mr][sr][nc][ag][ap][ss][de][gp][rs][sp][bj][pe][ob][ro][hs][li][ac][ii][fr][ns][ir][gc][da][ja][nf][pc][qm][sc][lg][lp][ie][oe][aj][ah][qb][bk][rn][aq][er][hr][gd][sj][nr][ca][mf][sh][pq][fa][sq][pd]AW[sm][bn][ak][ne][mb][np][sk][od][ka][bf][kf][ma][hb][rp][js][df][ad][ic][rc][oa][ke][of][qa][ql][an][me][lb][lo][hf][al][qf][nd][nq][or][ig][bi][af][ki][jf][oc][la][kg][cj][qe][qp][jr][ls][hc][rq][dg][mg][es][bq][rk][kq][jc][ce][nb][gb][ji][is][fq][rd][na][bs][rb][kh][ga][pa][ho][qo][kb][ds][mh][jq][ms][pf][lc]LB[mc:A])
(;C[problem 7-43, white to play]PL[W]AB[eg][sm][jo][db][ak][cq][sk][lq][cm][kl][sg][hs][eq][qh][qs][gc][ml][dj][ah][as][ic][ab][ch][cs][oj][hl][gg][cb][pg][jn][dc][al][qf][eb][cn][ln][af][gq][cl][sh][go][po][cf][mi][iq][el][rq][rm][ap][ik][cr][ac][oi][ns][jc][fg][le][lp][er][qi][nr][mm][gb][mk][is][rs][fm][rd][oo][bh][bs][hq][nf][hm][ga][gj][aq][ms][jq][pf]AW[do][be][qr][mo][bn][hn][nn][kp][dk][ai][fh][rj][oh][ec][cd][pk][bc][rh][fd][jr][sr][ba][kc][qc][id][nc][bl][dg][ae][dp][an][dn][mp][sn][fi][ks][fr][ed][nh][bm][bd][hd][ri][ir][mc][kd][dl][rr][pc][os][km][pl][ko][bb][rg][bk][hk][ei][in][on][bi][br][nk][cc][dq][gd][ph][sj][dd][jd][mf][hr][oc][kr][lc][rc]LB[hc:A])
(;C[problem 7-44, white to play]PL[W]AB[ra][db][jb][qe][ne][fj][pb][fh][cf][rj][oh][bc][ba][ha][id][nc][rd][fb][lb][eh][rb][qj][qh][hf][bd][qf][nd][gc][rr][pl][bb][hb][oe][br][pj][df][ad][qi][fc][mf][qr][fa][la][lc][rc]AW[pm][be][ab][en][ng][ke][qp][mb][ch][gi][sk][ar][sb][pk][ec][rs][hc][ea][pi][sr][qc][od][qa][ql][ge][gg][mg][cb][pg][se][ib][fk][ci][ej][bs][fi][ok][eq][qs][ed][hd][em][da][mc][qd][nf][ma][pd][ce][lg][eb][le][ie][rg][qo][re][qb][ei][aq][qk][dq][sj][ph][gf][ps][ic][md][ia][oa]LB[rf:A])
(;C[problem 7-45, white to play]PL[W]AB[ne][mb][kn][cq][oh][ka][co][gp][fb][hh][eq][gc][dl][nm][pc][qb][js][gm][ic][fl][fa][sd][hn][oj][hl][de][dp][me][jn][lo][mp][hj][qj][hf][fr][qf][nq][eb][aj][oe][no][nk][hr][ca][pq][bg][qe][nn][ar][mi][iq][hc][el][qc][im][je][gn][io][se][ro][bq][lr][nh][jc][fg][sl][bo][lp][nb][hi][dq][pd][ee][gb][ji][gr][ec][rd][nl][bd][qq][kd][kb][hk][pj][mh][am][pf]AW[sm][ao][db][ak][bn][gi][ij][sk][lq][if][fd][cm][rf][lm][nc][dn][ob][qs][kf][hd][em][rr][ma][ie][fn][ip][re][ah][mf][kr][rc][ol][kp][ch][qn][dr][bc][of][kc][ha][pg][lb][eh][sn][ed][dc][ri][or][mc][jl][ig][jj][af][ki][gd][gq][fc][sf][sh][oc][ll][kg][hp][go][qp][rk][ns][cp][og][bk][er][cc][qi][ps][ep][qg][mo][ai][pb][lj][fq][om][ci][bs][gl][qm][bb][ei][gj][ni][jq][sq][jm][lc][il]LB[jb:A])
(;C[problem 7-46, white to play]PL[W]AB[bp][cj][ak][gb][dk][cq][cf][is][fq][dr][bc][rh][fd][el][lm][ka][rd][ql][nl][rm][ge][ap][de][fb][lb][se][ck][lo][ci][ej][kj][qj][ik][li][nj][ok][fa][sn][ed][nh][eq][bd][hd][hq][kq][nf][kd][qd][jl][ga][nm][fg][lp][oe][ln][jj][ei][gj][mj][js][er][ad][qi][gq][gf][hr][jd][ic][oc][lc][rc][pd]AW[sm][ra][rl][np][mb][jk][ij][fh][fs][sk][rj][ba][rf][sg][bj][lk][hs][bf][qh][ir][gc][dl][pc][ma][ie][fn][ek][ip][re][on][rp][as][gm][sd][oa][ol][be][ab][ke][jb][kp][ch][qn][cs][oj][ff][cd][ld][kc][ha][dp][me][mp][fr][dc][aa][ri][nd][mc][ja][sa][cn][rg][aj][bi][nk][ki][ca][il][pq][ll][go][gk][di][ar][sb][mi][hc][qc][im][jp][ef][cr][es][ac][rk][lr][jc][km][cp][sl][bo][kk][gs][dq][cc][sj][ph][dm][mm][hg][ee][ai][mk][lj][ih][gr][si][id][ag][jg][oo][bs][rb][kh][sc][pa][pl][lg][bb][kb][br][dh][rn][qk][aq][ds][mh][dd][pf][jm][ia]LB[bq:A])
)