(;FF[4]GM[1]SZ[19]
C[Lee Chang-ho's Selected Life and Death Go Problems

This is a collection of 727 problems from Lee Chang-ho's Selected Life and Death Go Problems, originally published as a six-volume series. The problems become more difficult as one proceeds through the volumes. All the problems are black to move.
Enjoy solving the problems and developing your reading skills.
 - Vit Brunner
]
(;C[volume 1, problem 1]PL[B]AB[bb][ac][ab][dc][cc][ec][eb]AW[fd][ba][ed][bd][ad][fc][dd][fb][fa][cd][bc])
(;C[volume 1, problem 2]PL[B]AB[ac][ab][dc][cc][ec][bc]AW[fd][bb][ed][bd][gc][ad][gd][cb][dd][fb][fa][cd])
(;C[volume 1, problem 3]PL[B]AB[bb][da][eb][ca][dd][ec][cd][bc]AW[ea][fd][ac][ed][be][bd][ce][de][fc][fb][fa])
(;C[volume 1, problem 4]PL[B]AB[bb][dc][cc][fb][fa][eb]AW[ee][ab][bd][gc][gb][fc][dd][ce][ec][bc])
(;C[volume 1, problem 5]PL[B]AB[dc][db][gc][gb][cc][ga][cb][fc][ec][bc]AW[hc][fd][bb][ac][ed][aa][bd][hd][ad][gd][ca][dd][fa][ib][cd][eb])
(;C[volume 1, problem 6]PL[B]AB[bb][dc][gb][cc][ga][fb][eb]AW[hc][hb][ha][ab][bd][gc][fc][dd][ec][cd][bc])
(;C[volume 1, problem 7]PL[B]AB[bd][db][cc][ca][bc]AW[bb][be][dc][ae][ce][ec][cd][eb])
(;C[volume 1, problem 8]PL[B]AB[ba][ac][dc][db][cc][eb][bc]AW[bb][hb][ab][bd][ad][fc][dd][fb][ec][cd])
(;C[volume 1, problem 9]PL[B]AB[bb][ba][ac][ed][bd][dd][cd][bc]AW[fd][ee][be][ae][cc][ad][de][cb][fc][ce][eb])
(;C[volume 1, problem 10]PL[B]AB[ac][bd][db][cb][ca][cd][bc]AW[ea][be][ab][da][ae][ad][de][dd][ce][ec][eb])
(;C[volume 1, problem 11]PL[B]AB[ac][dc][db][da][bc]AW[ea][ed][bd][ad][dd][ec][cd][eb])
(;C[volume 1, problem 12]PL[B]AB[ea][ac][dc][db][eb][cd][bc]AW[ba][be][bd][cc][de][fc][dd][fb][fa][ec])
(;C[volume 1, problem 13]PL[B]AB[fd][ed][dc][cc][gd][cb][ca][dd][fb][fa]AW[hc][bb][hb][ba][ee][hd][db][bc][gb][ge][de][ce][cd][fe][eb])
(;C[volume 1, problem 14]PL[B]AB[fd][ee][dc][de][cb][fc][dd][fb][fa][fe]AW[ff][bb][ef][ed][gc][ge][gb][cc][ga][gd][df][ce][ec][cd][eb])
(;C[volume 1, problem 15]PL[B]AB[bb][bd][db][da][ad][bc]AW[ea][ba][ac][be][dc][ae][de][ce][ec][eb])
(;C[volume 1, problem 16]PL[B]AB[ea][ac][dc][bd][db][dd][cd][eb]AW[ee][ed][be][aa][ce][ae][cc][de][cb][fb][fa][ec][bc])
(;C[volume 1, problem 17]PL[B]AB[bb][ba][ab][dc][cc][ec]AW[fd][ee][bd][cb][fc][dd][fb][fa][cd][bc])
(;C[volume 1, problem 18]PL[B]AB[dc][da][cb][fc][ca][ec][eb]AW[fd][bb][hb][ba][ed][gc][cc][gd][dd][ic][cd])
(;C[volume 1, problem 19]PL[B]AB[bb][ba][dc][bd][db][da][dd][cd]AW[ea][ee][ed][be][eb][ad][cb][de][ce][ec][bc])
(;C[volume 1, problem 20]PL[B]AB[ba][bd][db][da][cc][cb]AW[ea][be][dc][ae][eb][ad][fc][dd][ce][bc])
(;C[volume 1, problem 21]PL[B]AB[bb][dc][bd][db][da][dd][cd]AW[ea][ac][ed][be][ad][de][ca][ce][ec][fe][eb])
(;C[volume 1, problem 22]PL[B]AB[ac][db][da][cc][bc]AW[ea][dc][bd][ad][ec][cd][eb])
(;C[volume 1, problem 23]PL[B]AB[bd][cb][db][bc]AW[be][dc][cc][ce][ec][eb])
(;C[volume 1, problem 24]PL[B]AB[bb][dc][db][gb][ga][cb][fc][ec]AW[fd][hb][ba][ab][gc][cc][gd][dd][ic][ce][bc])
(;C[volume 1, problem 25]PL[B]AB[cb][db][ac][bc]AW[ee][bd][cc][ec][cd][eb])
(;C[volume 1, problem 26]PL[B]AB[bd][eb][cb][ca][dd][cd][bc]AW[hc][bb][ac][be][ab][gb][ad][de][fc][ce][ff][fe])
(;C[volume 1, problem 27]PL[B]AB[ac][dc][db][cc][bc]AW[ea][ed][bd][ad][dd][ec][cd][eb])
(;C[volume 1, problem 28]PL[B]AB[ea][dc][gb][ga][cb][fc][ec]AW[hc][fd][bb][hb][ba][ha][ed][gc][bc][cc][dd][eb])
(;C[volume 1, problem 29]PL[B]AB[ea][bb][ba][dc][cb][fb][ec]AW[ed][ab][gc][gb][ga][fc][dd][cd][bc])
(;C[volume 1, problem 30]PL[B]AB[bb][ab][dc][cc][eb][ec][bc]AW[ea][fd][ac][ed][bd][ad][fc][dd][fb][fa][cd])
(;C[volume 1, problem 31]PL[B]AB[ea][bb][dc][cc][ec][eb]AW[fd][ed][bd][fc][dd][fb][fa][cd][bc])
(;C[volume 1, problem 32]PL[B]AB[da][cc][cb][dd][fb][ec][cd]AW[fd][bb][ba][ed][bd][gc][gb][ga][de][ce][bc])
(;C[volume 1, problem 33]PL[B]AB[dc][ba][db][bc]AW[ed][bd][dd][ec][cd][eb])
(;C[volume 1, problem 34]PL[B]AB[bc][cc][db][da]AW[dc][bd][ad][ec][cd][eb])
(;C[volume 1, problem 35]PL[B]AB[dc][db][da][cc][bc]AW[ea][bb][ee][be][dd][ec][cd][eb])
(;C[volume 1, problem 36]PL[B]AB[bb][ba][dc][cc][eb][fb][bc]AW[ac][ab][bd][gc][gb][fc][dd][ec][cd])
(;C[volume 1, problem 37]PL[B]AB[ea][dc][cc][eb][ca][bc]AW[ba][ab][bd][ad][fc][dd][fb][fa][ec][cd])
(;C[volume 1, problem 38]PL[B]AB[ac][be][cc][cb][ca][ce][cd]AW[ef][bf][dc][db][ae][cf][ad][de][fb])
(;C[volume 1, problem 39]PL[B]AB[bb][ba][dc][gb][cb][fb][eb]AW[hb][ed][ab][gc][cc][de][fc][ic][ec][cd][bc])
(;C[volume 1, problem 40]PL[B]AB[cc][dc][ba][bc]AW[ea][ed][bd][ad][dd][ec][cd][eb])
(;C[volume 1, problem 41]PL[B]AB[hb][dc][db][gc][gb][cb][fc][ec]AW[hc][ea][bb][fd][ed][bd][cc][gd][dd][ic][ib])
(;C[volume 1, problem 42]PL[B]AB[bb][be][ab][bd][da][cc][cb]AW[bf][dc][db][af][df][ca][fb][ce][cd])
(;C[volume 1, problem 43]PL[B]AB[ea][dc][cc][eb][ca][bc]AW[ba][bd][ad][fc][dd][fb][fa][ec][cd])
(;C[volume 1, problem 44]PL[B]AB[dc][bd][eb][cb][dd][cd][bc]AW[bb][ac][ed][be][ce][ae][ad][de][fb][fa][ec][fe])
(;C[volume 1, problem 45]PL[B]AB[db][cc][eb][ca][bc]AW[bb][dc][bd][fc][fb][ec][cd])
(;C[volume 1, problem 46]PL[B]AB[bb][ab][dc][cc][de][dd][ce][bc]AW[ba][ee][bf][ed][db][cf][df][cb][fb][ec])
(;C[volume 1, problem 47]PL[B]AB[hc][hb][ha][dc][db][da][ga][gd][fc][ec]AW[fd][id][ed][he][gc][ge][cc][cb][ca][dd][ic][ce][ib][ia])
(;C[volume 1, problem 48]PL[B]AB[ea][dc][db][cc][eb][ad][bc]AW[bb][bf][ed][bd][gc][dd][fb][fa][ec][cd])
(;C[volume 1, problem 49]PL[B]AB[bb][dc][db][da][bc]AW[ea][ed][bd][ad][dd][ec][cd][eb])
(;C[volume 1, problem 50]PL[B]AB[ac][db][cc][eb][fa][bc]AW[ea][fd][dc][bd][gb][ad][fb][ec][cd])
(;C[volume 1, problem 51]PL[B]AB[bd][cb][bc]AW[be][dc][cc][fc][ce][cd])
(;C[volume 1, problem 52]PL[B]AB[ed][db][gc][gb][ga][cb][ca][ec]AW[hc][fd][bb][hb][ha][ee][dc][hd][df][gd][dd][bc])
(;C[volume 1, problem 53]PL[B]AB[ea][dc][cc][eb][cb][bc]AW[bb][ed][bd][gc][ad][dd][fb][fa][ec][cd])
(;C[volume 1, problem 54]PL[B]AB[ac][bd][db][da][cc][cb]AW[ea][ed][be][dc][ae][ad][ce][cd][eb])
(;C[volume 1, problem 55]PL[B]AB[ba][be][bd][db][cb][bc]AW[bf][af][ae][cc][ad][cf][ce][ec][cd][fe][eb])
(;C[volume 1, problem 56]PL[B]AB[ea][ac][db][cc][eb][bc]AW[bb][dc][bd][fc][fb][ec][cd])
(;C[volume 1, problem 57]PL[B]AB[bb][ba][dc][bd][de][dd][ce][ec][bc]AW[ea][ee][ac][bf][ed][ab][be][cf][ad][df][fc][fb][ff])
(;C[volume 1, problem 58]PL[B]AB[bb][ac][dc][da][bc][cb][ec][eb]AW[ea][ed][bd][cc][ad][fc][dd][fb][fa][cd])
(;C[volume 1, problem 59]PL[B]AB[dc][bd][db][da][cb][dd][cd]AW[ee][ed][be][cc][ad][eb][de][ce][ec][bc])
(;C[volume 1, problem 60]PL[B]AB[hb][db][gc][da][fc][fa][ec]AW[hc][fd][ed][dc][cc][gd][cb][ic][ib][eb])
(;C[volume 1, problem 61]PL[B]AB[dc][bd][gc][gb][fc][ec][cd]AW[db][cc][eb][fb][fa][bc])
(;C[volume 1, problem 62]PL[B]AB[bb][ba][ee][bd][gc][gb][gd][de][ce][ec][fe][bc]AW[fd][ed][cc][cb][fc][ca][dd][fb][cd])
(;C[volume 1, problem 63]PL[B]AB[ee][be][db][gc][ae][gb][fc][dd][ec][cd]AW[ea][ac][dc][bd][cc][ad][cb][fb][eb])
(;C[volume 1, problem 64]PL[B]AB[hc][fd][bb][hb][ha][ed][hd][cc][gd][dd][ce][bc]AW[ba][dc][gc][gb][ga][cb][fc][ca][ec])
(;C[volume 1, problem 65]PL[B]AB[hc][fd][bb][ba][ed][db][gd][dd][ic][ib][cd][ia][bc]AW[hb][ha][gc][cc][ga][cb][fc][ca][fb][eb])
(;C[volume 1, problem 66]PL[B]AB[hc][bb][hb][ha][ee][be][hd][gc][da][ge][de][ec][cd][fe][bc]AW[ea][fd][ba][ed][dc][gb][cc][gd][cb][fc][dd][fa])
(;C[volume 1, problem 67]PL[B]AB[fd][ee][ac][be][bd][ce][de][fc][fb][fa][fe]AW[ea][ba][ed][cc][eb][dd][ec][cd][bc])
(;C[volume 1, problem 68]PL[B]AB[ef][ac][bf][ab][bd][db][gc][ce][ge][gb][df][ga][gd][fa][ff]AW[ea][bb][fd][ee][da][de][fc][ca][fb][ec][cd][fe][bc])
(;C[volume 1, problem 69]PL[B]AB[ea][be][dc][de][fc][dd][ce][eb]AW[ba][db][da][cc][cb][cd])
(;C[volume 1, problem 70]PL[B]AB[be][dc][de][fc][dd][ce][eb]AW[ab][db][da][cc][cb][cd])
(;C[volume 1, problem 71]PL[B]AB[fd][ee][ac][be][bd][gb][ga][de][fc][ce][fe]AW[bb][ed][ab][da][dd][fb][fa][cd][bc])
(;C[volume 1, problem 72]PL[B]AB[fd][be][ae][ad][de][dd][ce][ec][eb]AW[dc][bd][db][cb][cd][bc])
(;C[volume 1, problem 73]PL[B]AB[dc][bd][ad][fc][fb][fa][ec][cd]AW[ba][ac][db][cc][eb][bc])
(;C[volume 1, problem 74]PL[B]AB[bb][ef][bd][gc][ge][gb][df][ga][gd][fc][cf][ce][ff][bc]AW[ea][fd][ee][dc][cc][de][cb][fb][ec][cd][fe])
(;C[volume 1, problem 75]PL[B]AB[hc][bd][fc][dd][ec][cd][bc]AW[bb][ac][dc][db][cc])
(;C[volume 1, problem 76]PL[B]AB[be][dc][gc][ae][gb][ad][fc][ce][ec][cd]AW[bd][db][cc][eb][ca][fb][bc])
(;C[volume 1, problem 77]PL[B]AB[ea][ed][bd][ad][dd][ec][cd][eb]AW[ac][dc][db][da][cc][bc])
(;C[volume 1, problem 78]PL[B]AB[ea][be][dc][ae][ad][de][fc][dd][ce][eb]AW[ac][bd][db][da][cc][cb][cd])
(;C[volume 1, problem 79]PL[B]AB[bb][hb][ba][ha][ee][he][gc][da][cc][gd][de][ce][cd][fe]AW[fd][ed][db][gb][ga][cb][fc][ca][dd][eb])
(;C[volume 1, problem 80]PL[B]AB[bd][gc][gb][ga][fc][dd][ec][cd][bc]AW[bb][ab][dc][cc][ca][fb][eb])
(;C[volume 1, problem 81]PL[B]AB[bd][fc][ca][dd][fb][fa][ec][cd][bc]AW[bb][ab][dc][da][cc][cb][eb])
(;C[volume 1, problem 82]PL[B]AB[ea][fd][ee][be][ce][ae][de][fc][fb][fa][cd][fe]AW[bb][ac][ed][bd][cc][ad][dd][ec][eb])
(;C[volume 1, problem 83]PL[B]AB[bb][hb][ha][ee][bd][gc][gd][de][ce][fe][bc]AW[ed][db][cc][ga][cb][fc][ca][dd][fa])
(;C[volume 1, problem 84]PL[B]AB[ed][be][cb][fc][ca][dd][fb][cd][bc]AW[bb][ba][dc][bd][db][cc])
(;C[volume 1, problem 85]PL[B]AB[ee][ac][ed][be][ad][de][ca][ce][ec][eb]AW[bb][dc][bd][db][da][dd][cd][bc])
(;C[volume 1, problem 86]PL[B]AB[bf][be][gc][gb][df][de][fc][dd][cf][ec]AW[db][ce][cc][cb][fb][fa][cd][eb])
(;C[volume 1, problem 87]PL[B]AB[fd][ac][bd][ad][cb][dd][fb][ec][cd]AW[ba][ab][db][cc][bc])
(;C[volume 1, problem 88]PL[B]AB[hc][fd][bb][hb][ef][he][hd][de][gf][ff][cd][bc]AW[ee][db][gc][gd][cb][fc][ec][fe])
(;C[volume 1, problem 89]PL[B]AB[ee][ed][ab][be][bd][de][ce][ec][eb]AW[dc][db][da][ad][cb][dd][cd][bc])
(;C[volume 1, problem 90]PL[B]AB[hc][bb][hb][ba][ha][ef][he][dc][hd][ge][cc][df][ga][de][dd][ff]AW[ee][ed][db][gc][gb][gd][cb][fc][fa][ec][fe])
(;C[volume 1, problem 91]PL[B]AB[hc][fd][ed][be][dc][bd][gd][de][ce]AW[cc][cb][dd][ec][cd][bc])
(;C[volume 1, problem 92]PL[B]AB[ac][bd][fc][dd][fb][fa][ec][cd]AW[bb][ab][dc][da][cc][eb][bc])
(;C[volume 1, problem 93]PL[B]AB[hc][fd][bb][hb][ba][ha][ee][bd][hd][gd][de][cd][bc]AW[ea][gc][gb][cc][cb][fc][dd][ec][eb])
(;C[volume 1, problem 94]PL[B]AB[hc][hb][ba][ha][ac][ed][bd][db][gc][fc][dd][cd][bc]AW[bb][ab][dc][gb][cc][cb][ca][fb][ec])
(;C[volume 1, problem 95]PL[B]AB[ea][ba][dc][bd][gc][gb][ad][ga][fc][ec][cd]AW[db][bc][cc][ca][fb][fa][eb])
(;C[volume 1, problem 96]PL[B]AB[bb][hb][ba][ee][bd][gc][ge][gd][dd][ic][cd][fe][bc]AW[ea][fd][gb][cc][ga][cb][fc][ca][eb])
(;C[volume 1, problem 97]PL[B]AB[ab][bd][ad][fc][dd][fb][fa][ec][cd]AW[ba][ac][dc][db][cc][eb][bc])
(;C[volume 1, problem 98]PL[B]AB[ac][be][fc][dd][fb][ec][cd][bc]AW[ea][bb][ab][dc][cc][eb])
(;C[volume 1, problem 99]PL[B]AB[hc][fd][bb][ed][dc][jc][bd][hd][cc][gd][ib]AW[hb][ha][db][gc][cb][fc][ec][eb])
(;C[volume 1, problem 100]PL[B]AB[fd][ee][bd][db][ce][de][fc][fb][fa][fe][bc]AW[ea][bb][ed][ab][cc][dd][ec][cd][eb])
(;C[volume 1, problem 101]PL[B]AB[fd][ef][ba][bf][db][af][cf][df][cb][fb][ec][fe]AW[bb][ee][ed][ab][dc][be][cc][de][ce][cd])
(;C[volume 1, problem 102]PL[B]AB[hc][fd][ed][bd][da][gb][fc][ca][dd][cd][bc]AW[bb][ba][dc][db][cc][fb][fa][ec])
(;C[volume 1, problem 103]PL[B]AB[bf][dc][db][cf][fb][ce][cd][bc]AW[bb][be][bd][cc][cb])
(;C[volume 1, problem 104]PL[B]AB[ea][fd][dc][bd][gb][cc][ad][fb][ec]AW[bb][ac][db][bc][cb][fa][eb])
(;C[volume 1, problem 105]PL[B]AB[ba][ac][bf][ed][bd][gc][dd][fb][ec][cd]AW[ab][dc][da][cc][eb][ca][bc])
(;C[volume 1, problem 106]PL[B]AB[ba][bd][ad][fc][dd][fb][ec][cd]AW[ea][dc][da][cc][eb][cb][bc])
(;C[volume 1, problem 107]PL[B]AB[ac][ed][bd][gc][gb][ga][fc][ca][dd][cd]AW[ea][ab][dc][db][cc][fb][ec][bc])
(;C[volume 1, problem 108]PL[B]AB[be][fc][dd][fb][fa][ec][cd][bc]AW[ea][bb][ab][dc][cb][eb])
(;C[volume 1, problem 109]PL[B]AB[fd][ef][ba][ee][bf][bd][db][df][cb][fc][cf][eb]AW[bb][ed][ab][dc][be][cc][de][ce][ec][bc])
(;C[volume 1, problem 110]PL[B]AB[hc][fd][bb][hb][ed][gd][dd][fa][cd][bc]AW[dc][gb][ga][cb][fc][ec][eb])
(;C[volume 1, problem 111]PL[B]AB[bb][hb][ba][bd][gc][dg][gd][cb][dd][cf][ic][ce][ff][fe][bc]AW[fd][ee][dc][db][gb][cc][ga][de][fc][ca][ec][cd])
(;C[volume 1, problem 112]PL[B]AB[hc][fd][bb][hb][ed][hd][gd][dd][cd][bc]AW[dc][gc][gb][cc][cb][fc][ca][ec])
(;C[volume 1, problem 113]PL[B]AB[fd][ba][dc][bd][gc][gb][dd][ib][cd][fe][bc]AW[bb][ab][db][cc][cb][ca][fb])
(;C[volume 1, problem 114]PL[B]AB[hb][be][dc][gb][cc][fc][fa][ec][bc]AW[bb][ab][db][ga][cb][fb][eb])
(;C[volume 1, problem 115]PL[B]AB[hc][fd][ed][jc][jb][da][ja][cc][gd][cb][ca][dd][fb][ic][ce]AW[ea][hb][ec][dc][db][gc][gb][fc][ib][ia])
(;C[volume 1, problem 116]PL[B]AB[fd][bb][hb][ed][be][db][cb][fc][ca][dd][fb][cd]AW[ea][ac][dc][da][cc][eb][ec][bc])
(;C[volume 1, problem 117]PL[B]AB[ee][ed][ab][be][da][ae][eb][de][ce][ec][bc]AW[ac][dc][bd][db][ad][cb][dd][cd])
(;C[volume 1, problem 118]PL[B]AB[bb][bf][ed][cf][de][cb][fb][ec][bc]AW[ba][dc][bd][db][da][cc][ad][cd])
(;C[volume 1, problem 119]PL[B]AB[hc][hb][ab][bd][gc][fc][dd][ec][cd][bc]AW[bb][dc][db][gb][cc][fb][eb])
(;C[volume 1, problem 120]PL[B]AB[dc][bd][gb][ad][cb][fc][ec][cd]AW[bb][ba][ac][db][cc][bc])
(;C[volume 1, problem 121]PL[B]AB[bd][ad][fc][dd][fb][ec][cd]AW[ea][bb][ac][dc][cc][eb])
(;C[volume 1, problem 122]PL[B]AB[bd][fc][dd][fb][ec][cd]AW[bb][dc][cc][ca][eb])
(;C[volume 1, problem 123]PL[B]AB[hc][fd][bb][ed][dc][jc][cc][gd][ib][bc]AW[hb][db][gb][cb][fc][fa][ec])
(;C[volume 2, problem 1]PL[B]AB[be][dc][bd][db][ae][cc][de][dd][ce][bc]AW[bb][ef][ee][ac][bf][af][da][ge][df][ad][cb][fc][cf][eb])
(;C[volume 2, problem 2]PL[B]AB[ba][dc][db][da][cc][cd]AW[ea][be][ad][de][ca][dd][ce][ec][fe][eb])
(;C[volume 2, problem 3]PL[B]AB[ea][ac][dc][cc][eb][ec][bc]AW[fd][ed][bd][ad][cb][fc][dd][fb][fa][cd])
(;C[volume 2, problem 4]PL[B]AB[bb][cc][ad][eb][bc]AW[ac][bf][ed][bd][cb][fc][dd][fb][cd])
(;C[volume 2, problem 5]PL[B]AB[bb][ba][dc][cc][fb][ec]AW[ed][ab][be][gc][gb][fc][dd][cd][bc])
(;C[volume 2, problem 6]PL[B]AB[hc][fd][hb][ed][dc][db][gd][fc][fb]AW[ha][id][ee][hd][da][ge][cc][cb][dd][ic][ib][cd][fe])
(;C[volume 2, problem 7]PL[B]AB[fd][ef][ed][gc][ge][gb][cc][ga][cb][gd][dd][gf][ff][cd]AW[eg][he][db][cf][ec][bc][hc][dg][gg][hf][dc][bd][hd][fg][ce][bb][hb][fc][ca])
(;C[volume 2, problem 8]PL[B]AB[ef][ee][dc][db][gb][ga][cb][de][dd][ff][eb]AW[hc][eg][bb][hb][ba][hf][ed][he][hd][dg][cc][df][gg][fg][ce][ec][cd][fe])
(;C[volume 2, problem 9]PL[B]AB[hc][eg][ac][bf][be][dc][hd][gc][dg][ge][cc][ad][fc][cg][ec][cd][bc]AW[bg][he][db][gb][ch][fh][cf][fd][id][gg][cb][fb][eh][bh][hf][ed][ce][fe][eb][bb][hb][dh][af][df][gd][dd][ic])
(;C[volume 2, problem 10]PL[B]AB[bb][dc][gb][cb][fb][ec]AW[hc][hb][ed][ab][gc][cc][fc][ce][fe][bc])
(;C[volume 2, problem 11]PL[B]AB[ac][db][cc][eb][bc]AW[dc][bd][ad][fc][fb][fa][ec][cd])
(;C[volume 2, problem 12]PL[B]AB[fd][ed][dc][db][cb][fc][ca]AW[hc][bb][hb][ie][ha][ee][ge][cc][dd][ce][fe][bc])
(;C[volume 2, problem 13]PL[B]AB[bb][ba][dc][cb][fc][ec]AW[fd][ab][gc][gb][cc][gd][dd][ce][bc])
(;C[volume 2, problem 14]PL[B]AB[cc][cb][bd][ba]AW[ed][be][dc][db][ce][cd])
(;C[volume 2, problem 15]PL[B]AB[bb][ac][dc][db][cc][eb]AW[bd][fc][dd][fb][fa][ec][cd][bc])
(;C[volume 2, problem 16]PL[B]AB[fd][bb][ba][ed][dc][cc][fc][dd][fb][eb]AW[ee][be][ab][gc][gb][ga][cb][gd][de][fa][cd][fe][bc])
(;C[volume 2, problem 17]PL[B]AB[bb][ab][dc][cc][fc][ec]AW[fd][ed][bd][gc][gb][eb][dd][cd][bc])
(;C[volume 2, problem 18]PL[B]AB[bb][ab][dc][cc][ec][eb]AW[fd][ee][bd][cb][fc][dd][fb][fa][cd][bc])
(;C[volume 2, problem 19]PL[B]AB[fd][bb][ba][ed][dc][cc][fc][dd][fb]AW[ee][ac][be][gc][gb][ga][cb][gd][de][fa][cd][fe][bc])
(;C[volume 2, problem 20]PL[B]AB[bd][db][cc][ca][bc]AW[ea][be][dc][ae][ce][ec][cd][eb])
(;C[volume 2, problem 21]PL[B]AB[bb][db][gc][cb][fc][ec]AW[hc][hb][ed][ab][dc][hd][cc][gd][de][bc])
(;C[volume 2, problem 22]PL[B]AB[bb][ab][dc][cc][ec]AW[ed][bd][fc][dd][fb][cd][bc])
(;C[volume 2, problem 23]PL[B]AB[cc][bb][dc][db]AW[ed][bd][dd][ec][cd][eb])
(;C[volume 2, problem 24]PL[B]AB[ea][ab][dc][db][cc]AW[ed][bd][gb][dd][ec][cd][eb])
(;C[volume 2, problem 25]PL[B]AB[fd][bb][dc][db][cb][fc][fb]AW[ee][ab][gc][gb][cc][ga][gd][dd][ce][fe][bc])
(;C[volume 2, problem 26]PL[B]AB[fd][ee][dc][ce][de][fc][fb][fa][cd]AW[ef][be][bd][gc][gb][cc][ga][cb][gd][df][cf][ff][fe])
(;C[volume 2, problem 27]PL[B]AB[ba][dc][db][da][cc]AW[ea][ed][bd][ad][dd][ec][cd][eb])
(;C[volume 2, problem 28]PL[B]AB[dc][bd][cb][dd][cd]AW[ee][ed][be][db][da][de][fb][ce][ec])
(;C[volume 2, problem 29]PL[B]AB[bc][cc][db][eb]AW[dc][bd][de][fc][fb][ec][cd])
(;C[volume 2, problem 30]PL[B]AB[ac][dc][cb][ec][bc]AW[ed][bd][cc][fc][dd][fb][cd])
(;C[volume 2, problem 31]PL[B]AB[bb][ab][dc][cc][fc][fb]AW[fd][ed][bd][gc][gb][dd][fa][cd][bc])
(;C[volume 2, problem 32]PL[B]AB[fd][ed][dc][gc][gb][fb][eb]AW[hc][bb][hb][ha][ee][bd][ge][cc][gd][de][dd][fe])
(;C[volume 2, problem 33]PL[B]AB[ef][bf][ed][df][dd][ce][ff][cd][fe][bc]AW[eg][fd][bb][bg][dc][dg][ge][cc][gd][gf][cg][cf][fg][ec])
(;C[volume 2, problem 34]PL[B]AB[ba][ac][dc][cc][eb][bc]AW[ab][bd][ad][fc][dd][fb][fa][ec][cd])
(;C[volume 2, problem 35]PL[B]AB[dc][bd][db][cc][ad][bc]AW[ea][ed][be][da][ae][ce][ec][cd][fe][eb])
(;C[volume 2, problem 36]PL[B]AB[bb][ba][gb][cc][fb][ec][eb]AW[hc][fd][hb][ed][ab][be][gc][de][cd][bc])
(;C[volume 2, problem 37]PL[B]AB[ea][ef][dc][gc][de][cb][fc][ca][dd][eb]AW[hc][eg][bb][ba][hf][ed][he][hd][dg][gb][cc][df][gg][fg][ce][ib][cd])
(;C[volume 2, problem 38]PL[B]AB[ab][dc][cc][eb][bc]AW[bb][ed][bd][ad][cb][fc][dd][fb][fa][cd])
(;C[volume 2, problem 39]PL[B]AB[ea][bb][ab][bd][db][cc][eb]AW[be][dc][ce][ad][fc][ca][fb][fa][ec][cd])
(;C[volume 2, problem 40]PL[B]AB[dc][db][cc][eb][bc]AW[ed][bd][gc][ad][dd][fb][fa][ec][cd])
(;C[volume 2, problem 41]PL[B]AB[ed][gc][gb][cc][cb][dd][ec]AW[hc][fd][bb][hb][ee][hd][gd][de][ce][cd][bc])
(;C[volume 2, problem 42]PL[B]AB[dc][bb][ec][cb]AW[ed][be][gc][cc][fc][dd][ic][bc])
(;C[volume 2, problem 43]PL[B]AB[bb][dc][da][eb][bc]AW[ea][ed][bd][ad][fc][dd][fb][fa][cd])
(;C[volume 2, problem 44]PL[B]AB[bb][ac][dc][cc][eb]AW[hb][ed][bd][gc][de][fb][ec][cd][bc])
(;C[volume 2, problem 45]PL[B]AB[bd][cc][ad][cb][ca]AW[ed][ab][dc][be][db][ce][cd])
(;C[volume 2, problem 46]PL[B]AB[bb][ba][dc][cc][fc][fb][ec][bc]AW[fd][ac][ed][ab][bd][db][gc][gb][gd][dd][ib][cd])
(;C[volume 2, problem 47]PL[B]AB[ee][dc][db][gc][ge][gb][ga][gd][fb][fe]AW[hc][fd][hb][ef][hf][he][hd][dg][cc][de][cb][fc][dd][gf][ff][eb])
(;C[volume 2, problem 48]PL[B]AB[db][bc][cb][fb][fa][eb]AW[bb][dc][bd][gc][gb][ad][ga][fc][ec][cd])
(;C[volume 2, problem 49]PL[B]AB[bb][dc][da][cc][eb]AW[ee][be][bd][fc][dd][fb][fa][ec])
(;C[volume 2, problem 50]PL[B]AB[ac][be][dc][ae][eb][de][dd][ce][bc]AW[bb][ef][ee][bf][ed][db][af][da][cf][df][fb][ec])
(;C[volume 2, problem 51]PL[B]AB[ed][dc][cc][ga][cb][fc][dd][fb]AW[fd][bb][hb][ee][be][hd][gb][gd][de][fa][cd][bc])
(;C[volume 2, problem 52]PL[B]AB[fd][ba][ee][dc][db][cb][fc][dd][fb][fe]AW[bb][ef][gc][ge][gb][cc][ga][gd][de][ca][df][ff][cd][bc])
(;C[volume 2, problem 53]PL[B]AB[bb][ab][dc][gc][cc][fc][fb][ec]AW[hc][fd][hb][ac][ed][be][hd][gb][gd][dd][fa][cd][bc])
(;C[volume 2, problem 54]PL[B]AB[bb][bd][db][cc][cd]AW[ac][be][dc][de][fc][dd][ce][eb])
(;C[volume 2, problem 55]PL[B]AB[ea][bd][db][cc][cb][ce][cd]AW[bf][be][dc][da][cf][df][de][dd][fb][eb])
(;C[volume 2, problem 56]PL[B]AB[cc][bb][ec][dc]AW[fd][ee][bd][fc][dd][fb][cd])
(;C[volume 2, problem 57]PL[B]AB[fd][ba][ee][dc][db][cb][fc][dd][fe]AW[bb][ef][ab][gc][ge][cc][gb][ga][gd][df][ce][ff][cd])
(;C[volume 2, problem 58]PL[B]AB[dc][da][cc][eb][bc]AW[bf][bd][fc][dd][fb][fa][ec][cd])
(;C[volume 2, problem 59]PL[B]AB[bb][dc][bd][da][eb][cb][bc]AW[ea][be][cc][cf][fc][dd][fb][fa][ec][cd])
(;C[volume 2, problem 60]PL[B]AB[ac][dc][da][cc][eb][ec][bc]AW[ea][fd][ed][bd][ad][cb][fc][dd][fb][fa][cd])
(;C[volume 2, problem 61]PL[B]AB[ff][bb][ef][ba][gc][ge][cc][df][gd][ic][ce][ib][cd]AW[fd][ee][dc][gb][ga][cb][fc][ca][dd])
(;C[volume 2, problem 62]PL[B]AB[fd][ed][bd][fc][dd][fb][cd][bc]AW[bb][ab][dc][cc][ec][eb])
(;C[volume 2, problem 63]PL[B]AB[fd][ed][bd][fc][dd][fb][cd][bc]AW[bb][ab][dc][cc][ca][ec])
(;C[volume 2, problem 64]PL[B]AB[hc][hb][dc][bd][gc][fc][ec][cd]AW[db][gb][eb][cc][fb][bc])
(;C[volume 2, problem 65]PL[B]AB[ee][ed][be][db][de][ce][ec][eb]AW[dc][bd][cb][ca][dd][cd])
(;C[volume 2, problem 66]PL[B]AB[fd][ee][be][bd][ce][de][fc][fb][fa][fe]AW[ea][ed][db][eb][dd][ec][cd][bc])
(;C[volume 2, problem 67]PL[B]AB[ed][be][gc][ae][cc][dd][fb][ce][ec]AW[dc][bd][db][eb][cd][bc])
(;C[volume 2, problem 68]PL[B]AB[ea][dc][bd][gc][gb][ad][ga][fc][ec][cd]AW[db][bc][cc][ca][fb][fa][eb])
(;C[volume 2, problem 69]PL[B]AB[ea][bb][ef][ba][hf][be][he][bd][hd][gc][gb][cc][df][gf][cf][ic][ff][bc]AW[ee][db][ce][ge][gd][cb][fc][ca][fb][fa][ec][cd][fe])
(;C[volume 2, problem 70]PL[B]AB[hb][ef][gc][ge][cc][df][gd][cb][ic][ce][ff][cd]AW[fd][ee][dc][db][gb][de][fc][dd][fb])
(;C[volume 2, problem 71]PL[B]AB[ee][ab][bd][gc][ge][gd][de][cf][cd][fe][bc]AW[fd][bb][ed][db][cc][dd][ca])
(;C[volume 2, problem 72]PL[B]AB[ea][fd][ed][bd][ad][fc][dd][fb][fa][cd]AW[ac][dc][da][cc][eb][ec][bc])
(;C[volume 2, problem 73]PL[B]AB[fd][ed][bd][gc][gb][ga][cb][gd][dd][cd][bc]AW[bb][dc][db][cc][fc][fb][fa][ec])
(;C[volume 2, problem 74]PL[B]AB[dc][bd][da][cc][ad][fc][fb][fa][ec]AW[ea][bb][ac][db][cb][eb])
(;C[volume 2, problem 75]PL[B]AB[ea][hb][ef][ac][be][gc][bc][ge][df][gd][de][fb][ff][cd][eb]AW[fd][bb][ee][ab][dc][db][fc][dd][ec][fe])
(;C[volume 2, problem 76]PL[B]AB[ab][bd][fc][dd][fb][fa][ec][cd]AW[bb][ba][ac][db][bc][eb])
(;C[volume 2, problem 77]PL[B]AB[ee][bd][fc][dd][fb][fa][ec][bc]AW[bb][ab][dc][da][cc][eb])
(;C[volume 2, problem 78]PL[B]AB[ba][bd][ad][fc][dd][fb][fa][ec][cd]AW[bb][ac][dc][da][cc][eb][bc])
(;C[volume 2, problem 79]PL[B]AB[fd][bd][ca][dd][fb][fa][ec][cd]AW[ea][ac][dc][db][cc][eb][bc])
(;C[volume 2, problem 80]PL[B]AB[fd][ed][hd][da][cc][gd][cb][cf][ic][ib][cd][ia]AW[hb][ha][dc][db][gc][fc][ca][fa][ec])
(;C[volume 2, problem 81]PL[B]AB[ed][be][ce][ad][de][fb][fa][ec][fe][bc]AW[ea][bb][dc][bd][db][dd][cd][eb])
(;C[volume 2, problem 82]PL[B]AB[ea][ed][be][ce][de][fc][fb][fa][fe]AW[bb][da][cc][cb][ca][dd][ec][eb])
(;C[volume 2, problem 83]PL[B]AB[ed][bd][gc][gb][cb][fc][dd][cd][bc]AW[bb][dc][db][cc][fb][fa][ec])
(;C[volume 2, problem 84]PL[B]AB[bf][dc][db][fc][cf][ce][cd]AW[ac][be][bd][cc][cb])
(;C[volume 2, problem 85]PL[B]AB[hc][hb][ha][ee][ed][be][bd][gc][ae][cc][de][fc][ce]AW[dc][db][bc][gb][ad][ga][dd][fb][cd][eb])
(;C[volume 2, problem 86]PL[B]AB[fd][ee][be][hd][gc][ae][cc][de][dd][fb][ce][fe]AW[ed][dc][bd][cb][ec][cd][eb])
(;C[volume 2, problem 87]PL[B]AB[ba][ee][bf][ed][db][af][cf][de][ca][fb][ec]AW[bb][be][ab][dc][ae][dd][ce][bc])
(;C[volume 2, problem 88]PL[B]AB[bf][bd][db][gc][gb][ga][fc][dd][ec][cd]AW[ab][dc][cc][eb][cb][fb][bc])
(;C[volume 2, problem 89]PL[B]AB[ed][bd][ge][ad][fc][dd][fb][cd][bc]AW[bb][ac][ab][dc][da][cc][ec])
(;C[volume 2, problem 90]PL[B]AB[ed][bd][fc][dd][fb][fa][cd][bc]AW[bb][ba][ab][db][cc][eb])
(;C[volume 2, problem 91]PL[B]AB[ff][bb][hb][ba][id][ef][hf][dc][cc][de][gf][cf][ic][ib]AW[hc][ed][db][gc][ge][gb][cb][fc][ec][fe])
(;C[volume 2, problem 92]PL[B]AB[bd][gc][gb][fc][dd][fa][ec][cd]AW[ab][dc][da][cc][fb][eb])
(;C[volume 2, problem 93]PL[B]AB[ea][be][da][ae][de][dd][ce][ec][fe][eb]AW[bb][dc][bd][db][cb][cd])
(;C[volume 2, problem 94]PL[B]AB[hc][fd][ac][bf][ed][bd][gb][ga][fc][ca][dd][cd]AW[ea][bb][ab][dc][cc][fb][ec][bc])
(;C[volume 2, problem 95]PL[B]AB[hc][fd][bb][ed][be][bd][df][gd][dd][ic][ib][ia][bc]AW[hb][ha][gc][cc][ga][cb][fc][fb][ec][cd])
(;C[volume 2, problem 96]PL[B]AB[fd][be][ae][dd][cf][ec][cd][eb]AW[dc][bd][db][da][cc][ad])
(;C[volume 2, problem 97]PL[B]AB[dc][bd][gc][ad][de][fb][ec][cd]AW[ea][ac][db][cc][eb][bc])
(;C[volume 2, problem 98]PL[B]AB[bb][ef][bg][ab][ag][db][dg][cb][fc][gf][cg][ec][fe]AW[ee][ed][dc][ae][cc][cf][ce][cd][bc])
(;C[volume 2, problem 99]PL[B]AB[bf][bd][af][de][fc][dd][fb][ce][ec]AW[ea][be][dc][ae][cc][cb][ca][cd][eb])
(;C[volume 2, problem 100]PL[B]AB[fd][ed][be][bd][ce][cc][de][fc][fb][fa]AW[bb][dc][eb][dd][ec][cd][bc])
(;C[volume 2, problem 101]PL[B]AB[fd][bb][ba][ee][be][bd][ce][de][fc][fb][fa][fe]AW[ed][db][da][eb][ad][cb][dd][ec][cd][bc])
(;C[volume 2, problem 102]PL[B]AB[hc][hb][ed][hd][ge][cc][fc][dd][ce][fe][bc]AW[fd][bb][ab][dc][gc][gb][gd][cb][ec])
(;C[volume 2, problem 103]PL[B]AB[ac][ed][bd][gc][ad][dd][fb][ec][cd]AW[ea][ab][dc][cc][eb][bc])
(;C[volume 2, problem 104]PL[B]AB[ee][ed][be][db][da][ae][de][fb][ce][ec]AW[dc][bd][ad][cb][ca][dd][cd])
(;C[volume 2, problem 105]PL[B]AB[hc][ed][bd][gb][ad][cb][fc][dd][cd][bc]AW[bb][ac][dc][cc][ca][fb][fa][eb])
(;C[volume 2, problem 106]PL[B]AB[hc][bb][hb][ee][ab][hd][ge][cc][ga][dd][cd][fe]AW[fd][ba][ed][dc][gc][gb][cb][fb][ec])
(;C[volume 2, problem 107]PL[B]AB[be][ab][dc][ce][fc][fb][fa][ec][cd]AW[bb][aa][bd][db][cc][eb][ad][bc])
(;C[volume 2, problem 108]PL[B]AB[bb][ef][ed][he][bd][gc][gb][df][gf][fb][ic][ce][ff][bc]AW[fd][ba][ee][cc][cb][fc][dd][fa][cd][fe][eb])
(;C[volume 2, problem 109]PL[B]AB[hc][fd][bb][ba][ed][gd][ca][dd][ic][ib][cd][ia][bc]AW[hb][ha][dc][gc][da][cb][fc][fb][ec])
(;C[volume 2, problem 110]PL[B]AB[hc][ff][hb][ef][be][dc][hd][ge][df][cg][ce][ec][cd]AW[fd][ee][bd][db][gc][cc][de][dd][fb][eb])
(;C[volume 2, problem 111]PL[B]AB[hc][fd][hb][dh][ge][cc][gg][gd][cb][gf][ca][cg][cf][fg][ce][eh][cd]AW[eg][ee][dc][db][gc][dg][df][de][fc][dd][fa][ff][fe])
(;C[volume 2, problem 112]PL[B]AB[hc][fd][hb][ba][ha][ac][ed][ab][bd][hd][da][gd][cb][ca][dd][cd]AW[ea][bb][dc][gc][gb][cc][ga][fc][ec][bc])
(;C[volume 2, problem 113]PL[B]AB[ea][fd][ef][bg][ac][be][ab][bd][ge][gb][df][fc][cf][ff][eb]AW[bb][ee][bf][ed][db][da][de][ce][ec][cd][bc])
(;C[volume 2, problem 114]PL[B]AB[fd][ed][ab][bd][gc][gb][gd][dd][cd][bc]AW[bb][ac][dc][cc][cb][fc][fb][fa][ec])
(;C[volume 2, problem 115]PL[B]AB[fd][ee][ac][be][bd][ce][de][fc][fb][fa]AW[bb][ed][ab][eb][dd][ec][cd][bc])
(;C[volume 2, problem 116]PL[B]AB[ea][fd][ed][be][db][ae][de][cb][fc][ca][fb][ce]AW[bb][ba][dc][bd][ad][dd][ec][cd][eb])
(;C[volume 2, problem 117]PL[B]AB[ba][ee][ed][be][bd][ce][de][ca][fb][fa][ec]AW[ea][dc][db][eb][cb][dd][cd][bc])
(;C[volume 2, problem 118]PL[B]AB[hc][bb][hb][ba][ef][he][dc][hd][ge][df][cg][ce][ff][cd][bc]AW[ee][gc][gb][cc][gd][cb][fc][dd][de][ec][fe])
(;C[volume 2, problem 119]PL[B]AB[ea][be][dc][ca][ce][ec][cd][eb]AW[bd][db][da][cc][ad][cb])
(;C[volume 2, problem 120]PL[B]AB[hc][fd][bb][hb][ef][he][bd][hd][db][gb][de][gf][ce][ff][bc]AW[ee][dc][gc][cc][gd][cb][fc][dd][fb][fe])
(;C[volume 2, problem 121]PL[B]AB[hc][dc][bd][gb][de][fc][ce][ec][bc]AW[bb][ab][db][cc][fb][cd][eb])
(;C[volume 2, problem 122]PL[B]AB[hc][fd][ac][ed][ab][dc][aa][jc][bd][gc][ad][dd][fb][ib][cd]AW[bb][ba][db][bc][gb][cc][fc][ec][eb])
(;C[volume 2, problem 123]PL[B]AB[ea][fd][ee][be][ab][ce][ae][de][fc][ca][fb][fa][fe]AW[bb][ba][ed][bd][ad][dd][ec][cd][eb])
(;C[volume 3, problem 1]PL[B]AB[bb][db][bc][cc][fb][fa][eb]AW[ac][dc][bd][gc][da][gb][ad][cb][fc][ec][cd])
(;C[volume 3, problem 2]PL[B]AB[bb][ba][be][dc][cc][de][dd][ce]AW[ef][bf][bd][db][gc][af][df][cb][ca][cf][ec][fe][eb])
(;C[volume 3, problem 3]PL[B]AB[ea][ab][dc][cc][eb]AW[bd][ad][fc][dd][fb][fa][ec][cd])
(;C[volume 3, problem 4]PL[B]AB[fd][ed][dc][gc][gb][ga][cb][ec]AW[hc][bb][hb][ba][ha][ee][hd][cc][gd][dd][cd][fe])
(;C[volume 3, problem 5]PL[B]AB[ac][dc][db][cc][eb][bc]AW[bb][hb][bd][cb][fc][dd][fb][ec][cd])
(;C[volume 3, problem 6]PL[B]AB[fd][bb][ee][dc][cb][fc][dd][fb][fe]AW[ef][ba][bf][ab][gc][ge][gb][cc][ga][gd][de][ce][ff][bc])
(;C[volume 3, problem 7]PL[B]AB[be][da][ae][cc][cb][cd][bc]AW[bb][ba][bf][dc][db][af][cf][dd][fb][ce])
(;C[volume 3, problem 8]PL[B]AB[ea][bb][dc][cc][ec][eb]AW[fd][ee][bd][da][de][cb][fc][fb][fa][cd][bc])
(;C[volume 3, problem 9]PL[B]AB[ea][bb][ac][ed][da][cc][dd][ec][cd][eb]AW[fd][ee][be][bd][ce][ad][de][cb][fc][fb][fa][fe][bc])
(;C[volume 3, problem 10]PL[B]AB[bb][ba][ee][dc][ge][cc][gd][fc][dd][ec][fe]AW[hc][ef][ac][be][he][hd][db][gc][de][cb][gf][ca][fb][ce][ff][eb])
(;C[volume 3, problem 11]PL[B]AB[bb][dc][cc][ca][fb][fa][eb]AW[ba][bd][gc][gb][ga][fc][dd][ec][cd][bc])
(;C[volume 3, problem 12]PL[B]AB[ac][dc][db][cc][eb][fa][bc]AW[ed][ab][bd][gb][ad][ga][ca][dd][fb][ec][cd])
(;C[volume 3, problem 13]PL[B]AB[bb][dc][cc][fc][fb][fa][ec]AW[fd][ed][bd][gc][da][gb][ga][gd][dd][cd][bc])
(;C[volume 3, problem 14]PL[B]AB[bb][cb][dd][fb][ec][cd][eb]AW[hc][fd][ed][ab][bd][gb][de][fc][ce][bc])
(;C[volume 3, problem 15]PL[B]AB[dc][cb][dd][cd][bc]AW[ee][bf][ed][bd][ad][de][fc][ce][eb])
(;C[volume 3, problem 16]PL[B]AB[hb][gb][cc][cb][fc][ec]AW[hc][fd][bb][bd][gc][ge][de][dd][ic][ib][bc])
(;C[volume 3, problem 17]PL[B]AB[ea][dc][cc][eb][ad][bc]AW[ac][bf][bd][fc][dd][fb][ec][cd])
(;C[volume 3, problem 18]PL[B]AB[bd][db][cc][ad][cb]AW[bb][be][dc][fc][dd][cf][cd][eb])
(;C[volume 3, problem 19]PL[B]AB[fd][ed][gc][gb][cc][cb][dd][eb]AW[hc][bb][hb][ee][jb][ge][gd][de][ca][ce][cd][fe][bc])
(;C[volume 3, problem 20]PL[B]AB[fd][ed][gc][gb][cc][ga][cb][gd][ca][dd]AW[hc][bb][hb][ha][ee][he][dc][hd][ge][de][fc][ce][ec][cd][fe][bc])
(;C[volume 3, problem 21]PL[B]AB[ba][dc][bd][db][da][cd]AW[be][ad][de][cb][dd][ce][ec][eb])
(;C[volume 3, problem 22]PL[B]AB[gb][cc][cb][fc][ca][fa][ec][cd]AW[fd][bb][hb][ba][ha][ed][bd][gc][gd][de][ic][ce][bc])
(;C[volume 3, problem 23]PL[B]AB[gc][gb][cc][ga][cb][ca]AW[hc][fd][bb][hb][bd][hd][gd][dd][cd][bc])
(;C[volume 3, problem 24]PL[B]AB[dc][bd][db][ad][cb][bc]AW[ea][ff][ed][be][ae][cc][ca][ce][ec][cd][eb])
(;C[volume 3, problem 25]PL[B]AB[ea][ab][dc][cc][ec][eb]AW[fd][ba][ed][bd][ad][fc][dd][fb][fa][cd])
(;C[volume 3, problem 26]PL[B]AB[ed][gc][gb][cc][ga][cb][fc][dd][ec][cd]AW[hc][fd][bb][hb][ha][ee][dc][bd][hd][db][bc][gd][de][ce][eb])
(;C[volume 3, problem 27]PL[B]AB[hb][dc][da][gb][cb][fc][fb][ec]AW[hc][ea][bb][fd][ed][gc][cc][dd][ic][ib][bc])
(;C[volume 3, problem 28]PL[B]AB[ea][ab][aa][cc][eb][ec][bc]AW[fd][ac][ed][bd][gc][ad][gd][dd][fb][fa][cd])
(;C[volume 3, problem 29]PL[B]AB[ab][dc][db][da]AW[ed][bd][ad][dd][fb][ec][cd])
(;C[volume 3, problem 30]PL[B]AB[ba][dc][db][da][ad][dd][bc]AW[ea][ee][ed][ab][be][bd][de][ce][ec][eb])
(;C[volume 3, problem 31]PL[B]AB[bb][ab][dc][aa][bd][fb][fa][ec][cd][bc]AW[ac][ed][be][gc][ae][gb][ad][ga][fc][ca][dd][ce][fe])
(;C[volume 3, problem 32]PL[B]AB[ee][ed][ge][cc][gd][cb][fc][dd][fb][fe]AW[hc][bb][ef][he][hd][gb][eb][de][gf][ce][ff][cd][bc])
(;C[volume 3, problem 33]PL[B]AB[hc][hb][dc][gc][da][cc][cb][fc][ec]AW[fd][bb][id][ed][be][hd][db][bc][gd][fb][ic][ib][cd][ia][eb])
(;C[volume 3, problem 34]PL[B]AB[bb][ba][dc][gc][gb][cc][ec]AW[hc][fd][hb][ed][ab][be][hd][jb][ge][cb][dd][cd][bc])
(;C[volume 3, problem 35]PL[B]AB[be][dc][cc][de][cb][dd][ce]AW[ef][ee][bf][ed][bd][ae][df][fc][cf][cd][eb])
(;C[volume 3, problem 36]PL[B]AB[bb][hb][gb][ga][cb][fc][fb][ec]AW[hc][fd][ha][ed][ab][gc][cc][dd][ic][ce][ib][ia][bc])
(;C[volume 3, problem 37]PL[B]AB[bb][ba][dc][fc][fb][fa][ec]AW[fd][ed][ab][be][gc][gb][ga][gd][dd][cd][bc])
(;C[volume 3, problem 38]PL[B]AB[bb][dc][bd][cb][dd][ce]AW[fd][ee][bf][db][da][cc][cf][df][fb][ec][bc])
(;C[volume 3, problem 39]PL[B]AB[bb][be][dc][db][da][ca][dd][ce][cd]AW[ba][bf][ed][ae][cc][cf][de][cb][df][fb][ec][bc])
(;C[volume 3, problem 40]PL[B]AB[be][dc][db][ae][ad][cb][dd][ce][cd]AW[ea][bb][fd][ac][bf][ed][bd][da][cc][cf][de][df][fb][bc])
(;C[volume 3, problem 41]PL[B]AB[bb][ba][bd][fc][dd][fb][ec][cd][bc]AW[fd][ac][ed][ab][dc][be][gc][gb][cc][ad][gd][de][ce])
(;C[volume 3, problem 42]PL[B]AB[ea][ed][ab][aa][bd][eb][dd][ec][cd][bc]AW[fd][bb][ee][be][dc][ae][cc][ad][de][fc][ca][fb][ce][fe])
(;C[volume 3, problem 43]PL[B]AB[bb][ab][dc][cb][fb][eb]AW[be][gc][gb][fc][ib][dd][fa][ec][cd][bc])
(;C[volume 3, problem 44]PL[B]AB[ea][dc][da][cc][cd][eb]AW[be][ce][ae][de][fc][dd][fb][fa][ec])
(;C[volume 3, problem 45]PL[B]AB[ea][ac][dc][bd][cc][cb][cd][eb]AW[bb][be][ce][ae][ad][de][fc][dd][fb][fa][ec][fe])
(;C[volume 3, problem 46]PL[B]AB[ab][cc][dc][cd]AW[ee][be][dd][ce][ec][eb])
(;C[volume 3, problem 47]PL[B]AB[hb][ee][dc][gc][cc][gd][fc][ec][fe]AW[hc][ff][bb][ef][he][db][ge][gb][df][ic][ce][ib][cd][bc])
(;C[volume 3, problem 48]PL[B]AB[bb][ba][dc][cc][eb][fb][bc]AW[ee][be][bd][db][gc][gb][ga][cb][fc][dd][ec])
(;C[volume 3, problem 49]PL[B]AB[bb][ab][db][cc][eb]AW[dc][bd][de][fc][fb][fa][ec][cd])
(;C[volume 3, problem 50]PL[B]AB[bb][dc][cc][fb][fa][ec][eb]AW[hc][fd][ac][ed][be][gb][cb][fc][cd][bc])
(;C[volume 3, problem 51]PL[B]AB[hb][dc][db][gc][fc][ib][ec]AW[bb][id][be][jc][hd][jb][bc][gb][ga][de][je][fb][cd][fe][eb])
(;C[volume 3, problem 52]PL[B]AB[ea][bb][ba][db][fc][fb][bc]AW[fd][bd][gc][da][gb][gd][ib][dd][fa][ec][cd])
(;C[volume 3, problem 53]PL[B]AB[fd][ac][ed][dc][db][eb][dd][cd][bc]AW[bb][ee][be][ab][bd][gc][ge][gd][de][fc][fb][ce][ff])
(;C[volume 3, problem 54]PL[B]AB[hb][db][gb][cb][ib][eb]AW[hc][bb][ee][dc][jc][jb][gc][cc][ic][ec][bc])
(;C[volume 3, problem 55]PL[B]AB[bb][dc][bc][ga][cb][fb][eb]AW[hb][ee][bd][gb][cc][gd][fc][cf][fa][ec][cd])
(;C[volume 3, problem 56]PL[B]AB[fd][dc][fc][dd]AW[gc][ge][cc][df][gd][ic][ce][ff][cd])
(;C[volume 3, problem 57]PL[B]AB[bb][ac][db][cc][eb]AW[bf][dc][bd][gc][fc][dd][ic][ce][fe][bc])
(;C[volume 3, problem 58]PL[B]AB[db][cc][ec][cd][eb]AW[fd][ed][be][dc][fc][dd][fb][ce])
(;C[volume 3, problem 59]PL[B]AB[hb][gb][cc][cb][fc][fb][ec]AW[hc][fd][bb][ed][gc][dd][ic][ib][cd][bc])
(;C[volume 3, problem 60]PL[B]AB[fd][dc][gb][de][cb][dd][fb][ec][fe]AW[eg][bb][hb][gc][ge][cc][df][gd][fc][gf][cf][ic][ce][ff][bc])
(;C[volume 3, problem 61]PL[B]AB[hc][bb][ba][ee][jc][hd][df][gd][ca][dd][ib][cd][fe][bc]AW[hb][ed][dc][gc][da][gb][cc][cb][ec])
(;C[volume 3, problem 62]PL[B]AB[bb][ef][ee][bf][ed][be][cf][df][fc][fb][cd][eb]AW[dc][bd][db][ad][de][cb][dd][ce][ec])
(;C[volume 3, problem 63]PL[B]AB[bf][db][af][cc][df][de][fc][dd][cf]AW[bb][be][ae][ce][cd][bc])
(;C[volume 3, problem 64]PL[B]AB[ee][ed][be][de][cb][ce][ec][eb]AW[bb][ba][dc][db][da][dd][cd])
(;C[volume 3, problem 65]PL[B]AB[bb][ed][bd][gc][dd][fb][fa][ec][cd]AW[ea][ab][dc][cc][eb][bc])
(;C[volume 3, problem 66]PL[B]AB[bb][ef][ac][ed][ab][bd][db][gc][da][ge][gb][df][gd][gf][ca][cg][fb][ce]AW[fd][ba][ee][dc][cc][eb][de][cb][fc][ec][fe][bc])
(;C[volume 3, problem 67]PL[B]AB[hc][bb][hb][ha][ee][hf][he][dc][hd][eb][de][gf][ce][ff][cd][bc]AW[ed][db][gc][ge][gb][ga][cb][fc][dd][gd][ec][fe])
(;C[volume 3, problem 68]PL[B]AB[ee][ed][be][bd][de][ce][ec][eb]AW[dc][db][da][dd][cd][bc])
(;C[volume 3, problem 69]PL[B]AB[bb][hb][ee][bf][bd][gc][ge][gd][de][ic][ce][fe][bc]AW[fd][gb][cc][ga][cb][fc][ca][fb][cd])
(;C[volume 3, problem 70]PL[B]AB[ef][bf][dc][db][de][fc][cf]AW[be][cc][bb][cd])
(;C[volume 3, problem 71]PL[B]AB[fd][ba][ee][bf][be][bd][gc][gb][cc][gd][cb][de][ce]AW[bb][ab][dc][ad][fc][dd][ec][cd][bc])
(;C[volume 3, problem 72]PL[B]AB[bb][bg][ed][be][ce][gc][cb][dd][fb][fa][ec]AW[ea][dc][bd][db][cc][ca][cd][eb])
(;C[volume 3, problem 73]PL[B]AB[fd][ed][bd][gc][cc][dd][cd]AW[bb][dc][cb][ec][bc])
(;C[volume 3, problem 74]PL[B]AB[fd][ed][bd][gc][gb][eb][dd][cd][bc]AW[bb][ab][dc][db][cc][fb])
(;C[volume 3, problem 75]PL[B]AB[ea][fd][be][ab][ae][ad][de][dd][ce][ec][eb]AW[ac][dc][bd][db][da][cb][bc])
(;C[volume 3, problem 76]PL[B]AB[fd][bb][hb][ed][dc][bd][gc][gd][de][cg][ic][ce][bc]AW[db][gb][cc][ga][cb][fc][ca][ec][cd])
(;C[volume 3, problem 77]PL[B]AB[ee][ac][hf][dc][bd][db][gc][gb][ga][gd][de][cf][cd][fe]AW[ea][bb][fd][ed][da][cc][cb][fc][dd][fb][fa])
(;C[volume 3, problem 78]PL[B]AB[fd][ee][be][bd][gc][gb][cc][gd][cb][de][ce]AW[bb][dc][fc][dd][ec][cd][bc])
(;C[volume 3, problem 79]PL[B]AB[fd][ee][bd][gc][gb][ga][gd][de][cf][cd][bc]AW[ea][bb][ed][ab][cc][fc][dd][ec])
(;C[volume 3, problem 80]PL[B]AB[ed][bd][gb][df][dd][fb][ce][ec]AW[ab][dc][da][cc][cd][eb])
(;C[volume 3, problem 81]PL[B]AB[ed][bd][db][gc][da][gb][cc][ad][fc][dd][cd]AW[bb][ac][dc][bc][cb][fb][ec][eb])
(;C[volume 3, problem 82]PL[B]AB[ea][fd][ed][bd][db][gc][da][gb][ga][gd][ca][dd][cd][eb]AW[dc][cc][fc][fb][fa][ec][bc])
(;C[volume 3, problem 83]PL[B]AB[id][ee][he][dc][jc][ge][cb][fc][ca][dd][ce][ib][fe]AW[fd][ed][db][da][gd][fb][ec])
(;C[volume 3, problem 84]PL[B]AB[hc][bb][hb][ha][ee][be][hd][da][ga][gd][de][cd][fe][bc]AW[fd][ba][ed][db][gc][gb][cc][cb][dd][eb])
(;C[volume 3, problem 85]PL[B]AB[fd][ee][be][bd][cc][de][cb][fc][ca][fb][ce]AW[bb][dc][da][eb][ad][dd][ec][cd][bc])
(;C[volume 3, problem 86]PL[B]AB[bf][ed][db][da][gb][df][de][fc][ca][cf][eb]AW[bb][ba][ab][dc][cb][ce][cd])
(;C[volume 3, problem 87]PL[B]AB[ea][ed][be][bd][de][ce][ec][eb]AW[bb][dc][db][da][cd][bc])
(;C[volume 3, problem 88]PL[B]AB[hc][bb][ee][dc][jc][bd][hd][gd][cb][de][ce][ib][fe][bc]AW[fd][hb][ed][db][gc][cc][ga][fc][dd][cd])
(;C[volume 3, problem 89]PL[B]AB[fe][id][ee][hd][da][ge][cc][de][cb][ca][ic][ib][cd][ia]AW[hc][fd][hb][ha][ed][dc][db][gd][dd][fb])
(;C[volume 3, problem 90]PL[B]AB[fd][hb][ed][be][gc][gd][dd][fb][ic][cd][bc]AW[bb][ab][dc][ga][fc][fa][ec][eb])
(;C[volume 3, problem 91]PL[B]AB[be][gc][gb][ga][fc][dd][cf][fa][ec][cd]AW[dc][bd][da][bc][cc][fb][eb])
(;C[volume 3, problem 92]PL[B]AB[fd][bb][ie][id][ed][he][ge][cc][ca][dd][ic][ib][bc]AW[hc][hb][dc][hd][gb][gd][cb][fc][ec])
(;C[volume 3, problem 93]PL[B]AB[ed][be][gc][ae][dd][fb][ec][cd]AW[bb][dc][bd][cc][ad][eb])
(;C[volume 3, problem 94]PL[B]AB[hc][hb][ha][ee][ab][hd][cc][gd][dd][ce][fe][bc]AW[fd][bb][dc][gc][da][gb][cb][ec])
(;C[volume 3, problem 95]PL[B]AB[hc][fd][bb][hb][ba][ha][ed][bd][hd][gd][de][ce][bc]AW[db][gc][gb][cb][fc][ca][dd][ec][cd])
(;C[volume 3, problem 96]PL[B]AB[ea][fd][ee][be][ab][db][da][ae][de][fc][ca][fb][ce][fe]AW[bb][ba][ed][bd][ad][cb][dd][ec][cd][eb])
(;C[volume 3, problem 97]PL[B]AB[ed][ge][cf][fc][dd][fb][cd]AW[bc][cc][ec][eb])
(;C[volume 3, problem 98]PL[B]AB[ed][bd][da][ge][ad][fc][dd][fb][cd]AW[ea][dc][cc][eb][ec][bc])
(;C[volume 3, problem 99]PL[B]AB[bf][dc][cc][fc][cf][ce]AW[be][bd][cb][bc])
(;C[volume 3, problem 100]PL[B]AB[fd][hb][cc][cf][fc][dd][fb][ff][cd]AW[dc][eb][cb][ec][bc])
(;C[volume 3, problem 101]PL[B]AB[ac][ed][be][fc][dd][fb][cd][bc]AW[bb][ab][dc][da][cc])
(;C[volume 3, problem 102]PL[B]AB[ee][dc][ce][ec][cd][eb]AW[bc][cc][db][da])
(;C[volume 3, problem 103]PL[B]AB[bb][hb][ef][gc][ge][gd][de][gf][cf][ic][ff][cd][bc]AW[fd][dc][db][gb][ga][cb][fc][dd][fe])
(;C[volume 3, problem 104]PL[B]AB[ef][bf][dc][af][fc][dd][cf][ce][eb]AW[be][db][cc][ad][cd][bc])
(;C[volume 3, problem 105]PL[B]AB[hc][ff][bb][ef][ba][ed][he][jc][hd][ge][cc][de][ca][ce][ib][cd][ia]AW[fd][hb][ee][dc][db][gc][gb][gd][cb][dd][fe])
(;C[volume 3, problem 106]PL[B]AB[dc][bd][ad][fc][fb][ec][cd]AW[bb][db][cc][eb][bc])
(;C[volume 3, problem 107]PL[B]AB[ee][bd][gc][ge][de][gd][cf][cd][fe]AW[fd][ed][db][cc][dd][bc])
(;C[volume 3, problem 108]PL[B]AB[hc][eg][bb][ie][bg][bf][hf][be][bd][dh][db][gc][cc][ch][gf][fb][fg][eb]AW[ff][ef][dc][dg][ge][gd][fc][cg][cf][ce][ec][cd])
(;C[volume 3, problem 109]PL[B]AB[fd][bb][ba][id][ed][ec][be][hd][gb][gd][dd][ic][ib][cd][ia][bc]AW[hc][hb][ha][dc][gc][cc][ga][cb][fc][ca][eb])
(;C[volume 3, problem 110]PL[B]AB[ac][bf][bd][gc][gb][ga][fc][dd][ec][cd]AW[ba][dc][da][bc][cc][fb][eb])
(;C[volume 3, problem 111]PL[B]AB[hc][hb][ha][ac][ee][be][bd][db][gc][cb][fc][dd][ce][ec]AW[bb][dc][da][bc][gb][cc][fb][cd][eb])
(;C[volume 3, problem 112]PL[B]AB[id][ee][ed][he][jc][jb][da][ge][cc][de][cb][jd][cf][cd][fe]AW[hc][fd][dc][db][gb][gd][dd][fb][ic][ec])
(;C[volume 3, problem 113]PL[B]AB[fd][ac][ed][gc][gb][cc][ga][gd][dd][ce][bc]AW[ea][bb][dc][cb][fc][fb][fa][ec])
(;C[volume 3, problem 114]PL[B]AB[fd][bf][ed][bd][gc][gb][de][fb][ce][bc]AW[bb][be][db][cc][fc][ec][cd][eb])
(;C[volume 3, problem 115]PL[B]AB[fd][hb][ed][be][dc][hd][db][gc][ae][dd][cf][cd][bc]AW[bb][ac][da][gb][cc][cb][fc][fa][ec][eb])
(;C[volume 3, problem 116]PL[B]AB[ff][ed][be][bd][gc][de][fb][ce][ec]AW[dc][db][eb][dd][cd][bc])
(;C[volume 3, problem 117]PL[B]AB[hc][fd][bb][ed][jc][hd][gd][cf][ib][cd][bc]AW[hb][ha][dc][gc][cb][fc][eb])
(;C[volume 3, problem 118]PL[B]AB[ee][bd][db][gc][gb][ga][gd][de][ce][fe][bc]AW[bb][ed][ab][cc][cb][fc][dd][fb][cd])
(;C[volume 3, problem 119]PL[B]AB[hc][ee][jc][bd][hd][ge][de][cf][ib][cd][fe]AW[fd][ed][cc][dd][bc])
(;C[volume 3, problem 120]PL[B]AB[fd][ed][be][ce][ae][ad][de][fc][fb][fa]AW[bb][ac][bd][dd][ec][cd][eb])
(;C[volume 3, problem 121]PL[B]AB[ed][be][ae][ad][de][fc][fb][ce][fe]AW[bb][ac][bd][aa][dd][cd][eb])
(;C[volume 3, problem 122]PL[B]AB[fd][kc][id][ee][kb][hd][da][cc][gd][cb][de][ca][jd][cd][eb]AW[hc][ea][ed][dc][db][jb][gc][ja][fc][ic][fa])
(;C[volume 3, problem 123]PL[B]AB[bb][ie][id][ee][hf][db][fc][dd][gf][fb][ic][ib][cd][fe]AW[hc][ea][fd][he][gc][ge][gb][cb][ec][eb])
(;C[volume 4, problem 1]PL[B]AB[fd][ef][cc][df][gd][cb][de][dd][ic][ec][cd]AW[hc][eg][bb][hb][bd][hd][gc][dg][ge][fc][cf][fg][ce][ff][bc])
(;C[volume 4, problem 2]PL[B]AB[bb][ee][ed][dc][bd][db][de][fc][fb][ce][cd]AW[hb][ef][bg][be][dg][da][cc][eb][ad][cb][gd][cf][ic][ff][fe][bc])
(;C[volume 4, problem 3]PL[B]AB[hd][gd][fc][fb][ib]AW[fd][ie][dc][jc][gf][ic][ec][fe])
(;C[volume 4, problem 4]PL[B]AB[ed][hd][gc][ge][ec][fe]AW[hc][ie][kc][ee][he][dc][cc][de][je][gf][ic][ff])
(;C[volume 4, problem 5]PL[B]AB[hc][kb][jc][hd][jb][fc][fb][eb]AW[if][fd][kc][id][he][dc][db][gd][jd][lb][la][ec][lc])
(;C[volume 4, problem 6]PL[B]AB[hc][kb][jb][da][gc][fb][ic][la][eb]AW[ea][bb][kc][id][ka][dc][jc][hd][db][gd][fc][lb][ec][lc])
(;C[volume 4, problem 7]PL[B]AB[ie][id][ee][ed][he][gd][ic][ib][ec][fe][eb]AW[hc][fd][eg][hd][gh][ge][gb][cc][fc][gf][cg][ce])
(;C[volume 4, problem 8]PL[B]AB[gb][dc][cb][fc]AW[hc][fd][hb][cc][gd][dd][ce][bc])
(;C[volume 4, problem 9]PL[B]AB[hb][db][jb][fb][ic][ec]AW[hc][fd][kc][id][kb][ed][hd][cc][cb][fc][dd][jd][lc])
(;C[volume 4, problem 10]PL[B]AB[hc][gc][fc][ib][eb]AW[fd][kc][dc][jc][hd][gd][cb][ic][ec][cd])
(;C[volume 4, problem 11]PL[B]AB[bb][hb][ed][db][gb][cb][fb][ec]AW[hc][fd][ee][ab][dc][he][cc][de][fc][cf][ic][ib][bc])
(;C[volume 4, problem 12]PL[B]AB[bb][gb][cc][dd][fb][ec][eb]AW[hc][hb][ed][ab][bd][gc][de][fc][ce][bc])
(;C[volume 4, problem 13]PL[B]AB[fd][hb][db][gb][fc]AW[ed][dc][jc][ge][gd][cb][ic][fe][bc])
(;C[volume 4, problem 14]PL[B]AB[ed][gb][cc][cb][fb][ec]AW[hc][fd][bb][hb][ee][bd][gc][cf][cd][bc])
(;C[volume 4, problem 15]PL[B]AB[hc][ba][cc][gd][cb][fc][fb][eb]AW[ea][fd][dc][db][da][cg][ca][dd][ce][ec][fe])
(;C[volume 4, problem 16]PL[B]AB[hb][dc][gc][gb][cb][ec]AW[hc][fd][bb][kc][ed][cc][gd][dd][ic][bc])
(;C[volume 4, problem 17]PL[B]AB[fd][gc][gb][cc][gd][cb][ec]AW[hc][bb][hb][ed][hd][ge][dd][cd][fe][bc])
(;C[volume 4, problem 18]PL[B]AB[ed][gc][cc][cb][fc][dd]AW[hc][bb][ee][gd][de][ic][ce][cd][fe][bc])
(;C[volume 4, problem 19]PL[B]AB[cc][bb][dc][cd]AW[hc][ed][bd][df][fc][dd][ce][bc])
(;C[volume 4, problem 20]PL[B]AB[ee][ed][dc][de][cb][ce][ec][cd]AW[hc][fd][bb][ef][be][jc][bd][cc][df][fc][cf][fe][bc])
(;C[volume 4, problem 21]PL[B]AB[hc][hb][db][fc][fb][ib]AW[fd][kc][ed][dc][jc][hd][gd][cb][ic][bc])
(;C[volume 4, problem 22]PL[B]AB[gb][cc][dc][fc]AW[hb][ee][be][gc][gd][ic][cd][bc])
(;C[volume 4, problem 23]PL[B]AB[bb][ed][cc][fc][dd]AW[ee][ab][bd][gc][gb][gd][cf][fe][bc])
(;C[volume 4, problem 24]PL[B]AB[hc][fd][ed][hd][gc][dd][ec]AW[dc][db][ge][df][gd][fc][fb][ce][ff][cd])
(;C[volume 4, problem 25]PL[B]AB[ee][ec][cd][bc][if][kc][id][de][cb][hf][ed][kd][ce][fe][eb][ie][hb][kb][cc][gd][gf][jd]AW[be][he][db][jb][gb][di][ff][hc][ea][fd][dg][ge][fb][bf][dc][jc][bd][hd][da][fg][fc][dd][ic])
(;C[volume 4, problem 26]PL[B]AB[eg][hh][ie][ee][ed][he][gc][gh][df][gd][dd][fh][ig][fe]AW[fd][jc][hd][ge][cc][gg][de][fc][gf][ic][ce][ec][cd])
(;C[volume 4, problem 27]PL[B]AB[bb][ee][cc][de][ec][cd]AW[eg][be][bd][db][gc][ge][cg][ic][ce][ff][bc])
(;C[volume 4, problem 28]PL[B]AB[dc][gb][cc][cb][fb][ec][bc]AW[hc][bb][hb][ac][ed][bd][gc][fc][dd][cd])
(;C[volume 4, problem 29]PL[B]AB[ad][de][cb][fc][dd][ec][cd][bc]AW[hb][ee][be][bd][db][gc][ge][df][cg][fb][ce])
(;C[volume 4, problem 30]PL[B]AB[fd][ef][ed][dc][gd][cb][de][dd][ce][ff]AW[hc][eg][be][he][dh][df][eb][gg][cf][ic][fg][ec][cd][bc])
(;C[volume 4, problem 31]PL[B]AB[fd][bb][ac][bf][ed][bd][fc][dd][cf][ce][cd]AW[hc][ff][bg][dc][gc][dg][ge][cc][df][de][cg][fb][ec][bc])
(;C[volume 4, problem 32]PL[B]AB[fd][bb][ed][ab][dc][db][cc][gd]AW[hc][ef][he][bd][hd][eb][fc][ca][gf][cf][cd][bc])
(;C[volume 4, problem 33]PL[B]AB[fd][ed][cc][cb][fc][dd][fb]AW[bb][ef][hf][gc][ge][gb][cf][ic][ce][bc])
(;C[volume 4, problem 34]PL[B]AB[hc][bd][gb][cc][cb][bc]AW[be][db][ge][gd][dd][cf][ec][cd])
(;C[volume 4, problem 35]PL[B]AB[ba][kc][kb][db][gc][kd][gb][gd][cb][fc][ec]AW[fd][bb][hb][ed][he][dc][hd][jb][ge][cc][de][jd][bc])
(;C[volume 4, problem 36]PL[B]AB[ac][dc][db][eb][ad][fa][cd][bc]AW[hb][be][bd][ae][cc][cf][de][fc][dd][fb][ec])
(;C[volume 4, problem 37]PL[B]AB[fd][hb][db][jb][gb][fc][ca][ib][eb]AW[bb][kc][ee][kb][dc][jc][gc][gd][cb][ic][ce][ec][fe])
(;C[volume 4, problem 38]PL[B]AB[ab][dc][bd][db][cd]AW[bb][ed][be][dd][ic][ce][ec][eb])
(;C[volume 4, problem 39]PL[B]AB[ke][jb][ec][cd][fd][ld][ba][id][de][lb][ef][ed][jc][hd][le][bb][cc][df][gd][jd][lc]AW[ee][db][ff][hc][kc][ka][cb][je][ib][hf][dc][gc][ja][kd][fe][eb][kb][jf][fc][ca][dd][ic])
(;C[volume 4, problem 40]PL[B]AB[fd][kc][ac][ed][be][hd][gc][gb][gd][dd][jd][ic][ib][cd][bc]AW[hc][if][bb][hb][ie][ha][id][ef][ab][dc][cc][cf][ga][fc][gf][cg][fb][ec])
(;C[volume 4, problem 41]PL[B]AB[cc][cb][fc][dd][ec][cd]AW[fd][ef][ed][be][dc][db][gc][gb][cf])
(;C[volume 4, problem 42]PL[B]AB[ab][db][cc][fc][ec]AW[ee][bd][gc][cf][gd][fb][cd][eb])
(;C[volume 4, problem 43]PL[B]AB[dc][cc][cb][ec][cd]AW[fd][ed][be][db][gb][fc][dd][ce])
(;C[volume 4, problem 44]PL[B]AB[ba][dc][cc][ec][cd]AW[fd][be][db][cf][de][fc][dd][fb])
(;C[volume 4, problem 45]PL[B]AB[ea][dc][bd][db][cc][ec]AW[ed][be][gb][cf][fc][dd][fb][cd][eb])
(;C[volume 4, problem 46]PL[B]AB[be][db][eb][dd][fb][ec][cd][bc]AW[ee][bf][ed][dc][ce][gc][af][gb][de][cb][fc][fa])
(;C[volume 4, problem 47]PL[B]AB[ef][ed][db][gb][cc][gd][ec][fe]AW[hc][eg][he][bd][hd][gc][cf][gf][fb][ff][cd][eb])
(;C[volume 4, problem 48]PL[B]AB[ed][db][cc][df][de][ec][cd]AW[ef][ee][be][bd][gc][dg][ge][cg][fb][ce])
(;C[volume 4, problem 49]PL[B]AB[db][cc][cb][fb][ce][cd][eb]AW[hc][bb][bf][dc][ae][gb][df][de][fc][cf][ec])
(;C[volume 4, problem 50]PL[B]AB[ea][ba][dc][ae][cc][eb][ad][ec][bc]AW[fd][ac][bf][ed][ab][bd][gc][da][cb][cg][dd][fb][cd])
(;C[volume 4, problem 51]PL[B]AB[id][jc][hd][jb][da][ja][gc][gd][fc][ca][fb][ic][eb]AW[ee][db][gb][ec][hc][ea][fd][if][kc][ge][je][lb][ib][dc][bb][hb][kb][gf][jd])
(;C[volume 4, problem 52]PL[B]AB[hc][ed][db][gc][ge][gb][gd][ec][fe]AW[fd][hb][ef][ha][hf][he][dc][hd][jb][de][cb][gf][dd][ic][ff][bc])
(;C[volume 4, problem 53]PL[B]AB[hc][hb][ha][ee][ab][hd][db][cc][gd][dd][ce][fe][bc]AW[fd][bb][ed][dc][gc][gb][cb][ec][eb])
(;C[volume 4, problem 54]PL[B]AB[ea][fd][ac][bf][ed][bd][ad][de][fc][ca][fb][ce]AW[bb][ab][db][da][dd][ec][cd][bc])
(;C[volume 4, problem 55]PL[B]AB[fd][kc][id][hd][jb][cc][gd][cb][dd][cf][ic][ce]AW[hc][db][gc][fb][ib][ec][ia])
(;C[volume 4, problem 56]PL[B]AB[ed][be][bd][gc][gb][fc][dd][cd][bc]AW[bb][ac][dc][aa][cc][fb][fa][ec])
(;C[volume 4, problem 57]PL[B]AB[eg][fd][ee][be][ab][bd][gc][dg][ge][gb][gg][ga][gd][gf][cg][cf][bc]AW[bb][ef][ed][cc][df][cb][fc][dd][fb][ff][cd][fe])
(;C[volume 4, problem 58]PL[B]AB[fd][ed][bd][gc][gb][dd][ce][ib][bc]AW[bb][ab][dc][cc][fc][fb])
(;C[volume 4, problem 59]PL[B]AB[bb][ef][bf][bd][db][gc][ge][gb][df][gd][ce][ff][bc]AW[ee][da][cc][de][cb][fc][fb][ec][cd][fe])
(;C[volume 4, problem 60]PL[B]AB[ef][gc][ge][gb][cc][gd][cf][df][gf][fb][ce][ff][bc]AW[ea][fd][ee][de][cb][fc][dd][ec][fe][eb])
(;C[volume 4, problem 61]PL[B]AB[hc][fd][ee][be][bd][fc][cg][ce][fe]AW[ed][db][dd][cd][bc])
(;C[volume 4, problem 62]PL[B]AB[ea][fd][bg][dc][db][da][cg][ca][dd][ce][ec][fe]AW[hc][ba][ab][cc][gd][cb][fc][fb][eb])
(;C[volume 4, problem 63]PL[B]AB[ef][kc][id][he][db][jb][cc][cb][cg][cf][ic][ff][cd][fe]AW[hc][fd][hb][ee][dc][gd][de][dd][ib][eb])
(;C[volume 4, problem 64]PL[B]AB[hc][bb][hb][ed][be][gc][de][ce][ec]AW[bd][db][gb][eb][dd][fb][bc])
(;C[volume 4, problem 65]PL[B]AB[hc][hb][db][gc][de][fc][dd][ce][ec]AW[be][dc][gb][cc][cf][cg][fb][cd][eb])
(;C[volume 4, problem 66]PL[B]AB[fd][bb][bg][db][cb][cg][dd][cf][ec][cd]AW[bf][be][dc][bd][gc][cc][eb][fb][bc])
(;C[volume 4, problem 67]PL[B]AB[hc][bb][be][db][gc][cc][de][cb][fc][dd][ic][ce][ib][fe]AW[hb][bf][ab][dc][bd][ae][bc][gb][cg][fb][ec][cd][eb])
(;C[volume 4, problem 68]PL[B]AB[fd][hb][ed][dc][gc][cc][gd][fa]AW[bd][gb][eb][fc][dd][ec][cd][bc])
(;C[volume 4, problem 69]PL[B]AB[hc][eg][hh][id][dc][gc][dg][jg][gh][jf][je][fc][cf][fg][ce][ec][cd][ih]AW[if][fd][ie][ef][hg][ed][hd][gd][gf][ff])
(;C[volume 4, problem 70]PL[B]AB[bb][ba][hg][hf][dh][hd][dg][cc][gg][dd][cf][ic][ce][fg][ib][cd]AW[fd][ef][ed][dc][db][gc][df][de][cb][gf][ff])
(;C[volume 4, problem 71]PL[B]AB[hc][bb][ba][kc][dc][ge][df][gd][ic][ce][cd][fe][bc]AW[fd][hb][ed][db][gc][cc][cb][fc][dd])
(;C[volume 4, problem 72]PL[B]AB[fd][bb][ba][kb][ed][he][hf][hd][cc][df][dd][fg][ic][ib][cd]AW[hc][hb][dc][ge][gd][cb][fc][ca][ec][fe][eb])
(;C[volume 4, problem 73]PL[B]AB[fd][ie][hb][kb][ed][he][dc][jc][jb][gd][cb][jd][cd]AW[hc][id][db][gc][da][fc][ic][ib][ec])
(;C[volume 4, problem 74]PL[B]AB[hc][be][dh][de][fc][dd][ce][ec]AW[dc][bd][db][cd][eb])
(;C[volume 4, problem 75]PL[B]AB[fd][hb][ed][bd][gc][ge][cc][dd][ic][cd]AW[hc][bb][dc][gb][cb][ec][bc])
(;C[volume 4, problem 76]PL[B]AB[bb][hb][ee][he][hd][ge][cc][de][ic][ce][fe][bc]AW[fd][ed][dc][gc][gd][cb][dd][eb])
(;C[volume 4, problem 77]PL[B]AB[hc][hb][ef][ha][dc][ge][cc][df][gd][cb][gf][ce][ff][cd]AW[ea][fd][ee][db][gb][de][fc][dd][ec][fe])
(;C[volume 4, problem 78]PL[B]AB[ed][be][gb][dd][cf][ec][cd][eb]AW[ea][dc][bd][db][cc][bc])
(;C[volume 4, problem 79]PL[B]AB[fd][ed][be][df][fc][dd][fb][ce][cd]AW[bd][cc][eb][cf][ec][bc])
(;C[volume 4, problem 80]PL[B]AB[hc][ee][jc][bd][hd][ge][de][cf][ib][cd][fe]AW[fd][ed][cc][dd][bc])
(;C[volume 4, problem 81]PL[B]AB[ed][be][gc][ae][cc][cf][dd][fb][ec][cd]AW[ab][dc][bd][db][eb][cb][bc])
(;C[volume 4, problem 82]PL[B]AB[eg][fd][hf][he][hd][cc][df][de][cb][gg][dd][fg][ic][ib][fe]AW[hc][hb][ef][ee][ed][dc][db][ge][gd][gf][ff])
(;C[volume 4, problem 83]PL[B]AB[if][eg][id][hf][hd][cc][df][de][cb][gg][dd][fg][ic][ib][fe]AW[hc][fd][ff][ef][ee][ed][dc][gc][gd][gf][fa][ec])
(;C[volume 4, problem 84]PL[B]AB[hc][fd][dh][hd][gc][cc][df][ch][fc][gf][cg][cf][fg]AW[ef][bf][be][ed][de][dd][fb][fe][eb])
(;C[volume 4, problem 85]PL[B]AB[fd][bb][ed][ab][jc][hd][jb][cc][gd][fc][dd][ic][cd]AW[hc][hb][ba][dc][db][gc][cb][fb][ib])
(;C[volume 4, problem 86]PL[B]AB[hc][fd][bb][ba][ed][bd][cc][gd][dd][ic][ib][ia]AW[hb][dc][gc][ga][cb][fc][ca][ec][eb])
(;C[volume 4, problem 87]PL[B]AB[hg][gb][ff][cd][fd][de][je][fb][ef][hf][ed][jc][kd][ce][eb][bb][ie][kb][cc][fc][fa]AW[ea][hb][id][ee][dc][db][jb][gc][ge][gd][cb][dd][ib][fe][bc])
(;C[volume 4, problem 88]PL[B]AB[hc][hb][ha][ac][ed][be][gc][da][fc][dd][cd][bc]AW[bb][ab][dc][gb][cc][fb][ec][eb])
(;C[volume 4, problem 89]PL[B]AB[eg][fd][bf][be][db][gc][da][gb][cc][cg][fa][ff][cd][fe][eb]AW[ee][ed][dc][bd][de][cb][fc][fb][ce][ec][bc])
(;C[volume 4, problem 90]PL[B]AB[fd][bb][ba][id][ed][jc][bd][hd][jb][ja][gb][cc][gd][dd]AW[hc][ec][dc][gc][cb][ca][fb][ib][eb])
(;C[volume 4, problem 91]PL[B]AB[hc][fd][bb][be][he][jc][hd][ja][dd][cf][ib][cd][fe][bc]AW[hb][ha][ed][dc][gc][cc][cb][fc][fb][ia])
(;C[volume 4, problem 92]PL[B]AB[ff][ie][ef][ba][id][hf][ed][dc][cb][dd][ic][ib][bc]AW[hc][fd][he][hd][db][da][ca][fb][ec][fe])
(;C[volume 4, problem 93]PL[B]AB[bg][ee][be][gc][cf][ad][fc][dd][fb][ec][cd]AW[ea][ed][dc][bd][cc][eb][bc])
(;C[volume 4, problem 94]PL[B]AB[fd][bb][ba][kb][ed][ka][dc][jc][hd][jb][cc][gd][ic]AW[hc][ec][db][gc][ja][gb][cb][fc][ib][ia])
(;C[volume 4, problem 95]PL[B]AB[hc][fd][ed][jc][bd][gc][ad][dd][fb][cd][bc]AW[bb][ac][ab][dc][cc][fc][ec][eb])
(;C[volume 4, problem 96]PL[B]AB[hc][fd][ed][jc][bd][gc][jb][dd][jd][fb][cd][bc]AW[bb][ab][dc][cc][fc][ec][eb])
(;C[volume 4, problem 97]PL[B]AB[fd][ed][bd][gc][gb][ga][gd][de][ce]AW[bb][dc][fc][dd][fb][bc])
(;C[volume 4, problem 98]PL[B]AB[bb][hb][he][dh][gc][gg][gd][cg][dd][eh][cf][ic][ce][fg][ib][cd][bc]AW[hc][ff][eg][ha][ee][dg][gb][cc][de][cb][fc][df][ec][fe])
(;C[volume 4, problem 99]PL[B]AB[fd][hb][ac][bf][ed][bd][ad][de][fc][fb][ce]AW[bb][ba][ab][eb][ec][cd][bc])
(;C[volume 4, problem 100]PL[B]AB[hc][bb][he][ce][ge][df][cb][ic][ib][ec][cd][fe]AW[hb][ha][ed][dc][db][gc][gd][dd])
(;C[volume 4, problem 101]PL[B]AB[hc][fd][ee][bd][gc][de][cd][fe]AW[ed][cc][ec][bc])
(;C[volume 4, problem 102]PL[B]AB[fd][ed][be][gc][ch][dd][ic][ce]AW[dc][bd][ec][cd])
(;C[volume 4, problem 103]PL[B]AB[if][fd][bb][kc][hf][ed][jc][ke][jb][gc][kd][cc][jf][gd][gf][dd][ib][bc]AW[hc][ie][hb][he][dc][hd][gb][cb][fc][je][jd][ic][ec])
(;C[volume 4, problem 104]PL[B]AB[fd][ha][ac][ed][be][he][fc][dd][ic][ib][cd][bc]AW[bb][hb][ab][dc][gc][cc][fb][ec])
(;C[volume 4, problem 105]PL[B]AB[ff][bb][id][hf][hd][df][fc][dd][ic][ib][cd][bc]AW[hc][fd][dc][gc][cc][gd][cb][fb])
(;C[volume 4, problem 106]PL[B]AB[fd][ac][ed][gc][gb][cc][ga][gd][dd][ce][bc]AW[ea][bb][dc][cb][fc][fb][fa][ec])
(;C[volume 4, problem 107]PL[B]AB[hc][fd][hb][ha][ed][be][hd][cc][ad][gd][dd][bc]AW[ea][bb][ac][gc][gb][ga][cb][fc][fa][ec])
(;C[volume 4, problem 108]PL[B]AB[fd][bf][be][df][de][fc][dd][fb][fa][fe]AW[bb][ab][dc][bd][ae][ec][bc])
(;C[volume 4, problem 109]PL[B]AB[ea][ie][ef][ff][id][be][bd][db][ge][cb][gf][cf][ic][ib]AW[hc][fd][hb][dc][hd][eb][gd][de][fb][ec][fe][bc])
(;C[volume 4, problem 110]PL[B]AB[hc][eg][hb][ba][hf][be][he][bd][hd][jb][dg][df][de][cb][gf][fg][bc]AW[ef][ee][ed][db][gc][ge][cc][gd][fc][ff][cd])
(;C[volume 4, problem 111]PL[B]AB[be][dc][fc][dd][cf][cd][eb]AW[ac][bd][db][cc][cb])
(;C[volume 4, problem 112]PL[B]AB[eg][he][ke][cf][ji][ec][lf][cd][lh][id][eh][hh][fi][ii][hd][gc][cg][lg][ce][fe][le][ei][gj][hi][ki][fc][dd][jd]AW[fd][ie][ef][hg][hf][ed][kg][kf][jh][ge][df][de][je][gf][fh][gi][fg][ih])
(;C[volume 4, problem 113]PL[B]AB[hc][fd][bf][ed][bd][db][ae][gb][gd][dd][cd]AW[dc][ad][cb][fc][fb][ec][bc])
(;C[volume 4, problem 114]PL[B]AB[fd][hb][ed][be][bd][ga][cb][fc][dd][de][fb][ce]AW[ea][dc][db][cc][eb][fa][ec][cd][bc])
(;C[volume 4, problem 115]PL[B]AB[fd][hb][gc][ge][cc][dd][cf][cd]AW[dc][cb][fc][ec][bc])
(;C[volume 4, problem 116]PL[B]AB[bf][ed][dc][gc][ge][df][cf]AW[be][ce][cb][cd])
(;C[volume 4, problem 117]PL[B]AB[ed][bd][gc][gb][fc][dd][cd][bc]AW[bb][ac][dc][cc][fb][fa][ec])
(;C[volume 4, problem 118]PL[B]AB[fd][kc][id][ed][he][dc][jb][ge][cc][de][cb][jd]AW[hd][db][gd][fc][fb][ic][ib][ec])
(;C[volume 4, problem 119]PL[B]AB[dc][bd][gc][ad][de][ec][cd]AW[cc][ba][db][bc])
(;C[volume 4, problem 120]PL[B]AB[ee][be][bd][gd][de][fc][fb][ce][fe]AW[ed][cb][dd][ec][cd][bc])
(;C[volume 4, problem 121]PL[B]AB[hc][hb][ee][be][ge][eb][ad][ca][dd][ec][cd][fe][bc]AW[fd][bb][ed][dc][db][da][gb][cc][ga][fc])
(;C[volume 4, problem 122]PL[B]AB[ee][bd][gc][gb][ga][gd][dd][fa][cd][fe][bc]AW[ea][bb][ed][dc][db][cc][fc][fb])
(;C[volume 4, problem 123]PL[B]AB[hc][ba][kc][kb][hd][db][gd][cb][fc][jd][fb][fa][ec]AW[fd][bb][hb][ed][ab][dc][bd][jb][gc][gb][cc][cg][ce][ib])
(;C[volume 5, problem 1]PL[B]AB[ke][mb][bc][fd][je][ib][ed][hd][mc][kd][ce][bb][ie][cc][gd][dd][ic][la][lc]AW[hc][id][kb][be][he][dc][jc][hf][db][jb][gc][df][cb][fc][jd][cf][lb][ff])
(;C[volume 5, problem 2]PL[B]AB[hc][fd][bf][ed][bd][gc][gd][cb][dd][ic][ib][cd][bc]AW[bb][hb][ba][ef][bg][kb][he][dc][kd][gb][cc][ge][je][fc][cg][cf][ec])
(;C[volume 5, problem 3]PL[B]AB[fd][hb][ed][bd][db][gc][cc][ad][ga][cb][gd][dd][cd]AW[hc][bb][ie][ef][ac][be][ec][dc][da][bc][gb][cf][fc][gf][fb][ic][ib][eb])
(;C[volume 5, problem 4]PL[B]AB[hc][fd][id][ee][jc][bd][gb][cc][ga][ad][fc][dd][de][ib][cd][fe]AW[eg][ea][bb][ac][hf][ed][be][dc][hd][gc][gd][cb][gf][cg][fb][ce][ec])
(;C[volume 5, problem 5]PL[B]AB[bb][ef][ed][bd][gc][ge][gb][gd][fc][dd][cd]AW[hc][hb][hf][be][he][dh][hd][cc][eb][ad][cg][fg][ce][ec][bc])
(;C[volume 5, problem 6]PL[B]AB[hb][jb][fc][fb][ib][eb]AW[hc][bb][kc][ee][kb][dc][jc][cc][gd][ic][ec])
(;C[volume 5, problem 7]PL[B]AB[bf][be][dc][gc][dg][ge][cc][gd][fc][gf][cf][cd]AW[hc][if][hb][ef][hg][hd][df][ch][de][di][dd][fh][ce][ec][fe][eb])
(;C[volume 5, problem 8]PL[B]AB[fd][hd][db][jb][gc][gd][ic][ib][ec][eb]AW[hb][kc][id][kb][ed][he][ge][gb][cc][cb][dd][jd][fb][fe])
(;C[volume 5, problem 9]PL[B]AB[bb][jc][cc][cb][ec][eb]AW[hc][fd][ed][he][dc][bd][de][cd][bc])
(;C[volume 5, problem 10]PL[B]AB[bd][cc][eb][ec][bc]AW[fd][be][cf][ad][fc][dd][fb][ff][cd])
(;C[volume 5, problem 11]PL[B]AB[dc][db][gb][fc][fb][cd]AW[fd][hb][ee][gc][cc][gd][cf][ic][ce][ec][bc])
(;C[volume 5, problem 12]PL[B]AB[hc][hb][dc][cb][ca][ec]AW[fd][bb][id][ed][jc][hd][cc][gd][dd][ib][bc])
(;C[volume 5, problem 13]PL[B]AB[fd][ed][dc][db][cb][fb]AW[bb][ba][ee][jc][hd][cc][gd][dd][ic][cd][fe])
(;C[volume 5, problem 14]PL[B]AB[hb][dc][db][gc][gb][cb][dd][ib]AW[hc][fd][bb][ed][jc][jb][cc][gd][de][ic][ce][bc])
(;C[volume 5, problem 15]PL[B]AB[hb][ha][ee][ed][db][da][ge][gd][fc]AW[hc][ff][ie][hf][dc][cc][df][de][cb][fg][ic][ib])
(;C[volume 5, problem 16]PL[B]AB[fd][bb][ee][he][hd][eb][de][dd][ec][cd][fe][bc]AW[if][ie][ef][ac][bf][hf][bd][jb][gc][cc][df][cb][fb][ic][ce][ff])
(;C[volume 5, problem 17]PL[B]AB[ee][be][he][ec][hc][ld][id][ge][de][cb][je][lb][kd][ce][fe][ie][hb][cc][ad][dd]AW[bg][hg][db][jb][ke][gb][cd][bc][fd][dg][jg][ed][dc][jc][bd][hd][gc][kf][fg][bb][gd][jd][ic])
(;C[volume 5, problem 18]PL[B]AB[hc][ie][hb][kc][kb][he][kd][ge][gd][de][fc][dd][je][ec]AW[hg][gb][cf][cd][fd][id][jg][ib][ef][ed][dc][kf][hd][gc][mc][fg][le][cc][df][ic][lc])
(;C[volume 5, problem 19]PL[B]AB[hc][hb][dc][gc][da][cc][cb][fc][ec]AW[fd][bb][id][ed][be][aa][hd][ga][gd][ca][dd][ic][ib][cd][bc])
(;C[volume 5, problem 20]PL[B]AB[hc][dc][cc][gd][cb][fc][dd][de][ic][ec]AW[fd][bb][ff][he][jc][hd][db][dg][ge][df][cd][jd][ce][ib][lc][bc])
(;C[volume 5, problem 21]PL[B]AB[hc][hb][hd][cc][gd][cb][fc][ec]AW[fd][bb][ie][id][jc][bd][gc][gb][gf][dd][ce][ib][fe][bc])
(;C[volume 5, problem 22]PL[B]AB[bd][db][cc][ce][cd][eb]AW[ea][bf][be][dc][cf][df][de][fc][fb][ec])
(;C[volume 5, problem 23]PL[B]AB[cc][bb][dc][fc]AW[bd][hd][gb][dd][fb][cd][fe])
(;C[volume 5, problem 24]PL[B]AB[ee][dc][de][cb][ec][bc]AW[bd][dg][cc][df][gd][fc][gf][fg][ic][ce][cd])
(;C[volume 5, problem 25]PL[B]AB[dc][cc][cb][fb][ec][bc]AW[bb][ac][ed][be][bd][db][gc][de][fc][ic])
(;C[volume 5, problem 26]PL[B]AB[dc][bd][db][da][dd][cd]AW[bg][ba][ee][ed][be][gb][eb][de][ce][ec][bc])
(;C[volume 5, problem 27]PL[B]AB[dc][cc][fc][fb][eb]AW[fd][ed][bd][gc][gb][gd][dd][ce][ec])
(;C[volume 5, problem 28]PL[B]AB[hc][dc][gb][fc][ib][ec]AW[fd][kc][id][ed][hd][jb][gd][cb][dd][ic][cd][bc])
(;C[volume 5, problem 29]PL[B]AB[hc][ha][dc][db][gc][ib][ec]AW[fd][id][ed][he][jc][jb][ja][cc][de][cb][cd][ia])
(;C[volume 5, problem 30]PL[B]AB[hc][fd][ff][if][id][kb][ed][he][ge][df][ic][ib][eb]AW[ld][hb][ie][dc][hd][db][gc][kd][cf][gd][je][dd][fb][lb][ce])
(;C[volume 5, problem 31]PL[B]AB[fd][ff][ee][ed][hd][db][gd][de][gf][ec][eb]AW[hc][if][ef][id][dc][gb][df][gg][cb][dd][jd][cf][fg][ce][fe][bc])
(;C[volume 5, problem 32]PL[B]AB[fd][ff][ef][ed][db][ge][df][gd][cb][fb][ec]AW[eg][bb][ba][hf][he][dc][hd][gc][dg][gb][cc][ga][gf][cf][ic][ce][fg][fe])
(;C[volume 5, problem 33]PL[B]AB[hc][fd][ef][ed][dc][hd][df][gd][cb][de][ff][eb]AW[eg][bb][hb][hg][id][he][jb][gc][dg][gh][ch][ga][fc][cf][ic][ce][ec][bc])
(;C[volume 5, problem 34]PL[B]AB[ea][bb][ab][bd][db][cc][fc][fb]AW[fd][be][dc][gc][gb][ad][ga][dd][fa][cd][eb])
(;C[volume 5, problem 35]PL[B]AB[bb][ac][cb][dd][fb][eb]AW[ee][gc][gb][ga][fc][cf][ce][ec][bc])
(;C[volume 5, problem 36]PL[B]AB[ea][bb][ed][dc][eb][dd][fb][bc]AW[hc][fd][ee][be][db][gb][df][fc][cf][fa][ec][fe])
(;C[volume 5, problem 37]PL[B]AB[bb][hb][ba][dc][gb][cc][fc][ca][ec][bc]AW[hc][fd][ha][ac][ee][ab][bd][db][gc][da][cb][ic][ce][ib])
(;C[volume 5, problem 38]PL[B]AB[fd][ef][be][bd][gc][cc][cf][df][fc][fb][fe]AW[hc][ff][hb][ee][dc][ge][gb][gd][de][gf][ce][ec])
(;C[volume 5, problem 39]PL[B]AB[fd][hb][ed][hd][gc][gd][dd][ec][eb]AW[hc][ff][ie][kc][id][he][dc][cc][de][cf][ic][ib][cd][fe])
(;C[volume 5, problem 40]PL[B]AB[kc][ke][gc][dg][ge][gb][cc][gd][cb][dd][fb][ce]AW[hg][id][ee][he][dc][db][fc][gf][fg][ic][ec][fe])
(;C[volume 5, problem 41]PL[B]AB[ee][ed][dc][gc][ge][gb][cc][gd][fe][eb]AW[hc][fd][bb][hb][eg][hf][he][df][fc][dd][gf][fb][ic][cg][ff][cd][bc])
(;C[volume 5, problem 42]PL[B]AB[hc][fd][bb][ee][ed][dc][hd][db][cc][gd][gf][dd][ic][ff][eb]AW[eg][hg][be][ab][cf][ec][cd][bc][ea][id][gg][fb][ib][ef][jc][gc][kd][fg][ie][hb][fc])
(;C[volume 5, problem 43]PL[B]AB[fd][bb][ba][ee][ed][dc][bd][db][ad][dd][cd]AW[hc][ff][ef][ac][be][ab][ec][he][da][bc][cc][de][cb][ce][ib][fe][eb])
(;C[volume 5, problem 44]PL[B]AB[eg][fd][ef][ed][bd][db][ge][df][gf][dd][ec][cd]AW[hc][hg][hf][be][he][dg][cc][cf][gd][cb][fc][ch][fh][fb][ce][eh][eb])
(;C[volume 5, problem 45]PL[B]AB[bb][ed][db][fc][dd][fb][cd]AW[fd][ef][ee][bf][ab][bd][gc][gb][gd][ce][bc])
(;C[volume 5, problem 46]PL[B]AB[bb][ed][db][cc][de][fc][dd][fb]AW[fd][ee][ab][bd][gc][gb][df][cg][ce][ec][fe][bc])
(;C[volume 5, problem 47]PL[B]AB[fd][ef][db][df][de][cb][fc][dd][fe]AW[hc][eg][bb][he][dg][gb][cc][gf][cf][ce][ff][cd])
(;C[volume 5, problem 48]PL[B]AB[fd][bb][ba][id][ed][hd][db][dg][gb][df][gd][ca][ce][ib][cd][bc]AW[ee][hf][he][dc][jc][jb][cc][de][cb][je][dd][jd][fb][fg][ec][fe])
(;C[volume 5, problem 49]PL[B]AB[fd][kc][kb][ed][ka][dc][he][hd][ke][kf][ja][cc][kd][gd][fb]AW[hc][bb][ie][ee][hf][jc][jb][jg][ge][gb][df][je][gf][dd][cd][bc])
(;C[volume 5, problem 50]PL[B]AB[hc][ef][bg][bf][ed][be][he][bd][hd][gc][ge][df][gf][dd][cf][ff][bc]AW[eg][db][gb][cd][if][fd][id][dg][gg][ci][bh][hf][cg][fg][ce][bb][hb][ie][cc][gd][fc][ic])
(;C[volume 5, problem 51]PL[B]AB[ef][id][hf][ed][ab][hd][ge][cc][dd][jd][ic][ce][fe][bc]AW[eg][bg][hg][ec][hc][if][kc][dg][gg][cb][ib][dc][jc][kf][gc][le][bb][df][gd][lc])
(;C[volume 5, problem 52]PL[B]AB[fd][ff][ee][hd][jb][ge][gd][fc][fb][ic][ib]AW[ef][kc][kb][hf][he][dc][jc][ja][df][de][je][gf][fg][eb])
(;C[volume 5, problem 53]PL[B]AB[fd][ed][dc][bd][hd][gd][cb][dd][bc]AW[hc][id][be][he][df][de][fc][cf][ic][ff][cd][eb])
(;C[volume 5, problem 54]PL[B]AB[fd][ee][ed][dc][bd][db][cc][de][ce][cd]AW[eg][bb][bf][be][jc][hd][eb][gd][cb][fc][cg][ff][fe][bc])
(;C[volume 5, problem 55]PL[B]AB[hb][ed][db][gc][fc][ib][eb]AW[hc][ee][dc][jb][ge][de][cb][dd][jd][ic][ec])
(;C[volume 5, problem 56]PL[B]AB[fd][ed][dc][gc][gb][cb][dd][eb]AW[hc][bb][hb][be][hd][da][df][gd][de][ca][cf][cd][fe])
(;C[volume 5, problem 57]PL[B]AB[bb][ed][ab][be][gc][de][fc][ic][ce][ff][bc]AW[ac][dc][bd][ad][cb][ec][cd])
(;C[volume 5, problem 58]PL[B]AB[hc][fd][bb][hb][ba][ee][gc][de][ce][cd][fe][bc]AW[ed][gb][cc][ga][cb][dd][ec][eb])
(;C[volume 5, problem 59]PL[B]AB[dc][db][cd][bc]AW[hb][be][de][dd][cf][ec][eb])
(;C[volume 5, problem 60]PL[B]AB[hc][ec][dc][jc][gc][ja][cb][fb][ic][ib][eb]AW[fd][bb][kc][id][kb][ed][hd][db][jb][da][kd][cc][gd][fc][dd][jd][cd])
(;C[volume 5, problem 61]PL[B]AB[ee][bd][gc][fc][dd][fb][ec][cd]AW[bb][ed][dc][da][cc][eb])
(;C[volume 5, problem 62]PL[B]AB[hc][fd][bb][ee][be][jc][bd][gd][cb][cf][ib][ec][bc]AW[hb][ha][ed][db][cc][fc][dd][fb][cd])
(;C[volume 5, problem 63]PL[B]AB[hc][bb][ie][kc][ed][bd][ge][cc][df][dd][ic][ec]AW[hb][dc][db][gc][cb][fc][eb])
(;C[volume 5, problem 64]PL[B]AB[hc][ff][eg][bf][ed][be][bd][gb][fc][dd][cg][cf][fa][ec]AW[bb][dc][db][eb][ad][de][fb][ce][cd][bc])
(;C[volume 5, problem 65]PL[B]AB[fd][ed][bd][jc][gc][gb][dd][cd][bc]AW[bb][ab][db][cc][fb][ec])
(;C[volume 5, problem 66]PL[B]AB[fd][bb][ie][he][jc][bd][ge][gb][dd][ce][ib][fe][bc]AW[hc][hb][hd][cc][gd][cb][fc][fa][ec])
(;C[volume 5, problem 67]PL[B]AB[hc][if][bb][ef][ha][ee][kb][be][jc][gc][je][gf][dd][jd][ib][cd][ia][bc]AW[hb][ba][id][ed][hd][gb][cc][ga][cb][gd][ic][ec])
(;C[volume 5, problem 68]PL[B]AB[hc][eg][he][dc][dg][cc][gf][cf][ic][ce][cd]AW[fd][hb][df][de][fc][dd][ec][fe])
(;C[volume 5, problem 69]PL[B]AB[ff][bb][ef][ba][id][be][dc][bd][jb][ja][ge][df][gd][cb][cf][ic][ib][bc]AW[hc][hb][ha][ee][db][da][cc][fc][ca][dd][cd][ia])
(;C[volume 5, problem 70]PL[B]AB[hb][ed][gc][cc][fc][dd][fb][cd]AW[hc][fd][dc][jc][hd][db][ga][gd][ib][ec])
(;C[volume 5, problem 71]PL[B]AB[db][jb][if][fd][kc][je][ef][hf][ed][dc][hd][fg][bb][kb][jf][fc][ca][jd][dd]AW[ie][id][he][jc][gc][da][gd][fb][ic][ib][ec][eb])
(;C[volume 5, problem 72]PL[B]AB[fd][hb][ef][bf][gc][ae][cf][ga][de][fb][fe][bc]AW[bb][cc][fc][ec][cd][eb])
(;C[volume 5, problem 73]PL[B]AB[ff][bb][id][kb][ed][he][bd][cc][df][dd][ic][ib][ec]AW[hc][hb][dc][db][gd][cb][fc][eb])
(;C[volume 5, problem 74]PL[B]AB[fd][bb][ef][ff][id][bd][hd][jb][da][ja][ca][cf][ic][ce][ib][fe][bc]AW[hc][hb][ha][ee][ed][cc][de][cb][fc][cd][ia][eb])
(;C[volume 5, problem 75]PL[B]AB[fd][bb][ba][id][ed][he][jc][jb][ge][gb][cc][dd][jd][cd]AW[hc][dc][hd][gc][da][gd][cb][fc][ic][fa][ec])
(;C[volume 5, problem 76]PL[B]AB[bb][ha][id][ee][ec][dc][jc][bd][hd][gd][de][cd][ib][lc][fe][bc]AW[hc][fd][hb][ed][db][gb][cc][cb][fc][dd])
(;C[volume 5, problem 77]PL[B]AB[gc][gb][fc][dd][cf][ec][cd]AW[fb][cc][dc][eb])
(;C[volume 5, problem 78]PL[B]AB[kc][id][ed][he][ke][ge][cc][dd][jd][ce][lc][fe][bc]AW[fd][dc][jc][hd][gc][gd][ic][ec])
(;C[volume 5, problem 79]PL[B]AB[fd][kc][id][ed][ka][dc][jc][hd][be][cc][gd][lb][lc][bc]AW[hc][hb][ha][kb][jb][fc][ic][ec][ia])
(;C[volume 5, problem 80]PL[B]AB[hg][hf][dh][gc][dg][ge][gb][cc][gd][cb][gh][fh][eh][cf][ce][cd]AW[eg][fd][dc][db][df][de][fc][dd][gf][fb][fg][fe])
(;C[volume 5, problem 81]PL[B]AB[ed][be][gc][gb][de][cb][fc][ce][fe]AW[bb][dc][dd][fb][ec][bc])
(;C[volume 5, problem 82]PL[B]AB[fd][hb][ed][gc][gd][cg][dd][ic][cd]AW[gb][cb][fc][fa][ec])
(;C[volume 5, problem 83]PL[B]AB[fd][hb][ed][be][gc][gd][dd][ic][ce]AW[dc][bd][gb][fc][fb][ec])
(;C[volume 5, problem 84]PL[B]AB[fd][hb][ed][gc][gd][cg][dd][ic][cd]AW[gb][cb][fc][fa][ec])
(;C[volume 5, problem 85]PL[B]AB[hc][bb][ba][ee][gd][de][fc][ic][ce][ib][cd][fe][bc]AW[fd][hb][ed][gb][cc][cb][dd][ec][eb])
(;C[volume 5, problem 86]PL[B]AB[kc][id][ee][jc][hd][gd][cb][fc][cd][de][fb][lb][lc][fe]AW[hc][fd][kb][ed][gc][jb][ic][ec][eb])
(;C[volume 5, problem 87]PL[B]AB[fd][bb][kc][id][kb][ed][ka][hd][ge][dd][ic][cd][bc]AW[db][jb][gc][ja][gb][gd][fc][ib])
(;C[volume 5, problem 88]PL[B]AB[fd][hb][ba][ac][ed][bd][hd][gc][ad][dd][cd]AW[ab][dc][cc][cb][ec][bc])
(;C[volume 5, problem 89]PL[B]AB[fd][bb][ff][fi][bf][dc][hd][gh][ge][gg][ch][cb][di][cf][ec][fe]AW[eg][id][hf][he][db][gc][cc][df][gd][de][fc][gf][fg][ce][cd])
(;C[volume 5, problem 90]PL[B]AB[fd][ba][ee][be][jc][bd][gc][gb][gd][de][dd][ce]AW[ed][dc][cc][cb][fc][ca][fb][cd][bc])
(;C[volume 5, problem 91]PL[B]AB[ff][ie][ba][ee][kb][ed][he][dc][jb][ja][kd][cb][gf][jd][ic][ec][bc]AW[hc][fd][id][hd][db][gc][ge][fc][ca][fe][eb])
(;C[volume 5, problem 92]PL[B]AB[hc][ef][bf][ed][he][jc][bd][hd][gc][ge][cc][de][ce][ff][bc]AW[fd][ee][dc][gd][fc][dd][cd][fe][eb])
(;C[volume 5, problem 93]PL[B]AB[hc][fd][bb][ba][ed][be][cc][gd][dd][ic][cd]AW[ab][dc][cb][fc][ca][ec][bc])
(;C[volume 5, problem 94]PL[B]AB[eg][bb][bg][dc][db][da][df][cg][dd][ec]AW[ba][bf][bd][cc][cb][fc][fb][ic][eb])
(;C[volume 5, problem 95]PL[B]AB[hb][ed][bd][gc][da][de][fb][ce][ec][cd][eb]AW[fd][ee][bf][dc][db][df][cb][fc][dd][cg][fe][bc])
(;C[volume 5, problem 96]PL[B]AB[hc][fd][hb][ba][ed][be][gb][cc][gd][de][ce]AW[ea][dc][gc][da][cb][fc][dd][fb][ec][cd])
(;C[volume 5, problem 97]PL[B]AB[eg][jb][cd][hc][ba][dg][ge][cb][gc][fg][ce][bb][kb][cc][df][gd][gf][ic][ia]AW[fd][hb][ef][dc][db][gb][de][fc][ca][dd][ib][fe])
(;C[volume 5, problem 98]PL[B]AB[bb][hb][ba][ee][be][gc][ae][ad][gd][de][ce][fe][bc]AW[fd][ed][ab][bd][db][cb][ca][dd][fb][cd][eb])
(;C[volume 5, problem 99]PL[B]AB[ea][bb][fd][ee][be][ab][ce][ae][de][fc][fb][fa][bc]AW[ac][bd][db][ad][cb][dd][ec][cd][eb])
(;C[volume 5, problem 100]PL[B]AB[fd][bb][id][ee][hd][ce][da][gb][ca][fb][ic][fa][ib][cd][fe]AW[hc][hb][ha][ed][gc][bc][ga][cb][fc][ec][eb])
(;C[volume 5, problem 101]PL[B]AB[eg][fd][bb][hb][ff][id][ee][hf][he][da][cc][de][ca][ic][ce][ib][cd][ia]AW[hc][ha][dc][hd][db][gc][bc][gb][ge][cb][dd][fb][fe][eb])
(;C[volume 5, problem 102]PL[B]AB[bb][id][ed][he][dc][jc][jb][da][gb][cc][gd][de][ca][jd][lb][cd][fe]AW[hc][ec][db][gc][ja][ga][cb][fc][ic][ib][eb])
(;C[volume 5, problem 103]PL[B]AB[ba][ee][dc][gc][gd][cb][de][ca][fb][ce][ec][fe][eb]AW[eg][fd][bb][hb][ed][da][gb][cc][fc][dd][cg][ic][cd][bc])
(;C[volume 5, problem 104]PL[B]AB[bb][id][kb][ed][dc][jc][kd][cc][ge][gd][de][ca][bc]AW[hc][ea][db][gc][cb][fc][fb][ec])
(;C[volume 5, problem 105]PL[B]AB[eg][fd][ff][bf][db][cc][df][cb][fc][cf][ec][fe]AW[hb][ee][ed][dc][bd][gc][gd][dd][fb][ce][cd][eb])
(;C[volume 5, problem 106]PL[B]AB[hc][fd][ld][ie][ed][dc][hd][kd][gb][cd][lb][ib][lc]AW[hb][kc][ha][jc][jb][gc][fc][ic][ec])
(;C[volume 5, problem 107]PL[B]AB[ef][kc][hf][ed][ke][jb][gc][cc][jf][fc][dd][fb][cd][fe]AW[fd][hb][id][be][dc][bd][hd][eb][gd][cb][ec][bc])
(;C[volume 5, problem 108]PL[B]AB[eg][fd][bb][hf][hd][eb][gd][gg][fc][cf][ce][ib][cd][bc]AW[hb][ee][dc][jc][gc][cc][de][fb][ic][ec][fe])
(;C[volume 5, problem 109]PL[B]AB[fd][ee][bf][be][bd][cb][fc][dd][fb][ce]AW[bb][dc][cc][ad][ec][cd][bc])
(;C[volume 5, problem 110]PL[B]AB[hc][eg][bb][ie][ee][hf][be][ce][dg][df][gg][fc][fg][ic][ib][ec][cd][bc]AW[fd][hb][ef][ed][gc][cc][gd][cb][de][dd][ff])
(;C[volume 5, problem 111]PL[B]AB[hc][fd][bb][ed][jc][gc][jb][cc][dd][jd][bc]AW[hb][ec][dc][db][gb][cb][ib][ia])
(;C[volume 5, problem 112]PL[B]AB[hc][ff][ie][hb][if][ee][kb][hf][jc][cb][gf][dd][jd][ib][bc]AW[fd][id][he][hd][gc][ge][gb][ic][fe][eb])
(;C[volume 5, problem 113]PL[B]AB[bb][ie][ba][ed][jc][ge][dd][ic][ec][cd][bc]AW[dc][gc][da][cc][cb][fc][ca][eb])
(;C[volume 5, problem 114]PL[B]AB[bb][ee][bf][ed][bd][gc][gb][cc][de][fc][ce]AW[ac][be][dc][cb][dd][fb][ec][bc])
(;C[volume 5, problem 115]PL[B]AB[fd][ed][bd][gc][gb][ad][dd][cd]AW[ac][dc][cc][ec][bc])
(;C[volume 5, problem 116]PL[B]AB[hc][hb][id][ee][bf][be][he][bd][ge][ga][de][fc][fb][ce][fe]AW[fd][ed][gc][gb][ad][gd][cb][dd][cd][bc])
(;C[volume 5, problem 117]PL[B]AB[bb][kc][id][ed][dc][hd][jb][da][cc][gd][de][ca][ic][cd][fe]AW[hc][ec][db][gc][gb][cb][fc][ib][eb])
(;C[volume 5, problem 118]PL[B]AB[fd][bb][ie][ee][dc][jc][hd][jb][da][cc][gd][de][ca][ic][cd]AW[hc][ed][ec][db][gc][cb][fc][ib][ia][eb])
(;C[volume 5, problem 119]PL[B]AB[hc][bb][ie][he][jc][bd][gc][jb][ge][df][jd][ce][ib][fe][bc]AW[fd][hb][id][ed][dc][hd][gb][gd][ic])
(;C[volume 5, problem 120]PL[B]AB[bb][ie][kc][id][ef][hf][ig][dc][db][jb][dg][gd][cb][de][ic][ce][ff][cd]AW[hc][hb][ee][ed][he][hd][ge][cc][dd][ib][ec][fe][bc])
(;C[volume 5, problem 121]PL[B]AB[hb][ee][dc][hd][cc][gd][de][cd][fe]AW[fd][ed][ge][gb][gf][dd][cf][ce][eb])
(;C[volume 5, problem 122]PL[B]AB[hc][fd][bb][id][bd][gc][jb][ge][dd][ce][ib][bc]AW[hb][gb][cc][cb][fc][ec][ia][eb])
(;C[volume 5, problem 123]PL[B]AB[hc][fd][hb][ed][be][dc][hd][gd][de][ce]AW[db][gc][cc][fc][cd][eb])
(;C[volume 6, problem 1]PL[B]AB[ee][bf][dc][gc][cc][de][cf][ec][fe]AW[hc][ef][bg][he][df][gg][gd][fc][cg][fb][ce][cd][eb])
(;C[volume 6, problem 2]PL[B]AB[hc][bb][hb][id][dc][ge][gd][cb][fc][ic][ec][fe][ia]AW[ab][he][jb][bc][fd][ld][gg][de][je][ib][ef][hf][ed][bd][hd][gc][eb][kb][dd][jd])
(;C[volume 6, problem 3]PL[B]AB[ef][bg][ed][be][dc][bd][db][dg][df][cg][dd][ec][cd]AW[eg][bh][bf][ag][dh][gc][da][ge][eb][gd][cb][fc][ch][cf][ic][ce][fg][bc])
(;C[volume 6, problem 4]PL[B]AB[fd][bb][ed][bd][gc][dd][cd]AW[hc][ef][be][hd][db][gd][fc][cf][ec][fe])
(;C[volume 6, problem 5: 1]PL[B]AB[hc][kb][db][jb][da][gc][cb][fc][ca][fb][ib]AW[bb][hb][ba][kc][ed][dc][jc][hd][ge][gb][cc][ic][pa][lb][lc][fe][bc])
(;C[volume 6, problem 6]PL[B]AB[ie][ee][ed][be][hd][ae][cc][eb][gd][de][fc][ce][ec][bc]AW[hc][ea][id][dc][bd][db][gc][ad][dd][jd][fb][ib][cd])
(;C[volume 6, problem 7]PL[B]AB[fd][kb][ed][ab][jc][hd][db][kd][cc][gd][dd][ic][ce][bc]AW[bb][dc][gc][cb][fc][ec][eb])
(;C[volume 6, problem 8]PL[B]AB[bb][hb][ba][dc][gb][cc][fc][ca][ec][bc]AW[hc][ha][ac][ee][ed][ab][jc][bd][db][gc][da][ge][gd][cb][ib][cd])
(;C[volume 6, problem 9]PL[B]AB[eg][fd][bd][hd][df][ch][cb][fb][ce][ff][fe][eb]AW[bb][ef][id][ed][db][dd][ec][bc])
(;C[volume 6, problem 10]PL[B]AB[eg][bf][bd][gc][ge][gb][df][gd][gf][dd][fb][ce][bc]AW[fd][ee][cc][de][cb][fc][cd][fe][eb])
(;C[volume 6, problem 11]PL[B]AB[fd][bb][ba][ed][he][jc][hd][jb][cc][gf][dd][jd][ib][cd]AW[hc][hb][dc][gd][cb][fc][ca][ic][ec][eb])
(;C[volume 6, problem 12]PL[B]AB[fd][ed][dc][bd][hd][gd][cb][dd][bc]AW[hc][ie][ef][id][be][de][fc][gf][cf][ic][cd][eb])
(;C[volume 6, problem 13]PL[B]AB[hb][ee][he][bd][hd][ge][dd][fb][ic][ib][cd][fe][bc]AW[hc][ea][fd][ed][gc][gb][cc][gd][cb][ec])
(;C[volume 6, problem 14]PL[B]AB[hc][bb][hb][ef][ab][he][hd][ge][cc][de][ce][ff][cd]AW[ba][ha][ee][dc][db][gb][gd][cb][fc][dd][fe])
(;C[volume 6, problem 15]PL[B]AB[hc][fd][ee][bd][db][ch][fc][cf][ce]AW[be][dc][cc][ec][cd])
(;C[volume 6, problem 16]PL[B]AB[fd][be][dc][gc][gb][cc][gd][ec][cd][eb]AW[hc][hb][bf][ed][he][bd][hd][db][ge][df][cb][dd][ce][fe][bc])
(;C[volume 6, problem 17]PL[B]AB[hc][bb][ba][kb][ed][ka][jc][hd][kd][gb][cc][ge][dd][fb][cd]AW[hb][ec][dc][db][gc][cb][fc][ca][ib])
(;C[volume 6, problem 18]PL[B]AB[fd][bb][ba][ed][dc][gc][gb][cc][de][ce][cd]AW[hc][ef][be][ab][bd][ge][cf][df][gd][cb][fc][ca][fb][bc])
(;C[volume 6, problem 19]PL[B]AB[ef][ed][db][cc][gd][ec][fe]AW[hc][eg][he][bd][hd][cf][gf][fb][ff][cd][eb])
(;C[volume 6, problem 20]PL[B]AB[hc][hb][be][jb][ad][gd][dd][cf][cd][fe]AW[bb][ha][bd][gb][cc][fc][bc])
(;C[volume 6, problem 21]PL[B]AB[fd][ie][hb][ac][kb][ed][be][dc][jc][he][db][ge][jd][je][cd][dd][lc][bc]AW[bb][ba][id][ab][ec][hd][gc][da][cc][gd][cb][ic][ib][eb])
(;C[volume 6, problem 22]PL[B]AB[hc][bb][ef][bd][gc][jb][ge][df][gd][cf][ic][ce][fe][bc]AW[fd][ee][ed][cc][de][cb][fb][cd])
(;C[volume 6, problem 23]PL[B]AB[hc][fd][id][hf][jf][gd][gf][dd][ic]AW[if][ig][jc][gc][gh][cc][df][je][fc][cd][jd][fg][ce][ff][lc])
(;C[volume 6, problem 24]PL[B]AB[fd][ed][he][dc][db][gc][gb][gd]AW[hb][hf][bd][hd][jg][ge][cc][df][cb][je][ic][ce][fe])
(;C[volume 6, problem 25]PL[B]AB[fd][ed][be][bd][gc][gd][cb][dd][fb][cd][bc]AW[hc][ee][bf][he][dc][ae][ge][gb][de][fc][cg][ic][ce][ec][fe][eb])
(;C[volume 6, problem 26]PL[B]AB[ea][dc][cc][fb][ec][cd]AW[ed][be][db][gb][df][gd][fc][dd][ce])
(;C[volume 6, problem 27]PL[B]AB[fd][ff][ee][ed][dc][hd][ge][cc][gd][cb][ca][fb][ic][ib]AW[eg][jb][cd][bc][hc][ba][id][hf][jc][bd][gc][da][fg][bb][hb][ie][df][gf][dd])
(;C[volume 6, problem 28]PL[B]AB[if][ff][bb][eg][ba][ee][hf][be][jc][jb][bc][de][je][ca][jd][ib][cd][eb]AW[ie][hb][id][ed][db][da][ge][gb][cc][cb][fc][dd][ic][fe])
(;C[volume 6, problem 29]PL[B]AB[ea][ac][ed][bd][db][gb][cc][cb][dd][fb][ec][eb]AW[hc][fd][bb][hb][ee][aa][hd][da][ga][de][fc][ca][ce][cd][fe][bc])
(;C[volume 6, problem 30]PL[B]AB[dc][cc][eb][ec][bc]AW[hc][fd][bb][ed][be][bd][fc][dd][fb])
(;C[volume 6, problem 31]PL[B]AB[fd][ed][bd][db][da][dd][ec]AW[ea][ee][be][ge][gb][cc][gd][fc][cf][fe][eb])
(;C[volume 6, problem 32]PL[B]AB[ee][ed][dc][db][gc][gd][fc][fb][ec][cd]AW[hc][hb][ef][he][hd][da][cc][de][cb][cg][dd][ce][ff][eb])
(;C[volume 6, problem 33]PL[B]AB[kc][ee][kb][be][jc][hd][da][cc][mb][gd][cb][de][ic][cd][fe]AW[hc][fd][ed][dc][gc][jb][dd][ib][eb])
(;C[volume 6, problem 34]PL[B]AB[bb][ie][ba][ee][jc][bd][jb][ja][cc][ge][gd][je][dd][ic][fe]AW[ed][ec][db][gc][gb][ga][cb][ib][ia])
(;C[volume 6, problem 35]PL[B]AB[fd][hb][bg][ed][be][hd][gd][de][fc][fb][ce]AW[bd][gc][gb][dd][fa][ec][cd][eb])
(;C[volume 6, problem 36]PL[B]AB[eg][fd][ef][ee][ed][be][bd][gc][dg][gd][de][cf][ce]AW[bg][he][gb][fh][ff][ec][cd][bc][hc][eh][bf][hf][hd][cg][fg][fe][dh][fc][dd])
(;C[volume 6, problem 37]PL[B]AB[hc][fd][bb][jc][jb][gc][ja][cc][df][ic][ce][ff][bc]AW[hb][ec][dc][gb][cb][fc][ib][ia])
(;C[volume 6, problem 38]PL[B]AB[hc][if][ie][ef][id][ee][hf][bd][gc][gb][gg][dd][fg][ic][cd][bc]AW[fd][he][dc][hd][cc][gd][fc][gf][fb][ff][fe])
(;C[volume 6, problem 39]PL[B]AB[bb][ed][be][gd][fc][dd][ce][eb]AW[dc][bd][da][cc][ec][bc])
(;C[volume 6, problem 40]PL[B]AB[fd][hb][bg][ee][be][de][fc][fb][ce][cd][fe]AW[ed][bd][ae][cc][ad][dd][ec][eb])
(;C[volume 6, problem 41]PL[B]AB[hc][hb][ba][dc][db][gc][cb][fc]AW[fd][bb][id][kb][ab][aa][bd][hd][cc][gd][de][dd][ic][ib])
(;C[volume 6, problem 42]PL[B]AB[bb][hb][ab][dc][ec][bd][hd][ge][cc][je][ic][ib][ia][bc]AW[hc][ba][ha][ed][be][gc][gb][ad][de][cb][fc][fb][ce][fe])
(;C[volume 6, problem 43]PL[B]AB[hc][fd][ba][ac][ed][aa][hd][cb][dd][ic][cd][bc]AW[if][id][be][dc][jc][bd][db][cc][cg][jd][cf][ec])
(;C[volume 6, problem 44]PL[B]AB[bb][ie][ee][he][jb][ja][cc][de][gf][dd][jd][ic][ff][bc]AW[hc][hb][ed][dc][hd][cb][ib][ec][fe])
(;C[volume 6, problem 45]PL[B]AB[dc][gc][gb][cf][gd][df][gf][fb][ec][fe]AW[fd][ed][db][fc][dd][ce][eb])
(;C[volume 6, problem 46]PL[B]AB[hb][dc][gc][gb][cc][cb][ec]AW[hc][fd][bb][id][ed][be][jc][gd][dd][ib][cd][bc])
(;C[volume 6, problem 47]PL[B]AB[fd][hb][ef][gc][cc][df][cb][ce][ff][cd][fe]AW[bb][ee][be][dc][bd][de][cg][cf][ec][bc])
(;C[volume 6, problem 48]PL[B]AB[ed][dc][gb][dd][fb][ce][eb]AW[hc][fd][hb][db][cb][fc][ec])
(;C[volume 6, problem 49]PL[B]AB[hc][bb][hb][ef][ee][he][hd][jb][gf][ca][dd][ff][cd][bc]AW[ed][db][gc][ge][cc][gd][cb][fa][ec][fe])
(;C[volume 6, problem 50]PL[B]AB[hc][fd][bb][ee][be][jc][bd][jb][da][gd][cb][ic][ce][ff][bc]AW[ea][hb][ed][db][gc][cc][fc][dd][ib][cd])
(;C[volume 6, problem 51]PL[B]AB[if][bb][ee][kb][hf][dc][db][de][je][gf][dd][jd][ic][ib][fe]AW[hc][fd][hb][id][ed][he][da][ge][ec][ia][eb])
(;C[volume 6, problem 52]PL[B]AB[bf][dc][hd][gc][ge][gb][df][de][cg][ec]AW[hc][be][cc][cb][ic][ce])
(;C[volume 6, problem 53]PL[B]AB[hc][bb][hb][ef][he][bd][hd][de][gf][dd][ff][bc]AW[ed][db][gc][ge][cc][gd][fa][ec][fe])
(;C[volume 6, problem 54]PL[B]AB[if][bb][ee][kb][hf][dc][db][de][je][gf][dd][jd][ic][ib][fe]AW[hc][fd][ie][hb][id][ed][he][da][ge][ec][eb])
(;C[volume 6, problem 55]PL[B]AB[ff][bb][ef][id][he][dc][db][ge][df][ic][ce][ib][cd]AW[hc][hb][ha][ee][gd][de][fb][ec][fe])
(;C[volume 6, problem 56]PL[B]AB[bb][id][ee][dc][jc][hd][jb][kd][cc][gd][de][dd][fe][bc]AW[hc][ed][db][gc][cb][fb][ec])
(;C[volume 6, problem 57]PL[B]AB[be][dc][cc][cb][dd][ce][eb]AW[hc][ee][bf][bd][db][ae][cf][df][fc][fb][ec][fe])
(;C[volume 6, problem 58]PL[B]AB[bb][ef][id][jc][bd][hd][jb][ge][de][cb][dd][jd][lb][ff]AW[ed][dc][db][gc][fb][ic][ib][fe])
(;C[volume 6, problem 59]PL[B]AB[fd][ee][bf][ed][af][gc][gb][df][ga][cb][cf]AW[be][dc][eb][ce][bc])
(;C[volume 6, problem 60]PL[B]AB[fd][bb][jc][bd][hd][jb][gd][cb][de][dd][ic][ff]AW[hc][ed][dc][db][gc][fc][ib][ia])
(;C[volume 6, problem 61]PL[B]AB[fd][ed][be][ae][fc][dd][fb][fa][cd]AW[ea][bb][dc][ad][ec][eb])
(;C[volume 6, problem 62]PL[B]AB[hc][hb][bg][be][jb][gd][de][dd][ce][fe]AW[bd][cb][fc][ec][cd])
(;C[volume 6, problem 63]PL[B]AB[bb][hb][ba][ef][hf][he][jc][hd][df][je][gf][cf][ce][ib][cd][bc]AW[hc][ee][gc][ge][gb][de][cb][dd][fe][eb])
(;C[volume 6, problem 64]PL[B]AB[fd][ef][bf][ed][bd][gc][gb][df][gd][cf][ib][bc]AW[bb][ab][dc][de][fc][dd][fb][ce])
(;C[volume 6, problem 65]PL[B]AB[hb][ha][dc][gb][cc][cb][fc][ec][bc]AW[hc][bb][ee][ac][kb][bd][gd][de][ic][fa][ib][cd][fe][eb])
(;C[volume 6, problem 66]PL[B]AB[fd][bb][ee][kb][bd][hd][bc][gd][cb][de][fb][ic][ce][ib][eb]AW[hb][ha][ed][db][gc][da][cc][fc][dd][fa])
(;C[volume 6, problem 67]PL[B]AB[fd][bb][kc][id][ed][ab][he][bd][jb][ge][cc][dd][jd][ib]AW[hb][ba][dc][hd][db][gc][cb][fc][ic][fa])
(;C[volume 6, problem 68]PL[B]AB[fd][ba][id][ee][be][ab][dc][bd][hd][gd][de][ca][ic][ce][ib][bc]AW[hc][bb][hb][ed][db][cc][cb][fc][dd][cd])
(;C[volume 6, problem 69]PL[B]AB[hc][hb][id][dc][db][gc][cb][fc][ib]AW[fd][bb][kc][ed][be][jc][hd][jb][cc][ga][gd][ic][ce][bc])
(;C[volume 6, problem 70]PL[B]AB[fd][bb][kc][id][kb][ed][dc][bd][hd][ja][cc][ic][gd][kd][ca][lb]AW[hc][ea][ec][db][jb][gc][cb][fc][ib])
(;C[volume 6, problem 71]PL[B]AB[ee][ed][ab][be][da][ae][gb][de][ce][ec][eb]AW[dc][bd][db][ad][cb][dd][cd])
(;C[volume 6, problem 72]PL[B]AB[if][ie][ef][id][hf][dc][df][de][cb][gf][dd][ic][ib][bc]AW[hc][ee][ed][he][hd][db][da][gb][ec])
(;C[volume 6, problem 73]PL[B]AB[ff][bb][ef][id][ed][he][bd][ce][jb][de][cb][jd][ib][ec]AW[fd][hb][ee][dc][db][gc][gd][dd][fe])
(;C[volume 6, problem 74]PL[B]AB[hc][fd][hb][ac][ed][be][da][ae][gb][ad][gd][dd][ce]AW[bb][ab][dc][bd][gc][fc][fb][ec][bc])
(;C[volume 6, problem 75]PL[B]AB[hc][ee][be][jc][bd][hd][ge][cc][de][ce][ib][fe][bc]AW[fd][bb][hb][dc][gc][cb][dd][cd])
(;C[volume 6, problem 76]PL[B]AB[ee][he][db][cd][bc][ba][kc][id][ge][cb][lb][bd][ja][kd][fe][eb][kb][dd][jd]AW[hc][ea][bb][fd][ed][dc][jc][cc][gd][fb][ic][ec][ia])
(;C[volume 6, problem 77]PL[B]AB[hb][id][ee][be][he][hd][ge][dd][ic][ib][cd][fe][bc]AW[hc][ea][fd][ed][gc][cc][gd][cb][ec])
(;C[volume 6, problem 78]PL[B]AB[ee][ac][be][ab][bd][db][gc][ge][gb][gd][de][ce][ib]AW[fd][bb][ba][ha][ed][cc][ga][fc][fb][cd][bc])
(;C[volume 6, problem 79]PL[B]AB[hc][fd][bb][ba][bf][ed][jc][gc][dd][cf][cd][bc]AW[ac][dc][bd][cc][ad][cb][ca][ec])
(;C[volume 6, problem 80]PL[B]AB[hc][fd][bb][ef][kc][hf][bd][kd][cf][gg][gd][je][fc][fb][ce][lc][bc]AW[id][jc][hd][gc][gb][cc][cb][dd][fa][ec][eb])
(;C[volume 6, problem 81]PL[B]AB[hc][fd][ba][ed][gc][cc][cb][dd][fb]AW[bb][ee][hd][ga][gd][de][ic][ce][ib][cd][fe][bc])
(;C[volume 6, problem 82]PL[B]AB[hc][ff][bb][ef][id][gc][jb][df][gd][dd][cf][ib][cd][bc]AW[hb][ee][ed][gb][cc][cb][fc][ec][ia][eb])
(;C[volume 6, problem 83]PL[B]AB[bb][kc][id][kb][ed][be][he][ke][jb][gc][ge][gb][cb][dd][jd][cd][fe][bc]AW[hc][fd][dc][jc][hd][db][cc][gd][fc][ic][ib][ec])
(;C[volume 6, problem 84]PL[B]AB[hc][hb][ef][ac][be][ab][bd][hd][db][ge][gb][df][gf][ce][ff]AW[bb][ee][gc][eb][gd][de][dd][fb][cd][fe][bc])
(;C[volume 6, problem 85]PL[B]AB[ff][bb][id][kb][ed][hf][dc][hd][gf][dd][ic][ib][bc]AW[hc][hb][db][ge][gd][cb][fc][ec][eb])
(;C[volume 6, problem 86]PL[B]AB[fd][bb][ie][kc][ef][kb][he][hd][kd][eb][cb][jd][cf][ce][ec][fe][bc]AW[hc][id][ed][jc][db][da][cc][fc][dd][fb][ic])
(;C[volume 6, problem 87]PL[B]AB[hc][ff][bb][ef][ba][he][hd][ce][ge][cc][df][ic][ib][ec][cd]AW[fd][hb][ha][ee][dc][db][gc][gd][de][dd][fe])
(;C[volume 6, problem 88]PL[B]AB[bb][ie][ba][id][ig][he][dc][bd][ad][gd][fc][dd][ic][ib][ec][cd]AW[hc][hb][ee][bf][ab][jc][hd][db][jb][bc][cc][ge][df][gf][ca][lc][ia][eb])
(;C[volume 6, problem 89]PL[B]AB[hc][hb][id][ee][be][db][gd][ce][fe]AW[fb][cc][ec][bc])
(;C[volume 6, problem 90]PL[B]AB[hc][he][bd][cc][ce][cd][fe]AW[bb][ee][be][dc][df][ch][de][cf][ec])
(;C[volume 6, problem 91]PL[B]AB[bb][ie][ba][kc][ee][kb][ka][hd][kd][cc][gd][je][gf][dd][cd][fe]AW[hc][fd][id][ed][dc][jc][db][jb][gc][ja][cb][jd])
(;C[volume 6, problem 92]PL[B]AB[bb][ba][ee][bf][ed][bd][df][ce][bc]AW[gc][cc][cb][fc][ca][ic][cd])
(;C[volume 6, problem 93]PL[B]AB[hc][bg][ed][be][dc][ce][gb][de][fc][ib][ec]AW[bd][db][cb][dd][fb][cd][eb])
(;C[volume 6, problem 94]PL[B]AB[be][ch][fh][ea][dg][ae][gg][fb][hf][hd][ce][ie][hb][gh][df][ad][gd][fc][dd][jd][fa]AW[fd][bb][ff][ee][ac][bd][da][ge][de][fg][ec][cd][eb])
(;C[volume 6, problem 95]PL[B]AB[bb][ie][id][kb][be][he][db][jb][df][de][ic][ff][cd][bc]AW[hc][fd][ed][ec][hd][cc][gd][cb][dd][ib])
(;C[volume 6, problem 96]PL[B]AB[bb][id][kb][hf][he][db][cc][df][de][dd][fg][ic][ib]AW[hc][hb][ee][ed][hd][ge][cb][ec][fe][eb])
(;C[volume 6, problem 97]PL[B]AB[hb][id][ed][hd][gd][ic][ec]AW[if][ee][hf][jc][jb][cc][de][cb][je][ca][jd][cd][fe])
(;C[volume 6, problem 98]PL[B]AB[hc][bb][ed][bd][gc][ge][cc][dd][jd][ic]AW[dc][gb][cb][fc][ca][ec])
(;C[volume 6, problem 99]PL[B]AB[bb][kb][ed][he][jb][da][kd][cc][ge][jf][ca][cd][ic][ce][ec][lc]AW[jc][hd][db][gc][cb][fc][ib][ia][eb])
(;C[volume 6, problem 100]PL[B]AB[hb][ee][bf][hd][cc][gd][jd][ic][ce][cd]AW[dc][gc][cb][fc][ec][bc])
(;C[volume 6, problem 101]PL[B]AB[bf][af][gb][de][dd][cf][ec][eb]AW[be][dc][db][ae][bc])
(;C[volume 6, problem 102]PL[B]AB[hb][bf][ed][bd][gc][de][fc][cg][ce][fe]AW[ee][eb][fb][ec][cd][bc])
(;C[volume 6, problem 103]PL[B]AB[ef][kc][id][bg][kb][dg][ge][gd][cg][dd][jd][ec][eb]AW[hc][ea][fd][db][jb][fc][fb][ic])
(;C[volume 6, problem 104]PL[B]AB[bb][hb][bf][ed][be][aa][ge][gd][cb][de][ca][eb]AW[ea][dc][bd][cc][ad][fc][fb][cd])
(;C[volume 6, problem 105]PL[B]AB[hc][bb][he][gb][gd][cg][dd][jd][ic][cd][fe][bc]AW[hb][hd][gc][cc][cb][fc][fb][ec])
(;C[volume 6, problem 106]PL[B]AB[hc][ef][be][cf][df][fc][fb][fe]AW[ed][bd][dg][dd][cd][eb])
(;C[volume 6, problem 107]PL[B]AB[hc][bb][bg][ed][bd][gc][de][cg][dd][ce][ec]AW[dc][cc][eb][cd][bc])
(;C[volume 6, problem 108]PL[B]AB[fd][ef][bg][be][bd][hd][gc][gb][de][cg][cf][fe]AW[bf][ed][fc][dd][ce][ec][cd][bc])
(;C[volume 6, problem 109]PL[B]AB[fd][ef][bf][ed][dc][af][cc][df][gf][cf][ic][fe][eb]AW[ee][be][db][ae][de][cb][ce][bc])
(;C[volume 6, problem 110]PL[B]AB[fd][ee][bf][bd][db][gc][gb][ad][gd][de][gf][ce]AW[ed][cb][fc][dd][fb][ec][cd][bc])
(;C[volume 6, problem 111]PL[B]AB[ee][mb][bc][fd][ld][ba][kc][id][de][lb][bd][hd][gc][ma][ce][bb][gd][ca][jd]AW[hc][kb][ed][ka][ec][jc][da][gb][cc][cb][fc][dd][ic][la][ib][cd])
(;C[volume 6, problem 112]PL[B]AB[hg][ee][mb][bc][if][ld][kc][id][dg][gg][ef][ed][dc][jc][kf][mc][ma][fg][le][bb][ie][cc][jf][jd][lc]AW[he][db][jb][ke][ff][ec][lf][lh][hc][nc][na][la][jg][cb][me][lb][hh][hf][nf][lg][ig][fe][kb][nb][jh][gh][fc][ic][md])
(;C[volume 6, problem 113]PL[B]AB[ie][hb][hf][gc][gb][je][jd][ic][ib]AW[hc][id][jc][hd][jb][mb][gd][fc][fb][bc])
(;C[volume 6, problem 114]PL[B]AB[fd][bb][ee][bf][db][ce][cc][cf][cb][fc][jd][fb][fa][fe]AW[ea][ac][ed][be][dc][bd][eb][ec][cd][bc])
(;C[volume 6, problem 115]PL[B]AB[hc][ie][hf][be][jc][gc][de][dd][ce][ff][ci][eb]AW[fd][dc][bd][db][gd][ec][cd])
(;C[volume 6, problem 116]PL[B]AB[if][ef][cc][de][cb][gf][ce][ff][cd][bc]AW[ee][be][dc][bd][db][df][cg][dd][cf][fe])
(;C[volume 6, problem 117]PL[B]AB[if][eg][bb][ie][ee][dc][jc][gc][kd][ge][df][gf][dd][cd][bc]AW[hc][ed][hd][cc][gd][cb][jd][ec][fe])
(;C[volume 6, problem 118]PL[B]AB[hc][ef][be][bd][ge][df][fc][cg][fb][ce][fe][bc]AW[bb][ee][ed][da][cc][de][ec][cd])
(;C[volume 6, problem 119]PL[B]AB[fd][hb][ef][bf][ed][be][de][cb][fc][fb]AW[bd][db][dd][ec][cd][eb])
(;C[volume 6, problem 120]PL[B]AB[bg][ha][id][be][hd][cc][eb][de][ic][ce][ib][fe][bc]AW[hc][ab][dc][bd][gc][fc][dd][ec][cd])
(;C[volume 6, problem 121]PL[B]AB[ea][dc][ae][cc][fc][ce][ec][cd][eb]AW[fd][ac][bf][ed][db][gc][dg][gb][ga][cb][dd][cf][bc])
(;C[volume 6, problem 122]PL[B]AB[hc][be][cf][fc][dd][fb][ec][cd]AW[ab][dc][bd][cc][eb])
(;C[volume 6, problem 123]PL[B]AB[bb][ed][ab][be][gc][de][fc][ic][ce][ff][bc]AW[ac][dc][bd][ad][cb][ec][cd])
)