(;FF[4]GM[1]SZ[19]
C[Xuanxuan Qijing (Gengen Gokyo)

"Gateway to All Marvels" - Xuanxuan Qijing is a classical Chinese collection compiled by Yan Defu and Yan Tianzhang around year 1347. Its perhaps more popular Japanese name is Gengen Gokyo.
There circulate many versions of the collection. This should be one of the more complete versions, containing 347 problems of a fairly difficult level. Unless you are a top amateur player, some of the problems might be difficult for you. However, if you keep solving the problems, you will improve your reading immensely.
Enjoy solving the problems and improving your reading.
 - Vit Brunner
]
(;C[problem 1, white to play]PL[W]AB[kj][ik][kh][ih][hj]AW[ji])
(;C[problem 2, white to play]PL[W]AB[bc][cc][dc][eb]AW[bb][cb][db])
(;C[problem 3, black to play]PL[B]AB[ef][ee][ge][cf][gd][cb][fc][fb][ce][eb]AW[ed][db][da][dd][ec][cd])
(;C[problem 4, black to play]PL[B]AB[hc][bd][gb][ad][ga][fc][dd][ec][cd]AW[ba][dc][cc][eb][fb][bc])
(;C[problem 5, white to play]PL[W]AB[hc][hb][ef][he][hd][da][cc][de][cb][gf][dd][ff][eb]AW[ee][dc][db][gd][fc][fb][ec][fe])
(;C[problem 6, black to play]PL[B]AB[hb][bf][gc][cc][de][cb][fc][dd][cg][ic][ec]AW[dc][bd][db][gb][fb][cd][eb])
(;C[problem 7, black to play]PL[B]AB[hc][eg][ie][hg][id][hf][be][dc][gh][gb][cc][cb][cg][fh][fb][ce][ib][eb]AW[bb][ba][ee][he][bd][hd][gc][fc][dd][gf][ec][cd][bc])
(;C[problem 8, white to play]PL[W]AB[fd][bb][bf][ed][bd][gc][gd][dd][fb][cd]AW[dc][cc][eb][ec][bc])
(;C[problem 9, white to play]PL[W]AB[ch][cf][cd][bc][hc][fd][ag][ib][bh][ed][bd][gc][da][cg][ce][kb][ah][dd][ic][fa]AW[bg][be][gb][ai][di][ff][ec][dg][ae][ge][cb][ci][bf][dc][aa][eb][bb][hb][dh][bi][cc][df][gd][fc][ca])
(;C[problem 10, black to play]PL[B]AB[hc][hb][ef][ha][ac][hf][he][bd][hd][gc][df][gg][de][cb][dd][fg][cd][bc]AW[bb][ee][ed][ab][dc][ge][gb][cc][ga][gd][fc][ff][eb])
(;C[problem 11, black to play]PL[B]AB[dc][bd][ad][fc][ec][cd]AW[bb][ba][ac][db][bc])
(;C[problem 12, black to play]PL[B]AB[fd][ac][ed][be][cc][ad][cb][fc][ca][dd][ce]AW[hc][bb][dc][aa][bd][db][gc][fb][ec][cd][bc])
(;C[problem 13, white to play]PL[W]AB[bb][ie][ee][hf][dc][jc][bd][gc][cf][df][fc][fb][ic][ce][fg][fe]AW[fd][ed][hd][db][gd][cb][de][dd][ec][cd])
(;C[problem 14, white to play]PL[W]AB[ba][ac][dc][bd][cb][cd]AW[ea][ed][be][ae][dd][ce][ec][eb])
(;C[problem 15, black to play]PL[B]AB[be][cf][fc][dd][fb][fa][ec][cd]AW[dc][bd][da][cc][eb][bc])
(;C[problem 16, black to play]PL[B]AB[hc][bb][hb][ef][be][ab][bd][ge][cc][gb][gd][df][cf][cd][fe]AW[fd][ba][ee][dc][gc][de][cb][fc][dd][fb][ce][ec][bc])
(;C[problem 17, black to play]PL[B]AB[cc][eb][fb][ec][bc]AW[hc][hb][ef][be][db][ce][df][gd][cb][fa][fe])
(;C[problem 18, white to play]PL[W]AB[bb][bd][db][cc][ad][ca]AW[ee][be][dc][ae][gb][ce][ec][cd][eb])
(;C[problem 19, white to play]PL[W]AB[ba][cc][eb][ec][bc]AW[hb][ee][bf][ed][bd][fc][fb][cd])
(;C[problem 20, black to play]PL[B]AB[hc][fd][bb][ed][dc][gc][cc]AW[id][hd][db][gd][fc][ic][ec])
(;C[problem 21, white to play]PL[W]AB[bb][eb][fb][ec][bc]AW[hc][fd][ed][be][gb][fc][dd][ce][ib])
(;C[problem 22, white to play]PL[W]AB[ie][hb][ee][dc][da][de][cb][gf][dd][ic][ff]AW[ed][db][gc][ge][gb][gd][ec][fe][eb])
(;C[problem 23, white to play]PL[W]AB[db][cc][eb][ca][bc]AW[bf][dc][bd][fc][fb][ec][cd])
(;C[problem 24, black to play]PL[B]AB[ea][dc][db][cc][fb][ce][cd]AW[fd][hb][bf][be][hd][df][de][cg][dd][ic][ec][eb])
(;C[problem 25, white to play]PL[W]AB[bd][gc][gb][dd][fa][ec][cd][eb]AW[fd][bg][ed][be][hd][gd][de][fc][fb][ic][ce][ib][ia])
(;C[problem 26, black to play]PL[B]AB[ea][dc][ae][cc][ce][ec][cd][eb]AW[hc][fd][ac][bf][ed][db][gb][df][cb][dd][cf][bc])
(;C[problem 27, black to play]PL[B]AB[fd][hb][ef][bg][dg][cf][fc][fb][ce][cd][fe]AW[bb][dc][de][dd][fa][ec][eb])
(;C[problem 28, black to play]PL[B]AB[fd][ed][bd][db][da][dd][ec][cd]AW[ea][ef][be][ge][gb][cc][eb][gd][fc][cf][fe][bc])
(;C[problem 29, black to play]PL[B]AB[ed][gc][gb][cc][df][cb][ca][dd][cf][bc]AW[bf][dc][bd][db][da][cg][fb][cd][eb])
(;C[problem 30, white to play]PL[W]AB[eg][ff][bg][bd][db][gc][dg][ge][cf][gd][cb][gf][cg][fb][ec]AW[bb][ef][bf][ed][cc][df][dd][ce][fe])
(;C[problem 31, white to play]PL[W]AB[bd][cc][cb][dd][ce]AW[ee][bf][ed][dc][gc][cf][df][fb][ec])
(;C[problem 32, black to play]PL[B]AB[ef][bf][ab][bd][gc][ge][gb][df][gd][ce][ib][fe][bc]AW[fd][bb][ee][cc][ga][cb][de][fb][ec][cd])
(;C[problem 33, white to play]PL[W]AB[dc][cc][cb][cd][bc]AW[bh][hb][bd][db][gc][fc][dd][cg][cf][ic][ce][ec][ci])
(;C[problem 34, black to play]PL[B]AB[hc][ld][ie][nc][he][dc][kf][hd][jf][pc][fc][jd][lc][le]AW[kc][id][ke][jb][kd][je][ic])
(;C[problem 35, white to play]PL[W]AB[bb][ba][ab][dc][aa][db][gb][cc][fc]AW[hc][fd][ac][ed][be][jc][gd][dd][ib][cd][bc])
(;C[problem 36, black to play]PL[B]AB[ac][bf][dc][af][ae][cc][ec][bc]AW[hc][bg][ba][ee][ag][db][gc][ge][cg][cf][ce][eb])
(;C[problem 37, white to play]PL[W]AB[hc][fd][hg][ee][lf][jc][nd][gc][jg][ge][gb][gf][jd][fb][lb][md][lc][le]AW[ld][ie][he][hd][ke][mc][kd][cc][mb][gd][je][fc][oc][ec][eb])
(;C[problem 38, black to play]PL[B]AB[hc][bb][ba][ee][kb][he][gd][de][ic][ce][ib][cd][fe][bc]AW[fd][hb][ed][gb][cc][cb][dd][eb])
(;C[problem 39, black to play]PL[B]AB[eg][ee][ch][pb][fd][ld][qc][od][je][bh][dc][hd][nd][mc][le][eb][ie][dh][cc][fc][oc]AW[lc][bg][nc][nb][db][kd][ic][mb][jd][cb][df][cd][dd][cg][lb][ec][ob])
(;C[problem 40, black to play]PL[B]AB[ef][he][dc][hd][gc][de][gf][dd][ff]AW[hg][ee][hf][dg][ge][df][fc][ec][fe])
(;C[problem 41, black to play]PL[B]AB[bg][ee][bi][ce][gc][gb][cc][fc][dd][cg][cf][ib][ec]AW[bf][be][dc][bd][db][fb][cd][eb])
(;C[problem 42, white to play]PL[W]AB[hc][hb][ee][hd][da][ge][ec][fe][ia][eb]AW[ef][id][kb][hf][he][db][df][de][cb][dd][fg][ic][ib])
(;C[problem 43, black to play]PL[B]AB[ed][be][ae][ad][de][fc][fb][ce][fe]AW[bb][ac][bd][dd][cd][eb])
(;C[problem 44, white to play]PL[W]AB[bb][be][dc][bd][dd]AW[bf][ed][gb][de][cg][ce][ec][eb])
(;C[problem 45, white to play]PL[W]AB[hc][ec][db][jb][gc][ja][fc][ca][ib][eb]AW[fd][bb][id][kb][ed][ka][dc][jc][hd][kd][gb][gd][cb][fb][cd])
(;C[problem 46, white to play]PL[W]AB[hc][ed][jb][da][ja][gc][ic][ec][eb]AW[bb][kc][id][ee][kb][ka][dc][hd][db][jd][gd][de][ca][dd][fe])
(;C[problem 47, white to play]PL[W]AB[hc][fd][hg][ed][ec][ig][kf][ke][jg][kd][ic][ge][cb][gf][lb][ib][lc][eb]AW[if][id][kb][he][jc][hd][gd][je][fc][jd][fb])
(;C[problem 48, white to play]PL[W]AB[bb][hb][dc][db][gc][ja][fc][ca][ib]AW[hc][ee][kb][jb][cc][gd][cb][de][jd][ic][ce][fe][bc])
(;C[problem 49, black to play]PL[B]AB[bg][ha][id][be][hd][cc][eb][de][ic][ce][ib][fe][bc]AW[hc][ab][dc][bd][gc][fc][dd][ec][cd])
(;C[problem 50, white to play]PL[W]AB[if][id][ee][hf][dh][dg][jf][de][je][gf][fh][jd][fg][eh][fe]AW[hg][ke][ch][di][cf][hc][fd][kc][jg][gg][fi][ed][jc][kf][gc][kd][cg][ce][ig][ei][gh][dd][ic])
(;C[problem 51, white to play]PL[W]AB[dc][db][eb][dd][cd][bc]AW[ed][be][bd][gc][de][fb][ce][ec])
(;C[problem 52, black to play]PL[B]AB[fd][bb][ef][bg][dc][cc][df][cg][ec][fe][eb]AW[hc][bf][ed][be][bd][fc][dd][fb][cd][bc])
(;C[problem 53, black to play]PL[B]AB[hc][hb][ef][be][hd][jb][ge][df][cf][cd][fe]AW[dc][gc][gb][gd][de][dd][ce])
(;C[problem 54, black to play]PL[B]AB[ea][hb][ec][bc][gb][dd][ib][cd][eb]AW[hc][bb][ee][ed][be][dc][jc][db][jb][da][cc][gd])
(;C[problem 55, white to play]PL[W]AB[ee][mb][pb][cd][hc][kc][od][ge][de][cb][jc][hd][nd][mc][ce][bb][hb][gf][ic][oc]AW[he][db][gb][ne][if][fd][ld][id][nc][pe][ed][dc][gc][kd][qd][oe][nb][gd][dd][jd][md])
(;C[problem 56, white to play]PL[W]AB[bb][ie][hg][kb][jc][ja][cc][mb][de][je][fc][dd][df][fb][ic][gg][fg][lc]AW[fd][ff][kc][ee][ed][hd][db][kd][gd][cb][gf][lb][ec])
(;C[problem 57, black to play]PL[B]AB[fd][id][kb][ed][hd][db][da][kd][gd][jd][ec][eb]AW[jb][ff][lf][ea][nc][cb][fb][lb][me][hf][gc][ce][cc][df][jf][fc][ic][fa][lc])
(;C[problem 58, black to play]PL[B]AB[if][ie][ee][hf][dc][db][gc][mc][nd][ke][fc][gf][me][ec]AW[hc][kc][id][he][gb][gd][fb][eb])
(;C[problem 59, black to play]PL[B]AB[hc][fd][ee][be][db][ce][gb][cc][de][fc][fa][ec]AW[ed][dc][bd][cb][dd][fb][cd][eb])
(;C[problem 60, white to play]PL[W]AB[hb][ha][ed][gb][cc][cb][dd][fb][ec][ia]AW[hc][bb][ee][kb][gc][dg][ja][fc][ic][ce][ib][cd][fe][bc])
(;C[problem 61, white to play]PL[W]AB[fd][ie][he][jc][db][gd][de][je][dd][jd][fb][lc]AW[id][bf][hd][gc][gb][cc][cb][ic][ib][cd])
(;C[problem 62, black to play]PL[B]AB[fd][bb][jc][bd][dg][gh][ge][cc][gg][gd][gf][cg][fh][cf][ce][ib][eh]AW[eg][ff][ee][ed][df][de][cb][ca][fg][ec][fe][eb])
(;C[problem 63, white to play]PL[W]AB[be][ab][bd][eb][dd][cf][ec][cd][bc]AW[hb][ef][ee][ac][bg][ed][af][dg][ae][ad][fc][cg][fb])
(;C[problem 64, black to play]PL[B]AB[hb][bd][fc][dd][fb][ec][cd]AW[dc][da][cc][eb][bc])
(;C[problem 65, white to play]PL[W]AB[hc][ea][hb][db][gc][cb][fc][ec]AW[fd][bb][kb][ed][dc][bd][hd][cc][gd][ic][ib])
(;C[problem 66, white to play]PL[W]AB[hc][ee][bf][hf][ed][dc][hd][gh][ch][de][fc][gf][jd][cf][eh]AW[ef][be][gc][ge][cc][df][cb][ce][ff][cd][fe])
(;C[problem 67, black to play]PL[B]AB[eb][dd][fb][ec][cd][bc]AW[bb][ee][be][bd][gc][ge][gb][de][fc][ce][ib])
(;C[problem 68, black to play]PL[B]AB[hc][hb][id][ac][dc][jc][bd][db][cc][ad][dd]AW[bb][ef][ba][ab][hd][gc][ge][gb][df][cb][ce][cd][bc])
(;C[problem 69, white to play]PL[W]AB[bb][dc][db][cc][fb]AW[hc][ed][bd][gb][gd][dd][ib][cd][bc])
(;C[problem 70, black to play]PL[B]AB[ea][dc][cc][eb][ad][cd][bc]AW[ac][bf][be][bd][de][fc][dd][fb][ce][ec])
(;C[problem 71, black to play]PL[B]AB[kc][id][ee][nc][ed][he][bd][ge][mb][cd][jd][fa][ec][lc][fe][eb]AW[fd][kb][jc][hd][gb][ic][gd][fc][lb][bc])
(;C[problem 72, white to play]PL[W]AB[ed][cc][eb][dd][ec][bc]AW[fd][hb][ee][bf][bd][de][fc][fb][cd])
(;C[problem 73, black to play]PL[B]AB[bh][fd][bg][ee][kb][jc][bi][df][gd][de][cg][jd][ic][bj][lc][fe]AW[hg][be][he][cj][jb][ch][fh][ff][hc][id][ge][fb][ck][ib][ej][dc][ce][bk][dh][fc][dd])
(;C[problem 74, black to play]PL[B]AB[hc][ea][ec][dc][db][jb][da][gc][fc][ib]AW[fd][ie][kc][kb][jc][ja][cc][gd][cb][de][dd][fb][ic][fa][eb])
(;C[problem 75, white to play]PL[W]AB[ab][bd][cb][eb]AW[ed][be][ae][gb][ga][gd][fc][dd][ce])
(;C[problem 76, white to play]PL[W]AB[eg][ke][cf][ec][cd][fd][kc][id][dg][gg][cb][jc][hd][kf][da][mc][fg][ce][ig][eb][cc][gd]AW[ie][ef][ed][he][dc][db][ge][df][de][je][fc][dd][jd][ff][fe])
(;C[problem 77, black to play]PL[B]AB[kc][id][nc][hd][db][gc][ge][gb][mb][cc][dd][jd][lc][fe]AW[hc][fd][kb][jc][ic][gd][fc][fb][lb])
(;C[problem 78, black to play]PL[B]AB[hg][ke][gb][ec][cd][ff][bc][hc][if][de][cb][je][ib][hh][ef][hf][dc][ce][bb][kb][cc][df][ic][lc]AW[eg][ee][be][ab][he][db][fj][ch][di][ih][fd][ha][ge][gg][hj][ej][kh][bf][ii][bd][hd][gc][ja][cg][ig][fe][eb][ie][hb][gj][jf][fc][ia])
(;C[problem 79, white to play]PL[W]AB[hb][id][ed][ec][hd][db][gc][gb][ga][cb][ib]AW[ee][he][jb][hc][ba][kc][ka][ge][je][lb][bd][kd][fe][bb][ie][cc][gd][dd][ia])
(;C[problem 80, white to play]PL[W]AB[hb][id][ed][hd][ge][fc][ic][ib][ec][eb]AW[hc][fd][ie][ee][he][jc][db][jb][de][cb][gf][jd][lb][cd][fe])
(;C[problem 81, black to play]PL[B]AB[hc][fd][bb][ef][ee][bf][jc][bd][df][gd][cf][ic][ec]AW[hb][ed][gc][cc][de][fc][dd][fb])
(;C[problem 82, black to play]PL[B]AB[fd][bb][kc][id][ed][dc][jc][hd][db][mc][gd][de][ca][lb][ib]AW[hc][ea][hb][jb][da][gb][ic][ec][eb])
(;C[problem 83, black to play]PL[B]AB[hc][fd][bb][ef][bd][gc][df][eb][cf][ic][ce][ib][fe][bc]AW[hb][ee][dc][gb][cc][de][fc][fb][ec][cd])
(;C[problem 84, white to play]PL[W]AB[bg][bf][ig][he][hd][ce][gc][gb][gg][ga][cb][ch][dd][eh][fa][ec][cd][eb]AW[hc][fd][hb][ed][be][jc][bd][cf][df][gd][de][fc][fb][ff])
(;C[problem 85, white to play]PL[W]AB[hc][fd][hb][ed][dc][jc][db][jb][mb][jd][lb][lc][ia]AW[ff][ld][id][hf][nb][hd][ce][mc][jf][de][cb][fc][ic][oc][md][ib][lf][bc])
(;C[problem 86, black to play]PL[B]AB[fd][ee][bf][bd][gc][gb][ga][de][ce]AW[bb][dc][dd][fb][bc])
(;C[problem 87, white to play]PL[W]AB[bb][hb][ed][ab][gb][cc][fc][dd][fb]AW[hc][fd][ha][ee][bd][jb][gc][ja][ge][ga][de][ce][ib][bc])
(;C[problem 88, black to play]PL[B]AB[bb][ie][ed][be][dc][bd][hd][he][gd][fc][ic][ec]AW[hc][fd][hg][id][bf][kb][gc][ae][df][jf][je][gf][jd][fb][ce][fe])
(;C[problem 89, white to play]PL[W]AB[bg][be][he][db][cj][gb][fh][di][cf][ec][bc][gg][bj][eh][jc][bb][hb][kb][cc][fc][gf][jd]AW[hc][ff][eg][bh][dc][bd][bi][df][ch][gd][cb][de][dd][cg][ic][ib][fe])
(;C[problem 90, black to play]PL[B]AB[hc][fd][hb][ed][cc][df][gd][dd][cf][ib][bc]AW[id][kb][hd][gc][kd][gb][fc][cd][ce][ec][lc])
(;C[problem 91, black to play]PL[B]AB[hc][fd][hb][ha][ac][ed][hd][cc][gd][dd][bc]AW[ea][bb][gc][gb][ga][cb][fc][fa][ec])
(;C[problem 92, black to play]PL[B]AB[hc][hb][ee][bd][hd][ge][cc][dd][jd][cd][fe]AW[fd][hf][ed][he][dc][gb][df][gd][de])
(;C[problem 93, black to play]PL[B]AB[if][fd][hf][ed][bd][ce][dg][ge][de][fc][fb][fa][fe]AW[ef][ee][he][dc][hd][gc][gb][eb][cb][gf][dd][ff][bc])
(;C[problem 94, white to play]PL[W]AB[bb][bd][cc][eb][fb][bc]AW[fd][be][gc][ae][gb][ad][dd][cf][ec][cd])
(;C[problem 95, white to play]PL[W]AB[ff][ie][id][hf][ed][ec][dc][db][cc][de][fc][dd][gf][ib][fe][bc]AW[fd][ef][ee][he][gc][gb][cf][gd][df][fb][fg][ce][cd][eb])
(;C[problem 96, black to play]PL[B]AB[ke][if][fd][of][qc][ge][cb][pe][hf][ed][kf][gc][nf][qd][fe][le][bb][qb][cc][jf][ph][gf][dd][jd][mf][md]AW[he][db][ne][pb][ih][ec][lf][bc][hc][ld][od][nc][gg][je][me][ob][ef][kh][bf][bd][hd][kd][pc][fg][ce][lg][ie][gd][fc])
(;C[problem 97, black to play]PL[B]AB[fd][hb][ba][ef][be][bd][cf][df][fc][fb][fe][bc]AW[bb][ed][ab][da][cc][de][ec][cd])
(;C[problem 98, white to play]PL[W]AB[gb][ec][ea][ld][ha][nc][na][cb][ib][nd][gc][kd][bb][nb][fc][jd][ic][md][ia]AW[jb][mb][bc][hc][fd][kc][id][ac][ed][jc][hd][mc][ma][ce][hb][cc][gd][dd][lc])
(;C[problem 99, black to play]PL[B]AB[ea][fd][id][ed][jc][hd][jb][ja][cc][gd][fc][dd][jd][ce][bc]AW[hc][ha][ec][dc][db][gc][fb][ic][ib][ia])
(;C[problem 100, black to play]PL[B]AB[hg][he][gi][mi][lf][kl][mg][je][hj][lk][ik][hf][kf][jl][ie][hk][mj][gh][mh][ll]AW[if][hh][li][jj][kg][kk][jf][jk][ij][lj][lg][ig][ih])
(;C[problem 101, black to play]PL[B]AB[bb][ba][ee][fe][be][hd][gd][de][ic][ib][cd][ia][bc]AW[hb][ed][gc][da][cc][cb][dd][fb])
(;C[problem 102, black to play]PL[B]AB[id][ee][hd][ge][cc][cb][ca][dd][ic][ib][cd][fe]AW[hc][fd][hb][ed][dc][db][da][fb])
(;C[problem 103, white to play]PL[W]AB[hc][ie][bf][he][dg][gb][cc][eb][ad][fc][cf][ic][fg][ff][bc]AW[fd][hb][kb][ed][jc][bd][dh][gc][ch][gd][dd][eh][ib][cd])
(;C[problem 104, white to play]PL[W]AB[bg][hg][kg][db][ke][gb][ne][dk][fh][ih][ec][cd][ff][hc][fd][qc][mg][fb][ob][bh][hh][ef][ed][jc][bd][mc][ce][lg][eb][bb][oe][kb][bk][ei][jh][gf][mf][cl][ic][oc]AW[ee][ch][lf][ld][id][nc][dg][jg][ge][de][ci][hf][dc][hd][nd][gc][ig][fe][le][nb][bi][cc][df][jf][fc][dd][jd])
(;C[problem 105, white to play]PL[W]AB[db][dd][ec][cd][bc]AW[fd][ee][be][ce][ae][ge][de][fc][fb][fa][ff])
(;C[problem 106, white to play]PL[W]AB[db][ke][ih][cd][hc][ea][kc][jg][gg][de][fb][hh][ef][dc][gc][kd][gh][jf][gf][ic][fa]AW[fd][ld][ie][hg][le][hf][nc][lf][kf][hd][gb][gd][je][fc][ec][lc][eb])
(;C[problem 107, black to play]PL[B]AB[hb][kc][nc][hd][db][gc][ge][cc][de][cd][dd][lc][fe]AW[hc][bb][ie][ef][id][kb][hf][bd][jb][bc][df][gg][cb][cf][ic][ce][ig][eb])
(;C[problem 108, black to play]PL[B]AB[kc][id][kb][hd][gc][dg][kd][gb][fc][dd][jd][cf][ec][cd]AW[hc][hb][dc][jb][cc][ga][fb][eb])
(;C[problem 109, white to play]PL[W]AB[eg][cj][ch][cf][ff][ec][cd][fd][kc][cb][lb][ac][dc][bd][mc][cg][ie][hb][bi][gd][gf][jd]AW[hc][bh][bb][bg][ee][bf][kb][ed][be][jb][gc][de][fc][ic][ce][ib][bc])
(;C[problem 110, black to play]PL[B]AB[ie][kc][ee][kb][jc][bd][hd][ge][df][ad][gd][dd][ic][cd][fe]AW[eg][jb][mb][cf][ff][ec][bc][hc][if][nc][dg][gg][cb][je][ib][hf][ed][gc][cg][le][jf][md])
(;C[problem 111, white to play]PL[W]AB[ea][bb][ab][dc][fb][ec][bc]AW[ed][bd][gc][gb][ad][ga][fc][dd][cd])
(;C[problem 112, white to play]PL[W]AB[fd][bb][ee][cc][de][cb][fc][cd][fe][eb]AW[eg][ef][bf][hf][dc][bd][hd][gb][df][gd][gg][dd][fb][ce][ib][bc])
(;C[problem 113, white to play]PL[W]AB[bh][fd][bb][ef][ba][ha][ff][jc][bi][gc][gb][cc][df][cg][cf][ib][cd]AW[eg][cj][ch][ec][dg][ge][gg][cb][fb][bj][ci][dc][da][ga][fg][gd][fc][gf][fa])
(;C[problem 114, white to play]PL[W]AB[fd][ef][be][dc][ge][cc][ad][gd][df][fc][ce][ff][bc]AW[eg][ab][he][db][cf][hc][dg][gg][cb][fb][bf][bd][hd][gc][fg][eb][bb][af][gf])
(;C[problem 115, black to play]PL[B]AB[hc][fd][hb][bg][be][jb][gd][de][dd][ce]AW[bd][cb][fc][ec][cd])
(;C[problem 116, white to play]PL[W]AB[bg][hg][be][gb][fh][cf][ih][ec][bc][kc][dg][eh][ie][hb][kb][cc][df][fc][jd]AW[eg][fd][bh][ef][ed][bd][hd][dh][ch][gd][de][gf][dd][cg][ic][bj][ib])
(;C[problem 117, white to play]PL[W]AB[he][cj][jb][mb][fh][di][ih][lf][hc][ge][de][ib][eh][bf][dc][kf][gc][mc][le][jh][bi][gh][df][fc][dd][ic][lc]AW[eg][bg][ee][ke][ec][if][fd][kc][dg][gg][je][lb][bh][ef][jc][cg][fg][ig][fe][ie][kb][gf])
(;C[problem 118, white to play]PL[W]AB[ac][bd][db][ad][cb][dd][ec][cd][eb]AW[ea][bb][fd][ee][be][ab][ce][ae][de][fc][fb][fa][ff][bc])
(;C[problem 119, white to play]PL[W]AB[hg][he][db][ch][fh][di][cd][fd][dg][ge][fb][hf][ed][dc][fg][eb][dh][hi][dd]AW[ff][ef][ci][dj][ei][cj][jb][gc][gb][df][gd][cb][fc][gf][cf][ic][ec][fe])
(;C[problem 120, white to play]PL[W]AB[ba][bd][eb][cb][ec][cd][bc]AW[bb][ed][ab][be][ce][de][fc][fb][fa])
(;C[problem 121, white to play]PL[W]AB[ea][bb][ab][db][cc][eb]AW[dc][bd][ad][fc][dd][fb][fa][ec][cd])
(;C[problem 122, black to play]PL[B]AB[be][ed][ae][de][fc][fb][ce][fe]AW[bd][ad][dd][ec][cd][eb])
(;C[problem 123, white to play]PL[W]AB[eg][ea][be][dc][bd][db][gc][dg][ge][gb][gd][cg][fg][fa][ff]AW[fd][ef][ed][cc][df][cb][dd][fb][cd][eb])
(;C[problem 124, white to play]PL[W]AB[bb][ef][ab][bd][gc][cc][df][ch][cb][fc][cf][ic][ce][fe]AW[ba][be][dc][db][de][ca][dd][fb][cd])
(;C[problem 125, white to play]PL[W]AB[hc][ea][fd][db][fc][fb][ib]AW[ef][bg][id][jc][jb][dg][ge][cg][dd][ec][eb])
(;C[problem 126, white to play]PL[W]AB[dc][bd][ec][cd]AW[hc][fd][ed][be][jc][de][fc][ce][ib])
(;C[problem 127, white to play]PL[W]AB[hg][he][db][cj][bn][gi][gk][cd][ea][cm][ba][kc][dg][co][de][fb][bj][ci][hf][dc][jc][bd][da][mc][dl][dm][bb][ek][dh][gh][df][fc][ca][ic][md]AW[eg][ee][gb][ne][dk][di][ec][bc][bl][nc][ge][gg][cb][ck][eh][ef][ed][bm][nd][gc][ce][eb][dj][ei][cc][gd][gf][dd][cl][pd])
(;C[problem 128, white to play]PL[W]AB[bb][ed][dc][da][fb]AW[ee][bf][bd][gc][gb][gd][de][ce][fe])
(;C[problem 129, white to play]PL[W]AB[ea][ed][bd][eb][cb][ec][bc]AW[fd][ee][be][ce][cc][fc][fb][fa][cd][fe])
(;C[problem 130, white to play]PL[W]AB[bb][ab][dc][cc][fb][ec]AW[hc][fd][ed][bd][gb][fc][dd][cd][bc])
(;C[problem 131, white to play]PL[W]AB[be][fh][cf][ec][bc][hc][dg][ae][ge][gg][cb][fb][eh][ef][hd][ga][cg][ie][hb][ad][fc][gf]AW[fd][bf][dc][bd][db][gc][gb][df][gd][de][dd][fg][ce][ff][cd][fe][eb])
(;C[problem 132, black to play]PL[B]AB[ie][kc][ha][id][ed][he][dc][jc][jb][ja][gd][cb][pd][oc][bc]AW[hc][ld][gb][ne][jf][je][jd][fb][ic][md][ib][lf][ia][eb])
(;C[problem 133, black to play]PL[B]AB[fd][kc][id][ee][nc][jc][da][ge][cc][mb][de][cb][ca][cd][lc][eb]AW[hc][ea][ed][dc][db][jb][gc][fc][ic][fa])
(;C[problem 134, white to play]PL[W]AB[ba][ac][dc][db][ce]AW[bf][ed][cf][df][de][fb][fa][ec])
(;C[problem 135, white to play]PL[W]AB[hc][hb][ha][kb][jb][fc][lb][ec]AW[fd][kc][id][ed][be][dc][jc][hd][mc][cc][mb][gd][ma][lc][bc])
(;C[problem 136, white to play]PL[W]AB[eg][gb][ec][bc][kc][ag][dg][ge][fb][lb][ib][ci][bh][ef][dc][mc][kd][cg][fe][ie][hb][cc]AW[hc][fd][bg][ee][ac][kb][ed][bf][jc][bd][gc][jb][df][fc][dd][cf][ic][cd])
(;C[problem 137, white to play]PL[W]AB[gb][ch][ec][cd][bc][dg][fb][bj][ib][bh][hf][ed][hd][fg][hb][dh][gd][gf][dd][ic]AW[hc][fd][bg][id][ee][ah][be][jc][bd][gc][jb][df][de][fc][cg][jd][ce][fe])
(;C[problem 138, black to play]PL[B]AB[eg][fd][hb][dg][cc][df][fc][fb][ce][ff][cd][fe]AW[ef][ee][ed][dc][eb][cb][ec][bc])
(;C[problem 139, white to play]PL[W]AB[bg][qe][mb][pb][oh][ec][lf][lh][bc][rh][of][ba][ha][kc][rd][ql][mg][je][ib][ob][rb][ef][ac][hf][rk][jc][gc][qd][cg][ig][og][eb][rg][jh][pj][cc][gf][mf][ic][oc][lc]AW[be][ne][cd][if][fd][ld][qc][id][od][ae][de][pg][fb][me][pe][qh][ed][kf][hd][ri][kd][pc][ce][jf][gd][qi][fc][jd][pf][md][pd])
(;C[problem 140, black to play]PL[B]AB[ee][be][he][ec][bc][if][ld][id][ae][ge][de][cb][kf][ce][fe][le][ie][kb][cc][jf][dd][md][lc]AW[bg][hg][ab][db][jb][ch][cd][fd][nc][dg][je][me][kh][ac][ed][dc][jc][bd][hd][nd][mc][pc][fg][lg][ig][bb][ad][gd][mf][jd][ic])
(;C[problem 141, white to play]PL[W]AB[ef][id][dc][hd][db][gc][ge][fc][cg][ce][cd]AW[hc][fd][bb][ed][bd][cc][gd][cb][dd])
(;C[problem 142, black to play]PL[B]AB[fd][ee][bd][gc][ge][gb][ad][de][cf][ib][cd]AW[ac][cc][cb][fc][ca][dd][fb][bc])
(;C[problem 143, white to play]PL[W]AB[ee][be][db][jb][ke][cj][mb][ch][gi][ec][bc][ae][ge][de][ib][hh][fi][ef][ed][kf][gc][kd][ig][hb][ei][jh][bi][hi][cc][ad][gd][jf][fc][gf][md]AW[eg][hg][he][fh][cf][ff][cd][hc][fd][if][kc][dg][gg][je][eh][bf][hf][dc][jc][bd][hd][ce][fe][kb][gh][df][dd][jd][ic])
(;C[problem 144, white to play]PL[W]AB[fd][ee][gc][cc][cb][fc][dd][cd][fe][eb]AW[hc][bb][hb][ef][bf][ed][bd][ge][ga][gd][de][gf][ce][ff][bc])
(;C[problem 145, white to play]PL[W]AB[hc][hb][be][dc][db][dg][gd][de][ce][fe]AW[bd][cc][cb][dd][cd])
(;C[problem 146, white to play]PL[W]AB[bb][ab][dc][bd][ae][ec][bc]AW[fd][bf][be][df][de][fc][dd][fb][fa])
(;C[problem 147, white to play]PL[W]AB[hc][eg][bg][id][hf][he][dg][gb][fc][dd][gf][fg][ic][ec][cd][bc]AW[fd][ef][ee][ed][be][bd][hd][gc][ge][gd][de][ce][ff])
(;C[problem 148, black to play]PL[B]AB[hc][hb][ha][ee][be][hd][ae][ge][ad][dd][cf][cd][fe]AW[ea][bd][gc][cb][ec][bc])
(;C[problem 149, white to play]PL[W]AB[ee][kb][be][ab][dc][bd][hf][db][ge][df][dd][cf][lc][fe]AW[if][ef][ed][ke][jb][cc][de][cb][gf][ce][ff][cd])
(;C[problem 150, black to play]PL[B]AB[if][ef][kb][ed][jc][cc][jf][de][cb][gf][ce][ff][cd]AW[ie][ee][be][ab][dc][bd][dh][db][kd][ge][df][dd][cf][lc][fe])
(;C[problem 151, white to play]PL[W]AB[bb][ed][da][de][ec][cd]AW[eg][fd][hb][be][bd][cf][fc][cg][fb][ff][fe])
(;C[problem 152, white to play]PL[W]AB[hb][bd][db][gc][gb][cb][ec][bc]AW[hc][fd][ha][ed][be][ae][ad][gd][dd][ic][ib][cd])
(;C[problem 153, white to play]PL[W]AB[ea][bb][bf][be][dc][hd][ce][gc][gb][cc][gd][dd][fa][eb]AW[ie][bg][ee][ec][bi][db][ge][cf][df][jf][cb][fc][ch][fb][ic][ib][fe][bc])
(;C[problem 154, black to play]PL[B]AB[ea][bb][ef][ff][id][bf][be][he][bd][da][ge][df][ca][cf][ic][ib][ia][bc]AW[hc][fd][hb][ha][hd][cc][ga][de][ce][ec][cd][fe][eb])
(;C[problem 155, white to play]PL[W]AB[hg][ke][ff][cd][hc][ea][kc][jg][cb][ib][ed][kf][kd][ig][fe][kb][cc][gf][ca][jd][dd][ic]AW[if][fd][id][hf][dc][jc][hd][db][jb][da][ge][gb][gd][je][ec])
(;C[problem 156, black to play]PL[B]AB[ff][hb][ee][bf][ed][dc][af][gc][df][eb][gd][cf][ec][bc]AW[ea][be][db][ae][cc][de][cb][fc][dd][fb][ce])
(;C[problem 157, white to play]PL[W]AB[bd][gb][cf][dd][fb][ec][cd][eb]AW[hc][hb][ee][ed][dc][gc][cc][fc])
(;C[problem 158, black to play]PL[B]AB[bg][ee][ed][be][bd][dg][gb][gd][de][fc][cf]AW[bf][eb][dd][fb][ce][ec][cd][bc])
(;C[problem 159, white to play]PL[W]AB[hg][mb][bc][if][jg][cb][ib][eh][da][ja][kd][fg][lg][fe][le][eb][kb][mh][gd][fc][lc]AW[hc][ie][he][dc][jc][bd][db][jb][hd][je][cg][dd][jd][ic][cd][ci])
(;C[problem 160, black to play]PL[B]AB[bg][ee][be][ec][bc][kc][id][lb][ef][ed][hd][ce][eb][af][cc][df][gd][fc][jd][lc]AW[hc][ea][kb][dc][jc][bd][db][gc][ae][ja][ad][de][dd][fb][ic][ib][cd])
(;C[problem 161, black to play]PL[B]AB[ff][ef][dc][ge][cc][df][gd][fc][cf][ec][bc]AW[fd][bb][ee][ed][db][gc][gb][cb][fb][ce][cd][eb])
(;C[problem 162, white to play]PL[W]AB[hc][bb][ac][dc][bd][gc][fc][ec][cd]AW[fd][ha][id][bf][hd][cc][gd][cb][de][dd][cf][ic][ib][bc])
(;C[problem 163, white to play]PL[W]AB[bb][ac][ab][cb][fc][ec]AW[ee][be][gc][cc][ad][gd][dd][ic][bc])
(;C[problem 164, white to play]PL[W]AB[bd][db][dd][ee]AW[ac][bb][ca])
(;C[problem 165, white to play]PL[W]AB[bb][ac][dc][bd][da]AW[ed][be][ce][ae][ad][fc][dd][fb][fa][fe])
(;C[problem 166, white to play]PL[W]AB[fd][bb][ef][ee][cc][df][cb][fc][ce][cd][fe][eb]AW[eg][bg][be][dc][bd][dg][ge][gb][cf][gd][de][gf][dd][fb][ib][bc])
(;C[problem 167, white to play]PL[W]AB[hg][be][kg][cj][qe][ch][pb][fh][di][ec][lf][fd][qc][nc][ge][cb][pe][eh][bh][rb][ac][ed][dc][aa][jc][bd][gc][mc][nf][pa][lg][ig][bb][kb][jf][ic]AW[eg][ee][ke][cf][ff][cd][bc][if][id][od][de][me][bf][hf][kf][nd][kd][cg][le][dh][cc][gf][dd][jd][md][lc][pd])
(;C[problem 168, white to play]PL[W]AB[be][db][cj][gb][fh][cf][ff][cd][ea][ge][fb][bj][dc][kd][cg][ie][hb][dj][kb][ei][cc][gf][lc]AW[hc][fd][ci][dh][ce][jb][gc][dg][df][de][fc][dd][ic][ib][ec][fe][eb])
(;C[problem 169, black to play]PL[B]AB[ee][db][cj][gb][fh][cf][oq][fd][sr][dg][de][cb][fb][mp][lo][eh][fi][bf][ed][dc][qq][nq][rr][qo][df][fc][qr][pq]AW[eg][bg][be][qp][po][np][cd][iq][mr][ba][rq][ge][gg][ro][ci][ej][pn][kq][gc][cg][fg][ce][fe][bb][hb][op][ei][dh][af][cc][gd][mq][dd][sq][ic])
(;C[problem 170, black to play]PL[B]AB[eg][fd][bh][hb][ef][id][dj][ed][dc][dh][hd][jb][ch][gd][dd][ic]AW[bg][db][mb][fh][cf][ec][cd][hc][if][kc][dg][gg][je][eh][gc][cg][ce][kb][cc][fc][gf][jd])
(;C[problem 171, black to play]PL[B]AB[if][fd][kc][hf][hd][db][ke][da][mc][cc][kd][jf][gf][ec][fe]AW[hb][he][jc][gc][ge][gd][jd])
(;C[problem 172, white to play]PL[W]AB[hb][ac][bd][db][ad][dd][ic][ec][cd][eb]AW[ee][bf][ed][dc][gc][cc][df][ga][cb][fc][cg][bc])
(;C[problem 173, white to play]PL[W]AB[ef][ee][jc][gc][ge][gb][gg][gd][gf][fg][ic][fe]AW[eg][hg][he][db][fh][fd][ld][kc][id][dg][de][fb][hf][ed][kd][gh][df][fc][jd])
(;C[problem 174, white to play]PL[W]AB[hc][jc][gc][ic][ga][fb][lb][lc]AW[if][ld][he][mc][kd][mb][gd][cb][fc][je][md][ec][ob][eb])
(;C[problem 175, black to play]PL[B]AB[fd][bb][ba][ed][dc][gc][gb][cc][de][ce][cd]AW[hc][ef][id][be][ab][bd][ge][cf][df][gd][cb][fc][ca][fb][bc])
(;C[problem 176, black to play]PL[B]AB[eg][ea][ff][bh][ee][ed][dc][bd][ch][cg][fg][fa][ec][eb]AW[fd][hb][ef][bg][bf][be][da][df][fc][fb][ce][cd][fe])
(;C[problem 177, white to play]PL[W]AB[hc][bb][he][dc][jc][cc][fc][ic][ec][lc][fe]AW[hb][gc][fb][ib][eb])
(;C[problem 178, white to play]PL[W]AB[ed][be][db][gc][gb][df][fc][dd][ce][ib]AW[ea][dc][cc][fb][ec][cd])
(;C[problem 179, white to play]PL[W]AB[bb][ac][dc][bd][gc][fc][ec][cd]AW[hc][bf][hd][gb][cc][gd][cb][de][dd][cg][ib][fe][bc])
(;C[problem 180, black to play]PL[B]AB[eg][fd][fi][ef][kc][id][ee][kb][jj][jc][hd][gc][fc][fh][fb][fe]AW[hc][ff][hb][ed][dh][jb][dg][ge][df][gg][gd][de][eh][fg][ib][ec][cd])
(;C[problem 181, white to play]PL[W]AB[hc][bb][hb][ie][id][ef][ab][dc][cc][cf][ga][fc][gf][cg][fb][ec]AW[fd][ac][ed][be][jc][hd][gc][gb][gd][cd][dd][ic][lc][bc])
(;C[problem 182, black to play]PL[B]AB[bh][fd][bb][ef][ee][ed][be][dc][he][dh][db][bi][ge][df][cb][fc][lc]AW[bf][jc][bd][af][gc][cf][ad][gd][de][je][dd][fb][ec][cd][eb])
(;C[problem 183, black to play]PL[B]AB[hc][fd][bb][ef][ba][ed][dc][db][jb][da][gc][cc][gd][cf][ib][lc][eb]AW[hg][ab][gb][ch][ec][cd][bc][cb][je][fb][eh][bf][jc][bd][cg][ie][hb][gh][fc][dd][ic][fa])
(;C[problem 184, black to play]PL[B]AB[bb][ba][ee][bd][ad][gd][de][cd][fe]AW[ed][cc][cb][dd][ca])
(;C[problem 185, black to play]PL[B]AB[hc][fd][hf][ed][he][hd][cc][gd][cb][gf][dd][ff][cd][fe][bc]AW[hg][ee][be][jb][ec][if][gg][je][ef][ac][dc][jc][bd][gc][cg][fg][ce][bb][hb][fc])
(;C[problem 186, black to play]PL[B]AB[he][ke][gb][cd][hc][kc][de][cb][je][ef][gc][da][kd][ie][kb][cc][df][gf][ca]AW[ea][id][ee][dc][hd][db][gd][fc][jd][fa][ib][fe][eb])
(;C[problem 187, white to play]PL[W]AB[fd][ee][hf][hd][db][dg][gh][cc][gd][cb][de][cg][fh][eh]AW[hc][ff][eg][ed][dc][jc][dh][cj][gb][ch][fg][ec][fe][eb])
(;C[problem 188, black to play]PL[B]AB[bb][ba][ee][ac][bf][bd][gc][gb][ad][ga][gd][de][ce][fe]AW[ab][db][cc][fc][dd][fb][ec][cd][bc])
(;C[problem 189, white to play]PL[W]AB[ie][ka][he][nb][db][kd][gd][je][fc][fb][lb][lc][fe][le]AW[kc][id][kb][hd][gc][gb][jd][ib])
(;C[problem 190, white to play]PL[W]AB[eg][be][ke][gb][ih][ec][if][ld][gg][de][lb][ef][bd][gc][ie][dh][gd][dd][lc]AW[hc][hb][kc][ee][bf][kb][ci][he][hd][ge][cc][df][ch][jd][cf][fe])
(;C[problem 191, white to play]PL[W]AB[ed][dc][de][cb][dd][cd][bc]AW[fd][ff][bg][bd][db][gb][df][fc][cf][ce][ec])
(;C[problem 192, white to play]PL[W]AB[hc][bh][ie][hb][bf][hf][jc][db][gg][ch][eh][fc][dd][cg][fb][ce][cd][eb]AW[fd][ff][ed][be][gc][gb][df][gd][de][cf][fa][ec])
(;C[problem 193, white to play]PL[W]AB[ie][hb][kc][dc][jc][ke][gb][mb][ic][pc][gg][mg][lb][oc][ec]AW[hc][fd][ld][od][kb][ed][ka][he][hd][nd][jb][jh][ib][lc][ia][le])
(;C[problem 194, black to play]PL[B]AB[fd][bb][ie][ba][kc][id][ee][jc][mc][cc][df][gd][dd][lb][cd]AW[hc][ed][dc][da][cb][fc][ca][ic][ec][eb])
(;C[problem 195, white to play]PL[W]AB[fd][dc][gc][cb][ec][eb]AW[bb][ee][ed][hd][jb][ge][de][ic][cd][fe][bc])
(;C[problem 196, white to play]PL[W]AB[ee][bf][ed][be][bd][gb][df][cb][ca][dd][fb][ec][bc]AW[eg][ab][ch][ff][hc][fd][ba][ha][ag][ae][bh][ac][gc][ce][fe][bb][hb][dh][af][ad][fc])
(;C[problem 197, white to play]PL[W]AB[hb][ed][gc][cc][fc][dd][fb][cd]AW[hc][fd][dc][jc][hd][ga][gd][ib][ec])
(;C[problem 198, white to play]PL[W]AB[ee][be][ab][db][ne][mb][pb][lf][id][rd][gg][fb][lb][ef][bf][jc][bd][hd][gc][da][nd][kf][pc][ma][ce][ig][eb][le][kb][gd][dd][ic][pf][pd]AW[he][ke][ec][cd][bc][fd][kc][nc][ge][cb][dc][mc][fe][ie][qb][nb][cc][ad][fc][ca][jd][oc][lc][rc])
(;C[problem 199, white to play]PL[W]AB[hc][fd][if][dc][kf][nd][gc][jb][mc][ge][jf][pc][nf][jd][me][ff][lc]AW[ld][kc][id][jc][hd][jg][kd][gd][ic][md])
(;C[problem 200, black to play]PL[B]AB[bb][kc][id][ee][kb][dc][db][ge][mb][gd][dd][jd][fe]AW[hc][fd][gc][jb][ic][ec][eb])
(;C[problem 201, white to play]PL[W]AB[be][dc][gb][de][cb][fc][dd][ce][ec]AW[hc][fd][bh][ef][ee][bf][ed][db][gc][cf][df][fb][eb])
(;C[problem 202, black to play]PL[B]AB[ff][ie][ee][kb][ed][ka][hf][jc][db][cc][je][fc][ca][jd][gf][ec][lc]AW[hc][fd][kc][id][he][gc][da][ge][ic][fb][lb][fe][eb])
(;C[problem 203, white to play]PL[W]AB[fd][hb][jc][jb][gd][fc][ic][eb]AW[bb][ie][kc][kb][ed][dc][hd][db][ke][kd][ge][fe])
(;C[problem 204, white to play]PL[W]AB[fd][hb][ed][be][bd][hd][gc][de][ce]AW[ec][cd][dd][bc])
(;C[problem 205, black to play]PL[B]AB[hb][bd][db][bc][gb][cb][fb][eb]AW[hc][bb][ha][id][be][ec][dc][jb][gc][ae][cc][fc][ib][cd])
(;C[problem 206, white to play]PL[W]AB[hb][ac][bd][db][bc][gb][ad][cb][fb][eb]AW[hc][ba][ha][kb][be][ec][dc][aa][jb][gc][ae][cc][fc][ca][ce][ib])
(;C[problem 207, white to play]PL[W]AB[bb][hb][kc][ab][dc][nb][ec][nd][mc][kd][gb][cc][jd][ic][ib][eb]AW[hc][ie][id][ac][kb][ed][be][jc][jb][gc][fc][dd][lb][cd][bc])
(;C[problem 208, white to play]PL[W]AB[dc][gb][cc][fc][bc]AW[hc][fd][hb][bf][ed][bd][jb][gd][dd][cd])
(;C[problem 209, black to play]PL[B]AB[cc][dc][cd][dd]AW[ab][bb][ba])
(;C[problem 210, black to play]PL[B]AB[kc][id][ee][ed][jc][bd][hd][jb][gc][cc][de][je][fc][lb][ce][lc][bc]AW[hc][kb][ka][dc][ec][ja][gb][dd][fb][ic][ib][cd])
(;C[problem 211, white to play]PL[W]AB[hc][kc][id][kf][gc][dg][jg][cc][df][de][gh][dd][jd][fh][ih][eb]AW[if][bb][ef][hg][hd][ge][gg][gd][cb][fc][ff][bc])
(;C[problem 212, white to play]PL[W]AB[bb][ed][dc][db][cc][fc][fb][bc]AW[fd][ef][ha][ac][be][bd][hd][gc][gb][de][dd][fe])
(;C[problem 213, white to play]PL[W]AB[bb][ba][ha][ab][dc][aa][db][gc][gb][cc][fc]AW[hc][fd][hb][ac][ed][be][jb][gd][dd][cd][bc])
(;C[problem 214, black to play]PL[B]AB[ef][kc][ee][kb][ed][ab][dc][jc][he][gc][kd][gb][cc][gd][ge][ff][bc]AW[hc][fd][bb][ie][if][db][jb][gg][cb][fc][gf][jd][fb][ic][fe][eb])
(;C[problem 215, white to play]PL[W]AB[fd][bb][hb][bf][bi][gc][ge][cc][gg][gf][fh][di][cf][ic][ce][ci]AW[bh][ff][bg][ed][dg][df][de][cg][dd][fb][ec][fe][eb])
(;C[problem 216, black to play]PL[B]AB[bg][ee][db][gc][dg][df][cg][ec]AW[cc][cb][cf][ce][cd])
(;C[problem 217, white to play]PL[W]AB[hc][fd][hb][bg][ee][be][jc][bd][dg][cc][gd][de][cf][lc]AW[ie][ed][hd][db][gc][fc][dd][ce][ec][bc])
(;C[problem 218, black to play]PL[B]AB[hg][db][ke][cj][ne][di][ff][cd][bc][hc][bl][id][dg][gg][je][me][ck][ed][dc][bd][gc][fg][ig][le][bb][oe][dh][df][jf][fc][cl][ic]AW[bg][ee][kg][ch][if][nc][jg][ge][de][cb][mg][bj][pe][ci][hf][jc][hd][ce][fe][og][ie][bk][cc][gd][gf][dd][jd][lc][pd])
(;C[problem 219, white to play]PL[W]AB[hc][ea][bg][dc][jc][bd][jb][ja][gb][df][de][cb][dd][cf][ec][cd][eb]AW[eg][be][ch][ff][bc][fd][kc][id][ka][bh][bf][hd][da][kd][cg][ce][bb][kb][cc][ad][gd][fc][jd])
(;C[problem 220, white to play]PL[W]AB[fd][ee][cc][de][cb][fc][ce][cd][fe]AW[bb][ef][kc][be][bd][gc][ge][df][gd][gf][cf][ic][ff][bc])
(;C[problem 221, white to play]PL[W]AB[hb][ef][he][hd][da][cc][eb][de][cb][cg][dd][ic][ce][ff][bc]AW[ee][ed][dc][bd][db][gc][gd][fc][fb][ec][cd])
(;C[problem 222, white to play]PL[W]AB[bb][bf][he][ei][db][ch][ga][cb][de][dd][cf][ec]AW[fd][id][ed][dc][cc][gd][ce][cd])
(;C[problem 223, black to play]PL[B]AB[hc][bb][ef][bd][gc][jb][df][gd][gf][cf][ic][ce][fe][bc]AW[fd][ee][ed][cc][de][cb][fb][cd])
(;C[problem 224, white to play]PL[W]AB[hb][ab][gc][cc][fc][dd][ic][ce][fe][bc]AW[bb][dc][gb][cb][fb][ec])
(;C[problem 225, white to play]PL[W]AB[fd][dc][cc][fb][ec][bc]AW[hb][ee][be][hd][db][gc][ae][de][cb][gf][ce])
(;C[problem 226, black to play]PL[B]AB[hc][if][eg][hb][hh][he][dc][hd][db][gh][df][de][dd][eh][fh][ig]AW[ef][ee][hf][ed][gc][ge][gb][gg][gd][fg][ec][eb])
(;C[problem 227, black to play]PL[B]AB[hc][fd][bg][ed][be][fc][dd][ce]AW[cc][dc][bd][ec])
(;C[problem 228, white to play]PL[W]AB[hb][dc][db][gc][ge][gd][dd][fb][ia]AW[hc][ff][ee][kb][he][jc][hd][cc][de][cb][gf][cf][ib][cd])
(;C[problem 229, white to play]PL[W]AB[db][jb][gb][cd][hc][fd][if][ba][id][dg][de][bd][ce][eb][ie][kb][df][gd][fc][ic]AW[hg][ab][he][ke][ch][ec][kc][ka][jg][ge][cb][lb][ib][bf][dc][hd][da][cg][fg][ig][fe][bb][hb][dh][cc][dd][la][lc][ia])
(;C[problem 230, white to play]PL[W]AB[eg][ff][dc][gc][dg][fc][cf][ce][ec][cd][fe]AW[bg][be][db][gb][fh][hc][ge][gg][cb][fb][eh][bf][bd][hd][cg][eb][dh][cc][gf])
(;C[problem 231, white to play]PL[W]AB[fd][bb][id][ee][dc][jc][hd][jb][da][gd][cb][de][dd][cf]AW[bh][ff][hb][ef][ed][ec][db][dg][gb][cc][cg][fb][ib][fe][eb])
(;C[problem 232, white to play]PL[W]AB[id][jc][hd][gc][gb][je][fb][eb]AW[hc][fd][hb][kc][he][db][kd][cc][gd][md][ec])
(;C[problem 233, black to play]PL[B]AB[fd][hb][ed][hd][gc][cc][df][de][cb][ca][dd][cf][bc]AW[bh][bf][dc][bd][db][da][fc][cg][fb][ce][ec][cd])
(;C[problem 234, white to play]PL[W]AB[ab][dc][bd][fc][dd][fb][bc]AW[fd][bb][bf][db][gc][gb][df][cg][fe])
(;C[problem 235, white to play]PL[W]AB[hb][ka][dc][ec][jb][gb][fc][ib]AW[fd][kb][jc][gc][kd][cc][ic][gd][df][dd][fb][lb][cd])
(;C[problem 236, black to play]PL[B]AB[if][ie][ef][ac][bf][hf][jc][bd][hd][jb][ja][de][gf][jd][ce][ff][bc]AW[bb][id][ee][ab][he][gc][ge][cc][dd][ic][ib][fe][ia])
(;C[problem 237, white to play]PL[W]AB[fd][ee][bd][db][gc][ge][gb][ga][de][ce]AW[bb][dc][fc][dd][fb][fa])
(;C[problem 238, white to play]PL[W]AB[fd][ed][ab][bd][db][cb][ca][dd][fb][cd][eb]AW[bb][hb][ba][ee][be][gc][ae][ad][gd][de][ic][ce][fe][bc])
(;C[problem 239, white to play]PL[W]AB[hc][bb][hb][ha][ac][ee][bd][hd][ce][gd][fa][eb]AW[dc][gc][gb][cc][ga][cb][fc][ec][bc])
(;C[problem 240, black to play]PL[B]AB[ld][nc][he][db][ge][cc][je][fc][ec][lc][fe]AW[kc][jc][gc][gd][fb][ic][eb])
(;C[problem 241, white to play]PL[W]AB[hc][ee][kb][jc][gb][ga][dd][ic][eb]AW[hb][dc][gc][ge][fc][ib])
(;C[problem 242, black to play]PL[B]AB[fd][bb][ie][id][ed][he][bd][gc][ge][dd][cd]AW[hc][ff][bf][be][jc][hd][db][df][gd][fc][ic][ec][fe])
(;C[problem 243, black to play]PL[B]AB[ef][kc][id][ed][be][dc][he][db][mc][cc][fc][dd][gf][cf][ic]AW[hc][fd][bb][ba][bd][da][bc][gd][cb][ec][eb])
(;C[problem 244, black to play]PL[B]AB[ab][db][jb][ke][gb][lf][bc][hc][ea][qc][od][fb][me][ac][dc][nd][da][kd][ie][qb][cc][jd][ic][md][pd]AW[be][pb][cf][ec][ld][ba][kc][nc][de][ib][ed][jc][gc][mc][le][eb][bb][hb][kb][gd])
(;C[problem 245, white to play]PL[W]AB[hg][qg][gb][cf][cd][lf][kc][ha][nc][dg][ae][jg][ia][fb][ib][rb][ef][bf][qh][jc][bd][qf][nf][og][kb][qb][dh][cc][jf][fc][gf][oc][lc][rc]AW[be][he][sb][hc][fd][ld][od][rd][de][je][ck][ci][bh][ed][hd][nd][kd][qd][sa][cg][sc][ce][ie][hb][df][gd][dd][jd][ic][md][sd][pd])
(;C[problem 246, black to play]PL[B]AB[id][jc][hd][jb][gc][gb][gd][dd][jd]AW[fd][ie][kc][kb][he][ke][kd][ge][mb][je][fc][fb][fe])
(;C[problem 247, black to play]PL[B]AB[fd][hb][ee][be][de][fc][fb][ce]AW[bc][ec][dd][eb])
(;C[problem 248, white to play]PL[W]AB[bd][db][dd]AW[ab][bb][ba])
(;C[problem 249, black to play]PL[B]AB[fd][bb][kc][nc][ed][jc][hd][db][cc][mb][gd][ic][ec][lc]AW[hc][kb][jb][gc][cb][fc][lb][ib][eb])
(;C[problem 250, black to play]PL[B]AB[ee][kb][jc][hd][db][gd][cb][fc][dd][de][ic][lc][fe]AW[hc][fd][ed][gc][jb][ib][ec][eb])
(;C[problem 251, black to play]PL[B]AB[ab][he][cf][bc][fd][ge][de][je][bf][ed][dc][jc][kb][af][cc][ad][df][dd][ic][lc]AW[hc][ea][bb][hb][ba][ee][eg][bh][be][ci][dh][db][gc][gg][gd][cb][fe])
(;C[problem 252, black to play]PL[B]AB[eg][hg][be][ke][gb][cf][ff][bc][fd][kc][dg][me][ib][hf][jc][hd][gc][mc][cg][ce][ig][le][kb][cc][gd][ic][lc]AW[ne][mb][cd][hc][if][ha][id][nc][jg][de][fb][lb][dc][bd][nd][nf][ga][lg][hb][nb][df][ad][jf][fc][dd][jd])
(;C[problem 253, white to play]PL[W]AB[ee][be][kg][ke][ff][ld][kc][qc][fb][hf][ed][jc][nd][pc][ce][eb][hb][jf][fc][oc][md][rc]AW[db][ne][ec][fd][id][od][rd][me][dc][bd][hd][kd][qd][le][bb][cc][gd][jd][pd])
(;C[problem 254, white to play]PL[W]AB[ff][ie][hf][dc][jc][gb][de][je][gf][jd][ic][ce][ec][cd]AW[hc][fd][id][ed][hd][gc][ge][fc][dd])
(;C[problem 255, white to play]PL[W]AB[eg][ee][he][db][gb][ch][bc][ag][ge][de][je][fb][eh][bh][ef][jc][bd][fe][ie][hb][kb][dh][jd][lc]AW[fd][bg][id][bf][ed][be][hd][jb][dg][df][gd][cg][dd][ic][ce][ib][cd])
(;C[problem 256, white to play]PL[W]AB[ba][be][ec][db][ae][bc][ad][fb][ic][ce][ib][ia][eb]AW[fd][hb][bg][dc][bd][dg][gb][de][fc][dd][fa][cd][fe])
(;C[problem 257, white to play]PL[W]AB[hb][ef][ee][he][hd][ge][cc][cb][cf][ce][ib]AW[fd][ed][dc][db][gc][gb][gd][dd])
(;C[problem 258, black to play]PL[B]AB[ff][id][ac][hf][ed][ab][dc][jc][he][jb][cc][fc][dd][jd][gf][ib][bc]AW[hc][fd][bb][hb][hd][db][ge][cb][ic][ec][eb])
(;C[problem 259, white to play]PL[W]AB[bb][ed][ab][gb][cb][fc][ec]AW[fd][hb][ee][ac][bf][gc][cc][gd][ic][ce][bc])
(;C[problem 260, black to play]PL[B]AB[hc][kb][ka][db][gc][ic][fb][lb][la][ib][eb]AW[hb][kc][he][dc][mc][gb][mb][cc][cb][ma][ca][fc][je][ec][lc][fe])
(;C[problem 261, black to play]PL[B]AB[eg][fd][hh][ef][bg][kh][bd][dg][gh][fc][dd][cg][fh][ih][cd][fe]AW[hc][bh][kc][ee][bf][hg][ei][ag][kf][gg][de][fg][ce][ff][eh][ci])
(;C[problem 262, black to play]PL[B]AB[hc][kc][ed][dc][jc][hd][cc][cb][ic][fe]AW[hb][db][gc][da][fc][ec])
(;C[problem 263, white to play]PL[W]AB[bb][bc][ga][cb][fb][fa][ec][eb]AW[fd][ha][ed][bd][gc][gb][cc][ad][de][fc][ib][cd])
(;C[problem 264, black to play]PL[B]AB[fd][ed][bd][gc][gb][dd][ib][cd][bc]AW[bb][ab][dc][cc][fc][fb])
(;C[problem 265, white to play]PL[W]AB[if][fd][ff][kc][id][hf][ed][hd][db][mc][gb][mb][cc][me][md][ec][lf]AW[hc][bb][ld][jc][ic][fc][jd][lb][lc])
(;C[problem 266, black to play]PL[B]AB[be][dc][aa][db][da][ae][df][cg][dd][ce][bc]AW[bb][ee][ed][bd][gc][cc][ad][de][ca][fb][cd])
(;C[problem 267, black to play]PL[B]AB[ld][kc][id][kb][ed][ka][jc][hd][ke][ge][gg][jd][fg][lc][fe][le]AW[ee][he][jb][mb][cd][lf][hc][fd][de][me][hf][kf][mc][ja][hb][cc][jf][gd][mf][ic][md][ia])
(;C[problem 268, white to play]PL[W]AB[if][hh][ef][hf][gc][gh][ge][gb][cc][gd][dd][fh][ff]AW[hc][fd][he][hd][gg][fc][gf][ec][fe])
(;C[problem 269, black to play]PL[B]AB[kc][id][ee][hd][cc][mb][gd][cb][fc][ca][jd][fb][de][fa][cd][fe]AW[hc][fd][ed][db][gc][gb][ga][dd][ic][eb])
(;C[problem 270, white to play]PL[W]AB[hc][bb][ef][kc][he][dc][jb][cc][de][gf][fb][ic][ff][bc]AW[hb][ba][ed][ec][db][gc][gd][cb][ib][fe])
(;C[problem 271, white to play]PL[W]AB[kb][hd][gc][jb][ge][fc][ic][ia]AW[ef][kc][hf][nc][he][dc][jc][mb][de][je][dd][fb][fg][lc][eb])
(;C[problem 272, white to play]PL[W]AB[dc][bd][cc][eb][fb][bc]AW[be][gc][gb][ga][fc][dd][cf][ec][cd])
(;C[problem 273, black to play]PL[B]AB[if][kc][ee][kb][be][hf][db][ke][kd][ge][mb][gd][cb][jf][ic][cd]AW[hc][dc][jc][hd][gc][jb][fc][jd][ec])
(;C[problem 274, white to play]PL[W]AB[eg][bg][ba][he][bd][hd][gc][cc][fc][gf][cf][ff][cd][eb]AW[fd][hg][hf][ed][ab][dc][db][ge][gd][cb][ca][dd][bc])
(;C[problem 275, black to play]PL[B]AB[hc][hb][be][dc][db][df][gd][ce][ff][cd][eb]AW[ed][bd][cc][fc][dd][fb][ec][bc])
(;C[problem 276, white to play]PL[W]AB[ed][dg][ge][gg][gd][ch][fc][dd][fb][ff][cd]AW[fd][ee][gc][gb][de][cf][ic][ce][fe])
(;C[problem 277, white to play]PL[W]AB[fd][ed][dc][db][gc][gb]AW[de][ec][dd][eb])
(;C[problem 278, white to play]PL[W]AB[hf][hd][gc][cc][df][cg][dd][fb][ic][fg]AW[ee][ed][db][ge][gd][ec][eb])
(;C[problem 279, black to play]PL[B]AB[fd][ee][ac][bf][bd][gc][gb][ga][de][fc][ce][ff][bc]AW[bb][ed][ab][cb][dd][fb][cd][eb])
(;C[problem 280, white to play]PL[W]AB[hc][fd][hb][ef][bg][db][gc][dg][cc][eb][cg][bc]AW[bf][dc][bd][gb][cf][de][dd][fb][ec][cd])
(;C[problem 281, black to play]PL[B]AB[id][ji][hd][jh][jg][ge][jf][je][fb][ic][ib][fe]AW[if][eg][ie][kb][ig][he][gc][kd][df][gd][jd][cd])
(;C[problem 282, white to play]PL[W]AB[be][jb][ne][ch][ec][cd][lf][bc][kc][nc][dg][ae][gg][me][eh][bh][hf][jc][kf][pc][hb][nb][jf][fc][dd][ic]AW[cf][ff][fd][id][ge][de][lb][ib][ef][bf][ed][hd][kd][ce][le][af][gd][jd][md][lc])
(;C[problem 283, black to play]PL[B]AB[ie][ee][kb][ed][he][dc][jc][bd][db][ge][cc][gd][jd][ce]AW[hc][bb][ec][hd][da][bc][cb][ib][eb])
(;C[problem 284, black to play]PL[B]AB[ke][ff][ec][ea][id][ka][ge][de][me][ob][ef][ed][hd][nd][da][eb][gf][oc][la]AW[fd][bb][ee][dc][nb][db][gc][gd][ma][ca][dd][lb][lc][fe])
(;C[problem 285, white to play]PL[W]AB[eg][bg][jb][fh][cd][bc][hc][if][nc][ka][je][ib][hh][ac][ed][gc][cg][ig][le][kb][nb][fc][dd][md]AW[ee][fd][kc][de][lb][bf][hf][jc][bd][hd][ce][fe][ie][ad][gd][gf][ic][la][lc])
(;C[problem 286, black to play]PL[B]AB[hc][kc][ee][bd][hd][gd][dd][ic][cd][fe][bc]AW[eg][fd][bb][bf][dc][gc][ge][cc][fc][gf][cg][fg])
(;C[problem 287, white to play]PL[W]AB[eg][he][gb][cd][kc][id][gg][cb][ib][ci][ed][jc][bd][hd][gc][eb][dh][bi][gd][gf][dd]AW[bg][ee][be][if][fd][ld][nc][ge][de][fb][hf][mc][kd][cg][ce][fe][ie][df][fc][jd][ic][fa])
(;C[problem 288, white to play]PL[W]AB[eg][fd][bb][bg][bf][ed][ab][dc][dg][ge][cc][fc][gf][fg]AW[hc][ee][ac][be][bd][hd][ae][gd][de][dd][cd][fe][bc])
(;C[problem 289, white to play]PL[W]AB[if][hh][ld][ie][jc][dh][db][gc][ce][cc][fc][cd][jd][cf][fh][ib][ec][lc]AW[hc][fd][ef][ed][dc][hd][ke][mc][gd][de][gf][dd][ic][oc][md][ff][le])
(;C[problem 290, black to play]PL[B]AB[ie][kc][kb][ig][hd][dg][gh][gb][cc][df][je][fh][jd][cd]AW[hb][ef][id][ee][he][jc][ge][gg][fc][ic])
(;C[problem 291, black to play]PL[B]AB[hb][id][ee][be][ab][ge][gb][gd][de][ic][cd][bc]AW[hc][fd][bb][ba][dc][db][gc][cc][dd][fb])
(;C[problem 292, white to play]PL[W]AB[eg][bb][ef][be][he][dc][hd][jb][cc][gg][gd][fc][gf][cf][ic][ib][eb]AW[if][fd][kb][ed][hf][jc][bd][gc][ge][jd][cd][dd][lc][fe][bc])
(;C[problem 293, white to play]PL[W]AB[hc][fd][hh][hb][hg][ac][kb][ed][dc][jc][db][da][ge][cc][gd][gf][fg][bc]AW[hf][ig][he][bd][hd][gc][gh][gb][ad][ga][gg][fc][dd][ih][ec][cd][eb])
(;C[problem 294, black to play]PL[B]AB[fd][kb][ed][be][dc][jc][hd][db][gd][ic][cd]AW[hc][hb][gc][da][eb][cb][bc])
(;C[problem 295, white to play]PL[W]AB[hc][hb][ef][ee][hf][ed][he][hd][gg][fc][fb][fg]AW[if][eg][ie][hg][id][ec][dc][dh][gh][gb][df][de][dd][fh][ic][ib][ia][eb])
(;C[problem 296, white to play]PL[W]AB[hc][bf][ed][be][dh][ge][gg][ch][dd][fg][ic][ec][cd][fe]AW[fd][ef][id][ee][he][bd][hd][dg][gd][cb][de][ce][bc])
(;C[problem 297, black to play]PL[B]AB[hc][id][ee][dc][gc][jf][gd][fc][jd][ec][fe]AW[fd][hb][kc][kh][ed][he][hd][db][ge][cc][cb][dd][ic][ib])
(;C[problem 298, white to play]PL[W]AB[hc][fd][ie][if][hg][he][hd][ge][gb][gg][fc]AW[hh][bb][hb][ee][ed][bd][jg][gh][cc][jf][je][jd][fg][ic][ih][ib][fe])
(;C[problem 299, white to play]PL[W]AB[hc][fd][ie][if][hh][id][gc][gh][fb][fg][ig][fe]AW[bb][hg][hf][he][dc][hd][cc][gd][fc][ic][ec])
(;C[problem 300, black to play]PL[B]AB[ie][ef][ed][kd][eb][gd][je][cd][dd][lb][ec][lc][fe][bc]AW[hc][ea][be][dc][db][jb][cc][cf][fc][fb][ic])
(;C[problem 301, white to play]PL[W]AB[bb][dc][db][ad][dd][cd]AW[ea][ed][be][ae][de][ce][ec][fe][eb])
(;C[problem 302, white to play]PL[W]AB[ed][cc][gd][cb][fc][ca][de][ce][cd][fe]AW[hc][ff][ef][ee][he][dc][db][da][ge][dd][ib])
(;C[problem 303, white to play]PL[W]AB[hb][bg][ee][bd][df][gd][fb][fe]AW[cc][db][bc])
(;C[problem 304, white to play]PL[W]AB[dc][ec][cd]AW[hc][fd][bf][dg][de][fc][dd])
(;C[problem 305, white to play]PL[W]AB[fb][cc][dc][ec]AW[fd][ed][be][gc][gb][dd][ce][ib])
(;C[problem 306, white to play]PL[W]AB[hc][ea][db][jb][da][ja][gb][gc][gd][fc][ib][ia][eb]AW[fd][kb][ka][dc][jc][hd][he][kd][cb][ca][ic][ec][cd][fe])
(;C[problem 307, white to play]PL[W]AB[if][ea][ka][he][hd][jb][gc][jf][ga][je][jd][fb][ic][fa][eb]AW[ff][kc][hf][dc][jc][kf][db][ke][da][kd][ge][gg][gd][jg][fc][lb][ec][ig])
(;C[problem 308, black to play]PL[B]AB[hc][fd][ed][dc][jc][jb][cc][gd][ic][bc]AW[hb][bd][db][gc][fc][dd][ib][ec][cd])
(;C[problem 309, white to play]PL[W]AB[hb][ha][ed][bd][db][gc][cb][dd][fb][cd][eb]AW[ee][be][bc][ea][fd][ba][de][ib][hd][da][ga][ce][cc][ad][gd][fc][ic][fa][ia])
(;C[problem 310, white to play]PL[W]AB[ed][bd][dd][eb]AW[fd][ef][bg][af][gb][cf][df][fb][fe])
(;C[problem 311, black to play]PL[B]AB[bh][fd][hb][ee][cf][ch][de][fc][cg][fb][ce]AW[ed][dd][ec][cd][eb])
(;C[problem 312, white to play]PL[W]AB[hc][fd][hb][gc][cc][cb][dd][ce][fe]AW[eg][ea][ff][dc][db][dg][ge][gg][gd][fc][cg][fb][ec])
(;C[problem 313, white to play]PL[W]AB[ff][id][ed][be][hd][db][dg][eh][gf][dd][cg][fh][ib][ec][cd]AW[eg][fd][hb][ee][dc][dh][df][ch][fc][fb][fe][eb])
(;C[problem 314, white to play]PL[W]AB[bb][dc][bd][de][cb][dd][ce]AW[ee][bf][ed][be][db][da][cf][df][fb][ec])
(;C[problem 315, white to play]PL[W]AB[ie][hb][id][ac][ee][hf][ab][cc][de][gf][dd][ic][ec][eb]AW[hc][fd][ed][he][dc][hd][db][gc][ge])
(;C[problem 316, white to play]PL[W]AB[ie][ka][he][nb][jc][jb][gc][ge][gb][mb][gd][je][jd][lb][fa][eb]AW[ke][cd][hc][fd][if][kc][cb][fb][ob][hf][dc][hd][kd][fe][kb][jf][fc][gf][ic][oc][md][ia])
(;C[problem 317, black to play]PL[B]AB[ff][ie][kc][nc][he][dc][jc][ge][df][mb][cd][jd][ec][lc]AW[fd][id][kb][hd][jb][lb][fc][ic])
(;C[problem 318, white to play]PL[W]AB[hb][id][kb][hd][db][jb][gb][jd][fb][eb]AW[ie][kc][he][dc][ke][gc][kd][gd][cb][fc][je][lb][la][ec][bc])
(;C[problem 319, white to play]PL[W]AB[hc][fd][id][ed][dh][gc][dg][df][de][dd][ec][eb]AW[ea][bf][dc][db][ge][cf][ch][gd][fc][fh][di][fb][ff][ci])
(;C[problem 320, black to play]PL[B]AB[fd][ie][hb][bg][hf][ed][bd][dg][gh][cg][dd][eh][fh][ic][cd][bc]AW[eg][bb][ee][dc][gc][ge][cc][df][gd][gf][fg][fe][eb])
(;C[problem 321, black to play]PL[B]AB[if][ef][hg][ee][ed][dc][jc][gh][cc][je][eh][jd][fg][ec][ig][fe]AW[hc][fd][ie][id][hf][ge][gb][gg][fc][gf][ff])
(;C[problem 322, white to play]PL[W]AB[dc][bd][db][dd][cd]AW[ef][bg][ed][be][gb][de][ce][ec][fe][eb])
(;C[problem 323, white to play]PL[W]AB[hc][ea][ie][eg][hg][jc][dh][gb][cc][df][gg][dd][fb][fg]AW[ef][ee][ed][hd][db][ge][gd][fc][ec][eb])
(;C[problem 324, white to play]PL[W]AB[ab][bd][cc][ad][bc]AW[be][dc][ae][fb][ce][ec][cd])
(;C[problem 325, black to play]PL[B]AB[fd][ee][be][gc][gb][df][ga][ce]AW[fb][dc][bb][cd])
(;C[problem 326, white to play]PL[W]AB[bc][de][dd][eb]AW[hc][fd][ee][be][gb][df][fc][cf][fe])
(;C[problem 327, black to play]PL[B]AB[eg][ff][ie][id][hf][he][dc][db][dg][da][gf][cf][ic][ce][ib][cd]AW[hc][hb][ef][hd][ge][de][dd][ec][fe][eb])
(;C[problem 328, black to play]PL[B]AB[hg][db][jb][if][ea][dg][jg][de][je][ef][dc][jc][da][ja][fg][gf][dd][jd][ia]AW[ie][id][ee][ed][he][ge][gb][ic][ib][ec][fe][eb])
(;C[problem 329, black to play]PL[B]AB[hc][bf][dc][af][gb][cc][de][fc][dd][cf][fa][ec]AW[be][db][eb][cb][fb][cd][bc])
(;C[problem 330, white to play]PL[W]AB[hf][ed][he][hd][gc][gb][df][de][fg][ec]AW[hc][hb][ee][ge][gd][dd][cd][fe])
(;C[problem 331, white to play]PL[W]AB[ie][hg][he][jh][ke][nf][je][gf][mf][ji][lg][ff][le]AW[lf][hc][if][kc][ge][gg][mg][me][hf][kf][gc][mc][gh][mh][jf][gd][jd][ic][md][lc])
(;C[problem 332, white to play]PL[W]AB[ee][bd][de][cb][ec]AW[fd][ef][bf][af][gc][gb][df][cf][fa][ib][fe])
(;C[problem 333, white to play]PL[W]AB[bb][hf][dc][hd][df][gd][cb][fc][de][gf][ce][ec][cd][fe][bc]AW[bg][hg][be][db][gb][cf][ff][hc][if][id][dg][gg][fb][ef][bd][gc][da][eb][ie][ad])
(;C[problem 334, white to play]PL[W]AB[bb][ba][dc][db][fc][dd][fb][fa]AW[fd][ee][ab][bd][gc][ge][gb][ga][de][ce][bc])
(;C[problem 335, white to play]PL[W]AB[bb][ed][ec][cd][eb]AW[fd][ee][be][gb][ga][de][fc][ce])
(;C[problem 336, white to play]PL[W]AB[ed][db][de][ce][bc]AW[fd][ee][bf][cf][df][fc][fb][fa][ff])
(;C[problem 337, white to play]PL[W]AB[be][ab][aa][bd][gc][cc][cb][fc][ca][dd][ec][bc]AW[hc][fd][ee][bf][jc][ae][gb][ad][gd][de][cf][ce][ib][cd])
(;C[problem 338, white to play]PL[W]AB[hc][ec][dc][gc][ga][cb][ca][fb][ib]AW[fd][bb][ba][id][ed][jc][hd][jb][ja][gd][fc][dd][cd][bc])
(;C[problem 339, black to play]PL[B]AB[hc][hb][ef][he][hd][cc][de][cb][fc][ca][gf][ce][ff][cd]AW[ed][dc][db][gc][da][gb][gd][dd][fe])
(;C[problem 340, white to play]PL[W]AB[hc][gc][jb][fc][ic][eb]AW[fd][ld][kc][id][dc][jc][hd][gd][cb][lb][ec][cd])
(;C[problem 341, black to play]PL[B]AB[dc][bd][cc][ec][bc]AW[fd][bb][ed][be][fc][dd][ce][eb])
(;C[problem 342, white to play]PL[W]AB[bb][ab][dd][fb][cd][eb]AW[fd][ed][be][bd][gc][gb][de][ce])
(;C[problem 343, white to play]PL[W]AB[bg][mo][gb][ff][hl][om][gg][gn][fb][jn][lo][ro][hh][pn][bf][ii][rk][km][pl][ko][qo][rp][on][mj][qk][qi][ph][ol]AW[sm][pm][jo][kp][po][np][qn][pk][ag][ql][rm][mp][pp][ok][qq][ga][qm][lp][ip][in][af][nk][qr][fa])
(;C[problem 344, white to play]PL[W]AB[sm][bg][do][bp][qg][en][qr][jb][pb][mk][pk][cd][ls][bc][rh][el][ba][ha][qc][id][hl][rq][rd][ae][jg][je][fb][se][dn][bj][ib][sn][ik][rk][oi][qs][bm][ri][hd][qf][al][dl][ja][kd][gm][ga][rr][pa][cp][sl][ig][le][cn][bb][fn][kb][mj][bi][js][pj][dq][ad][sj][nr][sq][am][sh][la][ol]AW[ao][pm][ep][ab][qe][ai][so][gr][sb][is][os][hc][ea][ld][if][kc][rf][pi][co][dp][cb][sg][rb][qj][eq][nj][bf][bd][kf][em][or][ce][bo][eb][aj][af][qk][nk][jf][qi][ca][ss][ic][dm])
(;C[problem 345, white to play]PL[W]AB[do][bp][qg][bn][lh][cm][hl][nc][mg][dn][ik][ri][qf][ir][mc][cp][cn][fn][kb][jj][bk][dq][ki][gm]AW[rb][rg][ao][eq][qc][rf][ep][bm][rd][nb][co][mb][dp][an][pb][am][gr][bo])
(;C[problem 346, black to play]PL[B]AB[ao][kg][jo][mb][gi][so][pb][oj][gk][mk][fs][os][mi][ea][im][na][ae][jg][jd][je][an][jp][se][sn][ej][es][ns][aa][ja][sa][km][ig][aj][dj][jj][as][gj][mj][js][af][pj][sj][sf][ss][fa][jm][oa]AW[bn][kn][if][rf][fb][ob][hh][hs][bf][qs][kf][ir][rr][fn][re][ah][jh][kr][gm][be][fj][cs][ff][ha][hl][qa][gg][jn][hj][qj][ii][fr][ri][al][or][jl][eb][bi][nk][ki][jf][ca][sh][ll][la][cj][nn][lh][ls][mg][ro][ik][fi][ac][rk][jc][sl][bo][bk][nb][kk][er][nr][mm][lj][ib][fk][rb][nj][nf][sc][bb][in][kb][br][rn][aq][ni][jq][sq])
(;C[problem 347, white to play]PL[W]AB[li][hk][kl][jh][hi][jl][il][ji][lk]AW[kj][ik][kk][jk][ij])
)